Nov  1 02:11:18 conch postfix/pickup[19328]: 30461242EB: uid=0 from=<root>
Nov  1 02:11:18 conch postfix/cleanup[19707]: 30461242EB: message-id=<20151101101118.30461242EB@conch.seaglass.com>
Nov  1 02:11:18 conch postfix/qmgr[25409]: 30461242EB: from=<root@conch.seaglass.com>, size=810, nrcpt=1 (queue active)
Nov  1 02:11:18 conch postfix/local[19709]: 30461242EB: to=<kdent@conch.seaglass.com>, orig_to=<root>, relay=local, delay=7.3, delays=7.1/0.12/0/0.1, dsn=2.0.0, status=sent (delivered to mailbox)
Nov  1 02:11:18 conch postfix/qmgr[25409]: 30461242EB: removed
Nov  1 02:13:57 conch postfix/anvil[19478]: statistics: max connection rate 1/60s for (smtp:121.8.124.131) at Nov  1 02:10:34
Nov  1 02:13:57 conch postfix/anvil[19478]: statistics: max connection count 1 for (smtp:121.8.124.131) at Nov  1 02:10:34
Nov  1 02:13:57 conch postfix/anvil[19478]: statistics: max cache size 1 at Nov  1 02:10:34
Nov  1 02:22:24 conch postfix/qmgr[25409]: B3405242E7: from=<>, size=16645, nrcpt=1 (queue active)
Nov  1 02:24:30 conch postfix/smtpd[19735]: warning: 204.44.122.130: address not listed for hostname twentynineoneabundantserendipities.com
Nov  1 02:24:30 conch postfix/smtpd[19735]: connect from unknown[204.44.122.130]
Nov  1 02:24:30 conch postfix/smtpd[19735]: NOQUEUE: reject: RCPT from unknown[204.44.122.130]: 554 5.7.1 Service unavailable; Client host [204.44.122.130] blocked using zen.spamhaus.org; http://www.spamhaus.org/sbl/query/SBLCSS; from=<2020visionmethod@viosonsystm.org> to=<riley@seaglass.com> proto=ESMTP helo=<sceptically.viosonsystm.org>
Nov  1 02:24:30 conch postfix/smtpd[19735]: lost connection after DATA (approximately 0 bytes) from unknown[204.44.122.130]
Nov  1 02:24:30 conch postfix/smtpd[19735]: disconnect from unknown[204.44.122.130]
Nov  1 02:25:25 conch postfix/smtp[19734]: B3405242E7: to=<ShoppingGuide:KitchenCabinets@findivisitnighteen.download>, relay=lbzod.findivisitnighteen.download[128.177.48.75]:25, delay=231661, delays=231480/0.01/0.25/180, dsn=4.4.2, status=deferred (conversation with lbzod.findivisitnighteen.download[128.177.48.75] timed out while sending message body)
Nov  1 02:25:37 conch postfix/smtpd[19735]: connect from unknown[121.8.124.131]
Nov  1 02:25:40 conch postfix/smtpd[19735]: NOQUEUE: reject: RCPT from unknown[121.8.124.131]: 450 4.7.1 <mailserver.jeter.com.cn>: Helo command rejected: Host not found; from=<clients@notification.com> to=<kdent@seaglass.com> proto=SMTP helo=<mailserver.jeter.com.cn>
Nov  1 02:25:41 conch postfix/smtpd[19735]: disconnect from unknown[121.8.124.131]
Nov  1 02:28:47 conch postfix/smtpd[19743]: connect from unknown[123.64.198.34]
Nov  1 02:28:48 conch postfix/smtpd[19743]: NOQUEUE: reject: RCPT from unknown[123.64.198.34]: 554 5.7.1 <sales@seaglass.com>: Recipient address rejected: Access denied; from=<erwi@yub.com> to=<sales@seaglass.com> proto=ESMTP helo=<yub.com>
Nov  1 02:28:48 conch postfix/smtpd[19743]: disconnect from unknown[123.64.198.34]
Nov  1 02:32:08 conch postfix/anvil[19737]: statistics: max connection rate 1/60s for (smtp:204.44.122.130) at Nov  1 02:24:30
Nov  1 02:32:08 conch postfix/anvil[19737]: statistics: max connection count 1 for (smtp:204.44.122.130) at Nov  1 02:24:30
Nov  1 02:32:08 conch postfix/anvil[19737]: statistics: max cache size 1 at Nov  1 02:24:30
Nov  1 02:37:24 conch postfix/qmgr[25409]: E70F1242A6: from=<>, size=2671, nrcpt=1 (queue active)
Nov  1 02:37:24 conch postfix/qmgr[25409]: 5C087242AB: from=<>, size=2671, nrcpt=1 (queue active)
Nov  1 02:37:24 conch postfix/qmgr[25409]: 99379242BC: from=<>, size=2674, nrcpt=1 (queue active)
Nov  1 02:37:59 conch postfix/smtp[19763]: connect to com-gacty.webcam[138.99.219.53]:25: Connection timed out
Nov  1 02:37:59 conch postfix/smtp[19763]: 99379242BC: to=<Avoid-Heart-@com-gacty.webcam>, relay=none, delay=336566, delays=336531/0.01/35/0, dsn=4.4.1, status=deferred (connect to com-gacty.webcam[138.99.219.53]:25: Connection timed out)
Nov  1 02:38:00 conch postfix/smtp[19761]: connect to com-gacty.webcam[138.99.219.53]:25: Connection timed out
Nov  1 02:38:00 conch postfix/smtp[19762]: connect to com-gacty.webcam[138.99.219.53]:25: Connection timed out
Nov  1 02:38:00 conch postfix/smtp[19761]: E70F1242A6: to=<Avoid-Heart-@com-gacty.webcam>, relay=none, delay=336614, delays=336578/0.03/36/0, dsn=4.4.1, status=deferred (connect to com-gacty.webcam[138.99.219.53]:25: Connection timed out)
Nov  1 02:38:00 conch postfix/smtp[19762]: 5C087242AB: to=<Avoid-Heart-@com-gacty.webcam>, relay=none, delay=336574, delays=336537/0.02/36/0, dsn=4.4.1, status=deferred (connect to com-gacty.webcam[138.99.219.53]:25: Connection timed out)
Nov  1 02:38:27 conch postfix/smtpd[19766]: warning: 94.102.51.96: address not listed for hostname zed.yandex.ru
Nov  1 02:38:27 conch postfix/smtpd[19766]: connect from unknown[94.102.51.96]
Nov  1 02:38:27 conch postfix/smtpd[19766]: disconnect from unknown[94.102.51.96]
Nov  1 02:40:41 conch postfix/smtpd[19782]: connect from unknown[121.8.124.131]
Nov  1 02:40:42 conch postfix/smtpd[19782]: NOQUEUE: reject: RCPT from unknown[121.8.124.131]: 450 4.7.1 <mailserver.jeter.com.cn>: Helo command rejected: Host not found; from=<clients@notification.com> to=<kdent@seaglass.com> proto=SMTP helo=<mailserver.jeter.com.cn>
Nov  1 02:40:43 conch postfix/smtpd[19782]: disconnect from unknown[121.8.124.131]
Nov  1 02:41:06 conch postfix/smtpd[19782]: connect from a14-127.smtp-out.amazonses.com[54.240.14.127]
Nov  1 02:41:06 conch postfix/smtpd[19782]: BA9302429C: client=a14-127.smtp-out.amazonses.com[54.240.14.127]
Nov  1 02:41:06 conch postfix/cleanup[19786]: BA9302429C: message-id=<00000150c2a2dff1-d54a11ef-c207-48b3-9d30-84c797514412-000000@email.amazonses.com>
Nov  1 02:41:06 conch postfix/qmgr[25409]: BA9302429C: from=<00000150c2a2dff1-d54a11ef-c207-48b3-9d30-84c797514412-000000@mailer.netflix.com>, size=48745, nrcpt=1 (queue active)
Nov  1 02:41:09 conch postfix/smtp[19787]: BA9302429C: to=<becky@seaglass.com>, relay=mail.seaglass.com[74.220.219.61]:25, delay=3, delays=0.24/0.01/2.2/0.54, dsn=2.0.0, status=sent (250 OK id=1Zsq4T-0000vE-8e)
Nov  1 02:41:09 conch postfix/qmgr[25409]: BA9302429C: removed
Nov  1 02:41:31 conch postfix/smtpd[19782]: disconnect from a14-127.smtp-out.amazonses.com[54.240.14.127]
Nov  1 02:44:51 conch postfix/anvil[19768]: statistics: max connection rate 1/60s for (smtp:94.102.51.96) at Nov  1 02:38:27
Nov  1 02:44:51 conch postfix/anvil[19768]: statistics: max connection count 1 for (smtp:94.102.51.96) at Nov  1 02:38:27
Nov  1 02:44:51 conch postfix/anvil[19768]: statistics: max cache size 2 at Nov  1 02:41:06
Nov  1 02:55:43 conch postfix/smtpd[19807]: connect from unknown[121.8.124.131]
Nov  1 02:55:44 conch postfix/smtpd[19807]: NOQUEUE: reject: RCPT from unknown[121.8.124.131]: 450 4.7.1 <mailserver.jeter.com.cn>: Helo command rejected: Host not found; from=<clients@notification.com> to=<kdent@seaglass.com> proto=SMTP helo=<mailserver.jeter.com.cn>
Nov  1 02:55:46 conch postfix/smtpd[19807]: disconnect from unknown[121.8.124.131]
Nov  1 02:57:16 conch postfix/smtpd[19807]: connect from unknown[69.50.214.39]
Nov  1 02:57:17 conch postfix/smtpd[19807]: 81CB92429C: client=unknown[69.50.214.39]
Nov  1 02:57:17 conch postfix/cleanup[19813]: 81CB92429C: message-id=<2852991548998285107106648997@m48mfnz.lenseschangespace.space>
Nov  1 02:57:18 conch postfix/qmgr[25409]: 81CB92429C: from=<CompareContactLenses@lenseschangespace.space>, size=10997, nrcpt=1 (queue active)
Nov  1 02:57:20 conch postfix/smtp[19814]: 81CB92429C: to=<jdent@seaglass.com>, relay=mail.seaglass.com[74.220.219.61]:25, delay=3.9, delays=1.3/0.01/2.2/0.35, dsn=2.0.0, status=sent (250 OK id=1ZsqK8-0002EB-Jo)
Nov  1 02:57:20 conch postfix/qmgr[25409]: 81CB92429C: removed
Nov  1 02:57:21 conch postfix/smtpd[19807]: disconnect from unknown[69.50.214.39]
Nov  1 03:00:41 conch postfix/anvil[19809]: statistics: max connection rate 1/60s for (smtp:121.8.124.131) at Nov  1 02:55:43
Nov  1 03:00:41 conch postfix/anvil[19809]: statistics: max connection count 1 for (smtp:121.8.124.131) at Nov  1 02:55:43
Nov  1 03:00:41 conch postfix/anvil[19809]: statistics: max cache size 1 at Nov  1 02:55:43
Nov  1 03:10:46 conch postfix/smtpd[19852]: connect from unknown[121.8.124.131]
Nov  1 03:10:47 conch postfix/smtpd[19852]: NOQUEUE: reject: RCPT from unknown[121.8.124.131]: 450 4.7.1 <mailserver.jeter.com.cn>: Helo command rejected: Host not found; from=<clients@notification.com> to=<kdent@seaglass.com> proto=SMTP helo=<mailserver.jeter.com.cn>
Nov  1 03:10:47 conch postfix/smtpd[19852]: disconnect from unknown[121.8.124.131]
Nov  1 03:12:24 conch postfix/qmgr[25409]: ABC85242CA: from=<>, size=6775, nrcpt=1 (queue active)
Nov  1 03:12:26 conch postfix/smtp[19859]: ABC85242CA: to=<roy-brierley@talktalk.net>, relay=mx-c1.talktalk.net[62.24.202.3]:25, delay=307117, delays=307115/0.02/1.6/0.23, dsn=4.0.0, status=deferred (host mx-c1.talktalk.net[62.24.202.3] said: 452 Too many recipients received from the sender (in reply to RCPT TO command))
Nov  1 03:13:56 conch postfix/smtpd[19864]: connect from unknown[40.124.44.192]
Nov  1 03:13:56 conch postfix/smtpd[19864]: lost connection after CONNECT from unknown[40.124.44.192]
Nov  1 03:13:56 conch postfix/smtpd[19864]: disconnect from unknown[40.124.44.192]
Nov  1 03:13:56 conch postfix/smtpd[19864]: connect from unknown[40.124.44.192]
Nov  1 03:13:56 conch postfix/smtpd[19864]: NOQUEUE: reject: RCPT from unknown[40.124.44.192]: 554 5.7.1 <subscribe@seaglass.com>: Sender address rejected: Access denied; from=<subscribe@seaglass.com> to=<sarrahtompson@gmail.com> proto=ESMTP helo=<copemanian>
Nov  1 03:13:56 conch postfix/smtpd[19864]: lost connection after RCPT from unknown[40.124.44.192]
Nov  1 03:13:56 conch postfix/smtpd[19864]: disconnect from unknown[40.124.44.192]
Nov  1 03:17:16 conch postfix/anvil[19854]: statistics: max connection rate 2/60s for (smtp:40.124.44.192) at Nov  1 03:13:56
Nov  1 03:17:16 conch postfix/anvil[19854]: statistics: max connection count 1 for (smtp:121.8.124.131) at Nov  1 03:10:46
Nov  1 03:17:16 conch postfix/anvil[19854]: statistics: max cache size 1 at Nov  1 03:10:46
Nov  1 03:25:17 conch postfix/smtpd[19887]: connect from msbadger0102.apple.com[17.254.6.109]
Nov  1 03:25:18 conch postfix/smtpd[19887]: 53BB92429C: client=msbadger0102.apple.com[17.254.6.109]
Nov  1 03:25:18 conch postfix/cleanup[19891]: 53BB92429C: message-id=<445399838.19001980.1446377116867.JavaMail.cboxp@nwk-cboxp-lapp02.apple.com>
Nov  1 03:25:18 conch postfix/qmgr[25409]: 53BB92429C: from=<n_i_bounces@insideapple.apple.com>, size=20414, nrcpt=1 (queue active)
Nov  1 03:25:21 conch postfix/smtp[19892]: 53BB92429C: to=<kdent@seaglass.com>, relay=mail.seaglass.com[74.220.219.61]:25, delay=3.5, delays=0.77/0.01/2.2/0.46, dsn=2.0.0, status=sent (250 OK id=1ZsqlF-0003rt-5B)
Nov  1 03:25:21 conch postfix/qmgr[25409]: 53BB92429C: removed
Nov  1 03:25:23 conch postfix/smtpd[19887]: disconnect from msbadger0102.apple.com[17.254.6.109]
Nov  1 03:25:48 conch postfix/smtpd[19887]: connect from unknown[121.8.124.131]
Nov  1 03:25:49 conch postfix/smtpd[19887]: NOQUEUE: reject: RCPT from unknown[121.8.124.131]: 450 4.7.1 <mailserver.jeter.com.cn>: Helo command rejected: Host not found; from=<clients@notification.com> to=<kdent@seaglass.com> proto=SMTP helo=<mailserver.jeter.com.cn>
Nov  1 03:25:50 conch postfix/smtpd[19887]: disconnect from unknown[121.8.124.131]
Nov  1 03:27:41 conch postfix/smtpd[19894]: warning: 94.102.51.96: address not listed for hostname zed.yandex.ru
Nov  1 03:27:41 conch postfix/smtpd[19894]: connect from unknown[94.102.51.96]
Nov  1 03:27:42 conch postfix/smtpd[19894]: disconnect from unknown[94.102.51.96]
Nov  1 03:30:15 conch postfix/smtpd[19909]: warning: 104.206.67.2: address not listed for hostname 2-67-206-104.staticrdns.eonix.net
Nov  1 03:30:15 conch postfix/smtpd[19909]: connect from unknown[104.206.67.2]
Nov  1 03:30:16 conch postfix/smtpd[19909]: 0AD762429C: client=unknown[104.206.67.2]
Nov  1 03:30:16 conch postfix/cleanup[19912]: 0AD762429C: message-id=<0.0.3d7a0d781b11209669ef740f6068165e.12153280.14167003.0becky@seaglass.com>
Nov  1 03:30:16 conch postfix/qmgr[25409]: 0AD762429C: from=<Sams_Club@egsro.pw>, size=5742, nrcpt=1 (queue active)
Nov  1 03:30:16 conch postfix/smtpd[19909]: disconnect from unknown[104.206.67.2]
Nov  1 03:30:18 conch postfix/smtp[19913]: 0AD762429C: to=<becky@seaglass.com>, relay=mail.seaglass.com[74.220.219.61]:25, delay=2.8, delays=0.33/0.01/2.2/0.3, dsn=2.0.0, status=sent (250 OK id=1Zsqq2-0005fI-HF)
Nov  1 03:30:18 conch postfix/qmgr[25409]: 0AD762429C: removed
Nov  1 03:30:37 conch postfix/smtpd[19909]: warning: 104.206.67.2: address not listed for hostname 2-67-206-104.staticrdns.eonix.net
Nov  1 03:30:37 conch postfix/smtpd[19909]: connect from unknown[104.206.67.2]
Nov  1 03:30:37 conch postfix/smtpd[19909]: DE06A2429C: client=unknown[104.206.67.2]
Nov  1 03:30:37 conch postfix/cleanup[19912]: DE06A2429C: message-id=<0.0.f8509babbeddea6fc34dc518b32b0476.19074487.18226026.0jdent@seaglass.com>
Nov  1 03:30:37 conch postfix/qmgr[25409]: DE06A2429C: from=<Sams_Club@egsro.pw>, size=5742, nrcpt=1 (queue active)
Nov  1 03:30:38 conch postfix/smtpd[19909]: disconnect from unknown[104.206.67.2]
Nov  1 03:30:40 conch postfix/smtp[19913]: DE06A2429C: to=<jdent@seaglass.com>, relay=mail.seaglass.com[74.220.219.61]:25, delay=2.6, delays=0.1/0/2.2/0.3, dsn=2.0.0, status=sent (250 OK id=1ZsqqO-0005nM-BK)
Nov  1 03:30:40 conch postfix/qmgr[25409]: DE06A2429C: removed
Nov  1 03:30:55 conch postfix/smtpd[19909]: warning: 104.206.67.2: address not listed for hostname 2-67-206-104.staticrdns.eonix.net
Nov  1 03:30:55 conch postfix/smtpd[19909]: connect from unknown[104.206.67.2]
Nov  1 03:30:55 conch postfix/smtpd[19909]: 7B47A2429C: client=unknown[104.206.67.2]
Nov  1 03:30:55 conch postfix/cleanup[19912]: 7B47A2429C: message-id=<0.0.5dcfd80285d21a72abf3c46e396c0002.6083377.19884803.0kdent@seaglass.com>
Nov  1 03:30:55 conch postfix/qmgr[25409]: 7B47A2429C: from=<Sams_Club@egsro.pw>, size=5730, nrcpt=1 (queue active)
Nov  1 03:30:55 conch postfix/smtpd[19909]: disconnect from unknown[104.206.67.2]
Nov  1 03:30:58 conch postfix/smtp[19913]: 7B47A2429C: to=<kdent@seaglass.com>, relay=mail.seaglass.com[74.220.219.61]:25, delay=2.6, delays=0.12/0/2.2/0.3, dsn=2.0.0, status=sent (250 OK id=1Zsqqf-0005vD-VQ)
Nov  1 03:30:58 conch postfix/qmgr[25409]: 7B47A2429C: removed
Nov  1 03:31:41 conch postfix/smtpd[19909]: connect from code.frsale.org[104.238.236.55]
Nov  1 03:31:41 conch postfix/smtpd[19909]: B6F422429C: client=code.frsale.org[104.238.236.55]
Nov  1 03:31:41 conch postfix/cleanup[19912]: B6F422429C: message-id=<0.0.0.48.1D114D220C0F0A6.14D07DD@code.frsale.org>
Nov  1 03:31:41 conch postfix/qmgr[25409]: B6F422429C: from=<clark-jdent=seaglass.com@frsale.org>, size=1607, nrcpt=1 (queue active)
Nov  1 03:31:41 conch postfix/smtpd[19909]: E432E242EB: client=code.frsale.org[104.238.236.55]
Nov  1 03:31:42 conch postfix/cleanup[19912]: E432E242EB: message-id=<0.0.0.7B.1D114D269E14EC0.46EDA@code.frsale.org>
Nov  1 03:31:42 conch postfix/qmgr[25409]: E432E242EB: from=<clark-riley=seaglass.com@frsale.org>, size=1605, nrcpt=1 (queue active)
Nov  1 03:31:42 conch postfix/smtpd[19909]: disconnect from code.frsale.org[104.238.236.55]
Nov  1 03:31:44 conch postfix/smtp[19913]: B6F422429C: to=<jdent@seaglass.com>, relay=mail.seaglass.com[74.220.219.61]:25, delay=2.6, delays=0.1/0/2.2/0.25, dsn=2.0.0, status=sent (250 OK id=1ZsqrQ-0006Cn-6h)
Nov  1 03:31:44 conch postfix/qmgr[25409]: B6F422429C: removed
Nov  1 03:31:44 conch postfix/smtp[19917]: E432E242EB: to=<riley@seaglass.com>, relay=mail.seaglass.com[74.220.219.61]:25, delay=2.6, delays=0.1/0.01/2.2/0.24, dsn=2.0.0, status=sent (250 OK id=1ZsqrQ-0006Cu-Ch)
Nov  1 03:31:44 conch postfix/qmgr[25409]: E432E242EB: removed
Nov  1 03:32:24 conch postfix/qmgr[25409]: B3405242E7: from=<>, size=16645, nrcpt=1 (queue active)
Nov  1 03:32:25 conch postfix/smtp[19913]: B3405242E7: to=<ShoppingGuide:KitchenCabinets@findivisitnighteen.download>, relay=lbzod.findivisitnighteen.download[128.177.48.75]:25, delay=235680, delays=235680/0.01/0.17/0, dsn=4.4.2, status=deferred (lost connection with lbzod.findivisitnighteen.download[128.177.48.75] while receiving the initial server greeting)
Nov  1 03:34:03 conch postfix/smtpd[19922]: warning: 104.206.67.3: address not listed for hostname 3-67-206-104.staticrdns.eonix.net
Nov  1 03:34:03 conch postfix/smtpd[19922]: connect from unknown[104.206.67.3]
Nov  1 03:34:04 conch postfix/smtpd[19922]: 995DA2429C: client=unknown[104.206.67.3]
Nov  1 03:34:04 conch postfix/cleanup[19925]: 995DA2429C: message-id=<0.0.f8509babbeddea6fc34dc518b32b0476.12028741.15799082.0jdent@seaglass.com>
Nov  1 03:34:05 conch postfix/qmgr[25409]: 995DA2429C: from=<Walmart.Black.Friday.Promo@ekmff.pw>, size=5732, nrcpt=1 (queue active)
Nov  1 03:34:05 conch postfix/smtpd[19922]: disconnect from unknown[104.206.67.3]
Nov  1 03:34:07 conch postfix/smtp[19926]: 995DA2429C: to=<jdent@seaglass.com>, relay=mail.seaglass.com[74.220.219.61]:25, delay=3.1, delays=0.6/0.01/2.2/0.3, dsn=2.0.0, status=sent (250 OK id=1Zsqtj-000790-Bc)
Nov  1 03:34:07 conch postfix/qmgr[25409]: 995DA2429C: removed
Nov  1 03:34:20 conch postfix/smtpd[19922]: warning: 104.206.67.3: address not listed for hostname 3-67-206-104.staticrdns.eonix.net
Nov  1 03:34:20 conch postfix/smtpd[19922]: connect from unknown[104.206.67.3]
Nov  1 03:34:21 conch postfix/smtpd[19922]: 040522429C: client=unknown[104.206.67.3]
Nov  1 03:34:21 conch postfix/cleanup[19925]: 040522429C: message-id=<0.0.5dcfd80285d21a72abf3c46e396c0002.17437671.19910534.0kdent@seaglass.com>
Nov  1 03:34:21 conch postfix/qmgr[25409]: 040522429C: from=<Walmart.Black.Friday.Promo@ekmff.pw>, size=5732, nrcpt=1 (queue active)
Nov  1 03:34:21 conch postfix/smtpd[19922]: disconnect from unknown[104.206.67.3]
Nov  1 03:34:23 conch postfix/smtp[19926]: 040522429C: to=<kdent@seaglass.com>, relay=mail.seaglass.com[74.220.219.61]:25, delay=2.6, delays=0.1/0/2.2/0.3, dsn=2.0.0, status=sent (250 OK id=1Zsqtz-0007G5-Ev)
Nov  1 03:34:23 conch postfix/qmgr[25409]: 040522429C: removed
Nov  1 03:34:35 conch postfix/smtpd[19922]: warning: 104.206.67.3: address not listed for hostname 3-67-206-104.staticrdns.eonix.net
Nov  1 03:34:35 conch postfix/smtpd[19922]: connect from unknown[104.206.67.3]
Nov  1 03:34:35 conch postfix/smtpd[19922]: D54F22429C: client=unknown[104.206.67.3]
Nov  1 03:34:35 conch postfix/cleanup[19925]: D54F22429C: message-id=<0.0.3d7a0d781b11209669ef740f6068165e.10562627.13343931.0becky@seaglass.com>
Nov  1 03:34:35 conch postfix/qmgr[25409]: D54F22429C: from=<Walmart.Black.Friday.Promo@ekmff.pw>, size=5732, nrcpt=1 (queue active)
Nov  1 03:34:36 conch postfix/smtpd[19922]: disconnect from unknown[104.206.67.3]
Nov  1 03:34:38 conch postfix/smtp[19926]: D54F22429C: to=<becky@seaglass.com>, relay=mail.seaglass.com[74.220.219.61]:25, delay=2.6, delays=0.1/0/2.2/0.3, dsn=2.0.0, status=sent (250 OK id=1ZsquE-0007MO-AG)
Nov  1 03:34:38 conch postfix/qmgr[25409]: D54F22429C: removed
Nov  1 03:35:17 conch postfix/anvil[19889]: statistics: max connection rate 3/60s for (smtp:104.206.67.2) at Nov  1 03:30:55
Nov  1 03:35:17 conch postfix/anvil[19889]: statistics: max connection count 1 for (smtp:17.254.6.109) at Nov  1 03:25:17
Nov  1 03:35:17 conch postfix/anvil[19889]: statistics: max cache size 2 at Nov  1 03:25:48
Nov  1 03:39:55 conch postfix/smtpd[19931]: warning: 104.206.67.4: address not listed for hostname 4-67-206-104.staticrdns.eonix.net
Nov  1 03:39:55 conch postfix/smtpd[19931]: connect from unknown[104.206.67.4]
Nov  1 03:39:56 conch postfix/smtpd[19931]: 090A32429C: client=unknown[104.206.67.4]
Nov  1 03:39:56 conch postfix/cleanup[19935]: 090A32429C: message-id=<0.0.5dcfd80285d21a72abf3c46e396c0002.13272722.18702838.0kdent@seaglass.com>
Nov  1 03:39:56 conch postfix/qmgr[25409]: 090A32429C: from=<Kmart_Black_Friday_Bonus@etkhk.pw>, size=5683, nrcpt=1 (queue active)
Nov  1 03:39:56 conch postfix/smtpd[19931]: disconnect from unknown[104.206.67.4]
Nov  1 03:39:58 conch postfix/smtp[19936]: 090A32429C: to=<kdent@seaglass.com>, relay=mail.seaglass.com[74.220.219.61]:25, delay=2.9, delays=0.42/0.01/2.2/0.3, dsn=2.0.0, status=sent (250 OK id=1ZsqzO-0000zQ-Go)
Nov  1 03:39:58 conch postfix/qmgr[25409]: 090A32429C: removed
Nov  1 03:40:50 conch postfix/smtpd[19931]: connect from unknown[121.8.124.131]
Nov  1 03:40:51 conch postfix/smtpd[19931]: NOQUEUE: reject: RCPT from unknown[121.8.124.131]: 450 4.7.1 <mailserver.jeter.com.cn>: Helo command rejected: Host not found; from=<clients@notification.com> to=<kdent@seaglass.com> proto=SMTP helo=<mailserver.jeter.com.cn>
Nov  1 03:40:52 conch postfix/smtpd[19931]: disconnect from unknown[121.8.124.131]
Nov  1 03:41:23 conch postfix/smtpd[19931]: warning: 104.206.67.4: address not listed for hostname 4-67-206-104.staticrdns.eonix.net
Nov  1 03:41:23 conch postfix/smtpd[19931]: connect from unknown[104.206.67.4]
Nov  1 03:41:24 conch postfix/smtpd[19931]: 1839F2429C: client=unknown[104.206.67.4]
Nov  1 03:41:24 conch postfix/cleanup[19935]: 1839F2429C: message-id=<0.0.3d7a0d781b11209669ef740f6068165e.18801619.9699274.0becky@seaglass.com>
Nov  1 03:41:24 conch postfix/qmgr[25409]: 1839F2429C: from=<Kmart_Black_Friday_Bonus@etkhk.pw>, size=5659, nrcpt=1 (queue active)
Nov  1 03:41:24 conch postfix/smtpd[19931]: disconnect from unknown[104.206.67.4]
Nov  1 03:41:26 conch postfix/smtp[19936]: 1839F2429C: to=<becky@seaglass.com>, relay=mail.seaglass.com[74.220.219.61]:25, delay=2.6, delays=0.12/0/2.2/0.3, dsn=2.0.0, status=sent (250 OK id=1Zsr0o-0001q0-I9)
Nov  1 03:41:26 conch postfix/qmgr[25409]: 1839F2429C: removed
Nov  1 03:42:28 conch postfix/smtpd[19931]: warning: 104.206.67.4: address not listed for hostname 4-67-206-104.staticrdns.eonix.net
Nov  1 03:42:28 conch postfix/smtpd[19931]: connect from unknown[104.206.67.4]
Nov  1 03:42:28 conch postfix/smtpd[19931]: 775462429C: client=unknown[104.206.67.4]
Nov  1 03:42:28 conch postfix/cleanup[19935]: 775462429C: message-id=<0.0.f8509babbeddea6fc34dc518b32b0476.20513305.15252330.0jdent@seaglass.com>
Nov  1 03:42:28 conch postfix/qmgr[25409]: 775462429C: from=<Kmart_Black_Friday_Bonus@etkhk.pw>, size=5683, nrcpt=1 (queue active)
Nov  1 03:42:28 conch postfix/smtpd[19931]: disconnect from unknown[104.206.67.4]
Nov  1 03:42:31 conch postfix/smtp[19936]: 775462429C: to=<jdent@seaglass.com>, relay=mail.seaglass.com[74.220.219.61]:25, delay=2.6, delays=0.09/0/2.2/0.3, dsn=2.0.0, status=sent (250 OK id=1Zsr1q-0002X0-To)
Nov  1 03:42:31 conch postfix/qmgr[25409]: 775462429C: removed
Nov  1 03:42:39 conch postfix/smtpd[19931]: connect from code.frsale.org[104.238.236.55]
Nov  1 03:42:39 conch postfix/smtpd[19931]: B016D2429C: client=code.frsale.org[104.238.236.55]
Nov  1 03:42:39 conch postfix/cleanup[19935]: B016D2429C: message-id=<0.0.0.B5.1D114987BD017D6.D262EF@code.frsale.org>
Nov  1 03:42:39 conch postfix/qmgr[25409]: B016D2429C: from=<clark-kdent=seaglass.com@frsale.org>, size=1606, nrcpt=1 (queue active)
Nov  1 03:42:39 conch postfix/smtpd[19931]: disconnect from code.frsale.org[104.238.236.55]
Nov  1 03:42:42 conch postfix/smtp[19936]: B016D2429C: to=<kdent@seaglass.com>, relay=mail.seaglass.com[74.220.219.61]:25, delay=2.7, delays=0.23/0/2.2/0.24, dsn=2.0.0, status=sent (250 OK id=1Zsr22-0002Zy-7K)
Nov  1 03:42:42 conch postfix/qmgr[25409]: B016D2429C: removed
Nov  1 03:46:00 conch postfix/anvil[19933]: statistics: max connection rate 1/60s for (smtp:104.206.67.4) at Nov  1 03:39:55
Nov  1 03:46:00 conch postfix/anvil[19933]: statistics: max connection count 1 for (smtp:104.206.67.4) at Nov  1 03:39:55
Nov  1 03:46:00 conch postfix/anvil[19933]: statistics: max cache size 2 at Nov  1 03:40:50
Nov  1 03:46:05 conch postfix/smtpd[19958]: warning: 104.206.67.5: address not listed for hostname 5-67-206-104.staticrdns.eonix.net
Nov  1 03:46:05 conch postfix/smtpd[19958]: connect from unknown[104.206.67.5]
Nov  1 03:46:05 conch postfix/smtpd[19958]: 4DAC12429C: client=unknown[104.206.67.5]
Nov  1 03:46:05 conch postfix/cleanup[19962]: 4DAC12429C: message-id=<0.0.f8509babbeddea6fc34dc518b32b0476.16972635.6552007.0jdent@seaglass.com>
Nov  1 03:46:05 conch postfix/qmgr[25409]: 4DAC12429C: from=<Walgreens.Black.Friday.Reward@fhltv.pw>, size=5753, nrcpt=1 (queue active)
Nov  1 03:46:05 conch postfix/smtpd[19958]: disconnect from unknown[104.206.67.5]
Nov  1 03:46:07 conch postfix/smtp[19963]: 4DAC12429C: to=<jdent@seaglass.com>, relay=mail.seaglass.com[74.220.219.61]:25, delay=2.7, delays=0.18/0.01/2.2/0.3, dsn=2.0.0, status=sent (250 OK id=1Zsr5L-0003qb-P5)
Nov  1 03:46:07 conch postfix/qmgr[25409]: 4DAC12429C: removed
Nov  1 03:46:22 conch postfix/smtpd[19958]: warning: 104.206.67.5: address not listed for hostname 5-67-206-104.staticrdns.eonix.net
Nov  1 03:46:22 conch postfix/smtpd[19958]: connect from unknown[104.206.67.5]
Nov  1 03:46:22 conch postfix/smtpd[19958]: 9692F2429C: client=unknown[104.206.67.5]
Nov  1 03:46:22 conch postfix/cleanup[19962]: 9692F2429C: message-id=<0.0.5dcfd80285d21a72abf3c46e396c0002.19760146.23856937.0kdent@seaglass.com>
Nov  1 03:46:22 conch postfix/qmgr[25409]: 9692F2429C: from=<Walgreens.Black.Friday.Reward@fhltv.pw>, size=5777, nrcpt=1 (queue active)
Nov  1 03:46:22 conch postfix/smtpd[19958]: disconnect from unknown[104.206.67.5]
Nov  1 03:46:25 conch postfix/smtp[19963]: 9692F2429C: to=<kdent@seaglass.com>, relay=mail.seaglass.com[74.220.219.61]:25, delay=2.6, delays=0.09/0/2.2/0.3, dsn=2.0.0, status=sent (250 OK id=1Zsr5d-0003u8-1z)
Nov  1 03:46:25 conch postfix/qmgr[25409]: 9692F2429C: removed
Nov  1 03:47:24 conch postfix/qmgr[25409]: E70F1242A6: from=<>, size=2671, nrcpt=1 (queue active)
Nov  1 03:47:24 conch postfix/qmgr[25409]: 5C087242AB: from=<>, size=2671, nrcpt=1 (queue active)
Nov  1 03:47:24 conch postfix/qmgr[25409]: 99379242BC: from=<>, size=2674, nrcpt=1 (queue active)
Nov  1 03:47:59 conch postfix/smtp[19966]: connect to com-gacty.webcam[138.99.219.53]:25: Connection timed out
Nov  1 03:47:59 conch postfix/smtp[19967]: connect to com-gacty.webcam[138.99.219.53]:25: Connection timed out
Nov  1 03:47:59 conch postfix/smtp[19966]: 5C087242AB: to=<Avoid-Heart-@com-gacty.webcam>, relay=none, delay=340772, delays=340737/0.01/35/0, dsn=4.4.1, status=deferred (connect to com-gacty.webcam[138.99.219.53]:25: Connection timed out)
Nov  1 03:47:59 conch postfix/smtp[19967]: 99379242BC: to=<Avoid-Heart-@com-gacty.webcam>, relay=none, delay=340765, delays=340730/0.01/35/0, dsn=4.4.1, status=deferred (connect to com-gacty.webcam[138.99.219.53]:25: Connection timed out)
Nov  1 03:48:00 conch postfix/smtp[19963]: connect to com-gacty.webcam[138.99.219.53]:25: Connection timed out
Nov  1 03:48:00 conch postfix/smtp[19963]: E70F1242A6: to=<Avoid-Heart-@com-gacty.webcam>, relay=none, delay=340813, delays=340777/0.01/36/0, dsn=4.4.1, status=deferred (connect to com-gacty.webcam[138.99.219.53]:25: Connection timed out)
Nov  1 03:48:12 conch postfix/smtpd[19970]: warning: 104.206.67.5: address not listed for hostname 5-67-206-104.staticrdns.eonix.net
Nov  1 03:48:12 conch postfix/smtpd[19970]: connect from unknown[104.206.67.5]
Nov  1 03:48:12 conch postfix/smtpd[19970]: 621762429C: client=unknown[104.206.67.5]
Nov  1 03:48:12 conch postfix/cleanup[19973]: 621762429C: message-id=<0.0.3d7a0d781b11209669ef740f6068165e.12613890.14806664.0becky@seaglass.com>
Nov  1 03:48:12 conch postfix/qmgr[25409]: 621762429C: from=<Walgreens.Black.Friday.Reward@fhltv.pw>, size=5777, nrcpt=1 (queue active)
Nov  1 03:48:12 conch postfix/smtpd[19970]: disconnect from unknown[104.206.67.5]
Nov  1 03:48:15 conch postfix/smtp[19966]: 621762429C: to=<becky@seaglass.com>, relay=mail.seaglass.com[74.220.219.61]:25, delay=2.7, delays=0.19/0/2.2/0.3, dsn=2.0.0, status=sent (250 OK id=1Zsr7O-0004WM-RQ)
Nov  1 03:48:15 conch postfix/qmgr[25409]: 621762429C: removed
Nov  1 03:51:25 conch postfix/smtpd[19990]: connect from unknown[104.208.28.54]
Nov  1 03:51:25 conch postfix/smtpd[19990]: lost connection after CONNECT from unknown[104.208.28.54]
Nov  1 03:51:25 conch postfix/smtpd[19990]: disconnect from unknown[104.208.28.54]
Nov  1 03:51:25 conch postfix/smtpd[19990]: connect from unknown[104.208.28.54]
Nov  1 03:51:25 conch postfix/smtpd[19990]: NOQUEUE: reject: RCPT from unknown[104.208.28.54]: 554 5.7.1 <users@seaglass.com>: Sender address rejected: Access denied; from=<users@seaglass.com> to=<sarrahtompson@gmail.com> proto=ESMTP helo=<copemanian7>
Nov  1 03:51:25 conch postfix/smtpd[19990]: lost connection after RCPT from unknown[104.208.28.54]
Nov  1 03:51:25 conch postfix/smtpd[19990]: disconnect from unknown[104.208.28.54]
Nov  1 03:51:40 conch postfix/smtpd[19990]: warning: 104.206.67.6: address not listed for hostname 6-67-206-104.staticrdns.eonix.net
Nov  1 03:51:40 conch postfix/smtpd[19990]: connect from unknown[104.206.67.6]
Nov  1 03:51:41 conch postfix/smtpd[19990]: 03A452429C: client=unknown[104.206.67.6]
Nov  1 03:51:41 conch postfix/cleanup[19994]: 03A452429C: message-id=<0.0.5dcfd80285d21a72abf3c46e396c0002.23661899.3187208.0kdent@seaglass.com>
Nov  1 03:51:41 conch postfix/qmgr[25409]: 03A452429C: from=<Rite_Aid_Thanksgiving_Reward@flgpn.pw>, size=7284, nrcpt=1 (queue active)
Nov  1 03:51:41 conch postfix/smtpd[19990]: disconnect from unknown[104.206.67.6]
Nov  1 03:51:43 conch postfix/smtp[19995]: 03A452429C: to=<kdent@seaglass.com>, relay=mail.seaglass.com[74.220.219.61]:25, delay=3, delays=0.42/0.01/2.2/0.36, dsn=2.0.0, status=sent (250 OK id=1ZsrAl-0005fO-Hj)
Nov  1 03:51:43 conch postfix/qmgr[25409]: 03A452429C: removed
Nov  1 03:52:10 conch postfix/smtpd[19990]: warning: 104.206.67.6: address not listed for hostname 6-67-206-104.staticrdns.eonix.net
Nov  1 03:52:10 conch postfix/smtpd[19990]: connect from unknown[104.206.67.6]
Nov  1 03:52:10 conch postfix/smtpd[19990]: 4501D2429C: client=unknown[104.206.67.6]
Nov  1 03:52:10 conch postfix/cleanup[19994]: 4501D2429C: message-id=<0.0.f8509babbeddea6fc34dc518b32b0476.6453052.17081748.0jdent@seaglass.com>
Nov  1 03:52:10 conch postfix/qmgr[25409]: 4501D2429C: from=<Rite_Aid_Thanksgiving_Reward@flgpn.pw>, size=7298, nrcpt=1 (queue active)
Nov  1 03:52:10 conch postfix/smtpd[19990]: disconnect from unknown[104.206.67.6]
Nov  1 03:52:13 conch postfix/smtp[19995]: 4501D2429C: to=<jdent@seaglass.com>, relay=mail.seaglass.com[74.220.219.61]:25, delay=2.7, delays=0.16/0/2.2/0.35, dsn=2.0.0, status=sent (250 OK id=1ZsrBE-0005rQ-PU)
Nov  1 03:52:13 conch postfix/qmgr[25409]: 4501D2429C: removed
Nov  1 03:53:24 conch postfix/smtpd[19990]: connect from mail.dlhwebconsultancy.co.uk[88.198.25.43]
Nov  1 03:53:24 conch postfix/smtpd[19990]: NOQUEUE: reject: RCPT from mail.dlhwebconsultancy.co.uk[88.198.25.43]: 554 5.7.1 <office@seaglass.com>: Recipient address rejected: Access denied; from=<mark@dlhwebconsultancy.co.uk> to=<office@seaglass.com> proto=ESMTP helo=<mail.dlhwebconsultancy.co.uk>
Nov  1 03:53:24 conch postfix/smtpd[19990]: disconnect from mail.dlhwebconsultancy.co.uk[88.198.25.43]
Nov  1 03:53:55 conch postfix/smtpd[19990]: warning: 104.206.67.6: address not listed for hostname 6-67-206-104.staticrdns.eonix.net
Nov  1 03:53:55 conch postfix/smtpd[19990]: connect from unknown[104.206.67.6]
Nov  1 03:53:55 conch postfix/smtpd[19990]: 8AE652429C: client=unknown[104.206.67.6]
Nov  1 03:53:55 conch postfix/cleanup[20002]: 8AE652429C: message-id=<0.0.3d7a0d781b11209669ef740f6068165e.5811228.24684407.0becky@seaglass.com>
Nov  1 03:53:55 conch postfix/qmgr[25409]: 8AE652429C: from=<Rite_Aid_Thanksgiving_Reward@flgpn.pw>, size=7298, nrcpt=1 (queue active)
Nov  1 03:53:55 conch postfix/smtpd[19990]: disconnect from unknown[104.206.67.6]
Nov  1 03:53:58 conch postfix/smtp[20003]: 8AE652429C: to=<becky@seaglass.com>, relay=mail.seaglass.com[74.220.219.61]:25, delay=2.8, delays=0.21/0/2.2/0.35, dsn=2.0.0, status=sent (250 OK id=1ZsrCw-0006rk-3l)
Nov  1 03:53:58 conch postfix/qmgr[25409]: 8AE652429C: removed
Nov  1 03:55:53 conch postfix/smtpd[20004]: connect from unknown[121.8.124.131]
Nov  1 03:55:54 conch postfix/smtpd[20004]: NOQUEUE: reject: RCPT from unknown[121.8.124.131]: 450 4.7.1 <mailserver.jeter.com.cn>: Helo command rejected: Host not found; from=<clients@notification.com> to=<kdent@seaglass.com> proto=SMTP helo=<mailserver.jeter.com.cn>
Nov  1 03:55:55 conch postfix/smtpd[20004]: disconnect from unknown[121.8.124.131]
Nov  1 03:56:05 conch postfix/anvil[19960]: statistics: max connection rate 2/60s for (smtp:104.206.67.5) at Nov  1 03:46:22
Nov  1 03:56:05 conch postfix/anvil[19960]: statistics: max connection count 1 for (smtp:104.206.67.5) at Nov  1 03:46:05
Nov  1 03:56:05 conch postfix/anvil[19960]: statistics: max cache size 2 at Nov  1 03:51:40
Nov  1 03:57:17 conch postfix/smtpd[20004]: warning: 104.206.67.7: address not listed for hostname 7-67-206-104.staticrdns.eonix.net
Nov  1 03:57:17 conch postfix/smtpd[20004]: connect from unknown[104.206.67.7]
Nov  1 03:57:18 conch postfix/smtpd[20004]: 664172429C: client=unknown[104.206.67.7]
Nov  1 03:57:18 conch postfix/cleanup[20008]: 664172429C: message-id=<5dcfd80285d21a72abf3c46e396c0002.5702506.4172540kdent@seaglass.com>
Nov  1 03:57:18 conch postfix/qmgr[25409]: 664172429C: from=<Amazon.Bonus.Points@flecw.pw>, size=5533, nrcpt=1 (queue active)
Nov  1 03:57:18 conch postfix/smtpd[20004]: disconnect from unknown[104.206.67.7]
Nov  1 03:57:21 conch postfix/smtp[20009]: 664172429C: to=<kdent@seaglass.com>, relay=mail.seaglass.com[74.220.219.61]:25, delay=2.9, delays=0.39/0.01/2.2/0.3, dsn=2.0.0, status=sent (250 OK id=1ZsrGC-0007zM-S0)
Nov  1 03:57:21 conch postfix/qmgr[25409]: 664172429C: removed
Nov  1 03:57:47 conch postfix/smtpd[20004]: connect from unknown[91.203.4.191]
Nov  1 03:57:47 conch postfix/smtpd[20004]: NOQUEUE: reject: RCPT from unknown[91.203.4.191]: 554 5.7.1 Service unavailable; Client host [91.203.4.191] blocked using zen.spamhaus.org; http://www.spamhaus.org/sbl/query/SBLCSS; from=<reversemortgageinfo@lakps.eu> to=<riley@seaglass.com> proto=ESMTP helo=<prop.lakps.eu>
Nov  1 03:57:48 conch postfix/smtpd[20004]: lost connection after DATA (approximately 0 bytes) from unknown[91.203.4.191]
Nov  1 03:57:48 conch postfix/smtpd[20004]: disconnect from unknown[91.203.4.191]
Nov  1 03:58:15 conch postfix/smtpd[20004]: warning: 104.206.67.7: address not listed for hostname 7-67-206-104.staticrdns.eonix.net
Nov  1 03:58:15 conch postfix/smtpd[20004]: connect from unknown[104.206.67.7]
Nov  1 03:58:15 conch postfix/smtpd[20004]: 34F812429C: client=unknown[104.206.67.7]
Nov  1 03:58:15 conch postfix/cleanup[20008]: 34F812429C: message-id=<f8509babbeddea6fc34dc518b32b0476.20296547.20788867jdent@seaglass.com>
Nov  1 03:58:15 conch postfix/qmgr[25409]: 34F812429C: from=<Amazon.Bonus.Points@flecw.pw>, size=5563, nrcpt=1 (queue active)
Nov  1 03:58:15 conch postfix/smtpd[20004]: disconnect from unknown[104.206.67.7]
Nov  1 03:58:15 conch postfix/smtpd[20004]: warning: 104.206.67.7: address not listed for hostname 7-67-206-104.staticrdns.eonix.net
Nov  1 03:58:15 conch postfix/smtpd[20004]: connect from unknown[104.206.67.7]
Nov  1 03:58:15 conch postfix/smtpd[20004]: DB226242EB: client=unknown[104.206.67.7]
Nov  1 03:58:15 conch postfix/cleanup[20008]: DB226242EB: message-id=<3d7a0d781b11209669ef740f6068165e.22385658.5865157becky@seaglass.com>
Nov  1 03:58:15 conch postfix/qmgr[25409]: DB226242EB: from=<Amazon.Bonus.Points@flecw.pw>, size=5540, nrcpt=1 (queue active)
Nov  1 03:58:16 conch postfix/smtpd[20004]: disconnect from unknown[104.206.67.7]
Nov  1 03:58:17 conch postfix/smtp[20009]: 34F812429C: to=<jdent@seaglass.com>, relay=mail.seaglass.com[74.220.219.61]:25, delay=2.6, delays=0.09/0/2.2/0.3, dsn=2.0.0, status=sent (250 OK id=1ZsrH7-0008Jb-Ku)
Nov  1 03:58:17 conch postfix/qmgr[25409]: 34F812429C: removed
Nov  1 03:58:18 conch postfix/smtp[20012]: DB226242EB: to=<becky@seaglass.com>, relay=mail.seaglass.com[74.220.219.61]:25, delay=2.6, delays=0.09/0.01/2.2/0.3, dsn=2.0.0, status=sent (250 OK id=1ZsrH8-0008Jl-By)
Nov  1 03:58:18 conch postfix/qmgr[25409]: DB226242EB: removed
Nov  1 04:01:36 conch postfix/anvil[19960]: statistics: max connection rate 3/60s for (smtp:104.206.67.7) at Nov  1 03:58:15
Nov  1 04:01:36 conch postfix/anvil[19960]: statistics: max connection count 1 for (smtp:104.206.67.7) at Nov  1 03:57:17
Nov  1 04:01:36 conch postfix/anvil[19960]: statistics: max cache size 2 at Nov  1 03:57:47
Nov  1 04:01:53 conch postfix/smtpd[20039]: warning: 176.107.177.77: address not listed for hostname 77-177-107-176.deltahost.com.ua
Nov  1 04:01:53 conch postfix/smtpd[20039]: connect from unknown[176.107.177.77]
Nov  1 04:01:53 conch postfix/smtpd[20039]: NOQUEUE: reject: RCPT from unknown[176.107.177.77]: 554 5.7.1 Service unavailable; Client host [176.107.177.77] blocked using zen.spamhaus.org; http://www.spamhaus.org/sbl/query/SBLCSS; from=<luisbernard@watrpurfy.org> to=<riley@seaglass.com> proto=ESMTP helo=<reformulated.watrpurfy.org>
Nov  1 04:01:53 conch postfix/smtpd[20039]: lost connection after DATA (approximately 0 bytes) from unknown[176.107.177.77]
Nov  1 04:01:53 conch postfix/smtpd[20039]: disconnect from unknown[176.107.177.77]
Nov  1 04:03:12 conch postfix/smtpd[20039]: warning: 104.206.67.8: address not listed for hostname 8-67-206-104.staticrdns.eonix.net
Nov  1 04:03:12 conch postfix/smtpd[20039]: connect from unknown[104.206.67.8]
Nov  1 04:03:13 conch postfix/smtpd[20039]: 1983F2429C: client=unknown[104.206.67.8]
Nov  1 04:03:13 conch postfix/cleanup[20044]: 1983F2429C: message-id=<0.0.3d7a0d781b11209669ef740f6068165e.13535242.15845543.0becky@seaglass.com>
Nov  1 04:03:13 conch postfix/qmgr[25409]: 1983F2429C: from=<Macys-Pre-Holiday-Bonus@gjdjs.pw>, size=6203, nrcpt=1 (queue active)
Nov  1 04:03:13 conch postfix/smtpd[20039]: disconnect from unknown[104.206.67.8]
Nov  1 04:03:16 conch postfix/smtp[20045]: 1983F2429C: to=<becky@seaglass.com>, relay=mail.seaglass.com[74.220.219.61]:25, delay=3, delays=0.43/0.01/2.2/0.3, dsn=2.0.0, status=sent (250 OK id=1ZsrLv-0001uF-Ss)
Nov  1 04:03:16 conch postfix/qmgr[25409]: 1983F2429C: removed
Nov  1 04:04:26 conch postfix/smtpd[20039]: warning: 104.206.67.8: address not listed for hostname 8-67-206-104.staticrdns.eonix.net
Nov  1 04:04:26 conch postfix/smtpd[20039]: connect from unknown[104.206.67.8]
Nov  1 04:04:26 conch postfix/smtpd[20039]: 7BE922429C: client=unknown[104.206.67.8]
Nov  1 04:04:26 conch postfix/cleanup[20044]: 7BE922429C: message-id=<0.0.f8509babbeddea6fc34dc518b32b0476.4872879.24084829.0jdent@seaglass.com>
Nov  1 04:04:26 conch postfix/qmgr[25409]: 7BE922429C: from=<Macys-Pre-Holiday-Bonus@gjdjs.pw>, size=6193, nrcpt=1 (queue active)
Nov  1 04:04:27 conch postfix/smtpd[20039]: disconnect from unknown[104.206.67.8]
Nov  1 04:04:29 conch postfix/smtp[20045]: 7BE922429C: to=<jdent@seaglass.com>, relay=mail.seaglass.com[74.220.219.61]:25, delay=2.9, delays=0.44/0/2.2/0.3, dsn=2.0.0, status=sent (250 OK id=1ZsrN7-0002SY-9N)
Nov  1 04:04:29 conch postfix/qmgr[25409]: 7BE922429C: removed
Nov  1 04:04:51 conch postfix/smtpd[20039]: warning: 204.152.221.27: address not listed for hostname spcr-10.letsgoemkt.me
Nov  1 04:04:51 conch postfix/smtpd[20039]: connect from unknown[204.152.221.27]
Nov  1 04:04:52 conch postfix/smtpd[20039]: 0A8ED2429C: client=unknown[204.152.221.27]
Nov  1 04:04:52 conch postfix/cleanup[20044]: 0A8ED2429C: message-id=<28829915489982881091086661023@ftnm9pt0.patiodevelop.xyz>
Nov  1 04:04:52 conch postfix/qmgr[25409]: 0A8ED2429C: from=<PatioDeals@patiodevelop.xyz>, size=11773, nrcpt=1 (queue active)
Nov  1 04:04:54 conch postfix/smtp[20045]: 0A8ED2429C: to=<jdent@seaglass.com>, relay=mail.seaglass.com[74.220.219.61]:25, delay=3.1, delays=0.49/0/2.2/0.36, dsn=2.0.0, status=sent (250 OK id=1ZsrNW-0002ZP-MO)
Nov  1 04:04:54 conch postfix/qmgr[25409]: 0A8ED2429C: removed
Nov  1 04:05:01 conch postfix/smtpd[20039]: disconnect from unknown[204.152.221.27]
Nov  1 04:05:06 conch postfix/smtpd[20039]: warning: 104.206.67.8: address not listed for hostname 8-67-206-104.staticrdns.eonix.net
Nov  1 04:05:06 conch postfix/smtpd[20039]: connect from unknown[104.206.67.8]
Nov  1 04:05:06 conch postfix/smtpd[20039]: 63DE82429C: client=unknown[104.206.67.8]
Nov  1 04:05:06 conch postfix/cleanup[20044]: 63DE82429C: message-id=<0.0.5dcfd80285d21a72abf3c46e396c0002.18234527.10217671.0kdent@seaglass.com>
Nov  1 04:05:06 conch postfix/qmgr[25409]: 63DE82429C: from=<Macys-Pre-Holiday-Bonus@gjdjs.pw>, size=6203, nrcpt=1 (queue active)
Nov  1 04:05:06 conch postfix/smtpd[20039]: disconnect from unknown[104.206.67.8]
Nov  1 04:05:09 conch postfix/smtp[20045]: 63DE82429C: to=<kdent@seaglass.com>, relay=mail.seaglass.com[74.220.219.61]:25, delay=2.7, delays=0.16/0/2.2/0.3, dsn=2.0.0, status=sent (250 OK id=1ZsrNk-0002jc-TQ)
Nov  1 04:05:09 conch postfix/qmgr[25409]: 63DE82429C: removed
Nov  1 04:08:11 conch postfix/smtpd[20051]: warning: 104.206.67.9: address not listed for hostname 9-67-206-104.staticrdns.eonix.net
Nov  1 04:08:11 conch postfix/smtpd[20051]: connect from unknown[104.206.67.9]
Nov  1 04:08:11 conch postfix/smtpd[20051]: 8E93F2429C: client=unknown[104.206.67.9]
Nov  1 04:08:11 conch postfix/cleanup[20054]: 8E93F2429C: message-id=<f8509babbeddea6fc34dc518b32b0476.24479955.9812675jdent@seaglass.com>
Nov  1 04:08:11 conch postfix/qmgr[25409]: 8E93F2429C: from=<Reverse.Your.Mortgage@goupn.pw>, size=5411, nrcpt=1 (queue active)
Nov  1 04:08:11 conch postfix/smtpd[20051]: disconnect from unknown[104.206.67.9]
Nov  1 04:08:14 conch postfix/smtp[20055]: 8E93F2429C: to=<jdent@seaglass.com>, relay=mail.seaglass.com[74.220.219.61]:25, delay=2.8, delays=0.29/0.01/2.2/0.3, dsn=2.0.0, status=sent (250 OK id=1ZsrQk-0004Rl-45)
Nov  1 04:08:14 conch postfix/qmgr[25409]: 8E93F2429C: removed
Nov  1 04:10:16 conch postfix/smtpd[20072]: warning: 104.206.67.9: address not listed for hostname 9-67-206-104.staticrdns.eonix.net
Nov  1 04:10:16 conch postfix/smtpd[20072]: connect from unknown[104.206.67.9]
Nov  1 04:10:16 conch postfix/smtpd[20072]: 745EF2429C: client=unknown[104.206.67.9]
Nov  1 04:10:16 conch postfix/cleanup[20075]: 745EF2429C: message-id=<3d7a0d781b11209669ef740f6068165e.19610017.12040697becky@seaglass.com>
Nov  1 04:10:16 conch postfix/qmgr[25409]: 745EF2429C: from=<Reverse.Your.Mortgage@goupn.pw>, size=5433, nrcpt=1 (queue active)
Nov  1 04:10:16 conch postfix/smtpd[20072]: disconnect from unknown[104.206.67.9]
Nov  1 04:10:19 conch postfix/smtp[20076]: 745EF2429C: to=<becky@seaglass.com>, relay=mail.seaglass.com[74.220.219.61]:25, delay=2.7, delays=0.24/0.01/2.2/0.3, dsn=2.0.0, status=sent (250 OK id=1ZsrSk-000597-VZ)
Nov  1 04:10:19 conch postfix/qmgr[25409]: 745EF2429C: removed
Nov  1 04:10:58 conch postfix/smtpd[20072]: connect from unknown[121.8.124.131]
Nov  1 04:10:59 conch postfix/smtpd[20072]: NOQUEUE: reject: RCPT from unknown[121.8.124.131]: 450 4.7.1 <mailserver.jeter.com.cn>: Helo command rejected: Host not found; from=<clients@notification.com> to=<kdent@seaglass.com> proto=SMTP helo=<mailserver.jeter.com.cn>
Nov  1 04:10:59 conch postfix/smtpd[20072]: disconnect from unknown[121.8.124.131]
Nov  1 04:11:18 conch postfix/smtpd[20072]: warning: 104.206.67.9: address not listed for hostname 9-67-206-104.staticrdns.eonix.net
Nov  1 04:11:18 conch postfix/smtpd[20072]: connect from unknown[104.206.67.9]
Nov  1 04:11:19 conch postfix/smtpd[20072]: 0FE5E2429C: client=unknown[104.206.67.9]
Nov  1 04:11:19 conch postfix/cleanup[20075]: 0FE5E2429C: message-id=<5dcfd80285d21a72abf3c46e396c0002.22097257.23341155kdent@seaglass.com>
Nov  1 04:11:19 conch postfix/qmgr[25409]: 0FE5E2429C: from=<Reverse.Your.Mortgage@goupn.pw>, size=5433, nrcpt=1 (queue active)
Nov  1 04:11:19 conch postfix/smtpd[20072]: disconnect from unknown[104.206.67.9]
Nov  1 04:11:21 conch postfix/smtp[20076]: 0FE5E2429C: to=<kdent@seaglass.com>, relay=mail.seaglass.com[74.220.219.61]:25, delay=2.7, delays=0.15/0/2.2/0.3, dsn=2.0.0, status=sent (250 OK id=1ZsrTl-0005Ta-I7)
Nov  1 04:11:21 conch postfix/qmgr[25409]: 0FE5E2429C: removed
Nov  1 04:11:53 conch postfix/anvil[20041]: statistics: max connection rate 2/60s for (smtp:104.206.67.8) at Nov  1 04:05:06
Nov  1 04:11:53 conch postfix/anvil[20041]: statistics: max connection count 1 for (smtp:176.107.177.77) at Nov  1 04:01:53
Nov  1 04:11:53 conch postfix/anvil[20041]: statistics: max cache size 2 at Nov  1 04:04:51
Nov  1 04:11:58 conch postfix/smtpd[20072]: warning: 89.46.135.205: address not listed for hostname 89.46.135.205.ch-center.com
Nov  1 04:11:58 conch postfix/smtpd[20072]: connect from unknown[89.46.135.205]
Nov  1 04:11:58 conch postfix/smtpd[20072]: NOQUEUE: reject: RCPT from unknown[89.46.135.205]: 554 5.7.1 <david@seaglass.com>: Recipient address rejected: Access denied; from=<paidforsurveys@sutwvs.org> to=<david@seaglass.com> proto=ESMTP helo=<speakable.sutwvs.org>
Nov  1 04:11:59 conch postfix/smtpd[20072]: disconnect from unknown[89.46.135.205]
Nov  1 04:12:34 conch postfix/smtpd[20072]: connect from omp.eahome.ethanallen.com[199.7.204.81]
Nov  1 04:12:34 conch postfix/smtpd[20072]: EC9982429C: client=omp.eahome.ethanallen.com[199.7.204.81]
Nov  1 04:12:35 conch postfix/cleanup[20075]: EC9982429C: message-id=<0.0.6E.F68.1D1149E96CDC4D8.0@omp.eahome.ethanallen.com>
Nov  1 04:12:35 conch postfix/qmgr[25409]: EC9982429C: from=<style@eahome.ethanallen.com>, size=23928, nrcpt=1 (queue active)
Nov  1 04:12:35 conch postfix/smtpd[20072]: disconnect from omp.eahome.ethanallen.com[199.7.204.81]
Nov  1 04:12:37 conch postfix/smtp[20076]: EC9982429C: to=<jdent@seaglass.com>, relay=mail.seaglass.com[74.220.219.61]:25, delay=3.1, delays=0.45/0/2.2/0.46, dsn=2.0.0, status=sent (250 OK id=1ZsrUz-0005uS-Jp)
Nov  1 04:12:37 conch postfix/qmgr[25409]: EC9982429C: removed
Nov  1 04:14:20 conch postfix/smtpd[20086]: warning: 104.206.67.10: address not listed for hostname 10-67-206-104.staticrdns.eonix.net
Nov  1 04:14:20 conch postfix/smtpd[20086]: connect from unknown[104.206.67.10]
Nov  1 04:14:20 conch postfix/smtpd[20086]: D97B42429C: client=unknown[104.206.67.10]
Nov  1 04:14:20 conch postfix/cleanup[20089]: D97B42429C: message-id=<f8509babbeddea6fc34dc518b32b0476.6752989.1789219jdent@seaglass.com>
Nov  1 04:14:21 conch postfix/qmgr[25409]: D97B42429C: from=<Foreclosure_Property_Deals@guoht.pw>, size=5195, nrcpt=1 (queue active)
Nov  1 04:14:21 conch postfix/smtpd[20086]: disconnect from unknown[104.206.67.10]
Nov  1 04:14:23 conch postfix/smtp[20090]: D97B42429C: to=<jdent@seaglass.com>, relay=mail.seaglass.com[74.220.219.61]:25, delay=2.7, delays=0.21/0.01/2.2/0.3, dsn=2.0.0, status=sent (250 OK id=1ZsrWh-0006Uu-EX)
Nov  1 04:14:23 conch postfix/qmgr[25409]: D97B42429C: removed
Nov  1 04:15:07 conch postfix/smtpd[20086]: connect from ng23-vm8.bullet.mail.bf1.yahoo.com[66.196.80.39]
Nov  1 04:15:07 conch postfix/smtpd[20092]: connect from ng23-vm8.bullet.mail.bf1.yahoo.com[66.196.80.39]
Nov  1 04:15:08 conch postfix/smtpd[20092]: F3FF52429C: client=ng23-vm8.bullet.mail.bf1.yahoo.com[66.196.80.39]
Nov  1 04:15:08 conch postfix/cleanup[20089]: F3FF52429C: message-id=<COL403-EAS10829A3536E7CA7163F6405912D0@phx.gbl>
Nov  1 04:15:08 conch postfix/qmgr[25409]: F3FF52429C: from=<sentto-73963430-496-1446380107-jdent=seaglass.com@returns.groups.yahoo.com>, size=15565, nrcpt=1 (queue active)
Nov  1 04:15:08 conch postfix/smtpd[20092]: disconnect from ng23-vm8.bullet.mail.bf1.yahoo.com[66.196.80.39]
Nov  1 04:15:08 conch postfix/smtpd[20086]: 2C38E242EB: client=ng23-vm8.bullet.mail.bf1.yahoo.com[66.196.80.39]
Nov  1 04:15:08 conch postfix/cleanup[20089]: 2C38E242EB: message-id=<COL403-EAS10829A3536E7CA7163F6405912D0@phx.gbl>
Nov  1 04:15:08 conch postfix/qmgr[25409]: 2C38E242EB: from=<sentto-73963430-496-1446380107-kdent=seaglass.com@returns.groups.yahoo.com>, size=15565, nrcpt=1 (queue active)
Nov  1 04:15:08 conch postfix/smtpd[20086]: disconnect from ng23-vm8.bullet.mail.bf1.yahoo.com[66.196.80.39]
Nov  1 04:15:10 conch postfix/smtp[20090]: F3FF52429C: to=<jdent@seaglass.com>, relay=mail.seaglass.com[74.220.219.61]:25, delay=2.9, delays=0.2/0/2.2/0.49, dsn=2.0.0, status=sent (250 OK id=1ZsrXS-0006oz-HG)
Nov  1 04:15:10 conch postfix/qmgr[25409]: F3FF52429C: removed
Nov  1 04:15:10 conch postfix/smtp[20094]: 2C38E242EB: to=<kdent@seaglass.com>, relay=mail.seaglass.com[74.220.219.61]:25, delay=3.1, delays=0.4/0.01/2.2/0.45, dsn=2.0.0, status=sent (250 OK id=1ZsrXS-0006p0-Kb)
Nov  1 04:15:10 conch postfix/qmgr[25409]: 2C38E242EB: removed
Nov  1 04:15:13 conch postfix/smtpd[20092]: warning: 104.206.67.10: address not listed for hostname 10-67-206-104.staticrdns.eonix.net
Nov  1 04:15:13 conch postfix/smtpd[20092]: connect from unknown[104.206.67.10]
Nov  1 04:15:14 conch postfix/smtpd[20092]: 59EAB2429C: client=unknown[104.206.67.10]
Nov  1 04:15:14 conch postfix/cleanup[20089]: 59EAB2429C: message-id=<5dcfd80285d21a72abf3c46e396c0002.8521373.21443012kdent@seaglass.com>
Nov  1 04:15:14 conch postfix/qmgr[25409]: 59EAB2429C: from=<Foreclosure_Property_Deals@guoht.pw>, size=5216, nrcpt=1 (queue active)
Nov  1 04:15:14 conch postfix/smtpd[20092]: disconnect from unknown[104.206.67.10]
Nov  1 04:15:16 conch postfix/smtp[20090]: 59EAB2429C: to=<kdent@seaglass.com>, relay=mail.seaglass.com[74.220.219.61]:25, delay=2.9, delays=0.37/0/2.2/0.3, dsn=2.0.0, status=sent (250 OK id=1ZsrXY-0006ro-R5)
Nov  1 04:15:16 conch postfix/qmgr[25409]: 59EAB2429C: removed
Nov  1 04:15:34 conch postfix/smtpd[20086]: warning: 104.206.67.10: address not listed for hostname 10-67-206-104.staticrdns.eonix.net
Nov  1 04:15:34 conch postfix/smtpd[20086]: connect from unknown[104.206.67.10]
Nov  1 04:15:34 conch postfix/smtpd[20086]: B94972429C: client=unknown[104.206.67.10]
Nov  1 04:15:34 conch postfix/cleanup[20089]: B94972429C: message-id=<3d7a0d781b11209669ef740f6068165e.10402943.16858224becky@seaglass.com>
