Oct 22 05:36:54 conch postfix/smtp[27648]: B041F24369: to=<kdent@seaglass.com>, relay=mail.seaglass.com[74.220.219.61]:25, delay=9, delays=1.2/0.01/2.2/5.6, dsn=2.0.0, status=sent (250 OK id=1ZpF6z-0003a8-TN)
Oct 22 05:36:54 conch postfix/qmgr[25409]: B041F24369: removed
Oct 22 05:36:55 conch postfix/smtp[27649]: CB45524394: to=<jdent@seaglass.com>, relay=mail.seaglass.com[74.220.219.61]:25, delay=8.5, delays=0.73/0.01/2.2/5.5, dsn=2.0.0, status=sent (250 OK id=1ZpF70-0003aN-P9)
Oct 22 05:36:55 conch postfix/qmgr[25409]: CB45524394: removed
Oct 22 05:36:59 conch postfix/anvil[27570]: statistics: max connection rate 2/60s for (smtp:198.52.150.49) at Oct 22 05:28:51
Oct 22 05:36:59 conch postfix/anvil[27570]: statistics: max connection count 2 for (smtp:94.156.34.34) at Oct 22 05:36:44
Oct 22 05:36:59 conch postfix/anvil[27570]: statistics: max cache size 2 at Oct 22 05:34:31
Oct 22 05:38:21 conch postfix/smtpd[27634]: connect from unknown[198.52.150.51]
Oct 22 05:38:21 conch postfix/smtpd[27634]: E3EAF24365: client=unknown[198.52.150.51]
Oct 22 05:38:22 conch postfix/cleanup[27647]: E3EAF24365: message-id=<0.0.5dcfd80285d21a72abf3c46e396c0002.14649634.6713200.0kdent@seaglass.com>
Oct 22 05:38:22 conch postfix/qmgr[25409]: E3EAF24365: from=<Kohler-Senior-Bath@com-xoffr.gq>, size=6613, nrcpt=1 (queue active)
Oct 22 05:38:22 conch postfix/smtpd[27634]: disconnect from unknown[198.52.150.51]
Oct 22 05:38:24 conch postfix/smtp[27640]: E3EAF24365: to=<kdent@seaglass.com>, relay=mail.seaglass.com[74.220.219.61]:25, delay=2.9, delays=0.35/0/2.2/0.3, dsn=2.0.0, status=sent (250 OK id=1ZpF8S-0004I0-Gs)
Oct 22 05:38:24 conch postfix/qmgr[25409]: E3EAF24365: removed
Oct 22 05:38:48 conch postfix/smtpd[27634]: connect from unknown[198.52.150.51]
Oct 22 05:38:48 conch postfix/smtpd[27634]: 9B52B24365: client=unknown[198.52.150.51]
Oct 22 05:38:48 conch postfix/cleanup[27647]: 9B52B24365: message-id=<0.0.f8509babbeddea6fc34dc518b32b0476.15877512.23653237.0jdent@seaglass.com>
Oct 22 05:38:48 conch postfix/qmgr[25409]: 9B52B24365: from=<Kohler-Senior-Bath@com-xoffr.gq>, size=6638, nrcpt=1 (queue active)
Oct 22 05:38:48 conch postfix/smtpd[27634]: disconnect from unknown[198.52.150.51]
Oct 22 05:39:01 conch postfix/smtp[27640]: 9B52B24365: to=<jdent@seaglass.com>, relay=mail.seaglass.com[74.220.219.61]:25, delay=13, delays=0.22/0/2.2/10, dsn=2.0.0, status=sent (250 OK id=1ZpF93-0004Sb-7C)
Oct 22 05:39:01 conch postfix/qmgr[25409]: 9B52B24365: removed
Oct 22 05:40:35 conch postfix/smtpd[27666]: warning: 67.229.32.33: address not listed for hostname mail3.ozaku.us
Oct 22 05:40:35 conch postfix/smtpd[27666]: connect from unknown[67.229.32.33]
Oct 22 05:40:36 conch postfix/smtpd[27666]: NOQUEUE: reject: RCPT from unknown[67.229.32.33]: 450 4.7.1 <ozaku.us>: Helo command rejected: Host not found; from=<support@ozaku.us> to=<becky@seaglass.com> proto=ESMTP helo=<ozaku.us>
Oct 22 05:40:37 conch postfix/smtpd[27666]: disconnect from unknown[67.229.32.33]
Oct 22 05:40:43 conch postfix/smtpd[27666]: connect from unknown[198.52.150.51]
Oct 22 05:40:44 conch postfix/smtpd[27666]: 601E024365: client=unknown[198.52.150.51]
Oct 22 05:40:44 conch postfix/cleanup[27670]: 601E024365: message-id=<0.0.3d7a0d781b11209669ef740f6068165e.7458345.11928030.0becky@seaglass.com>
Oct 22 05:40:44 conch postfix/qmgr[25409]: 601E024365: from=<Kohler-Senior-Bath@com-xoffr.gq>, size=6628, nrcpt=1 (queue active)
Oct 22 05:40:44 conch postfix/smtpd[27666]: disconnect from unknown[198.52.150.51]
Oct 22 05:40:52 conch postfix/smtp[27671]: 601E024365: to=<becky@seaglass.com>, relay=mail.seaglass.com[74.220.219.61]:25, delay=8, delays=0.53/0.01/2.2/5.3, dsn=2.0.0, status=sent (250 OK id=1ZpFAq-0005RX-0J)
Oct 22 05:40:52 conch postfix/qmgr[25409]: 601E024365: removed
Oct 22 05:40:55 conch postfix/smtpd[27666]: connect from unknown[173.232.205.41]
Oct 22 05:40:56 conch postfix/smtpd[27666]: NOQUEUE: reject: RCPT from unknown[173.232.205.41]: 450 4.7.1 <wtidde.us>: Helo command rejected: Host not found; from=<noreply@wtidde.us> to=<becky@seaglass.com> proto=ESMTP helo=<wtidde.us>
Oct 22 05:40:56 conch postfix/smtpd[27666]: disconnect from unknown[173.232.205.41]
Oct 22 05:42:17 conch postfix/smtpd[27666]: connect from unknown[58.17.247.48]
Oct 22 05:42:18 conch postfix/smtpd[27666]: NOQUEUE: reject: RCPT from unknown[58.17.247.48]: 450 4.7.1 <dbd.localdomain>: Helo command rejected: Host not found; from=<admin@dhs.gov> to=<riley@seaglass.com> proto=ESMTP helo=<dbd.localdomain>
Oct 22 05:42:19 conch postfix/smtpd[27666]: disconnect from unknown[58.17.247.48]
Oct 22 05:43:53 conch postfix/smtpd[27666]: connect from unknown[198.52.150.52]
Oct 22 05:43:53 conch postfix/smtpd[27666]: BF16B24365: client=unknown[198.52.150.52]
Oct 22 05:43:53 conch postfix/cleanup[27676]: BF16B24365: message-id=<5dcfd80285d21a72abf3c46e396c0002.12739928.10803589kdent@seaglass.com>
Oct 22 05:43:54 conch postfix/qmgr[25409]: BF16B24365: from=<FanDuel_Six_Million@com-xoffr.ml>, size=6011, nrcpt=1 (queue active)
Oct 22 05:43:54 conch postfix/smtpd[27666]: disconnect from unknown[198.52.150.52]
Oct 22 05:43:56 conch postfix/smtp[27677]: BF16B24365: to=<kdent@seaglass.com>, relay=mail.seaglass.com[74.220.219.61]:25, delay=3, delays=0.46/0.01/2.2/0.3, dsn=2.0.0, status=sent (250 OK id=1ZpFDo-0006ra-CL)
Oct 22 05:43:56 conch postfix/qmgr[25409]: BF16B24365: removed
Oct 22 05:44:48 conch postfix/smtpd[27666]: connect from server58.saburrate.com[216.107.142.142]
Oct 22 05:44:48 conch postfix/smtpd[27679]: connect from unknown[198.52.150.52]
Oct 22 05:44:48 conch postfix/smtpd[27666]: NOQUEUE: reject: RCPT from server58.saburrate.com[216.107.142.142]: 554 5.7.1 Service unavailable; Client host [216.107.142.142] blocked using zen.spamhaus.org; http://www.spamhaus.org/sbl/query/SBLCSS; from=<riley@gmail.com> to=<riley@seaglass.com> proto=ESMTP helo=<saburrate.com>
Oct 22 05:44:48 conch postfix/smtpd[27679]: A3D7424365: client=unknown[198.52.150.52]
Oct 22 05:44:48 conch postfix/smtpd[27666]: disconnect from server58.saburrate.com[216.107.142.142]
Oct 22 05:44:48 conch postfix/cleanup[27676]: A3D7424365: message-id=<3d7a0d781b11209669ef740f6068165e.20440646.19413122becky@seaglass.com>
Oct 22 05:44:48 conch postfix/qmgr[25409]: A3D7424365: from=<FanDuel_Six_Million@com-xoffr.ml>, size=6011, nrcpt=1 (queue active)
Oct 22 05:44:48 conch postfix/smtpd[27679]: disconnect from unknown[198.52.150.52]
Oct 22 05:45:06 conch postfix/smtp[27677]: A3D7424365: to=<becky@seaglass.com>, relay=mail.seaglass.com[74.220.219.61]:25, delay=18, delays=0.31/0/2.2/15, dsn=2.0.0, status=sent (250 OK id=1ZpFEw-0007Fk-8g)
Oct 22 05:45:06 conch postfix/qmgr[25409]: A3D7424365: removed
Oct 22 05:45:15 conch postfix/smtpd[27666]: connect from unknown[198.52.150.52]
Oct 22 05:45:15 conch postfix/smtpd[27666]: EE95F24365: client=unknown[198.52.150.52]
Oct 22 05:45:16 conch postfix/cleanup[27676]: EE95F24365: message-id=<f8509babbeddea6fc34dc518b32b0476.8663324.23171185jdent@seaglass.com>
Oct 22 05:45:16 conch postfix/qmgr[25409]: EE95F24365: from=<FanDuel_Six_Million@com-xoffr.ml>, size=6000, nrcpt=1 (queue active)
Oct 22 05:45:16 conch postfix/smtpd[27666]: disconnect from unknown[198.52.150.52]
Oct 22 05:45:18 conch postfix/smtp[27677]: EE95F24365: to=<jdent@seaglass.com>, relay=mail.seaglass.com[74.220.219.61]:25, delay=2.7, delays=0.22/0/2.2/0.3, dsn=2.0.0, status=sent (250 OK id=1ZpFF8-0007ZT-Hq)
Oct 22 05:45:18 conch postfix/qmgr[25409]: EE95F24365: removed
Oct 22 05:45:57 conch postfix/smtpd[27679]: connect from unknown[173.232.205.41]
Oct 22 05:45:58 conch postfix/smtpd[27679]: NOQUEUE: reject: RCPT from unknown[173.232.205.41]: 450 4.7.1 <wtidde.us>: Helo command rejected: Host not found; from=<noreply@wtidde.us> to=<becky@seaglass.com> proto=ESMTP helo=<wtidde.us>
Oct 22 05:45:58 conch postfix/smtpd[27679]: disconnect from unknown[173.232.205.41]
Oct 22 05:46:59 conch postfix/anvil[27570]: statistics: max connection rate 2/60s for (smtp:198.52.150.51) at Oct 22 05:38:48
Oct 22 05:46:59 conch postfix/anvil[27570]: statistics: max connection count 1 for (smtp:198.52.150.51) at Oct 22 05:38:21
Oct 22 05:46:59 conch postfix/anvil[27570]: statistics: max cache size 3 at Oct 22 05:40:55
Oct 22 05:50:38 conch postfix/smtpd[27699]: connect from tayb4x.reportselectpreferred.party[185.121.164.66]
Oct 22 05:50:38 conch postfix/smtpd[27701]: connect from tayb4x.reportselectpreferred.party[185.121.164.66]
Oct 22 05:50:39 conch postfix/smtpd[27699]: 7D89E24365: client=tayb4x.reportselectpreferred.party[185.121.164.66]
Oct 22 05:50:39 conch postfix/smtpd[27701]: B034224369: client=tayb4x.reportselectpreferred.party[185.121.164.66]
Oct 22 05:50:39 conch postfix/cleanup[27704]: 7D89E24365: message-id=<5ca7e5fc91cc3f8b68b3d27a5e15c361-2893HLUMMIMNMOD69636157-riley=seaglass.com@tayb4x.reportselectpreferred.party>
Oct 22 05:50:40 conch postfix/cleanup[27705]: B034224369: message-id=<f8509babbeddea6fc34dc518b32b0476-2893TLIVQURHOCY68959200-jdent=seaglass.com@tayb4x.reportselectpreferred.party>
Oct 22 05:50:40 conch postfix/qmgr[25409]: 7D89E24365: from=<NATIONALPROTECTION-ASSOCIATION@reportselectpreferred.party>, size=7037, nrcpt=1 (queue active)
Oct 22 05:50:40 conch postfix/qmgr[25409]: B034224369: from=<DILLON-NGOA-@reportselectpreferred.party>, size=7004, nrcpt=1 (queue active)
Oct 22 05:50:40 conch postfix/smtpd[27699]: disconnect from tayb4x.reportselectpreferred.party[185.121.164.66]
Oct 22 05:50:40 conch postfix/smtpd[27701]: disconnect from tayb4x.reportselectpreferred.party[185.121.164.66]
Oct 22 05:50:42 conch postfix/smtp[27706]: 7D89E24365: to=<riley@seaglass.com>, relay=mail.seaglass.com[74.220.219.61]:25, delay=3.3, delays=0.73/0.01/2.2/0.31, dsn=2.0.0, status=sent (250 OK id=1ZpFKM-0001r7-DA)
Oct 22 05:50:42 conch postfix/qmgr[25409]: 7D89E24365: removed
Oct 22 05:50:42 conch postfix/smtp[27707]: B034224369: to=<jdent@seaglass.com>, relay=mail.seaglass.com[74.220.219.61]:25, delay=3.4, delays=0.91/0.01/2.2/0.3, dsn=2.0.0, status=sent (250 OK id=1ZpFKM-0001rD-IS)
Oct 22 05:50:42 conch postfix/qmgr[25409]: B034224369: removed
Oct 22 05:51:03 conch postfix/smtpd[27699]: connect from unknown[173.232.205.41]
Oct 22 05:51:03 conch postfix/smtpd[27699]: NOQUEUE: reject: RCPT from unknown[173.232.205.41]: 450 4.7.1 <wtidde.us>: Helo command rejected: Host not found; from=<noreply@wtidde.us> to=<becky@seaglass.com> proto=ESMTP helo=<wtidde.us>
Oct 22 05:51:03 conch postfix/smtpd[27699]: disconnect from unknown[173.232.205.41]
Oct 22 05:51:15 conch postfix/smtpd[27701]: connect from unknown[198.52.150.54]
Oct 22 05:51:16 conch postfix/smtpd[27701]: 89D2824365: client=unknown[198.52.150.54]
Oct 22 05:51:16 conch postfix/cleanup[27704]: 89D2824365: message-id=<0.0.5dcfd80285d21a72abf3c46e396c0002.22408335.5469461.0kdent@seaglass.com>
Oct 22 05:51:16 conch postfix/qmgr[25409]: 89D2824365: from=<DraftKings@com-xsiff.cf>, size=5758, nrcpt=1 (queue active)
Oct 22 05:51:16 conch postfix/smtpd[27701]: disconnect from unknown[198.52.150.54]
Oct 22 05:51:24 conch postfix/smtp[27706]: 89D2824365: to=<kdent@seaglass.com>, relay=mail.seaglass.com[74.220.219.61]:25, delay=8.2, delays=0.7/0/2.2/5.3, dsn=2.0.0, status=sent (250 OK id=1ZpFL2-00025u-2T)
Oct 22 05:51:24 conch postfix/qmgr[25409]: 89D2824365: removed
Oct 22 05:52:24 conch postfix/smtpd[27708]: connect from unknown[62.113.216.136]
Oct 22 05:52:24 conch postfix/smtpd[27701]: connect from unknown[62.113.216.136]
Oct 22 05:52:25 conch postfix/smtpd[27701]: NOQUEUE: reject: RCPT from unknown[62.113.216.136]: 554 5.7.1 Service unavailable; Client host [62.113.216.136] blocked using zen.spamhaus.org; http://www.spamhaus.org/sbl/query/SBLCSS; from=<DentalImplantServices@teeeth.win> to=<jdent@seaglass.com> proto=ESMTP helo=<0017a339.teeeth.win>
Oct 22 05:52:25 conch postfix/smtpd[27708]: NOQUEUE: reject: RCPT from unknown[62.113.216.136]: 554 5.7.1 Service unavailable; Client host [62.113.216.136] blocked using zen.spamhaus.org; http://www.spamhaus.org/sbl/query/SBLCSS; from=<DentalOptions@teeeth.win> to=<kdent@seaglass.com> proto=ESMTP helo=<004c712a.teeeth.win>
Oct 22 05:52:25 conch postfix/smtpd[27701]: disconnect from unknown[62.113.216.136]
Oct 22 05:52:26 conch postfix/smtpd[27708]: disconnect from unknown[62.113.216.136]
Oct 22 05:52:32 conch postfix/smtpd[27701]: connect from unknown[198.52.150.54]
Oct 22 05:52:33 conch postfix/smtpd[27701]: 2236724365: client=unknown[198.52.150.54]
Oct 22 05:52:33 conch postfix/cleanup[27704]: 2236724365: message-id=<0.0.3d7a0d781b11209669ef740f6068165e.15676983.6964668.0becky@seaglass.com>
Oct 22 05:52:33 conch postfix/qmgr[25409]: 2236724365: from=<DraftKings@com-xsiff.cf>, size=5758, nrcpt=1 (queue active)
Oct 22 05:52:33 conch postfix/smtpd[27701]: disconnect from unknown[198.52.150.54]
Oct 22 05:52:37 conch postfix/smtpd[27699]: connect from unknown[137.63.69.2]
Oct 22 05:52:37 conch postfix/smtpd[27699]: lost connection after CONNECT from unknown[137.63.69.2]
Oct 22 05:52:37 conch postfix/smtpd[27699]: disconnect from unknown[137.63.69.2]
Oct 22 05:52:40 conch postfix/smtp[27706]: 2236724365: to=<becky@seaglass.com>, relay=mail.seaglass.com[74.220.219.61]:25, delay=7.7, delays=0.15/0/2.2/5.3, dsn=2.0.0, status=sent (250 OK id=1ZpFMG-0002lR-Kv)
Oct 22 05:52:40 conch postfix/qmgr[25409]: 2236724365: removed
Oct 22 05:53:12 conch postfix/smtpd[27701]: connect from centerplace.xyz[207.244.97.119]
Oct 22 05:53:12 conch postfix/smtpd[27701]: NOQUEUE: reject: RCPT from centerplace.xyz[207.244.97.119]: 554 5.7.1 Service unavailable; Client host [207.244.97.119] blocked using zen.spamhaus.org; http://www.spamhaus.org/sbl/query/SBLCSS; from=<spirithalloween@centerplace.xyz> to=<riley@seaglass.com> proto=SMTP helo=<mta5.centerplace.xyz>
Oct 22 05:53:12 conch postfix/smtpd[27701]: disconnect from centerplace.xyz[207.244.97.119]
Oct 22 05:53:15 conch postfix/smtpd[27708]: connect from unknown[137.63.69.2]
Oct 22 05:53:15 conch postfix/smtpd[27708]: lost connection after CONNECT from unknown[137.63.69.2]
Oct 22 05:53:15 conch postfix/smtpd[27708]: disconnect from unknown[137.63.69.2]
Oct 22 05:53:48 conch postfix/smtpd[27699]: connect from unknown[198.52.150.54]
Oct 22 05:53:48 conch postfix/smtpd[27699]: A889A24365: client=unknown[198.52.150.54]
Oct 22 05:53:48 conch postfix/cleanup[27704]: A889A24365: message-id=<0.0.f8509babbeddea6fc34dc518b32b0476.4553387.3172168.0jdent@seaglass.com>
Oct 22 05:53:48 conch postfix/qmgr[25409]: A889A24365: from=<DraftKings@com-xsiff.cf>, size=5747, nrcpt=1 (queue active)
Oct 22 05:53:48 conch postfix/smtpd[27699]: disconnect from unknown[198.52.150.54]
Oct 22 05:53:51 conch postfix/smtp[27706]: A889A24365: to=<jdent@seaglass.com>, relay=mail.seaglass.com[74.220.219.61]:25, delay=2.7, delays=0.2/0/2.2/0.3, dsn=2.0.0, status=sent (250 OK id=1ZpFNP-0003lu-5g)
Oct 22 05:53:51 conch postfix/qmgr[25409]: A889A24365: removed
Oct 22 05:54:25 conch postfix/smtpd[27701]: connect from unknown[137.63.69.2]
Oct 22 05:54:25 conch postfix/smtpd[27701]: lost connection after CONNECT from unknown[137.63.69.2]
Oct 22 05:54:25 conch postfix/smtpd[27701]: disconnect from unknown[137.63.69.2]
Oct 22 05:56:04 conch postfix/smtpd[27701]: connect from unknown[173.232.205.41]
Oct 22 05:56:04 conch postfix/smtpd[27701]: NOQUEUE: reject: RCPT from unknown[173.232.205.41]: 450 4.7.1 <wtidde.us>: Helo command rejected: Host not found; from=<noreply@wtidde.us> to=<becky@seaglass.com> proto=ESMTP helo=<wtidde.us>
Oct 22 05:56:04 conch postfix/smtpd[27701]: disconnect from unknown[173.232.205.41]
Oct 22 05:56:30 conch postfix/smtpd[27701]: warning: 65.249.64.68: address not listed for hostname host68.ibmsecu.org
Oct 22 05:56:30 conch postfix/smtpd[27701]: connect from unknown[65.249.64.68]
Oct 22 05:56:30 conch postfix/smtpd[27701]: C95E724365: client=unknown[65.249.64.68]
Oct 22 05:56:30 conch postfix/cleanup[27715]: C95E724365: message-id=<280310-2201510422125629746@ibmsecu.org>
Oct 22 05:56:31 conch postfix/qmgr[25409]: C95E724365: from=<emessenger@ibmsecu.org>, size=1410, nrcpt=1 (queue active)
Oct 22 05:56:31 conch postfix/smtpd[27701]: disconnect from unknown[65.249.64.68]
Oct 22 05:56:31 conch postfix/smtpd[27701]: warning: 65.249.64.68: address not listed for hostname host68.ibmsecu.org
Oct 22 05:56:31 conch postfix/smtpd[27701]: connect from unknown[65.249.64.68]
Oct 22 05:56:31 conch postfix/smtpd[27701]: 6F6B124369: client=unknown[65.249.64.68]
Oct 22 05:56:31 conch postfix/cleanup[27715]: 6F6B124369: message-id=<302250-2201510422125630422@ibmsecu.org>
Oct 22 05:56:31 conch postfix/qmgr[25409]: 6F6B124369: from=<emessenger@ibmsecu.org>, size=1410, nrcpt=1 (queue active)
Oct 22 05:56:31 conch postfix/smtpd[27701]: disconnect from unknown[65.249.64.68]
Oct 22 05:56:33 conch postfix/smtp[27716]: C95E724365: to=<becky@seaglass.com>, relay=mail.seaglass.com[74.220.219.61]:25, delay=3.2, delays=0.29/0.01/2.2/0.67, dsn=2.0.0, status=sent (250 OK id=1ZpFQ1-00059R-Mk)
Oct 22 05:56:33 conch postfix/qmgr[25409]: C95E724365: removed
Oct 22 05:56:36 conch postfix/smtp[27717]: 6F6B124369: to=<becky@seaglass.com>, relay=mail.seaglass.com[74.220.219.61]:25, delay=4.6, delays=0.23/0.01/2.2/2.1, dsn=2.0.0, status=sent (250 OK id=1ZpFQ3-00059T-0N)
Oct 22 05:56:36 conch postfix/qmgr[25409]: 6F6B124369: removed
Oct 22 05:56:40 conch postfix/smtpd[27701]: connect from unknown[198.52.150.55]
Oct 22 05:56:41 conch postfix/smtpd[27701]: 4D10F24365: client=unknown[198.52.150.55]
Oct 22 05:56:41 conch postfix/cleanup[27715]: 4D10F24365: message-id=<5dcfd80285d21a72abf3c46e396c0002.4922430.17225925kdent@seaglass.com>
Oct 22 05:56:41 conch postfix/qmgr[25409]: 4D10F24365: from=<Buffets.Memory.Booster@com-xsiff.ga>, size=4939, nrcpt=1 (queue active)
Oct 22 05:56:41 conch postfix/smtpd[27701]: disconnect from unknown[198.52.150.55]
Oct 22 05:56:43 conch postfix/smtp[27716]: 4D10F24365: to=<kdent@seaglass.com>, relay=mail.seaglass.com[74.220.219.61]:25, delay=3, delays=0.48/0/2.2/0.3, dsn=2.0.0, status=sent (250 OK id=1ZpFQB-0005F8-Pa)
Oct 22 05:56:43 conch postfix/qmgr[25409]: 4D10F24365: removed
Oct 22 05:56:51 conch postfix/smtpd[27701]: connect from victor-csw.veggieimoveis.com.br[104.245.239.109]
Oct 22 05:56:51 conch postfix/smtpd[27701]: 474AD24365: client=victor-csw.veggieimoveis.com.br[104.245.239.109]
Oct 22 05:56:51 conch postfix/cleanup[27715]: 474AD24365: message-id=<1b96aa50159654bf531b83ddc89ddc05@l.helthresorc.org>
Oct 22 05:56:51 conch postfix/qmgr[25409]: 474AD24365: from=<affordablebathroomremodels@helthresorc.org>, size=10286, nrcpt=1 (queue active)
Oct 22 05:56:51 conch postfix/smtpd[27701]: disconnect from victor-csw.veggieimoveis.com.br[104.245.239.109]
Oct 22 05:56:53 conch postfix/smtp[27717]: 474AD24365: to=<jdent@seaglass.com>, relay=mail.seaglass.com[74.220.219.61]:25, delay=2.8, delays=0.27/0/2.2/0.36, dsn=2.0.0, status=sent (250 OK id=1ZpFQL-0005Kn-Mj)
Oct 22 05:56:53 conch postfix/qmgr[25409]: 474AD24365: removed
Oct 22 05:57:53 conch postfix/smtpd[27701]: connect from unknown[198.52.150.55]
Oct 22 05:57:53 conch postfix/smtpd[27701]: C67C824365: client=unknown[198.52.150.55]
Oct 22 05:57:53 conch postfix/cleanup[27715]: C67C824365: message-id=<f8509babbeddea6fc34dc518b32b0476.23391824.13783072jdent@seaglass.com>
Oct 22 05:57:53 conch postfix/qmgr[25409]: C67C824365: from=<Buffets.Memory.Booster@com-xsiff.ga>, size=4948, nrcpt=1 (queue active)
Oct 22 05:57:54 conch postfix/smtpd[27701]: disconnect from unknown[198.52.150.55]
Oct 22 05:58:01 conch postfix/smtp[27716]: C67C824365: to=<jdent@seaglass.com>, relay=mail.seaglass.com[74.220.219.61]:25, delay=7.6, delays=0.12/0/2.2/5.3, dsn=2.0.0, status=sent (250 OK id=1ZpFRR-0005mi-9k)
Oct 22 05:58:01 conch postfix/qmgr[25409]: C67C824365: removed
Oct 22 05:58:49 conch postfix/smtpd[27701]: connect from unknown[198.52.150.55]
Oct 22 05:58:49 conch postfix/smtpd[27701]: 5543824365: client=unknown[198.52.150.55]
Oct 22 05:58:49 conch postfix/cleanup[27715]: 5543824365: message-id=<3d7a0d781b11209669ef740f6068165e.12720594.16023369becky@seaglass.com>
Oct 22 05:58:49 conch postfix/qmgr[25409]: 5543824365: from=<Buffets.Memory.Booster@com-xsiff.ga>, size=4948, nrcpt=1 (queue active)
Oct 22 05:58:49 conch postfix/smtpd[27701]: disconnect from unknown[198.52.150.55]
Oct 22 05:58:56 conch postfix/smtp[27716]: 5543824365: to=<becky@seaglass.com>, relay=mail.seaglass.com[74.220.219.61]:25, delay=7.6, delays=0.12/0/2.2/5.3, dsn=2.0.0, status=sent (250 OK id=1ZpFSK-0006FG-R5)
Oct 22 05:58:56 conch postfix/qmgr[25409]: 5543824365: removed
Oct 22 06:00:14 conch postfix/smtpd[27701]: connect from 1e.f5.089f.ip4.static.sl-reverse.com[159.8.245.30]
Oct 22 06:00:14 conch postfix/smtpd[27701]: warning: Illegal address syntax from 1e.f5.089f.ip4.static.sl-reverse.com[159.8.245.30] in MAIL command: <www-data@159.8.245.30>
Oct 22 06:00:14 conch postfix/smtpd[27701]: disconnect from 1e.f5.089f.ip4.static.sl-reverse.com[159.8.245.30]
Oct 22 06:00:38 conch postfix/anvil[27702]: statistics: max connection rate 2/60s for (smtp:185.121.164.66) at Oct 22 05:50:38
Oct 22 06:00:38 conch postfix/anvil[27702]: statistics: max connection count 2 for (smtp:185.121.164.66) at Oct 22 05:50:38
Oct 22 06:00:38 conch postfix/anvil[27702]: statistics: max cache size 4 at Oct 22 05:53:12
Oct 22 06:00:45 conch postfix/qmgr[25409]: 77116243CC: from=<>, size=2703, nrcpt=1 (queue active)
Oct 22 06:00:45 conch postfix/qmgr[25409]: 68AF424356: from=<>, size=2703, nrcpt=1 (queue active)
Oct 22 06:00:46 conch postfix/smtp[27752]: connect to com-oct1022.ga[198.52.150.41]:25: No route to host
Oct 22 06:00:46 conch postfix/smtp[27751]: connect to com-oct1022.ga[198.52.150.41]:25: No route to host
Oct 22 06:00:46 conch postfix/smtp[27752]: 68AF424356: to=<24@com-oct1022.ga>, relay=none, delay=4777, delays=4777/0.01/0.09/0, dsn=4.4.1, status=deferred (connect to com-oct1022.ga[198.52.150.41]:25: No route to host)
Oct 22 06:00:46 conch postfix/smtp[27751]: 77116243CC: to=<24@com-oct1022.ga>, relay=none, delay=4739, delays=4738/0.01/0.1/0, dsn=4.4.1, status=deferred (connect to com-oct1022.ga[198.52.150.41]:25: No route to host)
Oct 22 06:01:05 conch postfix/smtpd[27701]: connect from unknown[173.232.205.41]
Oct 22 06:01:05 conch postfix/smtpd[27701]: NOQUEUE: reject: RCPT from unknown[173.232.205.41]: 450 4.7.1 <wtidde.us>: Helo command rejected: Host not found; from=<noreply@wtidde.us> to=<becky@seaglass.com> proto=ESMTP helo=<wtidde.us>
Oct 22 06:01:05 conch postfix/smtpd[27701]: disconnect from unknown[173.232.205.41]
Oct 22 06:01:36 conch postfix/smtpd[27701]: connect from 2vfxesq.psasky.net[23.247.95.44]
Oct 22 06:01:37 conch postfix/smtpd[27701]: 1A07524365: client=2vfxesq.psasky.net[23.247.95.44]
Oct 22 06:01:37 conch postfix/cleanup[27756]: 1A07524365: message-id=<54272392581825427704904382776@2vfxesq.psasky.net>
Oct 22 06:01:37 conch postfix/qmgr[25409]: 1A07524365: from=<HSIWhistleBlower@psasky.net>, size=3263, nrcpt=1 (queue active)
Oct 22 06:01:37 conch postfix/smtpd[27701]: disconnect from 2vfxesq.psasky.net[23.247.95.44]
Oct 22 06:01:39 conch postfix/smtp[27752]: 1A07524365: to=<jdent@seaglass.com>, relay=mail.seaglass.com[74.220.219.61]:25, delay=3.1, delays=0.58/0/2.2/0.3, dsn=2.0.0, status=sent (250 OK id=1ZpFUx-0007px-L4)
Oct 22 06:01:39 conch postfix/qmgr[25409]: 1A07524365: removed
Oct 22 06:01:57 conch postfix/smtpd[27701]: connect from unknown[198.52.150.53]
Oct 22 06:01:58 conch postfix/smtpd[27701]: 1382E24365: client=unknown[198.52.150.53]
Oct 22 06:01:58 conch postfix/cleanup[27756]: 1382E24365: message-id=<0.0.f8509babbeddea6fc34dc518b32b0476.2829560.3880875.0jdent@seaglass.com>
Oct 22 06:01:58 conch postfix/qmgr[25409]: 1382E24365: from=<Proactiv_Special_Offer@com-xoffr.tk>, size=4885, nrcpt=1 (queue active)
Oct 22 06:01:58 conch postfix/smtpd[27701]: disconnect from unknown[198.52.150.53]
Oct 22 06:02:00 conch postfix/smtp[27751]: 1382E24365: to=<jdent@seaglass.com>, relay=mail.seaglass.com[74.220.219.61]:25, delay=3, delays=0.45/0/2.2/0.3, dsn=2.0.0, status=sent (250 OK id=1ZpFVI-00081M-IK)
Oct 22 06:02:00 conch postfix/qmgr[25409]: 1382E24365: removed
Oct 22 06:02:36 conch postfix/smtpd[27701]: warning: 199.189.105.199: address not listed for hostname 199.189.105.199.static.midphase.com
Oct 22 06:02:36 conch postfix/smtpd[27701]: connect from unknown[199.189.105.199]
Oct 22 06:02:37 conch postfix/smtpd[27701]: NOQUEUE: reject: RCPT from unknown[199.189.105.199]: 554 5.7.1 Service unavailable; Client host [199.189.105.199] blocked using zen.spamhaus.org; http://www.spamhaus.org/sbl/query/SBLCSS; from=<HomeWarrantySpecial@quickhealthcoverage.com> to=<kdent@seaglass.com> proto=ESMTP helo=<2y6i4g5.quickhealthcoverage.com>
Oct 22 06:03:11 conch postfix/smtpd[27759]: connect from 3c1as76ab.ntriy.download[94.156.37.34]
Oct 22 06:03:11 conch postfix/smtpd[27761]: connect from 3c1as76ab.ntriy.download[94.156.37.34]
Oct 22 06:03:11 conch postfix/smtpd[27759]: NOQUEUE: reject: RCPT from 3c1as76ab.ntriy.download[94.156.37.34]: 554 5.7.1 Service unavailable; Client host [94.156.37.34] blocked using zen.spamhaus.org; http://www.spamhaus.org/sbl/query/SBLCSS; from=<CarNavigationSoftware@ntriy.download> to=<jdent@seaglass.com> proto=ESMTP helo=<06955a65.ntriy.download>
Oct 22 06:03:11 conch postfix/smtpd[27759]: disconnect from 3c1as76ab.ntriy.download[94.156.37.34]
Oct 22 06:03:11 conch postfix/smtpd[27761]: NOQUEUE: reject: RCPT from 3c1as76ab.ntriy.download[94.156.37.34]: 554 5.7.1 Service unavailable; Client host [94.156.37.34] blocked using zen.spamhaus.org; http://www.spamhaus.org/sbl/query/SBLCSS; from=<CarNavigationSoftware@ntriy.download> to=<kdent@seaglass.com> proto=ESMTP helo=<02e31830.ntriy.download>
Oct 22 06:03:12 conch postfix/smtpd[27761]: disconnect from 3c1as76ab.ntriy.download[94.156.37.34]
Oct 22 06:03:43 conch postfix/smtpd[27701]: disconnect from unknown[199.189.105.199]
Oct 22 06:03:43 conch postfix/smtpd[27759]: connect from unknown[198.52.150.53]
Oct 22 06:03:44 conch postfix/smtpd[27759]: 4370C24365: client=unknown[198.52.150.53]
Oct 22 06:03:44 conch postfix/cleanup[27762]: 4370C24365: message-id=<0.0.5dcfd80285d21a72abf3c46e396c0002.22555181.10483733.0kdent@seaglass.com>
Oct 22 06:03:44 conch postfix/qmgr[25409]: 4370C24365: from=<Proactiv_Special_Offer@com-xoffr.tk>, size=4921, nrcpt=1 (queue active)
Oct 22 06:03:44 conch postfix/smtpd[27759]: disconnect from unknown[198.52.150.53]
Oct 22 06:03:46 conch postfix/smtp[27763]: 4370C24365: to=<kdent@seaglass.com>, relay=mail.seaglass.com[74.220.219.61]:25, delay=2.7, delays=0.23/0.01/2.2/0.3, dsn=2.0.0, status=sent (250 OK id=1ZpFX0-0000XC-PR)
Oct 22 06:03:46 conch postfix/qmgr[25409]: 4370C24365: removed
Oct 22 06:04:50 conch postfix/smtpd[27761]: connect from unknown[137.63.69.3]
Oct 22 06:04:50 conch postfix/smtpd[27761]: lost connection after CONNECT from unknown[137.63.69.3]
Oct 22 06:04:50 conch postfix/smtpd[27761]: disconnect from unknown[137.63.69.3]
Oct 22 06:05:06 conch postfix/smtpd[27759]: connect from shopdrop.xyz[198.7.63.189]
Oct 22 06:05:06 conch postfix/smtpd[27759]: NOQUEUE: reject: RCPT from shopdrop.xyz[198.7.63.189]: 554 5.7.1 Service unavailable; Client host [198.7.63.189] blocked using zen.spamhaus.org; http://www.spamhaus.org/sbl/query/SBLCSS; from=<marined3@shopdrop.xyz> to=<riley@seaglass.com> proto=SMTP helo=<mta2.shopdrop.xyz>
Oct 22 06:05:06 conch postfix/smtpd[27759]: disconnect from shopdrop.xyz[198.7.63.189]
Oct 22 06:06:18 conch postfix/smtpd[27761]: connect from unknown[137.63.69.3]
Oct 22 06:06:18 conch postfix/smtpd[27761]: lost connection after CONNECT from unknown[137.63.69.3]
Oct 22 06:06:18 conch postfix/smtpd[27761]: disconnect from unknown[137.63.69.3]
Oct 22 06:06:47 conch postfix/smtpd[27761]: connect from mx-indiegogo-b.sailthru.com[192.64.236.99]
Oct 22 06:06:48 conch postfix/smtpd[27761]: 0806524365: client=mx-indiegogo-b.sailthru.com[192.64.236.99]
Oct 22 06:06:48 conch postfix/cleanup[27765]: 0806524365: message-id=<20151022090646.5379696.609202@sailthru.com>
Oct 22 06:06:48 conch postfix/qmgr[25409]: 0806524365: from=<delivery@mx.sailthru.com>, size=76576, nrcpt=1 (queue active)
Oct 22 06:06:48 conch postfix/smtpd[27761]: disconnect from mx-indiegogo-b.sailthru.com[192.64.236.99]
Oct 22 06:06:56 conch postfix/smtp[27766]: 0806524365: to=<kdent@seaglass.com>, relay=mail.seaglass.com[74.220.219.61]:25, delay=8.2, delays=0.39/0.01/2.2/5.6, dsn=2.0.0, status=sent (250 OK id=1ZpFa3-0002k9-I8)
Oct 22 06:06:56 conch postfix/qmgr[25409]: 0806524365: removed
Oct 22 06:06:56 conch postfix/smtpd[27761]: connect from ezkahod.xyz[162.254.229.140]
Oct 22 06:06:56 conch postfix/smtpd[27761]: E3E5724365: client=ezkahod.xyz[162.254.229.140]
Oct 22 06:06:57 conch postfix/cleanup[27765]: E3E5724365: message-id=<96547.131.31567.38930@ezkahod.xyz> 
Oct 22 06:06:57 conch postfix/qmgr[25409]: E3E5724365: from=<anorexigenic@ezkahod.xyz>, size=11084, nrcpt=1 (queue active)
Oct 22 06:07:00 conch postfix/smtpd[27761]: disconnect from ezkahod.xyz[162.254.229.140]
Oct 22 06:07:05 conch postfix/smtp[27766]: E3E5724365: to=<jdent@seaglass.com>, relay=mail.seaglass.com[74.220.219.61]:25, delay=8.8, delays=1.2/0/2.2/5.4, dsn=2.0.0, status=sent (250 OK id=1ZpFaD-0002qc-3t)
Oct 22 06:07:05 conch postfix/qmgr[25409]: E3E5724365: removed
Oct 22 06:08:08 conch postfix/smtpd[27761]: warning: 104.223.4.164: address not listed for hostname 104.223.4.164.static.quadranet.com
Oct 22 06:08:08 conch postfix/smtpd[27761]: connect from unknown[104.223.4.164]
Oct 22 06:08:08 conch postfix/smtpd[27761]: NOQUEUE: reject: RCPT from unknown[104.223.4.164]: 554 5.7.1 <david@seaglass.com>: Recipient address rejected: Access denied; from=<hearinglossreversed@losshearx.org> to=<david@seaglass.com> proto=ESMTP helo=<trendiness.losshearx.org>
Oct 22 06:08:08 conch postfix/smtpd[27761]: disconnect from unknown[104.223.4.164]
Oct 22 06:10:02 conch postfix/smtpd[27782]: warning: 67.229.105.203: address not listed for hostname 67.229.105.203.static.krypt.com
Oct 22 06:10:02 conch postfix/smtpd[27782]: connect from unknown[67.229.105.203]
Oct 22 06:10:03 conch postfix/smtpd[27782]: NOQUEUE: reject: RCPT from unknown[67.229.105.203]: 450 4.7.1 <wtidde.us>: Helo command rejected: Host not found; from=<postmaster@wtidde.us> to=<kdent@seaglass.com> proto=ESMTP helo=<wtidde.us>
Oct 22 06:10:03 conch postfix/smtpd[27782]: disconnect from unknown[67.229.105.203]
Oct 22 06:10:08 conch postfix/smtpd[27782]: connect from unknown[198.52.150.56]
Oct 22 06:10:08 conch postfix/smtpd[27782]: C65AB24365: client=unknown[198.52.150.56]
Oct 22 06:10:08 conch postfix/cleanup[27785]: C65AB24365: message-id=<0.0.f8509babbeddea6fc34dc518b32b0476.9013411.10343349.0jdent@seaglass.com>
Oct 22 06:10:09 conch postfix/qmgr[25409]: C65AB24365: from=<Obama-Drug-Scandal@com-xsiff.gq>, size=4689, nrcpt=1 (queue active)
Oct 22 06:10:09 conch postfix/smtpd[27782]: disconnect from unknown[198.52.150.56]
Oct 22 06:10:16 conch postfix/smtp[27786]: C65AB24365: to=<jdent@seaglass.com>, relay=mail.seaglass.com[74.220.219.61]:25, delay=7.8, delays=0.2/0.01/2.3/5.3, dsn=2.0.0, status=sent (250 OK id=1ZpFdI-0005IS-De)
Oct 22 06:10:16 conch postfix/qmgr[25409]: C65AB24365: removed
Oct 22 06:10:28 conch postfix/smtpd[27782]: connect from unknown[198.52.150.56]
Oct 22 06:10:28 conch postfix/smtpd[27782]: 5027024365: client=unknown[198.52.150.56]
Oct 22 06:10:28 conch postfix/cleanup[27785]: 5027024365: message-id=<0.0.5dcfd80285d21a72abf3c46e396c0002.9037391.16923491.0kdent@seaglass.com>
Oct 22 06:10:28 conch postfix/qmgr[25409]: 5027024365: from=<Obama-Drug-Scandal@com-xsiff.gq>, size=4689, nrcpt=1 (queue active)
Oct 22 06:10:28 conch postfix/smtpd[27782]: disconnect from unknown[198.52.150.56]
Oct 22 06:10:35 conch postfix/smtp[27786]: 5027024365: to=<kdent@seaglass.com>, relay=mail.seaglass.com[74.220.219.61]:25, delay=7.6, delays=0.12/0/2.2/5.3, dsn=2.0.0, status=sent (250 OK id=1ZpFdb-0005TI-QL)
Oct 22 06:10:35 conch postfix/qmgr[25409]: 5027024365: removed
Oct 22 06:10:38 conch postfix/anvil[27702]: statistics: max connection rate 2/60s for (smtp:94.156.37.34) at Oct 22 06:03:11
Oct 22 06:10:38 conch postfix/anvil[27702]: statistics: max connection count 2 for (smtp:94.156.37.34) at Oct 22 06:03:11
Oct 22 06:10:38 conch postfix/anvil[27702]: statistics: max cache size 3 at Oct 22 06:01:57
Oct 22 06:11:11 conch postfix/smtpd[27782]: connect from host81-149-158-46.in-addr.btopenworld.com[81.149.158.46]
Oct 22 06:11:11 conch postfix/smtpd[27788]: connect from mail-bo1ind01hn0249.outbound.protection.outlook.com[104.47.101.249]
Oct 22 06:11:11 conch postfix/smtpd[27782]: NOQUEUE: reject: RCPT from host81-149-158-46.in-addr.btopenworld.com[81.149.158.46]: 554 5.7.1 <david@seaglass.com>: Recipient address rejected: Access denied; from=<puerility92@acm.org> to=<david@seaglass.com> proto=ESMTP helo=<host81-149-158-46.in-addr.btopenworld.com>
Oct 22 06:11:12 conch postfix/smtpd[27788]: NOQUEUE: reject: RCPT from mail-bo1ind01hn0249.outbound.protection.outlook.com[104.47.101.249]: 450 4.7.1 <IND01-BO1-obe.outbound.protection.outlook.com>: Helo command rejected: Host not found; from=<> to=<becky@seaglass.com> proto=ESMTP helo=<IND01-BO1-obe.outbound.protection.outlook.com>
Oct 22 06:11:12 conch postfix/smtpd[27782]: disconnect from host81-149-158-46.in-addr.btopenworld.com[81.149.158.46]
Oct 22 06:11:12 conch postfix/smtpd[27788]: disconnect from mail-bo1ind01hn0249.outbound.protection.outlook.com[104.47.101.249]
Oct 22 06:11:40 conch postfix/smtpd[27782]: connect from unknown[198.52.150.56]
Oct 22 06:11:41 conch postfix/smtpd[27782]: 0557824365: client=unknown[198.52.150.56]
Oct 22 06:11:41 conch postfix/cleanup[27785]: 0557824365: message-id=<0.0.3d7a0d781b11209669ef740f6068165e.22686168.15915986.0becky@seaglass.com>
Oct 22 06:11:41 conch postfix/qmgr[25409]: 0557824365: from=<Obama-Drug-Scandal@com-xsiff.gq>, size=4695, nrcpt=1 (queue active)
Oct 22 06:11:41 conch postfix/smtpd[27782]: disconnect from unknown[198.52.150.56]
Oct 22 06:11:48 conch postfix/smtp[27786]: 0557824365: to=<becky@seaglass.com>, relay=mail.seaglass.com[74.220.219.61]:25, delay=7.7, delays=0.14/0/2.2/5.3, dsn=2.0.0, status=sent (250 OK id=1ZpFem-00066s-H6)
Oct 22 06:11:48 conch postfix/qmgr[25409]: 0557824365: removed
Oct 22 06:12:33 conch postfix/smtpd[27788]: connect from unknown[137.63.69.4]
Oct 22 06:12:33 conch postfix/smtpd[27788]: lost connection after CONNECT from unknown[137.63.69.4]
Oct 22 06:12:33 conch postfix/smtpd[27788]: disconnect from unknown[137.63.69.4]
Oct 22 06:12:34 conch postfix/smtpd[27782]: connect from unknown[137.63.69.4]
Oct 22 06:12:34 conch postfix/smtpd[27782]: lost connection after CONNECT from unknown[137.63.69.4]
Oct 22 06:12:34 conch postfix/smtpd[27782]: disconnect from unknown[137.63.69.4]
Oct 22 06:12:55 conch postfix/smtpd[27788]: connect from unknown[94.156.36.5]
Oct 22 06:12:55 conch postfix/smtpd[27782]: connect from unknown[94.156.36.5]
Oct 22 06:12:56 conch postfix/smtpd[27788]: 4699524365: client=unknown[94.156.36.5]
Oct 22 06:12:56 conch postfix/smtpd[27782]: 69D6824369: client=unknown[94.156.36.5]
Oct 22 06:12:56 conch postfix/cleanup[27785]: 4699524365: message-id=<2061213723158530820612409394201728473@bdwfbqx.desevem.download>
Oct 22 06:12:56 conch postfix/cleanup[27793]: 69D6824369: message-id=<2061213713946910120612409394201828477@bdwfbqx.desevem.download>
Oct 22 06:12:57 conch postfix/qmgr[25409]: 4699524365: from=<HarpProgram@desevem.download>, size=22326, nrcpt=1 (queue active)
Oct 22 06:12:57 conch postfix/qmgr[25409]: 69D6824369: from=<HarpRefinance@desevem.download>, size=22316, nrcpt=1 (queue active)
Oct 22 06:12:57 conch postfix/smtpd[27788]: disconnect from unknown[94.156.36.5]
Oct 22 06:12:57 conch postfix/smtpd[27782]: disconnect from unknown[94.156.36.5]
Oct 22 06:12:59 conch postfix/smtp[27786]: 4699524365: to=<jdent@seaglass.com>, relay=mail.seaglass.com[74.220.219.61]:25, delay=3.7, delays=1.1/0/2.2/0.48, dsn=2.0.0, status=sent (250 OK id=1ZpFfv-0006jZ-CB)
Oct 22 06:12:59 conch postfix/qmgr[25409]: 4699524365: removed
Oct 22 06:12:59 conch postfix/smtp[27794]: 69D6824369: to=<kdent@seaglass.com>, relay=mail.seaglass.com[74.220.219.61]:25, delay=3.9, delays=1.2/0.01/2.2/0.49, dsn=2.0.0, status=sent (250 OK id=1ZpFfv-0006jc-HG)
Oct 22 06:12:59 conch postfix/qmgr[25409]: 69D6824369: removed
Oct 22 06:13:05 conch postfix/smtpd[27788]: connect from ezkahod.xyz[162.254.229.140]
Oct 22 06:13:06 conch postfix/smtpd[27788]: NOQUEUE: reject: RCPT from ezkahod.xyz[162.254.229.140]: 554 5.7.1 Service unavailable; Client host [162.254.229.140] blocked using zen.spamhaus.org; http://www.spamhaus.org/sbl/query/SBLCSS; from=<knox@ezkahod.xyz> to=<jdent@seaglass.com> proto=ESMTP helo=<ezkahod.xyz>
Oct 22 06:13:16 conch postfix/smtpd[27788]: lost connection after RCPT from ezkahod.xyz[162.254.229.140]
Oct 22 06:13:16 conch postfix/smtpd[27788]: disconnect from ezkahod.xyz[162.254.229.140]
Oct 22 06:14:39 conch postfix/smtpd[27788]: connect from unknown[198.52.150.57]
Oct 22 06:14:40 conch postfix/smtpd[27788]: 24FA724365: client=unknown[198.52.150.57]
Oct 22 06:14:40 conch postfix/cleanup[27799]: 24FA724365: message-id=<0.0.f8509babbeddea6fc34dc518b32b0476.4300770.15841004.0jdent@seaglass.com>
Oct 22 06:14:40 conch postfix/qmgr[25409]: 24FA724365: from=<CVS.50.Survey.Rewards@com-xsiff.ml>, size=5780, nrcpt=1 (queue active)
Oct 22 06:14:40 conch postfix/smtpd[27788]: disconnect from unknown[198.52.150.57]
Oct 22 06:14:42 conch postfix/smtp[27800]: 24FA724365: to=<jdent@seaglass.com>, relay=mail.seaglass.com[74.220.219.61]:25, delay=2.7, delays=0.22/0.01/2.2/0.3, dsn=2.0.0, status=sent (250 OK id=1ZpFha-0007g6-Kw)
Oct 22 06:14:42 conch postfix/qmgr[25409]: 24FA724365: removed
Oct 22 06:14:49 conch postfix/smtpd[27801]: connect from ezkahod.xyz[162.254.229.140]
Oct 22 06:14:50 conch postfix/smtpd[27801]: NOQUEUE: reject: RCPT from ezkahod.xyz[162.254.229.140]: 554 5.7.1 Service unavailable; Client host [162.254.229.140] blocked using zen.spamhaus.org; http://www.spamhaus.org/sbl/query/SBLCSS; from=<hols@ezkahod.xyz> to=<jdent@seaglass.com> proto=ESMTP helo=<ezkahod.xyz>
Oct 22 06:14:50 conch postfix/smtpd[27801]: lost connection after RCPT from ezkahod.xyz[162.254.229.140]
Oct 22 06:14:50 conch postfix/smtpd[27801]: disconnect from ezkahod.xyz[162.254.229.140]
Oct 22 06:15:01 conch postfix/smtpd[27788]: connect from unknown[137.63.69.4]
Oct 22 06:15:01 conch postfix/smtpd[27788]: lost connection after CONNECT from unknown[137.63.69.4]
Oct 22 06:15:01 conch postfix/smtpd[27788]: disconnect from unknown[137.63.69.4]
Oct 22 06:15:14 conch postfix/smtpd[27801]: connect from unknown[198.52.150.57]
Oct 22 06:15:14 conch postfix/smtpd[27801]: E32E024365: client=unknown[198.52.150.57]
Oct 22 06:15:15 conch postfix/cleanup[27799]: E32E024365: message-id=<0.0.5dcfd80285d21a72abf3c46e396c0002.19173205.9996693.0kdent@seaglass.com>
Oct 22 06:15:15 conch postfix/qmgr[25409]: E32E024365: from=<CVS.50.Survey.Rewards@com-xsiff.ml>, size=5769, nrcpt=1 (queue active)
Oct 22 06:15:15 conch postfix/smtpd[27801]: disconnect from unknown[198.52.150.57]
Oct 22 06:15:22 conch postfix/smtp[27800]: E32E024365: to=<kdent@seaglass.com>, relay=mail.seaglass.com[74.220.219.61]:25, delay=7.8, delays=0.27/0/2.2/5.3, dsn=2.0.0, status=sent (250 OK id=1ZpFiE-00086O-Cq)
Oct 22 06:15:22 conch postfix/qmgr[25409]: E32E024365: removed
Oct 22 06:15:25 conch postfix/smtpd[27788]: connect from unknown[198.52.150.57]
Oct 22 06:15:26 conch postfix/smtpd[27788]: 18F3A24365: client=unknown[198.52.150.57]
Oct 22 06:15:26 conch postfix/cleanup[27799]: 18F3A24365: message-id=<0.0.3d7a0d781b11209669ef740f6068165e.12488563.7869980.0becky@seaglass.com>
Oct 22 06:15:26 conch postfix/qmgr[25409]: 18F3A24365: from=<CVS.50.Survey.Rewards@com-xsiff.ml>, size=5769, nrcpt=1 (queue active)
Oct 22 06:15:26 conch postfix/smtpd[27788]: disconnect from unknown[198.52.150.57]
Oct 22 06:15:33 conch postfix/smtp[27800]: 18F3A24365: to=<becky@seaglass.com>, relay=mail.seaglass.com[74.220.219.61]:25, delay=7.6, delays=0.12/0/2.2/5.3, dsn=2.0.0, status=sent (250 OK id=1ZpFiP-0008Cu-Iu)
Oct 22 06:15:33 conch postfix/qmgr[25409]: 18F3A24365: removed
Oct 22 06:16:10 conch postfix/smtpd[27801]: warning: 136.243.244.206: address not listed for hostname efficia.info
Oct 22 06:16:10 conch postfix/smtpd[27801]: connect from unknown[136.243.244.206]
Oct 22 06:16:11 conch postfix/smtpd[27801]: NOQUEUE: reject: RCPT from unknown[136.243.244.206]: 554 5.7.1 Service unavailable; Client host [136.243.244.206] blocked using zen.spamhaus.org; http://www.spamhaus.org/sbl/query/SBLCSS; from=<zackaryg@horuco.info> to=<kdent@seaglass.com> proto=ESMTP helo=<horuco.info>
Oct 22 06:16:11 conch postfix/smtpd[27801]: disconnect from unknown[136.243.244.206]
Oct 22 06:18:57 conch postfix/smtpd[27806]: connect from unknown[137.63.69.5]
Oct 22 06:18:57 conch postfix/smtpd[27806]: lost connection after CONNECT from unknown[137.63.69.5]
Oct 22 06:18:57 conch postfix/smtpd[27806]: disconnect from unknown[137.63.69.5]
Oct 22 06:20:38 conch postfix/anvil[27702]: statistics: max connection rate 3/60s for (smtp:198.52.150.57) at Oct 22 06:15:25
Oct 22 06:20:38 conch postfix/anvil[27702]: statistics: max connection count 2 for (smtp:94.156.36.5) at Oct 22 06:12:55
Oct 22 06:20:38 conch postfix/anvil[27702]: statistics: max cache size 3 at Oct 22 06:11:11
Oct 22 06:20:42 conch postfix/smtpd[27824]: connect from unknown[198.52.150.58]
Oct 22 06:20:43 conch postfix/smtpd[27824]: 22A2624365: client=unknown[198.52.150.58]
Oct 22 06:20:43 conch postfix/cleanup[27827]: 22A2624365: message-id=<0.0.3d7a0d781b11209669ef740f6068165e.18403294.13982487.0becky@seaglass.com>
Oct 22 06:20:43 conch postfix/qmgr[25409]: 22A2624365: from=<Sears.Roofing.Season@com-xsiff.tk>, size=4810, nrcpt=1 (queue active)
Oct 22 06:20:43 conch postfix/smtpd[27824]: disconnect from unknown[198.52.150.58]
Oct 22 06:20:45 conch postfix/smtp[27828]: 22A2624365: to=<becky@seaglass.com>, relay=mail.seaglass.com[74.220.219.61]:25, delay=3, delays=0.48/0.01/2.2/0.3, dsn=2.0.0, status=sent (250 OK id=1ZpFnR-0002Nr-LO)
Oct 22 06:20:45 conch postfix/qmgr[25409]: 22A2624365: removed
Oct 22 06:20:48 conch postfix/smtpd[27824]: connect from unknown[198.52.150.58]
Oct 22 06:20:48 conch postfix/smtpd[27824]: 7622924365: client=unknown[198.52.150.58]
Oct 22 06:20:48 conch postfix/cleanup[27827]: 7622924365: message-id=<0.0.f8509babbeddea6fc34dc518b32b0476.12998343.4011885.0jdent@seaglass.com>
Oct 22 06:20:48 conch postfix/qmgr[25409]: 7622924365: from=<Sears.Roofing.Season@com-xsiff.tk>, size=4785, nrcpt=1 (queue active)
Oct 22 06:20:48 conch postfix/smtpd[27824]: disconnect from unknown[198.52.150.58]
Oct 22 06:20:51 conch postfix/smtp[27828]: 7622924365: to=<jdent@seaglass.com>, relay=mail.seaglass.com[74.220.219.61]:25, delay=2.6, delays=0.11/0/2.2/0.3, dsn=2.0.0, status=sent (250 OK id=1ZpFnW-0002RV-V5)
Oct 22 06:20:51 conch postfix/qmgr[25409]: 7622924365: removed
Oct 22 06:21:43 conch postfix/smtpd[27824]: connect from unknown[137.63.69.5]
Oct 22 06:21:43 conch postfix/smtpd[27824]: lost connection after CONNECT from unknown[137.63.69.5]
Oct 22 06:21:43 conch postfix/smtpd[27824]: disconnect from unknown[137.63.69.5]
Oct 22 06:21:51 conch postfix/smtpd[27829]: connect from unknown[137.63.69.5]
Oct 22 06:21:51 conch postfix/smtpd[27829]: lost connection after CONNECT from unknown[137.63.69.5]
Oct 22 06:21:51 conch postfix/smtpd[27829]: disconnect from unknown[137.63.69.5]
Oct 22 06:22:57 conch postfix/smtpd[27824]: connect from unknown[198.52.150.58]
Oct 22 06:22:57 conch postfix/smtpd[27824]: B581E24365: client=unknown[198.52.150.58]
Oct 22 06:22:57 conch postfix/cleanup[27832]: B581E24365: message-id=<0.0.5dcfd80285d21a72abf3c46e396c0002.7662449.19737195.0kdent@seaglass.com>
Oct 22 06:22:57 conch postfix/qmgr[25409]: B581E24365: from=<Sears.Roofing.Season@com-xsiff.tk>, size=4806, nrcpt=1 (queue active)
Oct 22 06:22:57 conch postfix/smtpd[27824]: disconnect from unknown[198.52.150.58]
Oct 22 06:23:05 conch postfix/smtp[27833]: B581E24365: to=<kdent@seaglass.com>, relay=mail.seaglass.com[74.220.219.61]:25, delay=7.7, delays=0.15/0.01/2.2/5.3, dsn=2.0.0, status=sent (250 OK id=1ZpFph-0003Z2-84)
Oct 22 06:23:05 conch postfix/qmgr[25409]: B581E24365: removed
Oct 22 06:24:49 conch postfix/smtpd[27834]: warning: 192.161.57.223: address not listed for hostname 192.161.57.223.static.quadranet.com
Oct 22 06:24:49 conch postfix/smtpd[27834]: connect from unknown[192.161.57.223]
Oct 22 06:24:49 conch postfix/smtpd[27834]: 6A51C24365: client=unknown[192.161.57.223]
Oct 22 06:24:49 conch postfix/cleanup[27837]: 6A51C24365: message-id=<E2riFuq6wsfDDPPfuK8CoEESeXSiEz3ie24uwRVVsRZfPRDfuZVwP@steenwol.eu>
Oct 22 06:24:49 conch postfix/qmgr[25409]: 6A51C24365: from=<sarcoenchondromas@steenwol.eu>, size=23073, nrcpt=1 (queue active)
Oct 22 06:24:50 conch postfix/smtpd[27834]: 1441624369: client=unknown[192.161.57.223]
Oct 22 06:24:50 conch postfix/cleanup[27837]: 1441624369: message-id=<E2riFu6wfsfDDPPfuK8CoEESeXSiEzdri1AuwRVVsRZfPRDfuZVwP@steenwol.eu>
Oct 22 06:24:50 conch postfix/qmgr[25409]: 1441624369: from=<unsummarisable@steenwol.eu>, size=23073, nrcpt=1 (queue active)
Oct 22 06:24:50 conch postfix/smtpd[27834]: 6147D24394: client=unknown[192.161.57.223]
Oct 22 06:24:50 conch postfix/cleanup[27837]: 6147D24394: message-id=<E2riFuDqs6fDDPPfuK8CoEESeXSiEz3ie24uwRVVsRZfPRDfuDVwP@steenwol.eu>
Oct 22 06:24:50 conch postfix/qmgr[25409]: 6147D24394: from=<electromechanical@steenwol.eu>, size=23102, nrcpt=1 (queue active)
Oct 22 06:24:52 conch postfix/smtpd[27834]: 0BB8A2439C: client=unknown[192.161.57.223]
Oct 22 06:24:52 conch postfix/cleanup[27837]: 0BB8A2439C: message-id=<E2riFuf6s6fDDPPfuK8CoEESeXSiEzdri1AuwRVVsRZfPRDfuDVwP@steenwol.eu>
Oct 22 06:24:52 conch postfix/qmgr[25409]: 0BB8A2439C: from=<electromechanical@steenwol.eu>, size=23095, nrcpt=1 (queue active)
Oct 22 06:24:52 conch postfix/smtp[27838]: 6A51C24365: to=<riley@seaglass.com>, relay=mail.seaglass.com[74.220.219.61]:25, delay=3.4, delays=0.67/0.01/2.2/0.47, dsn=2.0.0, status=sent (250 OK id=1ZpFrQ-0004ah-Bz)
Oct 22 06:24:52 conch postfix/qmgr[25409]: 6A51C24365: removed
Oct 22 06:24:52 conch postfix/smtp[27839]: 1441624369: to=<jdent@seaglass.com>, relay=mail.seaglass.com[74.220.219.61]:25, delay=2.9, delays=0.2/0.01/2.2/0.47, dsn=2.0.0, status=sent (250 OK id=1ZpFrQ-0004ak-Ko)
Oct 22 06:24:52 conch postfix/qmgr[25409]: 1441624369: removed
Oct 22 06:24:53 conch postfix/smtpd[27834]: disconnect from unknown[192.161.57.223]
Oct 22 06:24:53 conch postfix/smtp[27840]: 6147D24394: to=<riley@seaglass.com>, relay=mail.seaglass.com[74.220.219.61]:25, delay=2.9, delays=0.27/0.01/2.2/0.47, dsn=2.0.0, status=sent (250 OK id=1ZpFrR-0004as-0u)
Oct 22 06:24:53 conch postfix/qmgr[25409]: 6147D24394: removed
Oct 22 06:24:55 conch postfix/smtp[27841]: 0BB8A2439C: to=<jdent@seaglass.com>, relay=mail.seaglass.com[74.220.219.61]:25, delay=3.2, delays=0.54/0.01/2.2/0.48, dsn=2.0.0, status=sent (250 OK id=1ZpFrS-0004c8-Uy)
Oct 22 06:24:55 conch postfix/qmgr[25409]: 0BB8A2439C: removed
Oct 22 06:25:30 conch postfix/smtpd[27834]: connect from unknown[137.63.69.6]
Oct 22 06:25:30 conch postfix/smtpd[27834]: lost connection after CONNECT from unknown[137.63.69.6]
Oct 22 06:25:30 conch postfix/smtpd[27834]: disconnect from unknown[137.63.69.6]
Oct 22 06:25:45 conch postfix/qmgr[25409]: A63ED24324: from=<NewDentalTips@implanttips.seenewdentalimplantinfo.eu>, size=7559, nrcpt=1 (queue active)
Oct 22 06:25:45 conch postfix/qmgr[25409]: C151624336: from=<YourNewBonus@redeempoints.claimnewonlinebonus.eu>, size=1831, nrcpt=1 (queue active)
Oct 22 06:25:45 conch postfix/qmgr[25409]: DB6E324327: from=<NewDentalTips@implanttips.seenewdentalimplantinfo.eu>, size=7557, nrcpt=1 (queue active)
Oct 22 06:26:16 conch postfix/smtpd[27834]: connect from mail-bo1ind01hn0242.outbound.protection.outlook.com[104.47.101.242]
Oct 22 06:26:17 conch postfix/smtpd[27834]: NOQUEUE: reject: RCPT from mail-bo1ind01hn0242.outbound.protection.outlook.com[104.47.101.242]: 450 4.7.1 <IND01-BO1-obe.outbound.protection.outlook.com>: Helo command rejected: Host not found; from=<> to=<becky@seaglass.com> proto=ESMTP helo=<IND01-BO1-obe.outbound.protection.outlook.com>
Oct 22 06:26:17 conch postfix/smtpd[27834]: disconnect from mail-bo1ind01hn0242.outbound.protection.outlook.com[104.47.101.242]
Oct 22 06:26:30 conch postfix/smtp[27839]: C151624336: to=<jdent@seaglass.com>, relay=mail.seaglass.com[74.220.219.61]:25, delay=139647, delays=139602/0/2.2/43, dsn=4.0.0, status=deferred (host mail.seaglass.com[74.220.219.61] said: 451 Temporary local problem - please try later (in reply to RCPT TO command))
Oct 22 06:26:33 conch postfix/smtp[27838]: A63ED24324: to=<jdent@seaglass.com>, relay=mail.seaglass.com[74.220.219.61]:25, delay=142957, delays=142908/0/2.2/46, dsn=4.0.0, status=deferred (host mail.seaglass.com[74.220.219.61] said: 451 Temporary local problem - please try later (in reply to RCPT TO command))
Oct 22 06:26:39 conch postfix/smtp[27840]: DB6E324327: to=<kdent@seaglass.com>, relay=mail.seaglass.com[74.220.219.61]:25, delay=142958, delays=142903/0/2.2/52, dsn=4.0.0, status=deferred (host mail.seaglass.com[74.220.219.61] said: 451 Temporary local problem - please try later (in reply to RCPT TO command))
Oct 22 06:26:48 conch postfix/smtpd[27834]: connect from unknown[198.52.150.59]
Oct 22 06:26:48 conch postfix/smtpd[27834]: BD4FB24365: client=unknown[198.52.150.59]
Oct 22 06:26:48 conch postfix/cleanup[27847]: BD4FB24365: message-id=<f8509babbeddea6fc34dc518b32b0476.7883059.15221138jdent@seaglass.com>
Oct 22 06:26:48 conch postfix/qmgr[25409]: BD4FB24365: from=<GlowCandlesDeal@com-jbehq.win>, size=5118, nrcpt=1 (queue active)
Oct 22 06:26:49 conch postfix/smtpd[27834]: disconnect from unknown[198.52.150.59]
