Oct 22 05:02:17 conch postfix/smtpd[27517]: connect from unknown[117.213.230.155]
Oct 22 05:02:17 conch postfix/smtpd[27519]: connect from g8gvhpy.preferredaccountpreferred.party[185.121.164.65]
Oct 22 05:02:17 conch postfix/smtpd[27520]: connect from g8gvhpy.preferredaccountpreferred.party[185.121.164.65]
Oct 22 05:02:17 conch postfix/smtpd[27521]: connect from unknown[154.108.153.225]
Oct 22 05:02:17 conch postfix/smtpd[27522]: connect from unknown[103.48.25.26]
Oct 22 05:02:18 conch postfix/smtpd[27520]: 34E7F243CB: client=g8gvhpy.preferredaccountpreferred.party[185.121.164.65]
Oct 22 05:02:18 conch postfix/smtpd[27519]: 37FB1243CE: client=g8gvhpy.preferredaccountpreferred.party[185.121.164.65]
Oct 22 05:02:18 conch postfix/cleanup[27510]: 34E7F243CB: message-id=<f8509babbeddea6fc34dc518b32b0476-2892TIULKFSTRWT68959200-jdent=seaglass.com@g8gvhpy.preferredaccountpreferred.party>
Oct 22 05:02:18 conch postfix/cleanup[27523]: 37FB1243CE: message-id=<5ca7e5fc91cc3f8b68b3d27a5e15c361-2892QTOTLMOVPER69636157-riley=seaglass.com@g8gvhpy.preferredaccountpreferred.party>
Oct 22 05:02:18 conch postfix/qmgr[25409]: 34E7F243CB: from=<HOMEWARRANTYAPPROVAL@preferredaccountpreferred.party>, size=6860, nrcpt=1 (queue active)
Oct 22 05:02:18 conch postfix/smtpd[27524]: connect from static-186-28-244-168.static.etb.net.co[186.28.244.168]
Oct 22 05:02:18 conch postfix/qmgr[25409]: 37FB1243CE: from=<CHWHOMEWARRANTY@preferredaccountpreferred.party>, size=6870, nrcpt=1 (queue active)
Oct 22 05:02:18 conch postfix/smtpd[27520]: disconnect from g8gvhpy.preferredaccountpreferred.party[185.121.164.65]
Oct 22 05:02:19 conch postfix/smtpd[27519]: disconnect from g8gvhpy.preferredaccountpreferred.party[185.121.164.65]
Oct 22 05:02:19 conch postfix/smtp[27504]: 85E0E24340: to=<becky@seaglass.com>, relay=mail.seaglass.com[74.220.219.61]:25, delay=3.2, delays=0.4/0/2.2/0.54, dsn=2.0.0, status=sent (250 OK id=1ZpEZX-0002ti-1w)
Oct 22 05:02:19 conch postfix/qmgr[25409]: 85E0E24340: removed
Oct 22 05:02:21 conch postfix/smtpd[27514]: NOQUEUE: reject: RCPT from unknown[116.202.34.171]: 554 5.7.1 Service unavailable; Client host [116.202.34.171] blocked using zen.spamhaus.org; http://www.spamhaus.org/sbl/query/SBLCSS / http://www.spamhaus.org/query/bl?ip=116.202.34.171; from=<extraocularu@womanposte.novadag.biz> to=<jdent@seaglass.com> proto=SMTP helo=<womanposte.novadag.biz>
Oct 22 05:02:21 conch postfix/smtp[27475]: 34E7F243CB: to=<jdent@seaglass.com>, relay=mail.seaglass.com[74.220.219.61]:25, delay=3.2, delays=0.68/0.03/2.2/0.3, dsn=2.0.0, status=sent (250 OK id=1ZpEZZ-0002ui-2T)
Oct 22 05:02:21 conch postfix/qmgr[25409]: 34E7F243CB: removed
Oct 22 05:02:21 conch postfix/smtp[27525]: 37FB1243CE: to=<riley@seaglass.com>, relay=mail.seaglass.com[74.220.219.61]:25, delay=3.3, delays=0.68/0.04/2.3/0.3, dsn=2.0.0, status=sent (250 OK id=1ZpEZZ-0002uj-41)
Oct 22 05:02:21 conch postfix/qmgr[25409]: 37FB1243CE: removed
Oct 22 05:02:21 conch postfix/smtpd[27516]: NOQUEUE: reject: RCPT from unknown[77.222.16.7]: 554 5.7.1 Service unavailable; Client host [77.222.16.7] blocked using zen.spamhaus.org; http://www.spamhaus.org/sbl/query/SBLCSS / http://www.spamhaus.org/query/bl?ip=77.222.16.7; from=<wagonmakerh@steelero.berglaim.biz> to=<jdent@seaglass.com> proto=SMTP helo=<steelero.berglaim.biz>
Oct 22 05:02:21 conch postfix/smtpd[27511]: lost connection after RCPT from unknown[91.238.76.83]
Oct 22 05:02:21 conch postfix/smtpd[27511]: disconnect from unknown[91.238.76.83]
Oct 22 05:02:21 conch postfix/smtpd[27512]: lost connection after RCPT from unknown[197.0.138.74]
Oct 22 05:02:21 conch postfix/smtpd[27512]: disconnect from unknown[197.0.138.74]
Oct 22 05:02:21 conch postfix/smtpd[27507]: lost connection after RCPT from unknown[114.143.29.127]
Oct 22 05:02:21 conch postfix/smtpd[27507]: disconnect from unknown[114.143.29.127]
Oct 22 05:02:21 conch postfix/smtpd[27514]: lost connection after RCPT from unknown[116.202.34.171]
Oct 22 05:02:21 conch postfix/smtpd[27514]: disconnect from unknown[116.202.34.171]
Oct 22 05:02:22 conch postfix/smtpd[27520]: warning: 78.188.98.86: address not listed for hostname 78.188.98.86.static.ttnet.com.tr
Oct 22 05:02:22 conch postfix/smtpd[27520]: connect from unknown[78.188.98.86]
Oct 22 05:02:22 conch postfix/smtpd[27519]: warning: 201.141.229.111: address not listed for hostname customer-201-141-229-111.cablevision.net.mx
Oct 22 05:02:22 conch postfix/smtpd[27519]: connect from unknown[201.141.229.111]
Oct 22 05:02:23 conch postfix/smtpd[27521]: NOQUEUE: reject: RCPT from unknown[154.108.153.225]: 554 5.7.1 Service unavailable; Client host [154.108.153.225] blocked using zen.spamhaus.org; http://www.spamhaus.org/sbl/query/SBLCSS / http://www.spamhaus.org/query/bl?ip=154.108.153.225; from=<torosaurusr@caramelizeo.berglaim.biz> to=<jdent@seaglass.com> proto=SMTP helo=<caramelizeo.berglaim.biz>
Oct 22 05:02:24 conch postfix/smtpd[27512]: warning: 176.67.126.162: address not listed for hostname ADSL-176.67.126.162.mada.ps
Oct 22 05:02:24 conch postfix/smtpd[27512]: connect from unknown[176.67.126.162]
Oct 22 05:02:29 conch postfix/smtpd[27507]: connect from unknown[188.245.49.148]
Oct 22 05:02:29 conch postfix/smtpd[27514]: connect from unknown[117.216.54.60]
Oct 22 05:02:33 conch postfix/smtpd[27526]: connect from unknown[89.185.216.159]
Oct 22 05:02:33 conch postfix/smtpd[27527]: warning: 212.156.143.194: address not listed for hostname 212.156.143.194.static.turktelekom.com.tr
Oct 22 05:02:33 conch postfix/smtpd[27527]: connect from unknown[212.156.143.194]
Oct 22 05:02:33 conch postfix/smtpd[27511]: connect from unknown[36.72.242.139]
Oct 22 05:02:36 conch postfix/smtpd[27528]: connect from unknown[58.186.150.121]
Oct 22 05:02:38 conch postfix/smtpd[27528]: NOQUEUE: reject: RCPT from unknown[58.186.150.121]: 504 5.5.2 <metropolitem>: Helo command rejected: need fully-qualified hostname; from=<unwadingt@metropolitem.berglaim.biz> to=<jdent@seaglass.com> proto=SMTP helo=<metropolitem>
Oct 22 05:02:38 conch postfix/smtpd[27518]: lost connection after RCPT from 89-77-39-64.dynamic.chello.pl[89.77.39.64]
Oct 22 05:02:38 conch postfix/smtpd[27518]: disconnect from 89-77-39-64.dynamic.chello.pl[89.77.39.64]
Oct 22 05:02:38 conch postfix/smtpd[27521]: lost connection after RCPT from unknown[154.108.153.225]
Oct 22 05:02:38 conch postfix/smtpd[27521]: disconnect from unknown[154.108.153.225]
Oct 22 05:02:38 conch postfix/smtpd[27528]: lost connection after RCPT from unknown[58.186.150.121]
Oct 22 05:02:38 conch postfix/smtpd[27528]: disconnect from unknown[58.186.150.121]
Oct 22 05:02:39 conch postfix/smtpd[27522]: NOQUEUE: reject: RCPT from unknown[103.48.25.26]: 554 5.7.1 Service unavailable; Client host [103.48.25.26] blocked using zen.spamhaus.org; from=<diamantiferousg@bulletyk.novadag.biz> to=<jdent@seaglass.com> proto=SMTP helo=<bulletyk.novadag.biz>
Oct 22 05:02:39 conch postfix/smtpd[27517]: NOQUEUE: reject: RCPT from unknown[117.213.230.155]: 554 5.7.1 Service unavailable; Client host [117.213.230.155] blocked using zen.spamhaus.org; from=<misopolemicalh@politicx.novadag.biz> to=<jdent@seaglass.com> proto=SMTP helo=<politicx.novadag.biz>
Oct 22 05:02:40 conch postfix/smtpd[27524]: NOQUEUE: reject: RCPT from static-186-28-244-168.static.etb.net.co[186.28.244.168]: 554 5.7.1 Service unavailable; Client host [186.28.244.168] blocked using zen.spamhaus.org; from=<turbethss@tellurethylx.berglaim.biz> to=<jdent@seaglass.com> proto=SMTP helo=<tellurethylx.berglaim.biz>
Oct 22 05:02:40 conch postfix/smtpd[27518]: warning: 46.40.17.119: address not listed for hostname 119-17-40-46.dynamic.stcable.net
Oct 22 05:02:40 conch postfix/smtpd[27518]: connect from unknown[46.40.17.119]
Oct 22 05:02:41 conch postfix/smtpd[27521]: connect from unknown[193.95.53.58]
Oct 22 05:02:43 conch postfix/smtpd[27520]: NOQUEUE: reject: RCPT from unknown[78.188.98.86]: 554 5.7.1 Service unavailable; Client host [78.188.98.86] blocked using zen.spamhaus.org; from=<withholdss@brachycephalizei.berglaim.biz> to=<jdent@seaglass.com> proto=SMTP helo=<brachycephalizei.berglaim.biz>
Oct 22 05:02:43 conch postfix/smtpd[27519]: NOQUEUE: reject: RCPT from unknown[201.141.229.111]: 554 5.7.1 Service unavailable; Client host [201.141.229.111] blocked using zen.spamhaus.org; from=<isotonesu@prepollentg.berglaim.biz> to=<jdent@seaglass.com> proto=SMTP helo=<prepollentg.berglaim.biz>
Oct 22 05:02:45 conch postfix/smtpd[27528]: connect from unknown[202.29.33.5]
Oct 22 05:02:45 conch postfix/smtpd[27529]: connect from unknown[188.3.181.157]
Oct 22 05:02:46 conch postfix/smtpd[27512]: NOQUEUE: reject: RCPT from unknown[176.67.126.162]: 554 5.7.1 Service unavailable; Client host [176.67.126.162] blocked using zen.spamhaus.org; from=<unforagedl@foveolas.berglaim.biz> to=<jdent@seaglass.com> proto=SMTP helo=<foveolas.berglaim.biz>
Oct 22 05:02:46 conch postfix/smtpd[27512]: lost connection after RCPT from unknown[176.67.126.162]
Oct 22 05:02:46 conch postfix/smtpd[27512]: disconnect from unknown[176.67.126.162]
Oct 22 05:02:47 conch postfix/smtpd[27512]: connect from unknown[182.178.142.134]
Oct 22 05:02:48 conch postfix/smtpd[27528]: NOQUEUE: reject: RCPT from unknown[202.29.33.5]: 504 5.5.2 <punlessp>: Helo command rejected: need fully-qualified hostname; from=<vepsishz@punlessp.berglaim.biz> to=<jdent@seaglass.com> proto=SMTP helo=<punlessp>
Oct 22 05:02:48 conch postfix/smtpd[27512]: NOQUEUE: reject: RCPT from unknown[182.178.142.134]: 504 5.5.2 <unalteredm>: Helo command rejected: need fully-qualified hostname; from=<inspissationu@unalteredm.berglaim.biz> to=<jdent@seaglass.com> proto=SMTP helo=<unalteredm>
Oct 22 05:02:48 conch postfix/smtpd[27516]: lost connection after RCPT from unknown[77.222.16.7]
Oct 22 05:02:48 conch postfix/smtpd[27516]: disconnect from unknown[77.222.16.7]
Oct 22 05:02:48 conch postfix/smtpd[27520]: lost connection after RCPT from unknown[78.188.98.86]
Oct 22 05:02:48 conch postfix/smtpd[27520]: disconnect from unknown[78.188.98.86]
Oct 22 05:02:49 conch postfix/smtpd[27528]: lost connection after RCPT from unknown[202.29.33.5]
Oct 22 05:02:49 conch postfix/smtpd[27528]: disconnect from unknown[202.29.33.5]
Oct 22 05:02:49 conch postfix/smtpd[27516]: connect from unknown[2.179.232.122]
Oct 22 05:02:50 conch postfix/smtpd[27507]: NOQUEUE: reject: RCPT from unknown[188.245.49.148]: 554 5.7.1 Service unavailable; Client host [188.245.49.148] blocked using zen.spamhaus.org; from=<embargoingg@trenchersp.novadag.biz> to=<jdent@seaglass.com> proto=SMTP helo=<trenchersp.novadag.biz>
Oct 22 05:02:51 conch postfix/smtpd[27514]: NOQUEUE: reject: RCPT from unknown[117.216.54.60]: 554 5.7.1 Service unavailable; Client host [117.216.54.60] blocked using zen.spamhaus.org; from=<smallmouthe@survivalsx.novadag.biz> to=<jdent@seaglass.com> proto=SMTP helo=<survivalsx.novadag.biz>
Oct 22 05:02:51 conch postfix/smtpd[27507]: lost connection after RCPT from unknown[188.245.49.148]
Oct 22 05:02:51 conch postfix/smtpd[27507]: disconnect from unknown[188.245.49.148]
Oct 22 05:02:51 conch postfix/smtpd[27522]: lost connection after RCPT from unknown[103.48.25.26]
Oct 22 05:02:51 conch postfix/smtpd[27522]: disconnect from unknown[103.48.25.26]
Oct 22 05:02:51 conch postfix/smtpd[27513]: lost connection after RCPT from unknown[122.164.199.0]
Oct 22 05:02:51 conch postfix/smtpd[27513]: disconnect from unknown[122.164.199.0]
Oct 22 05:02:51 conch postfix/smtpd[27517]: lost connection after RCPT from unknown[117.213.230.155]
Oct 22 05:02:51 conch postfix/smtpd[27517]: disconnect from unknown[117.213.230.155]
Oct 22 05:02:51 conch postfix/smtpd[27514]: lost connection after RCPT from unknown[117.216.54.60]
Oct 22 05:02:51 conch postfix/smtpd[27514]: disconnect from unknown[117.216.54.60]
Oct 22 05:02:52 conch postfix/smtpd[27520]: warning: 95.13.201.212: address not listed for hostname 95.13.201.212.dynamic.ttnet.com.tr
Oct 22 05:02:52 conch postfix/smtpd[27520]: connect from unknown[95.13.201.212]
Oct 22 05:02:53 conch postfix/smtpd[27526]: NOQUEUE: reject: RCPT from unknown[89.185.216.159]: 554 5.7.1 Service unavailable; Client host [89.185.216.159] blocked using zen.spamhaus.org; from=<backhatchg@ibidiumm.berglaim.biz> to=<jdent@seaglass.com> proto=SMTP helo=<ibidiumm.berglaim.biz>
Oct 22 05:02:53 conch postfix/smtpd[27526]: lost connection after RCPT from unknown[89.185.216.159]
Oct 22 05:02:53 conch postfix/smtpd[27526]: disconnect from unknown[89.185.216.159]
Oct 22 05:02:54 conch postfix/smtpd[27527]: NOQUEUE: reject: RCPT from unknown[212.156.143.194]: 554 5.7.1 Service unavailable; Client host [212.156.143.194] blocked using zen.spamhaus.org; from=<postaxillarya@draymena.berglaim.biz> to=<jdent@seaglass.com> proto=SMTP helo=<draymena.berglaim.biz>
Oct 22 05:02:55 conch postfix/smtpd[27520]: NOQUEUE: reject: RCPT from unknown[95.13.201.212]: 504 5.5.2 <monophthongizex>: Helo command rejected: need fully-qualified hostname; from=<eschatocolz@monophthongizex.loookingup.biz> to=<jdent@seaglass.com> proto=SMTP helo=<monophthongizex>
Oct 22 05:02:56 conch postfix/smtpd[27528]: connect from unknown[5.238.185.109]
Oct 22 05:02:57 conch postfix/smtpd[27526]: warning: 177.229.9.150: address not listed for hostname customer-GDL-9-150.megared.net.mx
Oct 22 05:02:57 conch postfix/smtpd[27526]: connect from unknown[177.229.9.150]
Oct 22 05:02:57 conch postfix/smtpd[27528]: NOQUEUE: reject: RCPT from unknown[5.238.185.109]: 504 5.5.2 <pictoricallyf>: Helo command rejected: need fully-qualified hostname; from=<hydrophilyi@pictoricallyf.loookingup.biz> to=<jdent@seaglass.com> proto=SMTP helo=<pictoricallyf>
Oct 22 05:02:57 conch postfix/smtpd[27511]: NOQUEUE: reject: RCPT from unknown[36.72.242.139]: 554 5.7.1 Service unavailable; Client host [36.72.242.139] blocked using zen.spamhaus.org; from=<modelleri@garettab.berglaim.biz> to=<jdent@seaglass.com> proto=SMTP helo=<garettab.berglaim.biz>
Oct 22 05:02:57 conch postfix/smtpd[27526]: NOQUEUE: reject: RCPT from unknown[177.229.9.150]: 504 5.5.2 <neighborshipo>: Helo command rejected: need fully-qualified hostname; from=<covetouslyt@neighborshipo.berglaim.biz> to=<jdent@seaglass.com> proto=SMTP helo=<neighborshipo>
Oct 22 05:02:58 conch postfix/smtpd[27522]: connect from unknown[190.106.207.149]
Oct 22 05:02:58 conch postfix/smtpd[27519]: lost connection after RCPT from unknown[201.141.229.111]
Oct 22 05:02:58 conch postfix/smtpd[27519]: disconnect from unknown[201.141.229.111]
Oct 22 05:02:58 conch postfix/smtpd[27526]: lost connection after RCPT from unknown[177.229.9.150]
Oct 22 05:02:58 conch postfix/smtpd[27526]: disconnect from unknown[177.229.9.150]
Oct 22 05:02:58 conch postfix/smtpd[27527]: lost connection after RCPT from unknown[212.156.143.194]
Oct 22 05:02:58 conch postfix/smtpd[27527]: disconnect from unknown[212.156.143.194]
Oct 22 05:03:00 conch postfix/smtpd[27524]: lost connection after RCPT from static-186-28-244-168.static.etb.net.co[186.28.244.168]
Oct 22 05:03:00 conch postfix/smtpd[27524]: disconnect from static-186-28-244-168.static.etb.net.co[186.28.244.168]
Oct 22 05:03:00 conch postfix/smtpd[27512]: lost connection after RCPT from unknown[182.178.142.134]
Oct 22 05:03:00 conch postfix/smtpd[27512]: disconnect from unknown[182.178.142.134]
Oct 22 05:03:00 conch postfix/smtpd[27511]: lost connection after RCPT from unknown[36.72.242.139]
Oct 22 05:03:00 conch postfix/smtpd[27511]: disconnect from unknown[36.72.242.139]
Oct 22 05:03:01 conch postfix/smtpd[27518]: NOQUEUE: reject: RCPT from unknown[46.40.17.119]: 554 5.7.1 Service unavailable; Client host [46.40.17.119] blocked using zen.spamhaus.org; from=<platyceriumy@alarminglyi.novadag.biz> to=<jdent@seaglass.com> proto=SMTP helo=<alarminglyi.novadag.biz>
Oct 22 05:03:01 conch postfix/smtpd[27518]: lost connection after RCPT from unknown[46.40.17.119]
Oct 22 05:03:01 conch postfix/smtpd[27518]: disconnect from unknown[46.40.17.119]
Oct 22 05:03:02 conch postfix/smtpd[27521]: NOQUEUE: reject: RCPT from unknown[193.95.53.58]: 554 5.7.1 Service unavailable; Client host [193.95.53.58] blocked using zen.spamhaus.org; from=<archaecraniatep@indiscernibilityy.novadag.biz> to=<jdent@seaglass.com> proto=SMTP helo=<indiscernibilityy.novadag.biz>
Oct 22 05:03:02 conch postfix/smtpd[27521]: lost connection after RCPT from unknown[193.95.53.58]
Oct 22 05:03:02 conch postfix/smtpd[27521]: disconnect from unknown[193.95.53.58]
Oct 22 05:03:02 conch postfix/smtpd[27507]: connect from unknown[198.52.150.45]
Oct 22 05:03:02 conch postfix/smtpd[27507]: E8F8124340: client=unknown[198.52.150.45]
Oct 22 05:03:03 conch postfix/cleanup[27510]: E8F8124340: message-id=<0.0.3d7a0d781b11209669ef740f6068165e.16800224.4000913.0becky@seaglass.com>
Oct 22 05:03:03 conch postfix/qmgr[25409]: E8F8124340: from=<Natural.Hair.Restoration@com-xoffn.ga>, size=4764, nrcpt=1 (queue active)
Oct 22 05:03:03 conch postfix/smtpd[27507]: disconnect from unknown[198.52.150.45]
Oct 22 05:03:06 conch postfix/smtpd[27529]: NOQUEUE: reject: RCPT from unknown[188.3.181.157]: 554 5.7.1 Service unavailable; Client host [188.3.181.157] blocked using zen.spamhaus.org; from=<undeniablenessw@unformattedi.berglaim.biz> to=<jdent@seaglass.com> proto=SMTP helo=<unformattedi.berglaim.biz>
Oct 22 05:03:06 conch postfix/smtpd[27529]: lost connection after RCPT from unknown[188.3.181.157]
Oct 22 05:03:06 conch postfix/smtpd[27529]: disconnect from unknown[188.3.181.157]
Oct 22 05:03:10 conch postfix/smtp[27504]: E8F8124340: to=<becky@seaglass.com>, relay=mail.seaglass.com[74.220.219.61]:25, delay=7.6, delays=0.11/0/2.2/5.3, dsn=2.0.0, status=sent (250 OK id=1ZpEaM-0003KU-EU)
Oct 22 05:03:10 conch postfix/qmgr[25409]: E8F8124340: removed
Oct 22 05:03:11 conch postfix/smtpd[27516]: NOQUEUE: reject: RCPT from unknown[2.179.232.122]: 554 5.7.1 Service unavailable; Client host [2.179.232.122] blocked using zen.spamhaus.org; from=<misbrandingf@maxilliformf.berglaim.biz> to=<jdent@seaglass.com> proto=SMTP helo=<maxilliformf.berglaim.biz>
Oct 22 05:03:11 conch postfix/smtpd[27516]: lost connection after RCPT from unknown[2.179.232.122]
Oct 22 05:03:11 conch postfix/smtpd[27516]: disconnect from unknown[2.179.232.122]
Oct 22 05:03:11 conch postfix/smtpd[27513]: warning: 122.164.115.182: address not listed for hostname abts-tn-dynamic-182.115.164.122.airtelbroadband.in
Oct 22 05:03:11 conch postfix/smtpd[27513]: connect from unknown[122.164.115.182]
Oct 22 05:03:13 conch postfix/smtpd[27513]: NOQUEUE: reject: RCPT from unknown[122.164.115.182]: 504 5.5.2 <opprobryi>: Helo command rejected: need fully-qualified hostname; from=<woodloreg@opprobryi.loookingup.biz> to=<jdent@seaglass.com> proto=SMTP helo=<opprobryi>
Oct 22 05:03:13 conch postfix/smtpd[27520]: lost connection after RCPT from unknown[95.13.201.212]
Oct 22 05:03:13 conch postfix/smtpd[27520]: disconnect from unknown[95.13.201.212]
Oct 22 05:03:13 conch postfix/smtpd[27528]: lost connection after RCPT from unknown[5.238.185.109]
Oct 22 05:03:13 conch postfix/smtpd[27528]: disconnect from unknown[5.238.185.109]
Oct 22 05:03:13 conch postfix/smtpd[27513]: lost connection after RCPT from unknown[122.164.115.182]
Oct 22 05:03:13 conch postfix/smtpd[27513]: disconnect from unknown[122.164.115.182]
Oct 22 05:03:19 conch postfix/smtpd[27522]: NOQUEUE: reject: RCPT from unknown[190.106.207.149]: 554 5.7.1 Service unavailable; Client host [190.106.207.149] blocked using zen.spamhaus.org; from=<prospectorsb@heptacapsulare.loookingup.biz> to=<jdent@seaglass.com> proto=SMTP helo=<heptacapsulare.loookingup.biz>
Oct 22 05:03:19 conch postfix/smtpd[27522]: lost connection after RCPT from unknown[190.106.207.149]
Oct 22 05:03:19 conch postfix/smtpd[27522]: disconnect from unknown[190.106.207.149]
Oct 22 05:03:29 conch postfix/smtpd[27517]: connect from rwi0s.frthe.download[94.156.37.33]
Oct 22 05:03:29 conch postfix/smtpd[27516]: connect from rwi0s.frthe.download[94.156.37.33]
Oct 22 05:03:30 conch postfix/smtpd[27517]: 4FBD724340: client=rwi0s.frthe.download[94.156.37.33]
Oct 22 05:03:30 conch postfix/smtpd[27516]: 4FE92243CB: client=rwi0s.frthe.download[94.156.37.33]
Oct 22 05:03:30 conch postfix/cleanup[27523]: 4FBD724340: message-id=<18768138110432532187689591010704060719@rwi0s.frthe.download>
Oct 22 05:03:30 conch postfix/cleanup[27510]: 4FE92243CB: message-id=<1876813848418527187689591010704160714@rwi0s.frthe.download>
Oct 22 05:03:31 conch postfix/qmgr[25409]: 4FE92243CB: from=<LungCancerResources@frthe.download>, size=22451, nrcpt=1 (queue active)
Oct 22 05:03:31 conch postfix/qmgr[25409]: 4FBD724340: from=<SignsofLungCancer@frthe.download>, size=22443, nrcpt=1 (queue active)
Oct 22 05:03:31 conch postfix/smtpd[27517]: disconnect from rwi0s.frthe.download[94.156.37.33]
Oct 22 05:03:31 conch postfix/smtpd[27516]: disconnect from rwi0s.frthe.download[94.156.37.33]
Oct 22 05:03:38 conch postfix/smtpd[27522]: connect from unknown[38.84.134.199]
Oct 22 05:03:38 conch postfix/smtp[27525]: 4FBD724340: to=<jdent@seaglass.com>, relay=mail.seaglass.com[74.220.219.61]:25, delay=8.7, delays=1/0/2.2/5.5, dsn=2.0.0, status=sent (250 OK id=1ZpEao-0003Us-Fb)
Oct 22 05:03:38 conch postfix/qmgr[25409]: 4FBD724340: removed
Oct 22 05:03:38 conch postfix/smtp[27475]: 4FE92243CB: to=<kdent@seaglass.com>, relay=mail.seaglass.com[74.220.219.61]:25, delay=8.7, delays=1/0.01/2.2/5.5, dsn=2.0.0, status=sent (250 OK id=1ZpEao-0003Ut-FZ)
Oct 22 05:03:38 conch postfix/qmgr[25409]: 4FE92243CB: removed
Oct 22 05:03:39 conch postfix/smtpd[27522]: 2A04524340: client=unknown[38.84.134.199]
Oct 22 05:03:39 conch postfix/cleanup[27523]: 2A04524340: message-id=<81828358634648183624911131732@kzvwt1.subscribe.org.in>
Oct 22 05:03:39 conch postfix/qmgr[25409]: 2A04524340: from=<BloombergBusinessweek@subscribe.org.in>, size=16848, nrcpt=1 (queue active)
Oct 22 05:03:40 conch postfix/smtpd[27522]: disconnect from unknown[38.84.134.199]
Oct 22 05:03:47 conch postfix/smtp[27504]: 2A04524340: to=<jdent@seaglass.com>, relay=mail.seaglass.com[74.220.219.61]:25, delay=8.5, delays=0.84/0/2.2/5.5, dsn=2.0.0, status=sent (250 OK id=1ZpEas-0003Yb-15)
Oct 22 05:03:47 conch postfix/qmgr[25409]: 2A04524340: removed
Oct 22 05:03:49 conch postfix/smtpd[27517]: connect from mta3.exct.stansberryresearch.com[136.147.178.120]
Oct 22 05:03:49 conch postfix/smtpd[27517]: DEEF024340: client=mta3.exct.stansberryresearch.com[136.147.178.120]
Oct 22 05:03:49 conch postfix/cleanup[27510]: DEEF024340: message-id=<bbd76ca5-659b-40a6-bad8-62f211f8a111@xtgap4s7mta1305.xt.local>
Oct 22 05:03:50 conch postfix/qmgr[25409]: DEEF024340: from=<bounce-755_HTML-59957525-842646-7207077-326@bounce.exct.stansberryresearch.com>, size=82353, nrcpt=1 (queue active)
Oct 22 05:03:50 conch postfix/smtpd[27517]: disconnect from mta3.exct.stansberryresearch.com[136.147.178.120]
Oct 22 05:03:58 conch postfix/smtp[27525]: DEEF024340: to=<becky@seaglass.com>, relay=mail.seaglass.com[74.220.219.61]:25, delay=8.3, delays=0.3/0/2.2/5.8, dsn=2.0.0, status=sent (250 OK id=1ZpEb7-0003dQ-FX)
Oct 22 05:03:58 conch postfix/qmgr[25409]: DEEF024340: removed
Oct 22 05:04:40 conch postfix/smtpd[27516]: connect from unknown[198.52.150.45]
Oct 22 05:04:40 conch postfix/smtpd[27516]: 95BC724340: client=unknown[198.52.150.45]
Oct 22 05:04:40 conch postfix/cleanup[27523]: 95BC724340: message-id=<0.0.f8509babbeddea6fc34dc518b32b0476.4864377.4198820.0jdent@seaglass.com>
Oct 22 05:04:40 conch postfix/qmgr[25409]: 95BC724340: from=<Natural.Hair.Restoration@com-xoffn.ga>, size=4760, nrcpt=1 (queue active)
Oct 22 05:04:40 conch postfix/smtpd[27516]: disconnect from unknown[198.52.150.45]
Oct 22 05:04:48 conch postfix/smtp[27475]: 95BC724340: to=<jdent@seaglass.com>, relay=mail.seaglass.com[74.220.219.61]:25, delay=7.7, delays=0.2/0/2.2/5.3, dsn=2.0.0, status=sent (250 OK id=1ZpEbw-00041x-3E)
Oct 22 05:04:48 conch postfix/qmgr[25409]: 95BC724340: removed
Oct 22 05:05:00 conch postfix/smtpd[27517]: connect from shopdrop.xyz[198.7.63.189]
Oct 22 05:05:00 conch postfix/smtpd[27517]: NOQUEUE: reject: RCPT from shopdrop.xyz[198.7.63.189]: 554 5.7.1 Service unavailable; Client host [198.7.63.189] blocked using zen.spamhaus.org; http://www.spamhaus.org/sbl/query/SBLCSS; from=<marined3@shopdrop.xyz> to=<riley@seaglass.com> proto=SMTP helo=<mta3.shopdrop.xyz>
Oct 22 05:05:00 conch postfix/smtpd[27517]: disconnect from shopdrop.xyz[198.7.63.189]
Oct 22 05:06:02 conch postfix/smtpd[27516]: connect from cvs.outbound.ed10.com[208.94.22.146]
Oct 22 05:06:03 conch postfix/smtpd[27516]: 3577D24340: client=cvs.outbound.ed10.com[208.94.22.146]
Oct 22 05:06:03 conch postfix/cleanup[27523]: 3577D24340: message-id=<6524-531-S32NABS-M9ICSU-V1LQ2Y-ZB0GHY-3OH1GCI-H-M2-20151022-3df64053362e8@e-dialog.com>
Oct 22 05:06:03 conch postfix/qmgr[25409]: 3577D24340: from=<S32NABS-M9ICSU-V1LQ2Y-ZB0GHY-3OH1GCI-H-M2-20151022-3df64053362e8@cvs.bounce.ed10.net>, size=34461, nrcpt=1 (queue active)
Oct 22 05:06:08 conch postfix/smtpd[27516]: disconnect from cvs.outbound.ed10.com[208.94.22.146]
Oct 22 05:06:11 conch postfix/smtp[27475]: 3577D24340: to=<becky@seaglass.com>, relay=mail.seaglass.com[74.220.219.61]:25, delay=8.4, delays=0.61/0/2.2/5.5, dsn=2.0.0, status=sent (250 OK id=1ZpEdG-0004d6-RQ)
Oct 22 05:06:11 conch postfix/qmgr[25409]: 3577D24340: removed
Oct 22 05:07:01 conch postfix/smtpd[27516]: connect from centerplace.xyz[207.244.97.119]
Oct 22 05:07:01 conch postfix/smtpd[27516]: NOQUEUE: reject: RCPT from centerplace.xyz[207.244.97.119]: 554 5.7.1 Service unavailable; Client host [207.244.97.119] blocked using zen.spamhaus.org; http://www.spamhaus.org/sbl/query/SBLCSS; from=<spirithalloween@centerplace.xyz> to=<kdent@seaglass.com> proto=SMTP helo=<mta2.centerplace.xyz>
Oct 22 05:07:01 conch postfix/smtpd[27516]: disconnect from centerplace.xyz[207.244.97.119]
Oct 22 05:09:07 conch postfix/smtpd[27530]: connect from unknown[172.96.94.214]
Oct 22 05:09:07 conch postfix/smtpd[27530]: NOQUEUE: reject: RCPT from unknown[172.96.94.214]: 554 5.7.1 Service unavailable; Client host [172.96.94.214] blocked using zen.spamhaus.org; http://www.spamhaus.org/sbl/query/SBLCSS; from=<digitalization@guneroo.biz> to=<kdent@seaglass.com> proto=ESMTP helo=<guneroo.biz>
Oct 22 05:09:07 conch postfix/smtpd[27530]: lost connection after RCPT from unknown[172.96.94.214]
Oct 22 05:09:07 conch postfix/smtpd[27530]: disconnect from unknown[172.96.94.214]
Oct 22 05:11:07 conch postfix/anvil[27413]: statistics: max connection rate 2/60s for (smtp:185.121.164.65) at Oct 22 05:02:17
Oct 22 05:11:07 conch postfix/anvil[27413]: statistics: max connection count 2 for (smtp:185.121.164.65) at Oct 22 05:02:17
Oct 22 05:11:07 conch postfix/anvil[27413]: statistics: max cache size 34 at Oct 22 05:03:11
Oct 22 05:11:43 conch postfix/smtpd[27547]: connect from unknown[198.52.150.46]
Oct 22 05:11:43 conch postfix/smtpd[27547]: B52AC24340: client=unknown[198.52.150.46]
Oct 22 05:11:43 conch postfix/cleanup[27550]: B52AC24340: message-id=<f8509babbeddea6fc34dc518b32b0476.7250692.8942175jdent@seaglass.com>
Oct 22 05:11:43 conch postfix/qmgr[25409]: B52AC24340: from=<Find_Your_Dream_Home@com-xoffn.gq>, size=4939, nrcpt=1 (queue active)
Oct 22 05:11:44 conch postfix/smtpd[27547]: disconnect from unknown[198.52.150.46]
Oct 22 05:11:46 conch postfix/smtp[27551]: B52AC24340: to=<jdent@seaglass.com>, relay=mail.seaglass.com[74.220.219.61]:25, delay=2.7, delays=0.21/0.01/2.2/0.3, dsn=2.0.0, status=sent (250 OK id=1ZpEig-0008TZ-Aj)
Oct 22 05:11:46 conch postfix/qmgr[25409]: B52AC24340: removed
Oct 22 05:12:22 conch postfix/smtpd[27547]: connect from unknown[198.52.150.46]
Oct 22 05:12:22 conch postfix/smtpd[27547]: B93EA24340: client=unknown[198.52.150.46]
Oct 22 05:12:22 conch postfix/cleanup[27550]: B93EA24340: message-id=<5dcfd80285d21a72abf3c46e396c0002.14729783.4259564kdent@seaglass.com>
Oct 22 05:12:22 conch postfix/qmgr[25409]: B93EA24340: from=<Find_Your_Dream_Home@com-xoffn.gq>, size=4955, nrcpt=1 (queue active)
Oct 22 05:12:22 conch postfix/smtpd[27547]: disconnect from unknown[198.52.150.46]
Oct 22 05:12:25 conch postfix/smtp[27551]: B93EA24340: to=<kdent@seaglass.com>, relay=mail.seaglass.com[74.220.219.61]:25, delay=2.9, delays=0.15/0/2.2/0.57, dsn=2.0.0, status=sent (250 OK id=1ZpEjJ-0000Od-FM)
Oct 22 05:12:25 conch postfix/qmgr[25409]: B93EA24340: removed
Oct 22 05:12:46 conch postfix/smtpd[27547]: connect from unknown[198.52.150.46]
Oct 22 05:12:46 conch postfix/smtpd[27547]: 72C9D24340: client=unknown[198.52.150.46]
Oct 22 05:12:46 conch postfix/cleanup[27550]: 72C9D24340: message-id=<3d7a0d781b11209669ef740f6068165e.13590756.6956574becky@seaglass.com>
Oct 22 05:12:46 conch postfix/qmgr[25409]: 72C9D24340: from=<Find_Your_Dream_Home@com-xoffn.gq>, size=4955, nrcpt=1 (queue active)
Oct 22 05:12:46 conch postfix/smtpd[27547]: disconnect from unknown[198.52.150.46]
Oct 22 05:12:49 conch postfix/smtp[27551]: 72C9D24340: to=<becky@seaglass.com>, relay=mail.seaglass.com[74.220.219.61]:25, delay=2.8, delays=0.19/0/2.2/0.39, dsn=2.0.0, status=sent (250 OK id=1ZpEjh-0000ZU-1w)
Oct 22 05:12:49 conch postfix/qmgr[25409]: 72C9D24340: removed
Oct 22 05:15:45 conch postfix/qmgr[25409]: A63ED24324: from=<NewDentalTips@implanttips.seenewdentalimplantinfo.eu>, size=7559, nrcpt=1 (queue active)
Oct 22 05:15:45 conch postfix/qmgr[25409]: ED445243B2: from=<BelizeVacations@newvacation.amazingbelizetrips.eu>, size=5965, nrcpt=1 (queue active)
Oct 22 05:15:45 conch postfix/qmgr[25409]: C151624336: from=<YourNewBonus@redeempoints.claimnewonlinebonus.eu>, size=1831, nrcpt=1 (queue active)
Oct 22 05:15:45 conch postfix/qmgr[25409]: C605B243AF: from=<BelizeVacations@newvacation.amazingbelizetrips.eu>, size=5967, nrcpt=1 (queue active)
Oct 22 05:15:45 conch postfix/qmgr[25409]: 3950624409: from=<>, size=2551, nrcpt=1 (queue active)
Oct 22 05:15:45 conch postfix/qmgr[25409]: BBEA32439C: from=<BelizeVacations@newvacation.amazingbelizetrips.eu>, size=5963, nrcpt=1 (queue active)
Oct 22 05:15:45 conch postfix/qmgr[25409]: DB6E324327: from=<NewDentalTips@implanttips.seenewdentalimplantinfo.eu>, size=7557, nrcpt=1 (queue active)
Oct 22 05:15:46 conch postfix/smtp[27562]: 3950624409: to=<info@ihpizu.us>, relay=none, delay=76018, delays=76017/0.24/0.01/0, dsn=5.4.4, status=bounced (Host or domain name not found. Name service error for name=ihpizu.us type=A: Host not found)
Oct 22 05:15:46 conch postfix/qmgr[25409]: DFEC7243AD: from=<BelizeVacations@newvacation.amazingbelizetrips.eu>, size=5965, nrcpt=1 (queue active)
Oct 22 05:15:46 conch postfix/qmgr[25409]: 3950624409: removed
Oct 22 05:15:55 conch postfix/smtp[27561]: C605B243AF: to=<jdent@seaglass.com>, relay=mail.seaglass.com[74.220.219.61]:25, delay=132548, delays=132538/0.15/2.2/7.9, dsn=2.0.0, status=sent (250 OK id=1ZpEmf-00024V-RZ)
Oct 22 05:15:55 conch postfix/qmgr[25409]: C605B243AF: removed
Oct 22 05:15:56 conch postfix/smtp[27563]: BBEA32439C: to=<jdent@seaglass.com>, relay=mail.seaglass.com[74.220.219.61]:25, delay=132712, delays=132701/0.37/2.2/7.9, dsn=2.0.0, status=sent (250 OK id=1ZpEmg-00024b-1x)
Oct 22 05:15:56 conch postfix/qmgr[25409]: BBEA32439C: removed
Oct 22 05:15:56 conch postfix/smtp[27559]: ED445243B2: to=<kdent@seaglass.com>, relay=mail.seaglass.com[74.220.219.61]:25, delay=132549, delays=132537/0.15/2.2/8.8, dsn=2.0.0, status=sent (250 OK id=1ZpEmf-00024Q-Rg)
Oct 22 05:15:56 conch postfix/qmgr[25409]: ED445243B2: removed
Oct 22 05:16:06 conch postfix/anvil[27413]: statistics: max connection rate 2/60s for (smtp:198.52.150.46) at Oct 22 05:12:22
Oct 22 05:16:06 conch postfix/anvil[27413]: statistics: max connection count 1 for (smtp:198.52.150.46) at Oct 22 05:11:43
Oct 22 05:16:06 conch postfix/anvil[27413]: statistics: max cache size 1 at Oct 22 05:11:43
Oct 22 05:16:13 conch postfix/smtp[27562]: DFEC7243AD: to=<kdent@seaglass.com>, relay=mail.seaglass.com[74.220.219.61]:25, delay=132729, delays=132701/9.7/2.2/15, dsn=2.0.0, status=sent (250 OK id=1ZpEmr-00029t-W2)
Oct 22 05:16:13 conch postfix/qmgr[25409]: DFEC7243AD: removed
Oct 22 05:16:27 conch postfix/smtp[27560]: C151624336: to=<jdent@seaglass.com>, relay=mail.seaglass.com[74.220.219.61]:25, delay=135445, delays=135403/0.13/2.2/40, dsn=4.0.0, status=deferred (host mail.seaglass.com[74.220.219.61] said: 451 Temporary local problem - please try later (in reply to RCPT TO command))
Oct 22 05:16:35 conch postfix/smtp[27558]: A63ED24324: to=<jdent@seaglass.com>, relay=mail.seaglass.com[74.220.219.61]:25, delay=138759, delays=138709/0.23/2.2/47, dsn=4.0.0, status=deferred (host mail.seaglass.com[74.220.219.61] said: 451 Temporary local problem - please try later (in reply to RCPT TO command))
Oct 22 05:16:44 conch postfix/smtp[27561]: DB6E324327: to=<kdent@seaglass.com>, relay=mail.seaglass.com[74.220.219.61]:25, delay=138762, delays=138704/9.9/2.2/46, dsn=4.0.0, status=deferred (host mail.seaglass.com[74.220.219.61] said: 451 Temporary local problem - please try later (in reply to RCPT TO command))
Oct 22 05:16:59 conch postfix/smtpd[27568]: connect from unknown[198.52.150.47]
Oct 22 05:16:59 conch postfix/smtpd[27568]: BFEAF24365: client=unknown[198.52.150.47]
Oct 22 05:16:59 conch postfix/cleanup[27572]: BFEAF24365: message-id=<0.0.5dcfd80285d21a72abf3c46e396c0002.9045333.22992537.0kdent@seaglass.com>
Oct 22 05:16:59 conch postfix/qmgr[25409]: BFEAF24365: from=<Tesla-Technology@com-xoffn.ml>, size=5471, nrcpt=1 (queue active)
Oct 22 05:17:00 conch postfix/smtpd[27568]: disconnect from unknown[198.52.150.47]
Oct 22 05:17:12 conch postfix/smtp[27563]: BFEAF24365: to=<kdent@seaglass.com>, relay=mail.seaglass.com[74.220.219.61]:25, delay=13, delays=0.25/0/2.3/10, dsn=2.0.0, status=sent (250 OK id=1ZpEnw-0002iB-C6)
Oct 22 05:17:12 conch postfix/qmgr[25409]: BFEAF24365: removed
Oct 22 05:17:46 conch postfix/smtpd[27568]: connect from unknown[68.171.101.124]
Oct 22 05:17:47 conch postfix/smtpd[27568]: 2B96724365: client=unknown[68.171.101.124]
Oct 22 05:17:47 conch postfix/cleanup[27572]: 2B96724365: message-id=<11729915489981174949254405@49b6va5by.leavessi.net>
Oct 22 05:17:47 conch postfix/qmgr[25409]: 2B96724365: from=<AllInclusiveFamilyResorts@leavessi.net>, size=10251, nrcpt=1 (queue active)
Oct 22 05:17:47 conch postfix/smtpd[27568]: disconnect from unknown[68.171.101.124]
Oct 22 05:17:50 conch postfix/smtp[27560]: 2B96724365: to=<jdent@seaglass.com>, relay=mail.seaglass.com[74.220.219.61]:25, delay=3.9, delays=0.87/0/2.2/0.82, dsn=2.0.0, status=sent (250 OK id=1ZpEoY-00034t-2q)
Oct 22 05:17:50 conch postfix/qmgr[25409]: 2B96724365: removed
Oct 22 05:17:50 conch postfix/smtpd[27568]: connect from unknown[198.52.150.47]
Oct 22 05:17:50 conch postfix/smtpd[27568]: BE8B524365: client=unknown[198.52.150.47]
Oct 22 05:17:50 conch postfix/cleanup[27572]: BE8B524365: message-id=<0.0.f8509babbeddea6fc34dc518b32b0476.18669670.3066505.0jdent@seaglass.com>
Oct 22 05:17:50 conch postfix/qmgr[25409]: BE8B524365: from=<Tesla-Technology@com-xoffn.ml>, size=5455, nrcpt=1 (queue active)
Oct 22 05:17:51 conch postfix/smtpd[27568]: disconnect from unknown[198.52.150.47]
Oct 22 05:17:58 conch postfix/smtp[27558]: BE8B524365: to=<jdent@seaglass.com>, relay=mail.seaglass.com[74.220.219.61]:25, delay=8, delays=0.15/0/2.2/5.6, dsn=2.0.0, status=sent (250 OK id=1ZpEog-00036w-H6)
Oct 22 05:17:58 conch postfix/qmgr[25409]: BE8B524365: removed
Oct 22 05:18:19 conch postfix/smtpd[27568]: connect from unknown[198.52.150.47]
Oct 22 05:18:19 conch postfix/smtpd[27568]: 480A524365: client=unknown[198.52.150.47]
Oct 22 05:18:19 conch postfix/cleanup[27572]: 480A524365: message-id=<0.0.3d7a0d781b11209669ef740f6068165e.19283114.10953074.0becky@seaglass.com>
Oct 22 05:18:19 conch postfix/qmgr[25409]: 480A524365: from=<Tesla-Technology@com-xoffn.ml>, size=5477, nrcpt=1 (queue active)
Oct 22 05:18:19 conch postfix/smtpd[27568]: disconnect from unknown[198.52.150.47]
Oct 22 05:18:27 conch postfix/smtp[27560]: 480A524365: to=<becky@seaglass.com>, relay=mail.seaglass.com[74.220.219.61]:25, delay=7.9, delays=0.22/0/2.2/5.5, dsn=2.0.0, status=sent (250 OK id=1ZpEp8-0003KB-V3)
Oct 22 05:18:27 conch postfix/qmgr[25409]: 480A524365: removed
Oct 22 05:19:59 conch postfix/scache[27565]: statistics: start interval Oct 22 05:15:55
Oct 22 05:19:59 conch postfix/scache[27565]: statistics: domain lookup hits=0 miss=2 success=0%
Oct 22 05:19:59 conch postfix/scache[27565]: statistics: address lookup hits=0 miss=2 success=0%
Oct 22 05:19:59 conch postfix/scache[27565]: statistics: max simultaneous domains=1 addresses=1 connection=1
Oct 22 05:20:25 conch postfix/smtpd[27591]: connect from unknown[173.232.205.41]
Oct 22 05:20:26 conch postfix/smtpd[27591]: NOQUEUE: reject: RCPT from unknown[173.232.205.41]: 450 4.7.1 <wtidde.us>: Helo command rejected: Host not found; from=<noreply@wtidde.us> to=<becky@seaglass.com> proto=ESMTP helo=<wtidde.us>
Oct 22 05:20:26 conch postfix/smtpd[27591]: disconnect from unknown[173.232.205.41]
Oct 22 05:20:45 conch postfix/qmgr[25409]: 77116243CC: from=<>, size=2703, nrcpt=1 (queue active)
Oct 22 05:20:45 conch postfix/qmgr[25409]: 68AF424356: from=<>, size=2703, nrcpt=1 (queue active)
Oct 22 05:20:45 conch postfix/smtp[27595]: connect to com-oct1022.ga[198.52.150.41]:25: No route to host
Oct 22 05:20:45 conch postfix/smtp[27596]: connect to com-oct1022.ga[198.52.150.41]:25: No route to host
Oct 22 05:20:45 conch postfix/smtp[27595]: 68AF424356: to=<24@com-oct1022.ga>, relay=none, delay=2376, delays=2376/0.01/0.02/0, dsn=4.4.1, status=deferred (connect to com-oct1022.ga[198.52.150.41]:25: No route to host)
Oct 22 05:20:45 conch postfix/smtp[27596]: 77116243CC: to=<24@com-oct1022.ga>, relay=none, delay=2338, delays=2338/0.02/0.02/0, dsn=4.4.1, status=deferred (connect to com-oct1022.ga[198.52.150.41]:25: No route to host)
Oct 22 05:21:34 conch postfix/smtpd[27591]: warning: 152.249.237.130: address not listed for hostname 152-249-237-130.user.vivozap.com.br
Oct 22 05:21:34 conch postfix/smtpd[27591]: connect from unknown[152.249.237.130]
Oct 22 05:21:35 conch postfix/smtpd[27591]: NOQUEUE: reject: RCPT from unknown[152.249.237.130]: 554 5.7.1 <adtrax@seaglass.com>: Recipient address rejected: Access denied; from=<info@carcher.com> to=<adtrax@seaglass.com> proto=ESMTP helo=<152-249-237-130.user.vivozap.com.br>
Oct 22 05:21:35 conch postfix/smtpd[27591]: lost connection after RCPT from unknown[152.249.237.130]
Oct 22 05:21:35 conch postfix/smtpd[27591]: disconnect from unknown[152.249.237.130]
Oct 22 05:22:04 conch postfix/smtpd[27591]: connect from unknown[200.208.81.180]
Oct 22 05:22:05 conch postfix/smtpd[27591]: NOQUEUE: reject: RCPT from unknown[200.208.81.180]: 450 4.7.1 <email.colegioceep.com.br>: Helo command rejected: Host not found; from=<idania@proyecme.com.cu> to=<becky@seaglass.com> proto=ESMTP helo=<email.colegioceep.com.br>
Oct 22 05:22:06 conch postfix/smtpd[27591]: disconnect from unknown[200.208.81.180]
Oct 22 05:22:45 conch postfix/smtpd[27591]: connect from unknown[198.52.150.48]
Oct 22 05:22:46 conch postfix/smtpd[27591]: 027B324365: client=unknown[198.52.150.48]
Oct 22 05:22:46 conch postfix/cleanup[27602]: 027B324365: message-id=<3588874_23218393-3588874jdent@seaglass.com>
Oct 22 05:22:46 conch postfix/qmgr[25409]: 027B324365: from=<Hottest-iPhoneDevice@com-xoffn.tk>, size=6251, nrcpt=1 (queue active)
Oct 22 05:22:46 conch postfix/smtpd[27591]: disconnect from unknown[198.52.150.48]
Oct 22 05:22:53 conch postfix/smtp[27603]: 027B324365: to=<jdent@seaglass.com>, relay=mail.seaglass.com[74.220.219.61]:25, delay=7.9, delays=0.34/0.01/2.2/5.3, dsn=2.0.0, status=sent (250 OK id=1ZpEtR-0005Na-KL)
Oct 22 05:22:53 conch postfix/qmgr[25409]: 027B324365: removed
Oct 22 05:23:43 conch postfix/smtpd[27591]: connect from unknown[198.52.150.48]
Oct 22 05:23:43 conch postfix/smtpd[27591]: 6986124365: client=unknown[198.52.150.48]
Oct 22 05:23:43 conch postfix/cleanup[27602]: 6986124365: message-id=<16314790_4268920-16314790kdent@seaglass.com>
Oct 22 05:23:43 conch postfix/qmgr[25409]: 6986124365: from=<Hottest-iPhoneDevice@com-xoffn.tk>, size=6268, nrcpt=1 (queue active)
Oct 22 05:23:43 conch postfix/smtpd[27591]: disconnect from unknown[198.52.150.48]
Oct 22 05:23:51 conch postfix/smtp[27603]: 6986124365: to=<kdent@seaglass.com>, relay=mail.seaglass.com[74.220.219.61]:25, delay=7.7, delays=0.22/0/2.2/5.3, dsn=2.0.0, status=sent (250 OK id=1ZpEuN-0005ou-0d)
Oct 22 05:23:51 conch postfix/qmgr[25409]: 6986124365: removed
Oct 22 05:24:16 conch postfix/smtpd[27591]: connect from unknown[198.52.150.48]
Oct 22 05:24:16 conch postfix/smtpd[27591]: 55F2224365: client=unknown[198.52.150.48]
Oct 22 05:24:16 conch postfix/cleanup[27602]: 55F2224365: message-id=<13827514_23107557-13827514becky@seaglass.com>
Oct 22 05:24:16 conch postfix/qmgr[25409]: 55F2224365: from=<Hottest-iPhoneDevice@com-xoffn.tk>, size=6277, nrcpt=1 (queue active)
Oct 22 05:24:16 conch postfix/smtpd[27591]: disconnect from unknown[198.52.150.48]
Oct 22 05:24:24 conch postfix/smtp[27603]: 55F2224365: to=<becky@seaglass.com>, relay=mail.seaglass.com[74.220.219.61]:25, delay=7.7, delays=0.23/0/2.2/5.3, dsn=2.0.0, status=sent (250 OK id=1ZpEut-0006AI-UK)
Oct 22 05:24:24 conch postfix/qmgr[25409]: 55F2224365: removed
Oct 22 05:25:26 conch postfix/smtpd[27591]: connect from unknown[173.232.205.41]
Oct 22 05:25:26 conch postfix/smtpd[27591]: NOQUEUE: reject: RCPT from unknown[173.232.205.41]: 450 4.7.1 <wtidde.us>: Helo command rejected: Host not found; from=<noreply@wtidde.us> to=<becky@seaglass.com> proto=ESMTP helo=<wtidde.us>
Oct 22 05:25:27 conch postfix/smtpd[27591]: disconnect from unknown[173.232.205.41]
Oct 22 05:26:06 conch postfix/smtpd[27591]: connect from unknown[198.52.150.49]
Oct 22 05:26:06 conch postfix/smtpd[27591]: A1EFE24365: client=unknown[198.52.150.49]
Oct 22 05:26:06 conch postfix/cleanup[27609]: A1EFE24365: message-id=<5dcfd80285d21a72abf3c46e396c0002.10203553.9872509kdent@seaglass.com>
Oct 22 05:26:06 conch postfix/qmgr[25409]: A1EFE24365: from=<1ink@com-xoffr.cf>, size=5771, nrcpt=1 (queue active)
Oct 22 05:26:06 conch postfix/smtpd[27591]: disconnect from unknown[198.52.150.49]
Oct 22 05:26:14 conch postfix/smtp[27610]: A1EFE24365: to=<kdent@seaglass.com>, relay=mail.seaglass.com[74.220.219.61]:25, delay=8, delays=0.51/0/2.2/5.3, dsn=2.0.0, status=sent (250 OK id=1ZpEwg-00070N-5Y)
Oct 22 05:26:14 conch postfix/qmgr[25409]: A1EFE24365: removed
Oct 22 05:26:59 conch postfix/anvil[27570]: statistics: max connection rate 2/60s for (smtp:198.52.150.47) at Oct 22 05:17:50
Oct 22 05:26:59 conch postfix/anvil[27570]: statistics: max connection count 1 for (smtp:198.52.150.47) at Oct 22 05:16:59
Oct 22 05:26:59 conch postfix/anvil[27570]: statistics: max cache size 2 at Oct 22 05:17:46
Oct 22 05:27:56 conch postfix/smtpd[27612]: connect from unknown[198.52.150.49]
Oct 22 05:27:56 conch postfix/smtpd[27612]: D46BD24365: client=unknown[198.52.150.49]
Oct 22 05:27:56 conch postfix/cleanup[27615]: D46BD24365: message-id=<3d7a0d781b11209669ef740f6068165e.23512787.17218914becky@seaglass.com>
Oct 22 05:27:56 conch postfix/qmgr[25409]: D46BD24365: from=<1ink@com-xoffr.cf>, size=5795, nrcpt=1 (queue active)
Oct 22 05:27:57 conch postfix/smtpd[27612]: disconnect from unknown[198.52.150.49]
Oct 22 05:28:04 conch postfix/smtp[27616]: D46BD24365: to=<becky@seaglass.com>, relay=mail.seaglass.com[74.220.219.61]:25, delay=7.7, delays=0.22/0/2.2/5.3, dsn=2.0.0, status=sent (250 OK id=1ZpEyS-0007hp-Bp)
Oct 22 05:28:04 conch postfix/qmgr[25409]: D46BD24365: removed
Oct 22 05:28:51 conch postfix/smtpd[27612]: connect from unknown[198.52.150.49]
Oct 22 05:28:51 conch postfix/smtpd[27612]: 59C6F24365: client=unknown[198.52.150.49]
Oct 22 05:28:51 conch postfix/cleanup[27615]: 59C6F24365: message-id=<f8509babbeddea6fc34dc518b32b0476.9328281.7567699jdent@seaglass.com>
Oct 22 05:28:51 conch postfix/qmgr[25409]: 59C6F24365: from=<1ink@com-xoffr.cf>, size=5762, nrcpt=1 (queue active)
Oct 22 05:28:51 conch postfix/smtpd[27612]: disconnect from unknown[198.52.150.49]
Oct 22 05:28:54 conch postfix/smtp[27616]: 59C6F24365: to=<jdent@seaglass.com>, relay=mail.seaglass.com[74.220.219.61]:25, delay=2.7, delays=0.16/0/2.2/0.3, dsn=2.0.0, status=sent (250 OK id=1ZpEzF-00084l-SB)
Oct 22 05:28:54 conch postfix/qmgr[25409]: 59C6F24365: removed
Oct 22 05:30:49 conch postfix/smtpd[27631]: connect from unknown[173.232.205.41]
Oct 22 05:30:49 conch postfix/smtpd[27631]: NOQUEUE: reject: RCPT from unknown[173.232.205.41]: 450 4.7.1 <wtidde.us>: Helo command rejected: Host not found; from=<noreply@wtidde.us> to=<becky@seaglass.com> proto=ESMTP helo=<wtidde.us>
Oct 22 05:30:49 conch postfix/smtpd[27631]: disconnect from unknown[173.232.205.41]
Oct 22 05:33:47 conch postfix/smtpd[27634]: connect from unknown[198.52.150.50]
Oct 22 05:33:48 conch postfix/smtpd[27634]: 1953724365: client=unknown[198.52.150.50]
Oct 22 05:33:48 conch postfix/cleanup[27637]: 1953724365: message-id=<5dcfd80285d21a72abf3c46e396c0002.1927439.8893910kdent@seaglass.com>
Oct 22 05:33:48 conch postfix/qmgr[25409]: 1953724365: from=<Wall.Street.Journal@com-xoffr.ga>, size=6676, nrcpt=1 (queue active)
Oct 22 05:33:48 conch postfix/smtpd[27634]: disconnect from unknown[198.52.150.50]
Oct 22 05:33:50 conch postfix/smtp[27638]: 1953724365: to=<kdent@seaglass.com>, relay=mail.seaglass.com[74.220.219.61]:25, delay=2.8, delays=0.33/0.01/2.2/0.3, dsn=2.0.0, status=sent (250 OK id=1ZpF42-0001sb-Mo)
Oct 22 05:33:50 conch postfix/qmgr[25409]: 1953724365: removed
Oct 22 05:34:27 conch postfix/smtpd[27634]: connect from unknown[198.52.150.50]
Oct 22 05:34:27 conch postfix/smtpd[27634]: 4AE9024365: client=unknown[198.52.150.50]
Oct 22 05:34:27 conch postfix/cleanup[27637]: 4AE9024365: message-id=<f8509babbeddea6fc34dc518b32b0476.21869030.20396296jdent@seaglass.com>
Oct 22 05:34:27 conch postfix/qmgr[25409]: 4AE9024365: from=<Wall.Street.Journal@com-xoffr.ga>, size=6715, nrcpt=1 (queue active)
Oct 22 05:34:27 conch postfix/smtpd[27634]: disconnect from unknown[198.52.150.50]
Oct 22 05:34:31 conch postfix/smtpd[27634]: connect from gtmzywya.mbasably.net[23.247.95.43]
Oct 22 05:34:31 conch postfix/smtpd[27634]: B88C724369: client=gtmzywya.mbasably.net[23.247.95.43]
Oct 22 05:34:31 conch postfix/cleanup[27637]: B88C724369: message-id=<542623925818254267018411332777@gtmzywya.mbasably.net>
Oct 22 05:34:31 conch postfix/qmgr[25409]: B88C724369: from=<Blood-Sugar-News@mbasably.net>, size=3506, nrcpt=1 (queue active)
Oct 22 05:34:32 conch postfix/smtpd[27634]: disconnect from gtmzywya.mbasably.net[23.247.95.43]
Oct 22 05:34:34 conch postfix/smtp[27640]: B88C724369: to=<jdent@seaglass.com>, relay=mail.seaglass.com[74.220.219.61]:25, delay=3, delays=0.49/0.01/2.2/0.3, dsn=2.0.0, status=sent (250 OK id=1ZpF4k-0002G2-9W)
Oct 22 05:34:34 conch postfix/qmgr[25409]: B88C724369: removed
Oct 22 05:34:35 conch postfix/smtp[27638]: 4AE9024365: to=<jdent@seaglass.com>, relay=mail.seaglass.com[74.220.219.61]:25, delay=7.7, delays=0.23/0/2.2/5.3, dsn=2.0.0, status=sent (250 OK id=1ZpF4k-0002Dh-Sh)
Oct 22 05:34:35 conch postfix/qmgr[25409]: 4AE9024365: removed
Oct 22 05:35:38 conch postfix/smtpd[27634]: connect from unknown[198.52.150.50]
Oct 22 05:35:38 conch postfix/smtpd[27634]: 6F02C24365: client=unknown[198.52.150.50]
Oct 22 05:35:38 conch postfix/cleanup[27637]: 6F02C24365: message-id=<3d7a0d781b11209669ef740f6068165e.9681731.21111919becky@seaglass.com>
Oct 22 05:35:38 conch postfix/qmgr[25409]: 6F02C24365: from=<Wall.Street.Journal@com-xoffr.ga>, size=6703, nrcpt=1 (queue active)
Oct 22 05:35:38 conch postfix/smtpd[27634]: disconnect from unknown[198.52.150.50]
Oct 22 05:35:46 conch postfix/smtp[27640]: 6F02C24365: to=<becky@seaglass.com>, relay=mail.seaglass.com[74.220.219.61]:25, delay=7.8, delays=0.26/0/2.2/5.3, dsn=2.0.0, status=sent (250 OK id=1ZpF5u-00030H-1Z)
Oct 22 05:35:46 conch postfix/qmgr[25409]: 6F02C24365: removed
Oct 22 05:35:51 conch postfix/smtpd[27634]: connect from unknown[173.232.205.41]
Oct 22 05:35:51 conch postfix/smtpd[27634]: NOQUEUE: reject: RCPT from unknown[173.232.205.41]: 450 4.7.1 <wtidde.us>: Helo command rejected: Host not found; from=<noreply@wtidde.us> to=<becky@seaglass.com> proto=ESMTP helo=<wtidde.us>
Oct 22 05:35:51 conch postfix/smtpd[27634]: disconnect from unknown[173.232.205.41]
Oct 22 05:36:44 conch postfix/smtpd[27634]: connect from jqnuv407i.rexles.download[94.156.34.34]
Oct 22 05:36:44 conch postfix/smtpd[27643]: connect from jqnuv407i.rexles.download[94.156.34.34]
Oct 22 05:36:45 conch postfix/smtpd[27643]: 89C0024365: client=jqnuv407i.rexles.download[94.156.34.34]
Oct 22 05:36:45 conch postfix/smtpd[27634]: B041F24369: client=jqnuv407i.rexles.download[94.156.34.34]
Oct 22 05:36:45 conch postfix/cleanup[27637]: 89C0024365: message-id=<1881613826903042188169871038720962566@jqnuv407i.rexles.download>
Oct 22 05:36:46 conch postfix/cleanup[27647]: B041F24369: message-id=<1881613848418527188169871038721062561@jqnuv407i.rexles.download>
Oct 22 05:36:46 conch postfix/qmgr[25409]: 89C0024365: from=<PerfectBiotics@rexles.download>, size=22468, nrcpt=1 (queue active)
Oct 22 05:36:46 conch postfix/qmgr[25409]: B041F24369: from=<ProbioticAmerica@rexles.download>, size=22492, nrcpt=1 (queue active)
Oct 22 05:36:46 conch postfix/smtpd[27634]: disconnect from jqnuv407i.rexles.download[94.156.34.34]
Oct 22 05:36:46 conch postfix/smtpd[27643]: CB45524394: client=jqnuv407i.rexles.download[94.156.34.34]
Oct 22 05:36:47 conch postfix/cleanup[27637]: CB45524394: message-id=<18816138110432532188169871038721062561@jqnuv407i.rexles.download>
Oct 22 05:36:47 conch postfix/qmgr[25409]: CB45524394: from=<ProbioticAmerica@rexles.download>, size=22509, nrcpt=1 (queue active)
Oct 22 05:36:47 conch postfix/smtpd[27643]: disconnect from jqnuv407i.rexles.download[94.156.34.34]
Oct 22 05:36:54 conch postfix/smtp[27640]: 89C0024365: to=<riley@seaglass.com>, relay=mail.seaglass.com[74.220.219.61]:25, delay=8.8, delays=1.1/0/2.2/5.5, dsn=2.0.0, status=sent (250 OK id=1ZpF6z-0003a5-M5)
Oct 22 05:36:54 conch postfix/qmgr[25409]: 89C0024365: removed
