Nov  1 06:14:48 conch postfix/smtpd[20697]: connect from unknown[104.206.67.28]
Nov  1 06:14:48 conch postfix/smtpd[20697]: D93AA242EB: client=unknown[104.206.67.28]
Nov  1 06:14:48 conch postfix/cleanup[20700]: D93AA242EB: message-id=<0.0.3d7a0d781b11209669ef740f6068165e.13380121.16054436.0becky@seaglass.com>
Nov  1 06:14:48 conch postfix/qmgr[25409]: D93AA242EB: from=<ABCNews.Genius.Maker@oniii.pw>, size=5792, nrcpt=1 (queue active)
Nov  1 06:14:49 conch postfix/smtpd[20697]: disconnect from unknown[104.206.67.28]
Nov  1 06:14:51 conch postfix/smtp[20701]: D93AA242EB: to=<becky@seaglass.com>, relay=mail.seaglass.com[74.220.219.61]:25, delay=2.6, delays=0.09/0/2.2/0.3, dsn=2.0.0, status=sent (250 OK id=1ZstPH-0004rD-Am)
Nov  1 06:14:51 conch postfix/qmgr[25409]: D93AA242EB: removed
Nov  1 06:15:18 conch postfix/smtpd[20697]: warning: 104.206.67.28: address not listed for hostname 28-67-206-104.staticrdns.eonix.net
Nov  1 06:15:18 conch postfix/smtpd[20697]: connect from unknown[104.206.67.28]
Nov  1 06:15:18 conch postfix/smtpd[20697]: 60C4D242EB: client=unknown[104.206.67.28]
Nov  1 06:15:18 conch postfix/cleanup[20700]: 60C4D242EB: message-id=<0.0.5dcfd80285d21a72abf3c46e396c0002.19594768.4925281.0kdent@seaglass.com>
Nov  1 06:15:18 conch postfix/qmgr[25409]: 60C4D242EB: from=<ABCNews.Genius.Maker@oniii.pw>, size=5772, nrcpt=1 (queue active)
Nov  1 06:15:18 conch postfix/smtpd[20697]: disconnect from unknown[104.206.67.28]
Nov  1 06:15:21 conch postfix/smtp[20701]: 60C4D242EB: to=<kdent@seaglass.com>, relay=mail.seaglass.com[74.220.219.61]:25, delay=2.6, delays=0.1/0/2.2/0.3, dsn=2.0.0, status=sent (250 OK id=1ZstPk-00059B-RX)
Nov  1 06:15:21 conch postfix/qmgr[25409]: 60C4D242EB: removed
Nov  1 06:17:51 conch postfix/anvil[20659]: statistics: max connection rate 2/60s for (smtp:104.206.67.25) at Nov  1 06:08:47
Nov  1 06:17:51 conch postfix/anvil[20659]: statistics: max connection count 2 for (smtp:98.138.214.205) at Nov  1 06:12:04
Nov  1 06:17:51 conch postfix/anvil[20659]: statistics: max cache size 2 at Nov  1 06:12:04
Nov  1 06:20:35 conch postfix/smtpd[20727]: warning: 104.206.67.29: address not listed for hostname 29-67-206-104.staticrdns.eonix.net
Nov  1 06:20:35 conch postfix/smtpd[20727]: connect from unknown[104.206.67.29]
Nov  1 06:20:36 conch postfix/smtpd[20727]: B6338242EB: client=unknown[104.206.67.29]
Nov  1 06:20:36 conch postfix/cleanup[20731]: B6338242EB: message-id=<3d7a0d781b11209669ef740f6068165e.1861739.18803800becky@seaglass.com>
Nov  1 06:20:36 conch postfix/qmgr[25409]: B6338242EB: from=<NoMortgagePayments@sqnow.pw>, size=5781, nrcpt=1 (queue active)
Nov  1 06:20:36 conch postfix/smtpd[20727]: disconnect from unknown[104.206.67.29]
Nov  1 06:20:39 conch postfix/smtp[20732]: B6338242EB: to=<becky@seaglass.com>, relay=mail.seaglass.com[74.220.219.61]:25, delay=3.1, delays=0.63/0.01/2.2/0.3, dsn=2.0.0, status=sent (250 OK id=1ZstUt-000722-6g)
Nov  1 06:20:39 conch postfix/qmgr[25409]: B6338242EB: removed
Nov  1 06:20:47 conch postfix/smtpd[20727]: connect from t8xhx.dowagme.space[185.107.25.16]
Nov  1 06:20:48 conch postfix/smtpd[20727]: NOQUEUE: reject: RCPT from t8xhx.dowagme.space[185.107.25.16]: 554 5.7.1 Service unavailable; Client host [185.107.25.16] blocked using zen.spamhaus.org; http://www.spamhaus.org/sbl/query/SBLCSS; from=<NaturalVisionCorrection@dowagme.space> to=<riley@seaglass.com> proto=ESMTP helo=<t8xhx.dowagme.space>
Nov  1 06:20:48 conch postfix/smtpd[20727]: disconnect from t8xhx.dowagme.space[185.107.25.16]
Nov  1 06:21:35 conch postfix/smtpd[20727]: warning: 104.206.67.29: address not listed for hostname 29-67-206-104.staticrdns.eonix.net
Nov  1 06:21:35 conch postfix/smtpd[20727]: connect from unknown[104.206.67.29]
Nov  1 06:21:35 conch postfix/smtpd[20727]: 59F9C242EB: client=unknown[104.206.67.29]
Nov  1 06:21:35 conch postfix/cleanup[20731]: 59F9C242EB: message-id=<f8509babbeddea6fc34dc518b32b0476.9241667.23168842jdent@seaglass.com>
Nov  1 06:21:35 conch postfix/qmgr[25409]: 59F9C242EB: from=<NoMortgagePayments@sqnow.pw>, size=5781, nrcpt=1 (queue active)
Nov  1 06:21:35 conch postfix/smtpd[20727]: disconnect from unknown[104.206.67.29]
Nov  1 06:21:37 conch postfix/smtp[20732]: 59F9C242EB: to=<jdent@seaglass.com>, relay=mail.seaglass.com[74.220.219.61]:25, delay=2.6, delays=0.09/0/2.2/0.3, dsn=2.0.0, status=sent (250 OK id=1ZstVp-0007Pb-Q8)
Nov  1 06:21:37 conch postfix/qmgr[25409]: 59F9C242EB: removed
Nov  1 06:21:45 conch postfix/smtpd[20727]: warning: 104.206.67.29: address not listed for hostname 29-67-206-104.staticrdns.eonix.net
Nov  1 06:21:45 conch postfix/smtpd[20727]: connect from unknown[104.206.67.29]
Nov  1 06:21:45 conch postfix/smtpd[20727]: 843BD242EB: client=unknown[104.206.67.29]
Nov  1 06:21:45 conch postfix/cleanup[20731]: 843BD242EB: message-id=<5dcfd80285d21a72abf3c46e396c0002.18342697.16658494kdent@seaglass.com>
Nov  1 06:21:45 conch postfix/qmgr[25409]: 843BD242EB: from=<NoMortgagePayments@sqnow.pw>, size=5793, nrcpt=1 (queue active)
Nov  1 06:21:45 conch postfix/smtpd[20727]: disconnect from unknown[104.206.67.29]
Nov  1 06:21:48 conch postfix/smtp[20732]: 843BD242EB: to=<kdent@seaglass.com>, relay=mail.seaglass.com[74.220.219.61]:25, delay=2.6, delays=0.1/0/2.2/0.3, dsn=2.0.0, status=sent (250 OK id=1ZstVz-0007TR-Vx)
Nov  1 06:21:48 conch postfix/qmgr[25409]: 843BD242EB: removed
Nov  1 06:24:44 conch postfix/smtpd[20737]: connect from mta741.email.freepeople.com[38.103.51.53]
Nov  1 06:24:44 conch postfix/smtpd[20737]: A7803242EB: client=mta741.email.freepeople.com[38.103.51.53]
Nov  1 06:24:44 conch postfix/cleanup[20740]: A7803242EB: message-id=<b8gmddxb4xyhmuaup67w8rjgb47acv.13833172351.1024@mta741.email2.anthropologie.com>
Nov  1 06:24:44 conch postfix/qmgr[25409]: A7803242EB: from=<bo-b8gmddxb4xyhmuaup67w8rjgb47acv@b.email2.anthropologie.com>, size=20937, nrcpt=1 (queue active)
Nov  1 06:24:45 conch postfix/smtpd[20737]: disconnect from mta741.email.freepeople.com[38.103.51.53]
Nov  1 06:24:47 conch postfix/smtp[20741]: A7803242EB: to=<jdent@seaglass.com>, relay=mail.seaglass.com[74.220.219.61]:25, delay=3.1, delays=0.4/0.01/2.2/0.49, dsn=2.0.0, status=sent (250 OK id=1ZstYt-00009G-AG)
Nov  1 06:24:47 conch postfix/qmgr[25409]: A7803242EB: removed
Nov  1 06:26:25 conch postfix/smtpd[20744]: warning: 104.206.67.30: address not listed for hostname 30-67-206-104.staticrdns.eonix.net
Nov  1 06:26:25 conch postfix/smtpd[20744]: connect from unknown[104.206.67.30]
Nov  1 06:26:25 conch postfix/smtpd[20744]: 95C34242EB: client=unknown[104.206.67.30]
Nov  1 06:26:25 conch postfix/smtpd[20746]: connect from unknown[121.8.124.131]
Nov  1 06:26:26 conch postfix/cleanup[20748]: 95C34242EB: message-id=<0.0.3d7a0d781b11209669ef740f6068165e.18469468.9955820.0becky@seaglass.com>
Nov  1 06:26:26 conch postfix/qmgr[25409]: 95C34242EB: from=<US.Army.Gear@hahmm.pw>, size=8063, nrcpt=1 (queue active)
Nov  1 06:26:26 conch postfix/smtpd[20744]: disconnect from unknown[104.206.67.30]
Nov  1 06:26:26 conch postfix/smtpd[20746]: NOQUEUE: reject: RCPT from unknown[121.8.124.131]: 450 4.7.1 <mailserver.jeter.com.cn>: Helo command rejected: Host not found; from=<clients@notification.com> to=<kdent@seaglass.com> proto=SMTP helo=<mailserver.jeter.com.cn>
Nov  1 06:26:27 conch postfix/smtpd[20746]: disconnect from unknown[121.8.124.131]
Nov  1 06:26:29 conch postfix/smtp[20741]: 95C34242EB: to=<becky@seaglass.com>, relay=mail.seaglass.com[74.220.219.61]:25, delay=3.6, delays=1/0/2.2/0.36, dsn=2.0.0, status=sent (250 OK id=1ZstaW-0000tn-V0)
Nov  1 06:26:29 conch postfix/qmgr[25409]: 95C34242EB: removed
Nov  1 06:27:41 conch postfix/smtpd[20744]: warning: 104.206.67.30: address not listed for hostname 30-67-206-104.staticrdns.eonix.net
Nov  1 06:27:41 conch postfix/smtpd[20744]: connect from unknown[104.206.67.30]
Nov  1 06:27:41 conch postfix/smtpd[20744]: 56631242EB: client=unknown[104.206.67.30]
Nov  1 06:27:41 conch postfix/cleanup[20748]: 56631242EB: message-id=<0.0.f8509babbeddea6fc34dc518b32b0476.11282026.8288274.0jdent@seaglass.com>
Nov  1 06:27:41 conch postfix/qmgr[25409]: 56631242EB: from=<US.Army.Gear@hahmm.pw>, size=8063, nrcpt=1 (queue active)
Nov  1 06:27:41 conch postfix/smtpd[20744]: disconnect from unknown[104.206.67.30]
Nov  1 06:27:44 conch postfix/smtp[20741]: 56631242EB: to=<jdent@seaglass.com>, relay=mail.seaglass.com[74.220.219.61]:25, delay=3, delays=0.44/0/2.2/0.35, dsn=2.0.0, status=sent (250 OK id=1Zstbk-0001M9-4Y)
Nov  1 06:27:44 conch postfix/qmgr[25409]: 56631242EB: removed
Nov  1 06:28:21 conch postfix/smtpd[20744]: warning: 104.206.67.30: address not listed for hostname 30-67-206-104.staticrdns.eonix.net
Nov  1 06:28:21 conch postfix/smtpd[20744]: connect from unknown[104.206.67.30]
Nov  1 06:28:21 conch postfix/smtpd[20744]: BF23F242EB: client=unknown[104.206.67.30]
Nov  1 06:28:21 conch postfix/cleanup[20748]: BF23F242EB: message-id=<0.0.5dcfd80285d21a72abf3c46e396c0002.24539327.9239711.0kdent@seaglass.com>
Nov  1 06:28:21 conch postfix/qmgr[25409]: BF23F242EB: from=<US.Army.Gear@hahmm.pw>, size=8063, nrcpt=1 (queue active)
Nov  1 06:28:21 conch postfix/smtpd[20744]: disconnect from unknown[104.206.67.30]
Nov  1 06:28:24 conch postfix/smtp[20741]: BF23F242EB: to=<kdent@seaglass.com>, relay=mail.seaglass.com[74.220.219.61]:25, delay=2.7, delays=0.15/0/2.2/0.36, dsn=2.0.0, status=sent (250 OK id=1ZstcO-0001af-9A)
Nov  1 06:28:24 conch postfix/qmgr[25409]: BF23F242EB: removed
Nov  1 06:29:49 conch dovecot: imap-login: Disconnected (no auth attempts): rip=141.212.122.96, lip=67.223.235.197
Nov  1 06:29:58 conch postfix/smtpd[20744]: connect from 155.94.211.55.n01kk.seuigare.space[155.94.211.55]
Nov  1 06:29:58 conch postfix/smtpd[20744]: NOQUEUE: reject: RCPT from 155.94.211.55.n01kk.seuigare.space[155.94.211.55]: 554 5.7.1 Service unavailable; Client host [155.94.211.55] blocked using zen.spamhaus.org; http://www.spamhaus.org/sbl/query/SBLCSS; from=<Ed@seuigare.space> to=<riley@seaglass.com> proto=ESMTP helo=<n01kk.seuigare.space>
Nov  1 06:29:58 conch postfix/smtpd[20744]: disconnect from 155.94.211.55.n01kk.seuigare.space[155.94.211.55]
Nov  1 06:30:35 conch postfix/anvil[20729]: statistics: max connection rate 2/60s for (smtp:104.206.67.29) at Nov  1 06:21:35
Nov  1 06:30:35 conch postfix/anvil[20729]: statistics: max connection count 1 for (smtp:104.206.67.29) at Nov  1 06:20:35
Nov  1 06:30:35 conch postfix/anvil[20729]: statistics: max cache size 2 at Nov  1 06:20:47
Nov  1 06:32:27 conch postfix/smtpd[20768]: warning: 104.206.67.31: address not listed for hostname 31-67-206-104.staticrdns.eonix.net
Nov  1 06:32:27 conch postfix/smtpd[20768]: connect from unknown[104.206.67.31]
Nov  1 06:32:27 conch postfix/smtpd[20768]: 9E933242EB: client=unknown[104.206.67.31]
Nov  1 06:32:27 conch postfix/cleanup[20771]: 9E933242EB: message-id=<f8509babbeddea6fc34dc518b32b0476.20721678.12828171jdent@seaglass.com>
Nov  1 06:32:27 conch postfix/qmgr[25409]: 9E933242EB: from=<MacBook-Cyber-Monday-Overstock@mpgox.pw>, size=5726, nrcpt=1 (queue active)
Nov  1 06:32:27 conch postfix/smtpd[20768]: disconnect from unknown[104.206.67.31]
Nov  1 06:32:30 conch postfix/smtp[20772]: 9E933242EB: to=<jdent@seaglass.com>, relay=mail.seaglass.com[74.220.219.61]:25, delay=2.7, delays=0.14/0/2.2/0.31, dsn=2.0.0, status=sent (250 OK id=1ZstgM-0003Ak-4v)
Nov  1 06:32:30 conch postfix/qmgr[25409]: 9E933242EB: removed
Nov  1 06:32:52 conch postfix/smtpd[20768]: warning: 94.102.51.96: address not listed for hostname zed.yandex.ru
Nov  1 06:32:52 conch postfix/smtpd[20768]: connect from unknown[94.102.51.96]
Nov  1 06:32:52 conch postfix/smtpd[20768]: disconnect from unknown[94.102.51.96]
Nov  1 06:33:35 conch postfix/smtpd[20768]: connect from unknown[2.50.176.201]
Nov  1 06:33:36 conch postfix/smtpd[20768]: NOQUEUE: reject: RCPT from unknown[2.50.176.201]: 554 5.7.1 Service unavailable; Client host [2.50.176.201] blocked using zen.spamhaus.org; http://www.spamhaus.org/query/bl?ip=2.50.176.201; from=<genetik.motor@schwester.mailnet.dyndns.biz> to=<jdent@seaglass.com> proto=ESMTP helo=<[2.50.176.201]>
Nov  1 06:33:36 conch postfix/smtpd[20768]: lost connection after DATA (approximately 0 bytes) from unknown[2.50.176.201]
Nov  1 06:33:36 conch postfix/smtpd[20768]: disconnect from unknown[2.50.176.201]
Nov  1 06:33:55 conch postfix/smtpd[20768]: warning: 104.206.67.31: address not listed for hostname 31-67-206-104.staticrdns.eonix.net
Nov  1 06:33:55 conch postfix/smtpd[20768]: connect from unknown[104.206.67.31]
Nov  1 06:33:56 conch postfix/smtpd[20768]: 17B2E242EB: client=unknown[104.206.67.31]
Nov  1 06:33:56 conch postfix/cleanup[20771]: 17B2E242EB: message-id=<5dcfd80285d21a72abf3c46e396c0002.17364707.8868118kdent@seaglass.com>
Nov  1 06:33:56 conch postfix/qmgr[25409]: 17B2E242EB: from=<MacBook-Cyber-Monday-Overstock@mpgox.pw>, size=5707, nrcpt=1 (queue active)
Nov  1 06:33:56 conch postfix/smtpd[20768]: disconnect from unknown[104.206.67.31]
Nov  1 06:33:58 conch postfix/smtp[20772]: 17B2E242EB: to=<kdent@seaglass.com>, relay=mail.seaglass.com[74.220.219.61]:25, delay=2.6, delays=0.11/0/2.2/0.31, dsn=2.0.0, status=sent (250 OK id=1Zsthm-0003bk-I8)
Nov  1 06:33:58 conch postfix/qmgr[25409]: 17B2E242EB: removed
Nov  1 06:34:30 conch postfix/smtpd[20768]: warning: 104.206.67.31: address not listed for hostname 31-67-206-104.staticrdns.eonix.net
Nov  1 06:34:30 conch postfix/smtpd[20768]: connect from unknown[104.206.67.31]
Nov  1 06:34:31 conch postfix/smtpd[20768]: 09355242EB: client=unknown[104.206.67.31]
Nov  1 06:34:31 conch postfix/cleanup[20771]: 09355242EB: message-id=<3d7a0d781b11209669ef740f6068165e.4015020.17369010becky@seaglass.com>
Nov  1 06:34:31 conch postfix/qmgr[25409]: 09355242EB: from=<MacBook-Cyber-Monday-Overstock@mpgox.pw>, size=5716, nrcpt=1 (queue active)
Nov  1 06:34:31 conch postfix/smtpd[20768]: disconnect from unknown[104.206.67.31]
Nov  1 06:34:33 conch postfix/smtp[20772]: 09355242EB: to=<becky@seaglass.com>, relay=mail.seaglass.com[74.220.219.61]:25, delay=2.9, delays=0.35/0/2.2/0.3, dsn=2.0.0, status=sent (250 OK id=1ZstiL-0003nC-O0)
Nov  1 06:34:33 conch postfix/qmgr[25409]: 09355242EB: removed
Nov  1 06:35:21 conch postfix/smtpd[20768]: connect from rycusl0qi.redeemtopreserved.party[185.121.164.37]
Nov  1 06:35:21 conch postfix/smtpd[20779]: connect from rycusl0qi.redeemtopreserved.party[185.121.164.37]
Nov  1 06:35:21 conch postfix/smtpd[20768]: F1470242EB: client=rycusl0qi.redeemtopreserved.party[185.121.164.37]
Nov  1 06:35:22 conch postfix/smtpd[20779]: 1923A242EE: client=rycusl0qi.redeemtopreserved.party[185.121.164.37]
Nov  1 06:35:22 conch postfix/cleanup[20771]: F1470242EB: message-id=<5ca7e5fc91cc3f8b68b3d27a5e15c361-3044GQVOUWMULQU69636157-riley=seaglass.com@rycusl0qi.redeemtopreserved.party>
Nov  1 06:35:22 conch postfix/cleanup[20783]: 1923A242EE: message-id=<f8509babbeddea6fc34dc518b32b0476-3044YWRXQBRRMNW68959200-jdent=seaglass.com@rycusl0qi.redeemtopreserved.party>
Nov  1 06:35:22 conch postfix/qmgr[25409]: F1470242EB: from=<BLOOMBERG.BUSINESSWEEK...@redeemtopreserved.party>, size=7255, nrcpt=1 (queue active)
Nov  1 06:35:22 conch postfix/qmgr[25409]: 1923A242EE: from=<BLOOMBERG.BUSINESSWEEK..@redeemtopreserved.party>, size=7243, nrcpt=1 (queue active)
Nov  1 06:35:22 conch postfix/smtpd[20768]: disconnect from rycusl0qi.redeemtopreserved.party[185.121.164.37]
Nov  1 06:35:22 conch postfix/smtpd[20779]: disconnect from rycusl0qi.redeemtopreserved.party[185.121.164.37]
Nov  1 06:35:25 conch postfix/smtp[20772]: F1470242EB: to=<riley@seaglass.com>, relay=mail.seaglass.com[74.220.219.61]:25, delay=3.3, delays=0.68/0/2.2/0.36, dsn=2.0.0, status=sent (250 OK id=1ZstjA-0004Ah-Q1)
Nov  1 06:35:25 conch postfix/qmgr[25409]: F1470242EB: removed
Nov  1 06:35:25 conch postfix/smtp[20784]: 1923A242EE: to=<jdent@seaglass.com>, relay=mail.seaglass.com[74.220.219.61]:25, delay=3.4, delays=0.79/0.01/2.2/0.35, dsn=2.0.0, status=sent (250 OK id=1ZstjA-0004An-TQ)
Nov  1 06:35:25 conch postfix/qmgr[25409]: 1923A242EE: removed
Nov  1 06:36:13 conch postfix/smtpd[20768]: connect from 0jwxu.diurmerge.space[185.121.165.205]
Nov  1 06:36:14 conch postfix/smtpd[20768]: 3A57C242EB: client=0jwxu.diurmerge.space[185.121.165.205]
Nov  1 06:36:14 conch postfix/cleanup[20771]: 3A57C242EB: message-id=<87522574892005875221121112452621@0jwxu.diurmerge.space>
Nov  1 06:36:14 conch postfix/qmgr[25409]: 3A57C242EB: from=<DebraMartling@diurmerge.space>, size=14785, nrcpt=1 (queue active)
Nov  1 06:36:14 conch postfix/smtpd[20768]: disconnect from 0jwxu.diurmerge.space[185.121.165.205]
Nov  1 06:36:20 conch postfix/smtp[20772]: 3A57C242EB: to=<riley@seaglass.com>, relay=mail.seaglass.com[74.220.219.61]:25, delay=6.6, delays=0.68/0/2.2/3.7, dsn=2.0.0, status=sent (250 OK id=1Zstk4-0004Qh-Ad)
Nov  1 06:36:20 conch postfix/qmgr[25409]: 3A57C242EB: removed
Nov  1 06:37:48 conch postfix/smtpd[20768]: warning: 104.206.67.32: address not listed for hostname 32-67-206-104.staticrdns.eonix.net
Nov  1 06:37:48 conch postfix/smtpd[20768]: connect from unknown[104.206.67.32]
Nov  1 06:37:48 conch postfix/smtpd[20768]: 7EF72242EB: client=unknown[104.206.67.32]
Nov  1 06:37:48 conch postfix/cleanup[20771]: 7EF72242EB: message-id=<0.0.3d7a0d781b11209669ef740f6068165e.19850625.18474107.0becky@seaglass.com>
Nov  1 06:37:48 conch postfix/qmgr[25409]: 7EF72242EB: from=<Big-Energy-Collapse@boolg.pw>, size=4984, nrcpt=1 (queue active)
Nov  1 06:37:48 conch postfix/smtpd[20768]: disconnect from unknown[104.206.67.32]
Nov  1 06:37:51 conch postfix/smtp[20772]: 7EF72242EB: to=<becky@seaglass.com>, relay=mail.seaglass.com[74.220.219.61]:25, delay=2.7, delays=0.22/0/2.2/0.3, dsn=2.0.0, status=sent (250 OK id=1ZstlW-0004te-VR)
Nov  1 06:37:51 conch postfix/qmgr[25409]: 7EF72242EB: removed
Nov  1 06:38:04 conch postfix/smtpd[20768]: warning: 104.206.67.32: address not listed for hostname 32-67-206-104.staticrdns.eonix.net
Nov  1 06:38:04 conch postfix/smtpd[20768]: connect from unknown[104.206.67.32]
Nov  1 06:38:04 conch postfix/smtpd[20768]: 9F33A242EB: client=unknown[104.206.67.32]
Nov  1 06:38:04 conch postfix/cleanup[20771]: 9F33A242EB: message-id=<0.0.5dcfd80285d21a72abf3c46e396c0002.12806974.1873964.0kdent@seaglass.com>
Nov  1 06:38:04 conch postfix/qmgr[25409]: 9F33A242EB: from=<Big-Energy-Collapse@boolg.pw>, size=4971, nrcpt=1 (queue active)
Nov  1 06:38:04 conch postfix/smtpd[20768]: disconnect from unknown[104.206.67.32]
Nov  1 06:38:07 conch postfix/smtp[20772]: 9F33A242EB: to=<kdent@seaglass.com>, relay=mail.seaglass.com[74.220.219.61]:25, delay=2.6, delays=0.07/0/2.2/0.3, dsn=2.0.0, status=sent (250 OK id=1Zstln-000504-2d)
Nov  1 06:38:07 conch postfix/qmgr[25409]: 9F33A242EB: removed
Nov  1 06:38:52 conch postfix/smtpd[20768]: warning: 104.206.67.32: address not listed for hostname 32-67-206-104.staticrdns.eonix.net
Nov  1 06:38:52 conch postfix/smtpd[20768]: connect from unknown[104.206.67.32]
Nov  1 06:38:52 conch postfix/smtpd[20768]: 781D0242EB: client=unknown[104.206.67.32]
Nov  1 06:38:52 conch postfix/cleanup[20771]: 781D0242EB: message-id=<0.0.f8509babbeddea6fc34dc518b32b0476.17560456.20900084.0jdent@seaglass.com>
Nov  1 06:38:52 conch postfix/qmgr[25409]: 781D0242EB: from=<Big-Energy-Collapse@boolg.pw>, size=4984, nrcpt=1 (queue active)
Nov  1 06:38:52 conch postfix/smtpd[20768]: disconnect from unknown[104.206.67.32]
Nov  1 06:38:55 conch postfix/smtp[20772]: 781D0242EB: to=<jdent@seaglass.com>, relay=mail.seaglass.com[74.220.219.61]:25, delay=2.9, delays=0.36/0/2.2/0.3, dsn=2.0.0, status=sent (250 OK id=1ZstmZ-0005FL-6b)
Nov  1 06:38:55 conch postfix/qmgr[25409]: 781D0242EB: removed
Nov  1 06:40:35 conch postfix/anvil[20729]: statistics: max connection rate 2/60s for (smtp:104.206.67.31) at Nov  1 06:34:30
Nov  1 06:40:35 conch postfix/anvil[20729]: statistics: max connection count 2 for (smtp:185.121.164.37) at Nov  1 06:35:21
Nov  1 06:40:35 conch postfix/anvil[20729]: statistics: max cache size 2 at Nov  1 06:32:52
Nov  1 06:41:30 conch postfix/smtpd[20806]: connect from unknown[121.8.124.131]
Nov  1 06:41:31 conch postfix/smtpd[20806]: NOQUEUE: reject: RCPT from unknown[121.8.124.131]: 450 4.7.1 <mailserver.jeter.com.cn>: Helo command rejected: Host not found; from=<clients@notification.com> to=<kdent@seaglass.com> proto=SMTP helo=<mailserver.jeter.com.cn>
Nov  1 06:41:31 conch postfix/smtpd[20806]: disconnect from unknown[121.8.124.131]
Nov  1 06:42:26 conch postfix/qmgr[25409]: ABC85242CA: from=<>, size=6775, nrcpt=1 (queue active)
Nov  1 06:42:28 conch postfix/smtp[20811]: ABC85242CA: to=<roy-brierley@talktalk.net>, relay=mx-c1.talktalk.net[62.24.202.3]:25, delay=319719, delays=319717/0.01/1.6/0.46, dsn=4.0.0, status=deferred (host mx-c1.talktalk.net[62.24.202.3] said: 452 Too many recipients received from the sender (in reply to RCPT TO command))
Nov  1 06:43:14 conch postfix/smtpd[20813]: warning: 104.206.67.33: address not listed for hostname 33-67-206-104.staticrdns.eonix.net
Nov  1 06:43:14 conch postfix/smtpd[20813]: connect from unknown[104.206.67.33]
Nov  1 06:43:15 conch postfix/smtpd[20813]: 46D84242EB: client=unknown[104.206.67.33]
Nov  1 06:43:15 conch postfix/cleanup[20816]: 46D84242EB: message-id=<5dcfd80285d21a72abf3c46e396c0002.7844987.19380288kdent@seaglass.com>
Nov  1 06:43:15 conch postfix/qmgr[25409]: 46D84242EB: from=<Allstate-Auto-Insurance@lbace.pw>, size=5532, nrcpt=1 (queue active)
Nov  1 06:43:15 conch postfix/smtpd[20813]: disconnect from unknown[104.206.67.33]
Nov  1 06:43:18 conch postfix/smtp[20811]: 46D84242EB: to=<kdent@seaglass.com>, relay=mail.seaglass.com[74.220.219.61]:25, delay=3.2, delays=0.63/0/2.2/0.3, dsn=2.0.0, status=sent (250 OK id=1Zstqo-0006jX-2y)
Nov  1 06:43:18 conch postfix/qmgr[25409]: 46D84242EB: removed
Nov  1 06:44:07 conch postfix/smtpd[20813]: warning: 104.206.67.33: address not listed for hostname 33-67-206-104.staticrdns.eonix.net
Nov  1 06:44:07 conch postfix/smtpd[20813]: connect from unknown[104.206.67.33]
Nov  1 06:44:07 conch postfix/smtpd[20813]: 855A8242EB: client=unknown[104.206.67.33]
Nov  1 06:44:07 conch postfix/cleanup[20816]: 855A8242EB: message-id=<f8509babbeddea6fc34dc518b32b0476.5253672.20434029jdent@seaglass.com>
Nov  1 06:44:07 conch postfix/qmgr[25409]: 855A8242EB: from=<Allstate-Auto-Insurance@lbace.pw>, size=5532, nrcpt=1 (queue active)
Nov  1 06:44:07 conch postfix/smtpd[20813]: disconnect from unknown[104.206.67.33]
Nov  1 06:44:10 conch postfix/smtp[20811]: 855A8242EB: to=<jdent@seaglass.com>, relay=mail.seaglass.com[74.220.219.61]:25, delay=2.6, delays=0.09/0/2.2/0.3, dsn=2.0.0, status=sent (250 OK id=1Zstrd-00070r-VU)
Nov  1 06:44:10 conch postfix/qmgr[25409]: 855A8242EB: removed
Nov  1 06:44:28 conch postfix/smtpd[20813]: warning: 104.223.4.187: address not listed for hostname 104.223.4.187.static.quadranet.com
Nov  1 06:44:28 conch postfix/smtpd[20813]: connect from unknown[104.223.4.187]
Nov  1 06:44:28 conch postfix/smtpd[20813]: NOQUEUE: reject: RCPT from unknown[104.223.4.187]: 554 5.7.1 <david@seaglass.com>: Recipient address rejected: Access denied; from=<fatcrushersystem@fatbcun.org> to=<david@seaglass.com> proto=ESMTP helo=<disclaimer.fatbcun.org>
Nov  1 06:44:28 conch postfix/smtpd[20813]: disconnect from unknown[104.223.4.187]
Nov  1 06:44:38 conch postfix/smtpd[20813]: warning: 104.206.67.33: address not listed for hostname 33-67-206-104.staticrdns.eonix.net
Nov  1 06:44:38 conch postfix/smtpd[20813]: connect from unknown[104.206.67.33]
Nov  1 06:44:38 conch postfix/smtpd[20813]: EE6F2242EB: client=unknown[104.206.67.33]
Nov  1 06:44:39 conch postfix/cleanup[20816]: EE6F2242EB: message-id=<3d7a0d781b11209669ef740f6068165e.10589603.5511038becky@seaglass.com>
Nov  1 06:44:39 conch postfix/qmgr[25409]: EE6F2242EB: from=<Allstate-Auto-Insurance@lbace.pw>, size=5527, nrcpt=1 (queue active)
Nov  1 06:44:39 conch postfix/smtpd[20813]: disconnect from unknown[104.206.67.33]
Nov  1 06:44:41 conch postfix/smtp[20811]: EE6F2242EB: to=<becky@seaglass.com>, relay=mail.seaglass.com[74.220.219.61]:25, delay=2.6, delays=0.09/0/2.2/0.3, dsn=2.0.0, status=sent (250 OK id=1Zsts9-00079m-DO)
Nov  1 06:44:41 conch postfix/qmgr[25409]: EE6F2242EB: removed
Nov  1 06:45:50 conch postfix/smtpd[20813]: connect from unknown[205.237.88.139]
Nov  1 06:45:51 conch postfix/smtpd[20813]: disconnect from unknown[205.237.88.139]
Nov  1 06:48:14 conch postfix/smtpd[20822]: warning: 104.206.67.34: address not listed for hostname 34-67-206-104.staticrdns.eonix.net
Nov  1 06:48:14 conch postfix/smtpd[20822]: connect from unknown[104.206.67.34]
Nov  1 06:48:16 conch postfix/smtpd[20822]: EF54B242EB: client=unknown[104.206.67.34]
Nov  1 06:48:17 conch postfix/cleanup[20825]: EF54B242EB: message-id=<0.0.3d7a0d781b11209669ef740f6068165e.1616790.6020760.0becky@seaglass.com>
Nov  1 06:48:17 conch postfix/qmgr[25409]: EF54B242EB: from=<MichaelKors_Fall_Liquidation@oblam.pw>, size=2994, nrcpt=1 (queue active)
Nov  1 06:48:17 conch postfix/smtpd[20822]: disconnect from unknown[104.206.67.34]
Nov  1 06:48:19 conch postfix/smtp[20826]: EF54B242EB: to=<becky@seaglass.com>, relay=mail.seaglass.com[74.220.219.61]:25, delay=2.9, delays=0.37/0.01/2.2/0.3, dsn=2.0.0, status=sent (250 OK id=1Zstvf-0008JG-EU)
Nov  1 06:48:19 conch postfix/qmgr[25409]: EF54B242EB: removed
Nov  1 06:49:13 conch postfix/smtpd[20822]: warning: 104.206.67.34: address not listed for hostname 34-67-206-104.staticrdns.eonix.net
Nov  1 06:49:13 conch postfix/smtpd[20822]: connect from unknown[104.206.67.34]
Nov  1 06:49:13 conch postfix/smtpd[20822]: 849D0242EB: client=unknown[104.206.67.34]
Nov  1 06:49:13 conch postfix/cleanup[20825]: 849D0242EB: message-id=<0.0.5dcfd80285d21a72abf3c46e396c0002.2452643.10643800.0kdent@seaglass.com>
Nov  1 06:49:13 conch postfix/qmgr[25409]: 849D0242EB: from=<MichaelKors_Fall_Liquidation@oblam.pw>, size=3013, nrcpt=1 (queue active)
Nov  1 06:49:13 conch postfix/smtpd[20822]: disconnect from unknown[104.206.67.34]
Nov  1 06:49:16 conch postfix/smtp[20826]: 849D0242EB: to=<kdent@seaglass.com>, relay=mail.seaglass.com[74.220.219.61]:25, delay=2.6, delays=0.08/0/2.2/0.3, dsn=2.0.0, status=sent (250 OK id=1ZstwZ-0000dS-VV)
Nov  1 06:49:16 conch postfix/qmgr[25409]: 849D0242EB: removed
Nov  1 06:49:37 conch postfix/smtpd[20822]: warning: 104.206.67.34: address not listed for hostname 34-67-206-104.staticrdns.eonix.net
Nov  1 06:49:37 conch postfix/smtpd[20822]: connect from unknown[104.206.67.34]
Nov  1 06:49:38 conch postfix/smtpd[20822]: 0DFCF242EB: client=unknown[104.206.67.34]
Nov  1 06:49:38 conch postfix/cleanup[20825]: 0DFCF242EB: message-id=<0.0.f8509babbeddea6fc34dc518b32b0476.22133237.6509527.0jdent@seaglass.com>
Nov  1 06:49:38 conch postfix/qmgr[25409]: 0DFCF242EB: from=<MichaelKors_Fall_Liquidation@oblam.pw>, size=3001, nrcpt=1 (queue active)
Nov  1 06:49:38 conch postfix/smtpd[20822]: disconnect from unknown[104.206.67.34]
Nov  1 06:49:40 conch postfix/smtp[20826]: 0DFCF242EB: to=<jdent@seaglass.com>, relay=mail.seaglass.com[74.220.219.61]:25, delay=2.6, delays=0.1/0/2.2/0.3, dsn=2.0.0, status=sent (250 OK id=1Zstwy-0000mL-GN)
Nov  1 06:49:40 conch postfix/qmgr[25409]: 0DFCF242EB: removed
Nov  1 06:50:35 conch postfix/anvil[20729]: statistics: max connection rate 2/60s for (smtp:104.206.67.33) at Nov  1 06:44:07
Nov  1 06:50:35 conch postfix/anvil[20729]: statistics: max connection count 1 for (smtp:121.8.124.131) at Nov  1 06:41:30
Nov  1 06:50:35 conch postfix/anvil[20729]: statistics: max cache size 2 at Nov  1 06:44:28
Nov  1 06:50:55 conch postfix/smtpd[20822]: warning: 204.152.221.27: address not listed for hostname spcr-10.letsgoemkt.me
Nov  1 06:50:55 conch postfix/smtpd[20822]: connect from unknown[204.152.221.27]
Nov  1 06:50:55 conch postfix/smtpd[20845]: warning: 204.152.221.27: address not listed for hostname spcr-10.letsgoemkt.me
Nov  1 06:50:55 conch postfix/smtpd[20845]: connect from unknown[204.152.221.27]
Nov  1 06:50:55 conch postfix/smtpd[20845]: NOQUEUE: reject: RCPT from unknown[204.152.221.27]: 554 5.7.1 Service unavailable; Client host [204.152.221.27] blocked using zen.spamhaus.org; http://www.spamhaus.org/sbl/query/SBLCSS; from=<PatioClearance@patiodevelop.xyz> to=<kdent@seaglass.com> proto=ESMTP helo=<004c71d8.patiodevelop.xyz>
Nov  1 06:50:55 conch postfix/smtpd[20822]: NOQUEUE: reject: RCPT from unknown[204.152.221.27]: 554 5.7.1 Service unavailable; Client host [204.152.221.27] blocked using zen.spamhaus.org; http://www.spamhaus.org/sbl/query/SBLCSS; from=<PatioFurnitureDeals@patiodevelop.xyz> to=<jdent@seaglass.com> proto=ESMTP helo=<0017a3e7.patiodevelop.xyz>
Nov  1 06:51:02 conch postfix/smtpd[20845]: disconnect from unknown[204.152.221.27]
Nov  1 06:51:03 conch postfix/smtpd[20822]: disconnect from unknown[204.152.221.27]
Nov  1 06:53:05 conch postfix/smtpd[20850]: connect from 91.154.14.62.static.jazztel.es[62.14.154.91]
Nov  1 06:53:06 conch postfix/smtpd[20850]: NOQUEUE: reject: RCPT from 91.154.14.62.static.jazztel.es[62.14.154.91]: 554 5.7.1 Service unavailable; Client host [62.14.154.91] blocked using zen.spamhaus.org; http://www.spamhaus.org/query/bl?ip=62.14.154.91; from=<hkbendixen@yahoo.dk> to=<jdent@seaglass.com> proto=ESMTP helo=<91.154.14.62.static.jazztel.es>
Nov  1 06:53:07 conch postfix/smtpd[20850]: lost connection after DATA (approximately 0 bytes) from 91.154.14.62.static.jazztel.es[62.14.154.91]
Nov  1 06:53:07 conch postfix/smtpd[20850]: disconnect from 91.154.14.62.static.jazztel.es[62.14.154.91]
Nov  1 06:54:03 conch postfix/smtpd[20850]: warning: 104.206.67.35: address not listed for hostname 35-67-206-104.staticrdns.eonix.net
Nov  1 06:54:03 conch postfix/smtpd[20850]: connect from unknown[104.206.67.35]
Nov  1 06:54:04 conch postfix/smtpd[20850]: 7E9D7242EB: client=unknown[104.206.67.35]
Nov  1 06:54:04 conch postfix/cleanup[20854]: 7E9D7242EB: message-id=<5dcfd80285d21a72abf3c46e396c0002.11974763.11209170kdent@seaglass.com>
Nov  1 06:54:04 conch postfix/qmgr[25409]: 7E9D7242EB: from=<Farmers-Auto-Insurance@bxgov.pw>, size=5978, nrcpt=1 (queue active)
Nov  1 06:54:05 conch postfix/smtpd[20850]: disconnect from unknown[104.206.67.35]
Nov  1 06:54:07 conch postfix/smtp[20855]: 7E9D7242EB: to=<kdent@seaglass.com>, relay=mail.seaglass.com[74.220.219.61]:25, delay=2.9, delays=0.42/0.01/2.2/0.3, dsn=2.0.0, status=sent (250 OK id=1Zsu1H-0002h2-1c)
Nov  1 06:54:07 conch postfix/qmgr[25409]: 7E9D7242EB: removed
Nov  1 06:55:13 conch postfix/smtpd[20850]: warning: 104.206.67.35: address not listed for hostname 35-67-206-104.staticrdns.eonix.net
Nov  1 06:55:13 conch postfix/smtpd[20850]: connect from unknown[104.206.67.35]
Nov  1 06:55:13 conch postfix/smtpd[20850]: 303FA242EB: client=unknown[104.206.67.35]
Nov  1 06:55:13 conch postfix/cleanup[20854]: 303FA242EB: message-id=<f8509babbeddea6fc34dc518b32b0476.6274986.10538457jdent@seaglass.com>
Nov  1 06:55:13 conch postfix/qmgr[25409]: 303FA242EB: from=<Farmers-Auto-Insurance@bxgov.pw>, size=5968, nrcpt=1 (queue active)
Nov  1 06:55:13 conch postfix/smtpd[20850]: disconnect from unknown[104.206.67.35]
Nov  1 06:55:15 conch postfix/smtpd[20850]: warning: 104.206.67.35: address not listed for hostname 35-67-206-104.staticrdns.eonix.net
Nov  1 06:55:15 conch postfix/smtpd[20850]: connect from unknown[104.206.67.35]
Nov  1 06:55:15 conch postfix/smtpd[20850]: AF2B6242EE: client=unknown[104.206.67.35]
Nov  1 06:55:15 conch postfix/cleanup[20854]: AF2B6242EE: message-id=<3d7a0d781b11209669ef740f6068165e.11179142.3332415becky@seaglass.com>
Nov  1 06:55:15 conch postfix/smtp[20855]: 303FA242EB: to=<jdent@seaglass.com>, relay=mail.seaglass.com[74.220.219.61]:25, delay=2.6, delays=0.11/0/2.2/0.3, dsn=2.0.0, status=sent (250 OK id=1Zsu2N-0003Dh-LI)
Nov  1 06:55:15 conch postfix/qmgr[25409]: 303FA242EB: removed
Nov  1 06:55:15 conch postfix/qmgr[25409]: AF2B6242EE: from=<Farmers-Auto-Insurance@bxgov.pw>, size=5954, nrcpt=1 (queue active)
Nov  1 06:55:15 conch postfix/smtpd[20850]: disconnect from unknown[104.206.67.35]
Nov  1 06:55:18 conch postfix/smtp[20855]: AF2B6242EE: to=<becky@seaglass.com>, relay=mail.seaglass.com[74.220.219.61]:25, delay=2.6, delays=0.1/0/2.2/0.3, dsn=2.0.0, status=sent (250 OK id=1Zsu2Q-0003EY-5q)
Nov  1 06:55:18 conch postfix/qmgr[25409]: AF2B6242EE: removed
Nov  1 06:56:32 conch postfix/smtpd[20850]: connect from unknown[121.8.124.131]
Nov  1 06:56:33 conch postfix/smtpd[20850]: NOQUEUE: reject: RCPT from unknown[121.8.124.131]: 450 4.7.1 <mailserver.jeter.com.cn>: Helo command rejected: Host not found; from=<clients@notification.com> to=<kdent@seaglass.com> proto=SMTP helo=<mailserver.jeter.com.cn>
Nov  1 06:56:34 conch postfix/smtpd[20850]: disconnect from unknown[121.8.124.131]
Nov  1 06:59:54 conch postfix/anvil[20729]: statistics: max connection rate 2/60s for (smtp:204.152.221.27) at Nov  1 06:50:55
Nov  1 06:59:54 conch postfix/anvil[20729]: statistics: max connection count 2 for (smtp:204.152.221.27) at Nov  1 06:50:55
Nov  1 06:59:54 conch postfix/anvil[20729]: statistics: max cache size 2 at Nov  1 06:54:03
Nov  1 06:59:55 conch postfix/smtpd[20861]: warning: 104.206.67.36: address not listed for hostname 36-67-206-104.staticrdns.eonix.net
Nov  1 06:59:55 conch postfix/smtpd[20861]: connect from unknown[104.206.67.36]
Nov  1 06:59:55 conch postfix/smtpd[20861]: 8547F242EB: client=unknown[104.206.67.36]
Nov  1 06:59:55 conch postfix/cleanup[20865]: 8547F242EB: message-id=<0.0.3d7a0d781b11209669ef740f6068165e.16424988.6452944.0becky@seaglass.com>
Nov  1 06:59:55 conch postfix/qmgr[25409]: 8547F242EB: from=<Samsung.October.Deals@kidnu.pw>, size=2936, nrcpt=1 (queue active)
Nov  1 06:59:55 conch postfix/smtpd[20861]: disconnect from unknown[104.206.67.36]
Nov  1 06:59:58 conch postfix/smtp[20866]: 8547F242EB: to=<becky@seaglass.com>, relay=mail.seaglass.com[74.220.219.61]:25, delay=2.8, delays=0.25/0.01/2.2/0.3, dsn=2.0.0, status=sent (250 OK id=1Zsu6w-0004w8-0b)
Nov  1 06:59:58 conch postfix/qmgr[25409]: 8547F242EB: removed
Nov  1 07:00:08 conch postfix/smtpd[20861]: warning: 104.206.67.36: address not listed for hostname 36-67-206-104.staticrdns.eonix.net
Nov  1 07:00:08 conch postfix/smtpd[20861]: connect from unknown[104.206.67.36]
Nov  1 07:00:08 conch postfix/smtpd[20861]: A215B242EB: client=unknown[104.206.67.36]
Nov  1 07:00:08 conch postfix/cleanup[20865]: A215B242EB: message-id=<0.0.f8509babbeddea6fc34dc518b32b0476.21665353.7171116.0jdent@seaglass.com>
Nov  1 07:00:08 conch postfix/qmgr[25409]: A215B242EB: from=<Samsung.October.Deals@kidnu.pw>, size=2936, nrcpt=1 (queue active)
Nov  1 07:00:08 conch postfix/smtpd[20861]: disconnect from unknown[104.206.67.36]
Nov  1 07:00:11 conch postfix/smtp[20866]: A215B242EB: to=<jdent@seaglass.com>, relay=mail.seaglass.com[74.220.219.61]:25, delay=2.6, delays=0.1/0/2.2/0.3, dsn=2.0.0, status=sent (250 OK id=1Zsu79-00059E-3y)
Nov  1 07:00:11 conch postfix/qmgr[25409]: A215B242EB: removed
Nov  1 07:00:36 conch postfix/smtpd[20861]: warning: 104.206.67.36: address not listed for hostname 36-67-206-104.staticrdns.eonix.net
Nov  1 07:00:36 conch postfix/smtpd[20861]: connect from unknown[104.206.67.36]
Nov  1 07:00:36 conch postfix/smtpd[20861]: AC4F8242EB: client=unknown[104.206.67.36]
Nov  1 07:00:37 conch postfix/cleanup[20865]: AC4F8242EB: message-id=<0.0.5dcfd80285d21a72abf3c46e396c0002.10203785.1579411.0kdent@seaglass.com>
Nov  1 07:00:37 conch postfix/qmgr[25409]: AC4F8242EB: from=<Samsung.October.Deals@kidnu.pw>, size=2936, nrcpt=1 (queue active)
Nov  1 07:00:37 conch postfix/smtpd[20861]: disconnect from unknown[104.206.67.36]
Nov  1 07:00:39 conch postfix/smtp[20866]: AC4F8242EB: to=<kdent@seaglass.com>, relay=mail.seaglass.com[74.220.219.61]:25, delay=2.9, delays=0.36/0/2.2/0.3, dsn=2.0.0, status=sent (250 OK id=1Zsu7b-0005Kz-Dj)
Nov  1 07:00:39 conch postfix/qmgr[25409]: AC4F8242EB: removed
Nov  1 07:01:53 conch postfix/smtpd[20861]: connect from nt198.areer.org[176.53.124.198]
Nov  1 07:01:53 conch postfix/smtpd[20861]: D3D4D242EB: client=nt198.areer.org[176.53.124.198]
Nov  1 07:01:54 conch postfix/cleanup[20865]: D3D4D242EB: message-id=<0566ea4eb8967320d09ea7d4156bd472@nt198.areer.org>
Nov  1 07:01:54 conch postfix/qmgr[25409]: D3D4D242EB: from=<3d7a0d781b11209669ef740f6068165e@nt198.areer.org>, size=7226, nrcpt=1 (queue active)
Nov  1 07:01:54 conch postfix/smtpd[20861]: disconnect from nt198.areer.org[176.53.124.198]
Nov  1 07:01:59 conch postfix/smtp[20866]: D3D4D242EB: to=<becky@seaglass.com>, relay=mail.seaglass.com[74.220.219.61]:25, delay=5.8, delays=0.56/0/2.2/3.1, dsn=2.0.0, status=sent (250 OK id=1Zsu8t-0005tp-43)
Nov  1 07:01:59 conch postfix/qmgr[25409]: D3D4D242EB: removed
Nov  1 07:02:26 conch postfix/qmgr[25409]: B3405242E7: from=<>, size=16645, nrcpt=1 (queue active)
Nov  1 07:02:26 conch postfix/smtp[20866]: B3405242E7: to=<ShoppingGuide:KitchenCabinets@findivisitnighteen.download>, relay=lbzod.findivisitnighteen.download[128.177.48.75]:25, delay=248282, delays=248282/0.01/0.17/0, dsn=4.4.2, status=deferred (lost connection with lbzod.findivisitnighteen.download[128.177.48.75] while receiving the initial server greeting)
Nov  1 07:03:02 conch postfix/smtpd[20861]: warning: 96.45.70.40: address not listed for hostname fiftyfivegloriouscontacts.net
Nov  1 07:03:02 conch postfix/smtpd[20861]: connect from unknown[96.45.70.40]
Nov  1 07:03:02 conch postfix/smtpd[20861]: E7B6A242EB: client=unknown[96.45.70.40]
Nov  1 07:03:03 conch postfix/cleanup[20865]: E7B6A242EB: message-id=<2888277223634288818131652830@t8ta408h.hypervically.download>
Nov  1 07:03:03 conch postfix/qmgr[25409]: E7B6A242EB: from=<SUV-Deals@hypervically.download>, size=6528, nrcpt=1 (queue active)
Nov  1 07:03:03 conch postfix/smtpd[20861]: disconnect from unknown[96.45.70.40]
Nov  1 07:03:05 conch postfix/smtp[20866]: E7B6A242EB: to=<jdent@seaglass.com>, relay=mail.seaglass.com[74.220.219.61]:25, delay=3, delays=0.46/0/2.2/0.3, dsn=2.0.0, status=sent (250 OK id=1Zsu9x-0006NE-IY)
Nov  1 07:03:05 conch postfix/qmgr[25409]: E7B6A242EB: removed
Nov  1 07:04:43 conch postfix/smtpd[20894]: warning: 104.206.67.37: address not listed for hostname 37-67-206-104.staticrdns.eonix.net
Nov  1 07:04:43 conch postfix/smtpd[20894]: connect from unknown[104.206.67.37]
Nov  1 07:04:43 conch postfix/smtpd[20894]: A6A62242EB: client=unknown[104.206.67.37]
Nov  1 07:04:43 conch postfix/cleanup[20897]: A6A62242EB: message-id=<0.0.f8509babbeddea6fc34dc518b32b0476.11400886.5889188.0jdent@seaglass.com>
Nov  1 07:04:43 conch postfix/qmgr[25409]: A6A62242EB: from=<Regrow-Natural-Hair@trscc.pw>, size=4935, nrcpt=1 (queue active)
Nov  1 07:04:43 conch postfix/smtpd[20894]: disconnect from unknown[104.206.67.37]
Nov  1 07:04:46 conch postfix/smtp[20866]: A6A62242EB: to=<jdent@seaglass.com>, relay=mail.seaglass.com[74.220.219.61]:25, delay=2.6, delays=0.09/0/2.2/0.3, dsn=2.0.0, status=sent (250 OK id=1ZsuBa-0006wF-3q)
Nov  1 07:04:46 conch postfix/qmgr[25409]: A6A62242EB: removed
Nov  1 07:04:50 conch postfix/smtpd[20894]: warning: 104.206.67.37: address not listed for hostname 37-67-206-104.staticrdns.eonix.net
Nov  1 07:04:50 conch postfix/smtpd[20894]: connect from unknown[104.206.67.37]
Nov  1 07:04:50 conch postfix/smtpd[20894]: 44616242EB: client=unknown[104.206.67.37]
Nov  1 07:04:50 conch postfix/cleanup[20897]: 44616242EB: message-id=<0.0.5dcfd80285d21a72abf3c46e396c0002.13668925.1269774.0kdent@seaglass.com>
Nov  1 07:04:50 conch postfix/qmgr[25409]: 44616242EB: from=<Regrow-Natural-Hair@trscc.pw>, size=4935, nrcpt=1 (queue active)
Nov  1 07:04:50 conch postfix/smtpd[20894]: disconnect from unknown[104.206.67.37]
Nov  1 07:04:52 conch postfix/smtp[20866]: 44616242EB: to=<kdent@seaglass.com>, relay=mail.seaglass.com[74.220.219.61]:25, delay=2.6, delays=0.1/0/2.2/0.3, dsn=2.0.0, status=sent (250 OK id=1ZsuBg-0006xy-Ne)
Nov  1 07:04:52 conch postfix/qmgr[25409]: 44616242EB: removed
Nov  1 07:05:38 conch postfix/smtpd[20894]: connect from mail.dlhwebconsultancy.co.uk[88.198.25.43]
Nov  1 07:05:38 conch postfix/smtpd[20894]: NOQUEUE: reject: RCPT from mail.dlhwebconsultancy.co.uk[88.198.25.43]: 554 5.7.1 <reception@seaglass.com>: Recipient address rejected: Access denied; from=<mark@dlhwebconsultancy.co.uk> to=<reception@seaglass.com> proto=ESMTP helo=<mail.dlhwebconsultancy.co.uk>
Nov  1 07:05:38 conch postfix/smtpd[20894]: disconnect from mail.dlhwebconsultancy.co.uk[88.198.25.43]
Nov  1 07:06:23 conch postfix/smtpd[20894]: warning: 104.206.67.37: address not listed for hostname 37-67-206-104.staticrdns.eonix.net
Nov  1 07:06:23 conch postfix/smtpd[20894]: connect from unknown[104.206.67.37]
Nov  1 07:06:23 conch postfix/smtpd[20894]: BB519242EB: client=unknown[104.206.67.37]
Nov  1 07:06:23 conch postfix/cleanup[20897]: BB519242EB: message-id=<0.0.3d7a0d781b11209669ef740f6068165e.10926641.4070873.0becky@seaglass.com>
Nov  1 07:06:23 conch postfix/qmgr[25409]: BB519242EB: from=<Regrow-Natural-Hair@trscc.pw>, size=4935, nrcpt=1 (queue active)
Nov  1 07:06:23 conch postfix/smtpd[20894]: disconnect from unknown[104.206.67.37]
Nov  1 07:06:26 conch postfix/smtp[20866]: BB519242EB: to=<becky@seaglass.com>, relay=mail.seaglass.com[74.220.219.61]:25, delay=2.6, delays=0.1/0/2.2/0.3, dsn=2.0.0, status=sent (250 OK id=1ZsuDC-0007aX-6p)
Nov  1 07:06:26 conch postfix/qmgr[25409]: BB519242EB: removed
Nov  1 07:09:44 conch postfix/anvil[20863]: statistics: max connection rate 3/60s for (smtp:104.206.67.36) at Nov  1 07:00:36
Nov  1 07:09:44 conch postfix/anvil[20863]: statistics: max connection count 1 for (smtp:104.206.67.36) at Nov  1 06:59:55
Nov  1 07:09:44 conch postfix/anvil[20863]: statistics: max cache size 2 at Nov  1 07:05:38
Nov  1 07:10:03 conch postfix/smtpd[20918]: warning: 104.206.67.38: address not listed for hostname 38-67-206-104.staticrdns.eonix.net
Nov  1 07:10:03 conch postfix/smtpd[20918]: connect from unknown[104.206.67.38]
Nov  1 07:10:03 conch postfix/smtpd[20918]: NOQUEUE: reject: RCPT from unknown[104.206.67.38]: 554 5.7.1 Service unavailable; Client host [104.206.67.38] blocked using zen.spamhaus.org; http://www.spamhaus.org/sbl/query/SBL274914; from=<Groupon-Discount@chyen.pw> to=<kdent@seaglass.com> proto=ESMTP helo=<chyen.pw>
Nov  1 07:10:03 conch postfix/smtpd[20918]: disconnect from unknown[104.206.67.38]
Nov  1 07:10:17 conch postfix/smtpd[20918]: connect from iiq8k.1sors.space[155.94.243.24]
Nov  1 07:10:17 conch postfix/smtpd[20918]: NOQUEUE: reject: RCPT from iiq8k.1sors.space[155.94.243.24]: 554 5.7.1 Service unavailable; Client host [155.94.243.24] blocked using zen.spamhaus.org; http://www.spamhaus.org/sbl/query/SBLCSS; from=<Off-GridSystem@1sors.space> to=<riley@seaglass.com> proto=ESMTP helo=<iiq8k.1sors.space>
Nov  1 07:10:29 conch postfix/smtpd[20918]: disconnect from iiq8k.1sors.space[155.94.243.24]
Nov  1 07:10:48 conch postfix/smtpd[20918]: connect from unknown[209.58.130.240]
Nov  1 07:10:49 conch postfix/smtpd[20918]: NOQUEUE: reject: RCPT from unknown[209.58.130.240]: 554 5.7.1 Service unavailable; Client host [209.58.130.240] blocked using zen.spamhaus.org; http://www.spamhaus.org/sbl/query/SBLCSS; from=<info@baskaudit.com> to=<becky@seaglass.com> proto=ESMTP helo=<frozen.baskaudit.com>
Nov  1 07:10:49 conch postfix/smtpd[20918]: disconnect from unknown[209.58.130.240]
Nov  1 07:11:21 conch postfix/smtpd[20918]: warning: 104.206.67.38: address not listed for hostname 38-67-206-104.staticrdns.eonix.net
Nov  1 07:11:21 conch postfix/smtpd[20918]: connect from unknown[104.206.67.38]
Nov  1 07:11:21 conch postfix/smtpd[20918]: NOQUEUE: reject: RCPT from unknown[104.206.67.38]: 554 5.7.1 Service unavailable; Client host [104.206.67.38] blocked using zen.spamhaus.org; http://www.spamhaus.org/sbl/query/SBL274914; from=<Groupon-Discount@chyen.pw> to=<becky@seaglass.com> proto=ESMTP helo=<chyen.pw>
Nov  1 07:11:21 conch postfix/smtpd[20918]: disconnect from unknown[104.206.67.38]
Nov  1 07:11:35 conch postfix/smtpd[20918]: connect from unknown[121.8.124.131]
Nov  1 07:11:35 conch postfix/smtpd[20918]: NOQUEUE: reject: RCPT from unknown[121.8.124.131]: 450 4.7.1 <mailserver.jeter.com.cn>: Helo command rejected: Host not found; from=<clients@notification.com> to=<kdent@seaglass.com> proto=SMTP helo=<mailserver.jeter.com.cn>
Nov  1 07:11:36 conch postfix/smtpd[20918]: disconnect from unknown[121.8.124.131]
Nov  1 07:12:07 conch postfix/smtpd[20918]: warning: 104.206.67.38: address not listed for hostname 38-67-206-104.staticrdns.eonix.net
Nov  1 07:12:07 conch postfix/smtpd[20918]: connect from unknown[104.206.67.38]
Nov  1 07:12:07 conch postfix/smtpd[20918]: NOQUEUE: reject: RCPT from unknown[104.206.67.38]: 554 5.7.1 Service unavailable; Client host [104.206.67.38] blocked using zen.spamhaus.org; http://www.spamhaus.org/sbl/query/SBL274914; from=<Groupon-Discount@chyen.pw> to=<jdent@seaglass.com> proto=ESMTP helo=<chyen.pw>
Nov  1 07:12:07 conch postfix/smtpd[20918]: disconnect from unknown[104.206.67.38]
Nov  1 07:15:27 conch postfix/anvil[20920]: statistics: max connection rate 2/60s for (smtp:104.206.67.38) at Nov  1 07:12:07
Nov  1 07:15:27 conch postfix/anvil[20920]: statistics: max connection count 1 for (smtp:104.206.67.38) at Nov  1 07:10:03
Nov  1 07:15:27 conch postfix/anvil[20920]: statistics: max cache size 3 at Nov  1 07:10:48
Nov  1 07:15:50 conch postfix/smtpd[20937]: warning: 104.206.67.39: address not listed for hostname 39-67-206-104.staticrdns.eonix.net
Nov  1 07:15:50 conch postfix/smtpd[20937]: connect from unknown[104.206.67.39]
Nov  1 07:15:51 conch postfix/smtpd[20937]: NOQUEUE: reject: RCPT from unknown[104.206.67.39]: 554 5.7.1 Service unavailable; Client host [104.206.67.39] blocked using zen.spamhaus.org; http://www.spamhaus.org/sbl/query/SBL274914; from=<Avoid_Heart_Attack@hewsi.website> to=<kdent@seaglass.com> proto=ESMTP helo=<hewsi.website>
Nov  1 07:15:51 conch postfix/smtpd[20937]: disconnect from unknown[104.206.67.39]
Nov  1 07:16:36 conch postfix/smtpd[20937]: warning: 104.206.67.39: address not listed for hostname 39-67-206-104.staticrdns.eonix.net
Nov  1 07:16:36 conch postfix/smtpd[20937]: connect from unknown[104.206.67.39]
Nov  1 07:16:36 conch postfix/smtpd[20937]: NOQUEUE: reject: RCPT from unknown[104.206.67.39]: 554 5.7.1 Service unavailable; Client host [104.206.67.39] blocked using zen.spamhaus.org; http://www.spamhaus.org/sbl/query/SBL274914; from=<Avoid_Heart_Attack@hewsi.website> to=<becky@seaglass.com> proto=ESMTP helo=<hewsi.website>
Nov  1 07:16:36 conch postfix/smtpd[20937]: disconnect from unknown[104.206.67.39]
Nov  1 07:17:26 conch postfix/qmgr[25409]: E70F1242A6: from=<>, size=2671, nrcpt=1 (queue active)
Nov  1 07:17:26 conch postfix/qmgr[25409]: 5C087242AB: from=<>, size=2671, nrcpt=1 (queue active)
Nov  1 07:17:26 conch postfix/qmgr[25409]: 99379242BC: from=<>, size=2674, nrcpt=1 (queue active)
Nov  1 07:18:01 conch postfix/smtp[20945]: connect to com-gacty.webcam[138.99.219.53]:25: Connection timed out
Nov  1 07:18:01 conch postfix/smtp[20945]: 5C087242AB: to=<Avoid-Heart-@com-gacty.webcam>, relay=none, delay=353374, delays=353339/0.01/35/0, dsn=4.4.1, status=deferred (connect to com-gacty.webcam[138.99.219.53]:25: Connection timed out)
Nov  1 07:18:02 conch postfix/smtp[20944]: connect to com-gacty.webcam[138.99.219.53]:25: Connection timed out
Nov  1 07:18:02 conch postfix/smtp[20943]: connect to com-gacty.webcam[138.99.219.53]:25: Connection timed out
Nov  1 07:18:02 conch postfix/smtp[20944]: 99379242BC: to=<Avoid-Heart-@com-gacty.webcam>, relay=none, delay=353369, delays=353333/0.01/36/0, dsn=4.4.1, status=deferred (connect to com-gacty.webcam[138.99.219.53]:25: Connection timed out)
Nov  1 07:18:02 conch postfix/smtp[20943]: E70F1242A6: to=<Avoid-Heart-@com-gacty.webcam>, relay=none, delay=353416, delays=353380/0.01/36/0, dsn=4.4.1, status=deferred (connect to com-gacty.webcam[138.99.219.53]:25: Connection timed out)
Nov  1 07:18:28 conch postfix/smtpd[20952]: warning: 104.206.67.39: address not listed for hostname 39-67-206-104.staticrdns.eonix.net
Nov  1 07:18:28 conch postfix/smtpd[20952]: connect from unknown[104.206.67.39]
Nov  1 07:18:29 conch postfix/smtpd[20952]: NOQUEUE: reject: RCPT from unknown[104.206.67.39]: 554 5.7.1 Service unavailable; Client host [104.206.67.39] blocked using zen.spamhaus.org; http://www.spamhaus.org/sbl/query/SBL274914; from=<Avoid_Heart_Attack@hewsi.website> to=<jdent@seaglass.com> proto=ESMTP helo=<hewsi.website>
Nov  1 07:18:29 conch postfix/smtpd[20952]: disconnect from unknown[104.206.67.39]
Nov  1 07:20:01 conch postfix/smtpd[20952]: warning: 185.107.25.15: address not listed for hostname 4y9ws.landemir.to
Nov  1 07:20:01 conch postfix/smtpd[20952]: connect from unknown[185.107.25.15]
Nov  1 07:20:02 conch postfix/smtpd[20952]: NOQUEUE: reject: RCPT from unknown[185.107.25.15]: 554 5.7.1 Service unavailable; Client host [185.107.25.15] blocked using zen.spamhaus.org; http://www.spamhaus.org/sbl/query/SBLCSS; from=<DropInchesNow@landemir.top> to=<riley@seaglass.com> proto=ESMTP helo=<4y9ws.landemir.top>
Nov  1 07:20:02 conch postfix/smtpd[20952]: disconnect from unknown[185.107.25.15]
Nov  1 07:20:38 conch postfix/smtpd[20952]: connect from qbbgyu.redeemimportantpost.science[185.121.164.38]
Nov  1 07:20:38 conch postfix/smtpd[20975]: connect from qbbgyu.redeemimportantpost.science[185.121.164.38]
Nov  1 07:20:39 conch postfix/smtpd[20952]: 516ED242EB: client=qbbgyu.redeemimportantpost.science[185.121.164.38]
Nov  1 07:20:39 conch postfix/smtpd[20975]: 53146242EE: client=qbbgyu.redeemimportantpost.science[185.121.164.38]
Nov  1 07:20:39 conch postfix/cleanup[20979]: 516ED242EB: message-id=<f8509babbeddea6fc34dc518b32b0476-3045FCRFIBCNOUK68959200-jdent=seaglass.com@qbbgyu.redeemimportantpost.science>
Nov  1 07:20:39 conch postfix/cleanup[20980]: 53146242EE: message-id=<5ca7e5fc91cc3f8b68b3d27a5e15c361-3045TVRFOQKOXQR69636157-riley=seaglass.com@qbbgyu.redeemimportantpost.science>
Nov  1 07:20:39 conch postfix/qmgr[25409]: 516ED242EB: from=<NATIONALPROTECTIONASSOCIATION-@redeemimportantpost.science>, size=6917, nrcpt=1 (queue active)
