Nov  7 04:32:06 conch postfix/qmgr[25409]: 1B87C242D5: from=<MichaelKors-Holiday-Liquidation@wumtf.xyz>, size=5829, nrcpt=1 (queue active)
Nov  7 04:32:06 conch postfix/smtpd[19586]: disconnect from unknown[137.63.68.100]
Nov  7 04:32:08 conch postfix/smtp[19590]: 1B87C242D5: to=<jdent@seaglass.com>, relay=mail.seaglass.com[74.220.219.61]:25, delay=2.7, delays=0.13/0/2.2/0.3, dsn=2.0.0, status=sent (250 OK id=1Zv2fA-0001mX-K3)
Nov  7 04:32:08 conch postfix/qmgr[25409]: 1B87C242D5: removed
Nov  7 04:33:40 conch postfix/qmgr[25409]: 918EE242CB: from=<>, size=2589, nrcpt=1 (queue active)
Nov  7 04:33:40 conch postfix/smtp[19590]: connect to nhuvue.biz[188.122.72.101]:25: Connection refused
Nov  7 04:33:40 conch postfix/smtp[19590]: 918EE242CB: to=<postmaster@nhuvue.biz>, relay=none, delay=231616, delays=231616/0.01/0.11/0, dsn=4.4.1, status=deferred (connect to nhuvue.biz[188.122.72.101]:25: Connection refused)
Nov  7 04:35:26 conch postfix/anvil[19544]: statistics: max connection rate 2/60s for (smtp:192.227.231.28) at Nov  7 04:27:21
Nov  7 04:35:26 conch postfix/anvil[19544]: statistics: max connection count 2 for (smtp:192.227.231.28) at Nov  7 04:27:21
Nov  7 04:35:26 conch postfix/anvil[19544]: statistics: max cache size 3 at Nov  7 04:27:21
Nov  7 04:35:46 conch postfix/smtpd[19610]: connect from unknown[137.63.68.101]
Nov  7 04:35:46 conch postfix/smtpd[19610]: NOQUEUE: reject: RCPT from unknown[137.63.68.101]: 554 5.7.1 Service unavailable; Client host [137.63.68.101] blocked using zen.spamhaus.org; http://www.spamhaus.org/sbl/query/SBLCSS; from=<PowerfulEmergencyFlashlight@xaiww.xyz> to=<becky@seaglass.com> proto=ESMTP helo=<xaiww.xyz>
Nov  7 04:35:46 conch postfix/smtpd[19610]: disconnect from unknown[137.63.68.101]
Nov  7 04:36:00 conch postfix/smtpd[19610]: connect from unknown[137.63.68.101]
Nov  7 04:36:00 conch postfix/smtpd[19610]: NOQUEUE: reject: RCPT from unknown[137.63.68.101]: 554 5.7.1 Service unavailable; Client host [137.63.68.101] blocked using zen.spamhaus.org; http://www.spamhaus.org/sbl/query/SBLCSS; from=<PowerfulEmergencyFlashlight@xaiww.xyz> to=<kdent@seaglass.com> proto=ESMTP helo=<xaiww.xyz>
Nov  7 04:36:00 conch postfix/smtpd[19610]: disconnect from unknown[137.63.68.101]
Nov  7 04:37:06 conch postfix/smtpd[19610]: warning: 69.12.86.232: address not listed for hostname 69.12.86.232.static.quadranet.com
Nov  7 04:37:06 conch postfix/smtpd[19610]: connect from unknown[69.12.86.232]
Nov  7 04:37:06 conch postfix/smtpd[19610]: NOQUEUE: reject: RCPT from unknown[69.12.86.232]: 450 4.7.1 <mail.polifbrinasutra.com>: Helo command rejected: Host not found; from=<reverse.mortgage-riley=seaglass.com@polifbrinasutra.com> to=<riley@seaglass.com> proto=ESMTP helo=<mail.polifbrinasutra.com>
Nov  7 04:37:06 conch postfix/smtpd[19610]: NOQUEUE: reject: RCPT from unknown[69.12.86.232]: 450 4.7.1 <mail.polifbrinasutra.com>: Helo command rejected: Host not found; from=<reverse.mortgage.calculator-kdent=seaglass.com@polifbrinasutra.com> to=<kdent@seaglass.com> proto=ESMTP helo=<mail.polifbrinasutra.com>
Nov  7 04:37:07 conch postfix/smtpd[19610]: NOQUEUE: reject: RCPT from unknown[69.12.86.232]: 450 4.7.1 <mail.polifbrinasutra.com>: Helo command rejected: Host not found; from=<reverse.mortgage-jdent=seaglass.com@polifbrinasutra.com> to=<jdent@seaglass.com> proto=ESMTP helo=<mail.polifbrinasutra.com>
Nov  7 04:37:07 conch postfix/smtpd[19610]: disconnect from unknown[69.12.86.232]
Nov  7 04:37:07 conch postfix/smtpd[19610]: connect from unknown[137.63.68.101]
Nov  7 04:37:08 conch postfix/smtpd[19610]: NOQUEUE: reject: RCPT from unknown[137.63.68.101]: 554 5.7.1 Service unavailable; Client host [137.63.68.101] blocked using zen.spamhaus.org; http://www.spamhaus.org/sbl/query/SBLCSS; from=<PowerfulEmergencyFlashlight@xaiww.xyz> to=<jdent@seaglass.com> proto=ESMTP helo=<xaiww.xyz>
Nov  7 04:37:09 conch postfix/smtpd[19610]: disconnect from unknown[137.63.68.101]
Nov  7 04:37:43 conch postfix/smtpd[19610]: warning: 113.184.182.231: address not listed for hostname localhost
Nov  7 04:37:43 conch postfix/smtpd[19610]: connect from unknown[113.184.182.231]
Nov  7 04:37:44 conch postfix/smtpd[19610]: NOQUEUE: reject: RCPT from unknown[113.184.182.231]: 554 5.7.1 <adtrax@seaglass.com>: Recipient address rejected: Access denied; from=<info@lockjaw.co.uk> to=<adtrax@seaglass.com> proto=ESMTP helo=<aquarius.livedoor.com>
Nov  7 04:37:44 conch postfix/smtpd[19610]: lost connection after RCPT from unknown[113.184.182.231]
Nov  7 04:37:44 conch postfix/smtpd[19610]: disconnect from unknown[113.184.182.231]
Nov  7 04:38:40 conch postfix/qmgr[25409]: 9A420242BC: from=<>, size=2568, nrcpt=1 (queue active)
Nov  7 04:38:40 conch postfix/smtp[19619]: connect to mortou.biz[188.122.72.101]:25: Connection refused
Nov  7 04:38:40 conch postfix/smtp[19619]: connect to mortou.biz[213.163.84.205]:25: Connection refused
Nov  7 04:38:40 conch postfix/smtp[19619]: 9A420242BC: to=<info@mortou.biz>, relay=none, delay=235580, delays=235580/0.01/0.2/0, dsn=4.4.1, status=deferred (connect to mortou.biz[213.163.84.205]:25: Connection refused)
Nov  7 04:40:26 conch postfix/smtpd[19634]: connect from unknown[137.63.68.102]
Nov  7 04:40:27 conch postfix/smtpd[19634]: 28CAD242D5: client=unknown[137.63.68.102]
Nov  7 04:40:27 conch postfix/cleanup[19637]: 28CAD242D5: message-id=<0.0.f8509babbeddea6fc34dc518b32b0476.4211055.8022243.0jdent@seaglass.com>
Nov  7 04:40:27 conch postfix/qmgr[25409]: 28CAD242D5: from=<MensHealth_Enhance_Your_Memory@xclsm.xyz>, size=5945, nrcpt=1 (queue active)
Nov  7 04:40:27 conch postfix/smtpd[19634]: disconnect from unknown[137.63.68.102]
Nov  7 04:40:29 conch postfix/smtp[19638]: 28CAD242D5: to=<jdent@seaglass.com>, relay=mail.seaglass.com[74.220.219.61]:25, delay=2.7, delays=0.14/0.01/2.2/0.3, dsn=2.0.0, status=sent (250 OK id=1Zv2nF-0007dL-Lj)
Nov  7 04:40:29 conch postfix/qmgr[25409]: 28CAD242D5: removed
Nov  7 04:41:27 conch postfix/smtpd[19634]: connect from unknown[137.63.68.102]
Nov  7 04:41:27 conch postfix/smtpd[19634]: 38D7F242D5: client=unknown[137.63.68.102]
Nov  7 04:41:27 conch postfix/cleanup[19637]: 38D7F242D5: message-id=<0.0.5dcfd80285d21a72abf3c46e396c0002.22961608.17718303.0kdent@seaglass.com>
Nov  7 04:41:27 conch postfix/qmgr[25409]: 38D7F242D5: from=<MensHealth_Enhance_Your_Memory@xclsm.xyz>, size=5981, nrcpt=1 (queue active)
Nov  7 04:41:27 conch postfix/smtpd[19634]: disconnect from unknown[137.63.68.102]
Nov  7 04:41:30 conch postfix/smtp[19638]: 38D7F242D5: to=<kdent@seaglass.com>, relay=mail.seaglass.com[74.220.219.61]:25, delay=2.8, delays=0.23/0/2.2/0.33, dsn=2.0.0, status=sent (250 OK id=1Zv2oD-0008PL-Ri)
Nov  7 04:41:30 conch postfix/qmgr[25409]: 38D7F242D5: removed
Nov  7 04:41:48 conch postfix/smtpd[19634]: connect from unknown[137.63.68.102]
Nov  7 04:41:48 conch postfix/smtpd[19634]: 5194E242D5: client=unknown[137.63.68.102]
Nov  7 04:41:48 conch postfix/cleanup[19637]: 5194E242D5: message-id=<0.0.3d7a0d781b11209669ef740f6068165e.9746395.22516939.0becky@seaglass.com>
Nov  7 04:41:48 conch postfix/qmgr[25409]: 5194E242D5: from=<MensHealth_Enhance_Your_Memory@xclsm.xyz>, size=5969, nrcpt=1 (queue active)
Nov  7 04:41:48 conch postfix/smtpd[19634]: disconnect from unknown[137.63.68.102]
Nov  7 04:41:50 conch postfix/smtp[19638]: 5194E242D5: to=<becky@seaglass.com>, relay=mail.seaglass.com[74.220.219.61]:25, delay=2.6, delays=0.14/0/2.2/0.3, dsn=2.0.0, status=sent (250 OK id=1Zv2oY-0000CY-Qh)
Nov  7 04:41:50 conch postfix/qmgr[25409]: 5194E242D5: removed
Nov  7 04:45:08 conch postfix/anvil[19612]: statistics: max connection rate 2/60s for (smtp:137.63.68.101) at Nov  7 04:36:00
Nov  7 04:45:08 conch postfix/anvil[19612]: statistics: max connection count 1 for (smtp:137.63.68.101) at Nov  7 04:35:46
Nov  7 04:45:08 conch postfix/anvil[19612]: statistics: max cache size 3 at Nov  7 04:37:43
Nov  7 04:46:27 conch postfix/smtpd[19642]: connect from unknown[137.63.68.103]
Nov  7 04:46:27 conch postfix/smtpd[19642]: 72001242D5: client=unknown[137.63.68.103]
Nov  7 04:46:27 conch postfix/cleanup[19646]: 72001242D5: message-id=<3d7a0d781b11209669ef740f6068165e.18167880.23361999becky@seaglass.com>
Nov  7 04:46:27 conch postfix/qmgr[25409]: 72001242D5: from=<Heart.Attack.Warning@xfdok.xyz>, size=5856, nrcpt=1 (queue active)
Nov  7 04:46:27 conch postfix/smtpd[19642]: disconnect from unknown[137.63.68.103]
Nov  7 04:46:30 conch postfix/smtp[19647]: 72001242D5: to=<becky@seaglass.com>, relay=mail.seaglass.com[74.220.219.61]:25, delay=2.8, delays=0.24/0.01/2.2/0.3, dsn=2.0.0, status=sent (250 OK id=1Zv2t3-0003cT-Vf)
Nov  7 04:46:30 conch postfix/qmgr[25409]: 72001242D5: removed
Nov  7 04:47:29 conch postfix/smtpd[19642]: connect from unknown[137.63.68.103]
Nov  7 04:47:29 conch postfix/smtpd[19642]: BBE77242D5: client=unknown[137.63.68.103]
Nov  7 04:47:29 conch postfix/cleanup[19646]: BBE77242D5: message-id=<5dcfd80285d21a72abf3c46e396c0002.8493553.16092001kdent@seaglass.com>
Nov  7 04:47:29 conch postfix/qmgr[25409]: BBE77242D5: from=<Heart.Attack.Warning@xfdok.xyz>, size=5845, nrcpt=1 (queue active)
Nov  7 04:47:29 conch postfix/smtpd[19642]: disconnect from unknown[137.63.68.103]
Nov  7 04:47:32 conch postfix/smtp[19647]: BBE77242D5: to=<kdent@seaglass.com>, relay=mail.seaglass.com[74.220.219.61]:25, delay=2.7, delays=0.13/0/2.2/0.3, dsn=2.0.0, status=sent (250 OK id=1Zv2u4-0004NE-8r)
Nov  7 04:47:32 conch postfix/qmgr[25409]: BBE77242D5: removed
Nov  7 04:48:26 conch postfix/smtpd[19642]: connect from unknown[137.63.68.103]
Nov  7 04:48:26 conch postfix/smtpd[19642]: 4C616242D5: client=unknown[137.63.68.103]
Nov  7 04:48:26 conch postfix/cleanup[19646]: 4C616242D5: message-id=<f8509babbeddea6fc34dc518b32b0476.15376073.9657015jdent@seaglass.com>
Nov  7 04:48:26 conch postfix/qmgr[25409]: 4C616242D5: from=<Heart.Attack.Warning@xfdok.xyz>, size=5832, nrcpt=1 (queue active)
Nov  7 04:48:26 conch postfix/smtpd[19642]: disconnect from unknown[137.63.68.103]
Nov  7 04:48:28 conch postfix/smtp[19647]: 4C616242D5: to=<jdent@seaglass.com>, relay=mail.seaglass.com[74.220.219.61]:25, delay=2.6, delays=0.11/0/2.2/0.31, dsn=2.0.0, status=sent (250 OK id=1Zv2uy-00054q-PI)
Nov  7 04:48:28 conch postfix/qmgr[25409]: 4C616242D5: removed
Nov  7 04:51:08 conch postfix/smtpd[19669]: connect from ng2-vm1.bullet.mail.gq1.yahoo.com[98.136.219.14]
Nov  7 04:51:10 conch postfix/smtpd[19669]: 05076242D5: client=ng2-vm1.bullet.mail.gq1.yahoo.com[98.136.219.14]
Nov  7 04:51:11 conch postfix/cleanup[19672]: 05076242D5: message-id=<889431307.202349.1446900518779.JavaMail.yahoo@mail.yahoo.com>
Nov  7 04:51:13 conch postfix/qmgr[25409]: 05076242D5: from=<sentto-17398758-232-1446900605-kdent=seaglass.com@returns.groups.yahoo.com>, size=34743, nrcpt=1 (queue active)
Nov  7 04:51:13 conch postfix/smtpd[19669]: disconnect from ng2-vm1.bullet.mail.gq1.yahoo.com[98.136.219.14]
Nov  7 04:51:15 conch postfix/smtp[19673]: 05076242D5: to=<kdent@seaglass.com>, relay=mail.seaglass.com[74.220.219.61]:25, delay=6.5, delays=3.8/0.01/2.2/0.48, dsn=2.0.0, status=sent (250 OK id=1Zv2xf-0007GH-Jt)
Nov  7 04:51:15 conch postfix/qmgr[25409]: 05076242D5: removed
Nov  7 04:52:54 conch postfix/smtpd[19674]: connect from unknown[137.63.68.104]
Nov  7 04:52:55 conch postfix/smtpd[19674]: NOQUEUE: reject: RCPT from unknown[137.63.68.104]: 554 5.7.1 Service unavailable; Client host [137.63.68.104] blocked using zen.spamhaus.org; http://www.spamhaus.org/sbl/query/SBLCSS; from=<20-20-Restore@xiuup.xyz> to=<becky@seaglass.com> proto=ESMTP helo=<xiuup.xyz>
Nov  7 04:52:55 conch postfix/smtpd[19674]: disconnect from unknown[137.63.68.104]
Nov  7 04:52:55 conch postfix/smtpd[19674]: connect from unknown[137.63.68.104]
Nov  7 04:52:56 conch postfix/smtpd[19674]: NOQUEUE: reject: RCPT from unknown[137.63.68.104]: 554 5.7.1 Service unavailable; Client host [137.63.68.104] blocked using zen.spamhaus.org; http://www.spamhaus.org/sbl/query/SBLCSS; from=<20-20-Restore@xiuup.xyz> to=<kdent@seaglass.com> proto=ESMTP helo=<xiuup.xyz>
Nov  7 04:52:56 conch postfix/smtpd[19674]: disconnect from unknown[137.63.68.104]
Nov  7 04:53:56 conch postfix/smtpd[19674]: connect from unknown[137.63.68.104]
Nov  7 04:53:56 conch postfix/smtpd[19674]: NOQUEUE: reject: RCPT from unknown[137.63.68.104]: 554 5.7.1 Service unavailable; Client host [137.63.68.104] blocked using zen.spamhaus.org; http://www.spamhaus.org/sbl/query/SBLCSS; from=<20-20-Restore@xiuup.xyz> to=<jdent@seaglass.com> proto=ESMTP helo=<xiuup.xyz>
Nov  7 04:53:56 conch postfix/smtpd[19674]: disconnect from unknown[137.63.68.104]
Nov  7 04:53:58 conch postfix/smtpd[19674]: warning: 192.227.231.206: address not listed for hostname 192-227-231-206-host.colocrossing.com
Nov  7 04:53:58 conch postfix/smtpd[19674]: connect from unknown[192.227.231.206]
Nov  7 04:53:58 conch postfix/smtpd[19679]: warning: 192.227.231.206: address not listed for hostname 192-227-231-206-host.colocrossing.com
Nov  7 04:53:58 conch postfix/smtpd[19679]: connect from unknown[192.227.231.206]
Nov  7 04:53:59 conch postfix/smtpd[19674]: 0ED6C242D5: client=unknown[192.227.231.206]
Nov  7 04:53:59 conch postfix/smtpd[19679]: 12107242E7: client=unknown[192.227.231.206]
Nov  7 04:53:59 conch postfix/cleanup[19681]: 0ED6C242D5: message-id=<1617280249528316178483256568@oq7lbs.bdsvortw.top>
Nov  7 04:53:59 conch postfix/cleanup[19682]: 12107242E7: message-id=<16172801259854616178483256568@oq7lbs.bdsvortw.top>
Nov  7 04:53:59 conch postfix/qmgr[25409]: 0ED6C242D5: from=<Cars2015@bdsvortw.top>, size=15776, nrcpt=1 (queue active)
Nov  7 04:53:59 conch postfix/qmgr[25409]: 12107242E7: from=<Cars2015@bdsvortw.top>, size=15795, nrcpt=1 (queue active)
Nov  7 04:53:59 conch postfix/smtpd[19679]: disconnect from unknown[192.227.231.206]
Nov  7 04:53:59 conch postfix/smtpd[19674]: 8C1FB242EB: client=unknown[192.227.231.206]
Nov  7 04:53:59 conch postfix/cleanup[19681]: 8C1FB242EB: message-id=<16172801730604216178483256568@oq7lbs.bdsvortw.top>
Nov  7 04:53:59 conch postfix/qmgr[25409]: 8C1FB242EB: from=<Cars2015@bdsvortw.top>, size=15785, nrcpt=1 (queue active)
Nov  7 04:53:59 conch postfix/smtpd[19674]: disconnect from unknown[192.227.231.206]
Nov  7 04:54:01 conch postfix/smtp[19684]: 12107242E7: to=<jdent@seaglass.com>, relay=mail.seaglass.com[74.220.219.61]:25, delay=3.1, delays=0.46/0.01/2.2/0.42, dsn=2.0.0, status=sent (250 OK id=1Zv30L-0001Mn-Nj)
Nov  7 04:54:01 conch postfix/qmgr[25409]: 12107242E7: removed
Nov  7 04:54:02 conch postfix/smtp[19683]: 0ED6C242D5: to=<riley@seaglass.com>, relay=mail.seaglass.com[74.220.219.61]:25, delay=3.1, delays=0.46/0.01/2.2/0.42, dsn=2.0.0, status=sent (250 OK id=1Zv30L-0001Mm-Nx)
Nov  7 04:54:02 conch postfix/qmgr[25409]: 0ED6C242D5: removed
Nov  7 04:54:02 conch postfix/smtp[19685]: 8C1FB242EB: to=<kdent@seaglass.com>, relay=mail.seaglass.com[74.220.219.61]:25, delay=3, delays=0.33/0.01/2.2/0.41, dsn=2.0.0, status=sent (250 OK id=1Zv30M-0001Mz-6E)
Nov  7 04:54:02 conch postfix/qmgr[25409]: 8C1FB242EB: removed
Nov  7 04:56:27 conch postfix/anvil[19644]: statistics: max connection rate 2/60s for (smtp:137.63.68.103) at Nov  7 04:48:26
Nov  7 04:56:27 conch postfix/anvil[19644]: statistics: max connection count 2 for (smtp:192.227.231.206) at Nov  7 04:53:58
Nov  7 04:56:27 conch postfix/anvil[19644]: statistics: max cache size 2 at Nov  7 04:53:58
Nov  7 04:56:45 conch postfix/smtpd[19686]: connect from unknown[137.63.68.105]
Nov  7 04:56:45 conch postfix/smtpd[19686]: 85B31242D5: client=unknown[137.63.68.105]
Nov  7 04:56:45 conch postfix/cleanup[19689]: 85B31242D5: message-id=<0.0.3d7a0d781b11209669ef740f6068165e.8792975.11275706.0becky@seaglass.com>
Nov  7 04:56:45 conch postfix/qmgr[25409]: 85B31242D5: from=<WalmartThanksgivingPromo@xmmol.xyz>, size=5813, nrcpt=1 (queue active)
Nov  7 04:56:45 conch postfix/smtpd[19686]: disconnect from unknown[137.63.68.105]
Nov  7 04:56:48 conch postfix/smtp[19690]: 85B31242D5: to=<becky@seaglass.com>, relay=mail.seaglass.com[74.220.219.61]:25, delay=2.8, delays=0.29/0.01/2.2/0.3, dsn=2.0.0, status=sent (250 OK id=1Zv332-0003HG-1e)
Nov  7 04:56:48 conch postfix/qmgr[25409]: 85B31242D5: removed
Nov  7 04:56:59 conch postfix/smtpd[19686]: connect from unknown[137.63.68.105]
Nov  7 04:56:59 conch postfix/smtpd[19686]: 9AB05242D5: client=unknown[137.63.68.105]
Nov  7 04:56:59 conch postfix/cleanup[19689]: 9AB05242D5: message-id=<0.0.5dcfd80285d21a72abf3c46e396c0002.7919346.13182612.0kdent@seaglass.com>
Nov  7 04:56:59 conch postfix/qmgr[25409]: 9AB05242D5: from=<WalmartThanksgivingPromo@xmmol.xyz>, size=5813, nrcpt=1 (queue active)
Nov  7 04:57:00 conch postfix/smtpd[19686]: disconnect from unknown[137.63.68.105]
Nov  7 04:57:02 conch postfix/smtp[19690]: 9AB05242D5: to=<kdent@seaglass.com>, relay=mail.seaglass.com[74.220.219.61]:25, delay=2.7, delays=0.12/0/2.2/0.3, dsn=2.0.0, status=sent (250 OK id=1Zv33G-0003QY-4k)
Nov  7 04:57:02 conch postfix/qmgr[25409]: 9AB05242D5: removed
Nov  7 04:57:06 conch postfix/smtpd[19686]: connect from unknown[137.63.68.105]
Nov  7 04:57:06 conch postfix/smtpd[19686]: D9989242D5: client=unknown[137.63.68.105]
Nov  7 04:57:07 conch postfix/cleanup[19689]: D9989242D5: message-id=<0.0.f8509babbeddea6fc34dc518b32b0476.20920237.11262290.0jdent@seaglass.com>
Nov  7 04:57:07 conch postfix/qmgr[25409]: D9989242D5: from=<WalmartThanksgivingPromo@xmmol.xyz>, size=5823, nrcpt=1 (queue active)
Nov  7 04:57:07 conch postfix/smtpd[19686]: disconnect from unknown[137.63.68.105]
Nov  7 04:57:07 conch postfix/smtpd[19686]: warning: 69.12.86.232: address not listed for hostname 69.12.86.232.static.quadranet.com
Nov  7 04:57:07 conch postfix/smtpd[19686]: connect from unknown[69.12.86.232]
Nov  7 04:57:07 conch postfix/smtpd[19686]: NOQUEUE: reject: RCPT from unknown[69.12.86.232]: 450 4.7.1 <mail.polifbrinasutra.com>: Helo command rejected: Host not found; from=<reverse.mortgage-riley=seaglass.com@polifbrinasutra.com> to=<riley@seaglass.com> proto=ESMTP helo=<mail.polifbrinasutra.com>
Nov  7 04:57:07 conch postfix/smtpd[19686]: NOQUEUE: reject: RCPT from unknown[69.12.86.232]: 450 4.7.1 <mail.polifbrinasutra.com>: Helo command rejected: Host not found; from=<reverse.mortgage.calculator-kdent=seaglass.com@polifbrinasutra.com> to=<kdent@seaglass.com> proto=ESMTP helo=<mail.polifbrinasutra.com>
Nov  7 04:57:08 conch postfix/smtpd[19686]: NOQUEUE: reject: RCPT from unknown[69.12.86.232]: 450 4.7.1 <mail.polifbrinasutra.com>: Helo command rejected: Host not found; from=<reverse.mortgage-jdent=seaglass.com@polifbrinasutra.com> to=<jdent@seaglass.com> proto=ESMTP helo=<mail.polifbrinasutra.com>
Nov  7 04:57:08 conch postfix/smtpd[19686]: disconnect from unknown[69.12.86.232]
Nov  7 04:57:09 conch postfix/smtp[19690]: D9989242D5: to=<jdent@seaglass.com>, relay=mail.seaglass.com[74.220.219.61]:25, delay=2.7, delays=0.14/0/2.2/0.3, dsn=2.0.0, status=sent (250 OK id=1Zv33N-0003Vt-Cd)
Nov  7 04:57:09 conch postfix/qmgr[25409]: D9989242D5: removed
Nov  7 04:57:41 conch postfix/smtpd[19686]: connect from nil1z.aelephant7.top[107.161.87.212]
Nov  7 04:57:41 conch postfix/smtpd[19693]: connect from nil1z.aelephant7.top[107.161.87.212]
Nov  7 04:57:41 conch postfix/smtpd[19686]: NOQUEUE: reject: RCPT from nil1z.aelephant7.top[107.161.87.212]: 554 5.7.1 Service unavailable; Client host [107.161.87.212] blocked using zen.spamhaus.org; http://www.spamhaus.org/sbl/query/SBLCSS; from=<ReservationDept@aelephant7.top> to=<riley@seaglass.com> proto=ESMTP helo=<nil1z.aelephant7.top>
Nov  7 04:57:41 conch postfix/smtpd[19693]: NOQUEUE: reject: RCPT from nil1z.aelephant7.top[107.161.87.212]: 554 5.7.1 Service unavailable; Client host [107.161.87.212] blocked using zen.spamhaus.org; http://www.spamhaus.org/sbl/query/SBLCSS; from=<TheSuccessTeam@aelephant7.top> to=<kdent@seaglass.com> proto=ESMTP helo=<nil1z.aelephant7.top>
Nov  7 04:57:56 conch postfix/smtpd[19686]: disconnect from nil1z.aelephant7.top[107.161.87.212]
Nov  7 04:57:57 conch postfix/smtpd[19693]: disconnect from nil1z.aelephant7.top[107.161.87.212]
Nov  7 04:58:05 conch postfix/smtpd[19686]: connect from bjg158r.radiolocation.download[198.55.118.197]
Nov  7 04:58:05 conch postfix/smtpd[19693]: connect from bjg158r.radiolocation.download[198.55.118.197]
Nov  7 04:58:05 conch postfix/smtpd[19686]: NOQUEUE: reject: RCPT from bjg158r.radiolocation.download[198.55.118.197]: 554 5.7.1 Service unavailable; Client host [198.55.118.197] blocked using zen.spamhaus.org; http://www.spamhaus.org/sbl/query/SBLCSS; from=<BackgroundCheck@radiolocation.download> to=<kdent@seaglass.com> proto=ESMTP helo=<0006f66f.radiolocation.download>
Nov  7 04:58:05 conch postfix/smtpd[19693]: NOQUEUE: reject: RCPT from bjg158r.radiolocation.download[198.55.118.197]: 554 5.7.1 Service unavailable; Client host [198.55.118.197] blocked using zen.spamhaus.org; http://www.spamhaus.org/sbl/query/SBLCSS; from=<BackgroundCheck@radiolocation.download> to=<jdent@seaglass.com> proto=ESMTP helo=<09053964.radiolocation.download>
Nov  7 04:58:05 conch postfix/smtpd[19693]: disconnect from bjg158r.radiolocation.download[198.55.118.197]
Nov  7 04:58:05 conch postfix/smtpd[19686]: disconnect from bjg158r.radiolocation.download[198.55.118.197]
Nov  7 05:01:25 conch postfix/anvil[19644]: statistics: max connection rate 3/60s for (smtp:137.63.68.105) at Nov  7 04:57:06
Nov  7 05:01:25 conch postfix/anvil[19644]: statistics: max connection count 2 for (smtp:107.161.87.212) at Nov  7 04:57:41
Nov  7 05:01:25 conch postfix/anvil[19644]: statistics: max cache size 4 at Nov  7 04:58:05
Nov  7 05:02:12 conch postfix/smtpd[19723]: connect from mta3.exct.stansberryresearch.com[136.147.178.120]
Nov  7 05:02:12 conch postfix/smtpd[19723]: CF4BF242D5: client=mta3.exct.stansberryresearch.com[136.147.178.120]
Nov  7 05:02:12 conch postfix/cleanup[19727]: CF4BF242D5: message-id=<eff94b7d-ac81-446d-a19e-e99b00394ff5@xtgap4s7mta4302.xt.local>
Nov  7 05:02:13 conch postfix/qmgr[25409]: CF4BF242D5: from=<bounce-755_HTML-59957525-878183-7207077-259@bounce.exct.stansberryresearch.com>, size=92799, nrcpt=1 (queue active)
Nov  7 05:02:13 conch postfix/smtpd[19723]: disconnect from mta3.exct.stansberryresearch.com[136.147.178.120]
Nov  7 05:02:15 conch postfix/smtp[19728]: CF4BF242D5: to=<becky@seaglass.com>, relay=mail.seaglass.com[74.220.219.61]:25, delay=3.1, delays=0.28/0/2.2/0.62, dsn=2.0.0, status=sent (250 OK id=1Zv38J-0007Aw-Cj)
Nov  7 05:02:15 conch postfix/qmgr[25409]: CF4BF242D5: removed
Nov  7 05:03:09 conch postfix/smtpd[19723]: connect from unknown[137.63.68.106]
Nov  7 05:03:10 conch postfix/smtpd[19723]: 20951242D5: client=unknown[137.63.68.106]
Nov  7 05:03:10 conch postfix/cleanup[19727]: 20951242D5: message-id=<0.0.3d7a0d781b11209669ef740f6068165e.19468228.5964998.0becky@seaglass.com>
Nov  7 05:03:10 conch postfix/qmgr[25409]: 20951242D5: from=<KohlsPromotionalCredit@ycdqs.xyz>, size=5760, nrcpt=1 (queue active)
Nov  7 05:03:10 conch postfix/smtpd[19723]: disconnect from unknown[137.63.68.106]
Nov  7 05:03:12 conch postfix/smtp[19728]: 20951242D5: to=<becky@seaglass.com>, relay=mail.seaglass.com[74.220.219.61]:25, delay=2.9, delays=0.42/0/2.2/0.3, dsn=2.0.0, status=sent (250 OK id=1Zv39E-0007ra-Jy)
Nov  7 05:03:12 conch postfix/qmgr[25409]: 20951242D5: removed
Nov  7 05:03:26 conch postfix/smtpd[19723]: connect from unknown[137.63.68.106]
Nov  7 05:03:26 conch postfix/smtpd[19723]: A384C242D5: client=unknown[137.63.68.106]
Nov  7 05:03:26 conch postfix/cleanup[19727]: A384C242D5: message-id=<0.0.5dcfd80285d21a72abf3c46e396c0002.19713214.3390822.0kdent@seaglass.com>
Nov  7 05:03:26 conch postfix/qmgr[25409]: A384C242D5: from=<KohlsPromotionalCredit@ycdqs.xyz>, size=5760, nrcpt=1 (queue active)
Nov  7 05:03:26 conch postfix/smtpd[19723]: disconnect from unknown[137.63.68.106]
Nov  7 05:03:29 conch postfix/smtp[19728]: A384C242D5: to=<kdent@seaglass.com>, relay=mail.seaglass.com[74.220.219.61]:25, delay=2.6, delays=0.13/0/2.2/0.3, dsn=2.0.0, status=sent (250 OK id=1Zv39V-00085t-4q)
Nov  7 05:03:29 conch postfix/qmgr[25409]: A384C242D5: removed
Nov  7 05:05:13 conch postfix/smtpd[19731]: connect from unknown[137.63.68.106]
Nov  7 05:05:13 conch postfix/smtpd[19731]: 9D694242D5: client=unknown[137.63.68.106]
Nov  7 05:05:13 conch postfix/cleanup[19734]: 9D694242D5: message-id=<0.0.f8509babbeddea6fc34dc518b32b0476.12072304.13995112.0jdent@seaglass.com>
Nov  7 05:05:13 conch postfix/qmgr[25409]: 9D694242D5: from=<KohlsPromotionalCredit@ycdqs.xyz>, size=5782, nrcpt=1 (queue active)
Nov  7 05:05:13 conch postfix/smtpd[19731]: disconnect from unknown[137.63.68.106]
Nov  7 05:05:16 conch postfix/smtp[19735]: 9D694242D5: to=<jdent@seaglass.com>, relay=mail.seaglass.com[74.220.219.61]:25, delay=2.7, delays=0.17/0.01/2.2/0.3, dsn=2.0.0, status=sent (250 OK id=1Zv3BE-0000za-5h)
Nov  7 05:05:16 conch postfix/qmgr[25409]: 9D694242D5: removed
Nov  7 05:05:26 conch postfix/smtpd[19731]: connect from mx-indiegogo-b.sailthru.com[192.64.236.99]
Nov  7 05:05:27 conch postfix/smtpd[19731]: 5E09B242D5: client=mx-indiegogo-b.sailthru.com[192.64.236.99]
Nov  7 05:05:27 conch postfix/cleanup[19734]: 5E09B242D5: message-id=<20151107080514.5486975.992505@sailthru.com>
Nov  7 05:05:27 conch postfix/qmgr[25409]: 5E09B242D5: from=<delivery@mx.sailthru.com>, size=108035, nrcpt=1 (queue active)
Nov  7 05:05:27 conch postfix/smtpd[19731]: disconnect from mx-indiegogo-b.sailthru.com[192.64.236.99]
Nov  7 05:05:30 conch postfix/smtp[19735]: 5E09B242D5: to=<kdent@seaglass.com>, relay=mail.seaglass.com[74.220.219.61]:25, delay=3.5, delays=0.55/0/2.2/0.69, dsn=2.0.0, status=sent (250 OK id=1Zv3BR-00016Z-Tw)
Nov  7 05:05:30 conch postfix/qmgr[25409]: 5E09B242D5: removed
Nov  7 05:07:05 conch postfix/smtpd[19731]: connect from mta834.e.drugstore.com[63.236.77.181]
Nov  7 05:07:05 conch postfix/smtpd[19731]: 5E321242D5: client=mta834.e.drugstore.com[63.236.77.181]
Nov  7 05:07:05 conch postfix/cleanup[19734]: 5E321242D5: message-id=<b8g724ta08rqp8aup8ah0b1x2x241v.131715525.2830@mta834.e.drugstore.com>
Nov  7 05:07:05 conch postfix/qmgr[25409]: 5E321242D5: from=<bo-b8g724ta08rqp8aup8ah0b1x2x241v@b.e.drugstore.com>, size=31930, nrcpt=1 (queue active)
Nov  7 05:07:05 conch postfix/smtpd[19731]: disconnect from mta834.e.drugstore.com[63.236.77.181]
Nov  7 05:07:08 conch postfix/smtp[19735]: 5E321242D5: to=<jdent@seaglass.com>, relay=mail.seaglass.com[74.220.219.61]:25, delay=2.8, delays=0.15/0/2.2/0.48, dsn=2.0.0, status=sent (250 OK id=1Zv3D1-00035p-Q2)
Nov  7 05:07:08 conch postfix/qmgr[25409]: 5E321242D5: removed
Nov  7 05:07:23 conch postfix/smtpd[19731]: connect from hx1aofpax.thearly.download[94.156.34.147]
Nov  7 05:07:23 conch postfix/smtpd[19738]: connect from hx1aofpax.thearly.download[94.156.34.147]
Nov  7 05:07:24 conch postfix/smtpd[19738]: NOQUEUE: reject: RCPT from hx1aofpax.thearly.download[94.156.34.147]: 554 5.7.1 Service unavailable; Client host [94.156.34.147] blocked using zen.spamhaus.org; http://www.spamhaus.org/sbl/query/SBLCSS; from=<StirlingGenerator@thearly.download> to=<jdent@seaglass.com> proto=ESMTP helo=<hx1aofpax.thearly.download>
Nov  7 05:07:24 conch postfix/smtpd[19731]: NOQUEUE: reject: RCPT from hx1aofpax.thearly.download[94.156.34.147]: 554 5.7.1 Service unavailable; Client host [94.156.34.147] blocked using zen.spamhaus.org; http://www.spamhaus.org/sbl/query/SBLCSS; from=<StirlingMotor@thearly.download> to=<kdent@seaglass.com> proto=ESMTP helo=<hx1aofpax.thearly.download>
Nov  7 05:07:24 conch postfix/smtpd[19738]: disconnect from hx1aofpax.thearly.download[94.156.34.147]
Nov  7 05:07:24 conch postfix/smtpd[19731]: disconnect from hx1aofpax.thearly.download[94.156.34.147]
Nov  7 05:08:19 conch postfix/smtpd[19738]: warning: 192.227.231.29: address not listed for hostname 192-227-231-29-host.colocrossing.com
Nov  7 05:08:19 conch postfix/smtpd[19738]: connect from unknown[192.227.231.29]
Nov  7 05:08:19 conch postfix/smtpd[19731]: warning: 192.227.231.29: address not listed for hostname 192-227-231-29-host.colocrossing.com
Nov  7 05:08:19 conch postfix/smtpd[19731]: connect from unknown[192.227.231.29]
Nov  7 05:08:20 conch postfix/smtpd[19731]: 3A6C4242D5: client=unknown[192.227.231.29]
Nov  7 05:08:20 conch postfix/cleanup[19734]: 3A6C4242D5: message-id=<1618280249528316188988261573@fhih3.besvortw.top>
Nov  7 05:08:20 conch postfix/qmgr[25409]: 3A6C4242D5: from=<Studentjobs@besvortw.top>, size=10354, nrcpt=1 (queue active)
Nov  7 05:08:20 conch postfix/smtpd[19738]: 780D0242E7: client=unknown[192.227.231.29]
Nov  7 05:08:20 conch postfix/cleanup[19734]: 780D0242E7: message-id=<16182801730604216188988261573@fhih3.besvortw.top>
Nov  7 05:08:20 conch postfix/smtpd[19731]: AD380242EB: client=unknown[192.227.231.29]
Nov  7 05:08:20 conch postfix/qmgr[25409]: 780D0242E7: from=<Studentjobs@besvortw.top>, size=10370, nrcpt=1 (queue active)
Nov  7 05:08:20 conch postfix/cleanup[19741]: AD380242EB: message-id=<16182801259854616188988261573@fhih3.besvortw.top>
Nov  7 05:08:20 conch postfix/qmgr[25409]: AD380242EB: from=<Studentjobs@besvortw.top>, size=10356, nrcpt=1 (queue active)
Nov  7 05:08:20 conch postfix/smtpd[19738]: disconnect from unknown[192.227.231.29]
Nov  7 05:08:21 conch postfix/smtpd[19731]: disconnect from unknown[192.227.231.29]
Nov  7 05:08:23 conch postfix/smtp[19735]: 3A6C4242D5: to=<riley@seaglass.com>, relay=mail.seaglass.com[74.220.219.61]:25, delay=3.5, delays=0.91/0/2.2/0.36, dsn=2.0.0, status=sent (250 OK id=1Zv3EE-0003zT-Rf)
Nov  7 05:08:23 conch postfix/qmgr[25409]: 3A6C4242D5: removed
Nov  7 05:08:23 conch postfix/smtp[19742]: 780D0242E7: to=<kdent@seaglass.com>, relay=mail.seaglass.com[74.220.219.61]:25, delay=3.8, delays=1.2/0.01/2.2/0.38, dsn=2.0.0, status=sent (250 OK id=1Zv3EF-0003zb-3k)
Nov  7 05:08:23 conch postfix/qmgr[25409]: 780D0242E7: removed
Nov  7 05:08:23 conch postfix/smtp[19743]: AD380242EB: to=<jdent@seaglass.com>, relay=mail.seaglass.com[74.220.219.61]:25, delay=2.9, delays=0.25/0.01/2.2/0.4, dsn=2.0.0, status=sent (250 OK id=1Zv3EF-0003zf-9r)
Nov  7 05:08:23 conch postfix/qmgr[25409]: AD380242EB: removed
Nov  7 05:08:40 conch postfix/qmgr[25409]: 1C38F2419C: from=<>, size=2550, nrcpt=1 (queue active)
Nov  7 05:08:40 conch postfix/qmgr[25409]: BC6CA242A6: from=<>, size=12693, nrcpt=1 (queue active)
Nov  7 05:08:40 conch postfix/smtp[19742]: connect to lcijas.biz[188.122.72.101]:25: Connection refused
Nov  7 05:08:40 conch postfix/smtp[19742]: connect to lcijas.biz[213.163.84.205]:25: Connection refused
Nov  7 05:08:40 conch postfix/smtp[19742]: 1C38F2419C: to=<noreply@lcijas.biz>, relay=none, delay=248426, delays=248425/0/0.26/0, dsn=4.4.1, status=deferred (connect to lcijas.biz[213.163.84.205]:25: Connection refused)
Nov  7 05:09:10 conch postfix/smtp[19735]: connect to mail.rriiotu.org.in[104.27.170.64]:25: Connection timed out
Nov  7 05:09:14 conch postfix/smtpd[19738]: connect from unknown[137.63.68.107]
Nov  7 05:09:14 conch postfix/smtpd[19738]: 7CE7624185: client=unknown[137.63.68.107]
Nov  7 05:09:14 conch postfix/cleanup[19734]: 7CE7624185: message-id=<f8509babbeddea6fc34dc518b32b0476.21899284.19465315jdent@seaglass.com>
Nov  7 05:09:14 conch postfix/qmgr[25409]: 7CE7624185: from=<Restore.Your.Hair@yehom.xyz>, size=6665, nrcpt=1 (queue active)
Nov  7 05:09:14 conch postfix/smtpd[19738]: disconnect from unknown[137.63.68.107]
Nov  7 05:09:17 conch postfix/smtp[19743]: 7CE7624185: to=<jdent@seaglass.com>, relay=mail.seaglass.com[74.220.219.61]:25, delay=3, delays=0.46/0/2.2/0.3, dsn=2.0.0, status=sent (250 OK id=1Zv3F7-0004R7-35)
Nov  7 05:09:17 conch postfix/qmgr[25409]: 7CE7624185: removed
Nov  7 05:09:40 conch postfix/smtp[19735]: connect to mail.rriiotu.org.in[104.27.171.64]:25: Connection timed out
Nov  7 05:09:40 conch postfix/smtp[19735]: BC6CA242A6: to=<16-15031605-4-jdent=seaglass.com@mail.rriiotu.org.in>, relay=none, delay=260890, delays=260830/0/60/0, dsn=4.4.1, status=deferred (connect to mail.rriiotu.org.in[104.27.171.64]:25: Connection timed out)
Nov  7 05:09:51 conch postfix/smtpd[19731]: connect from unknown[137.63.68.107]
Nov  7 05:09:51 conch postfix/smtpd[19731]: 77C66242D5: client=unknown[137.63.68.107]
Nov  7 05:09:51 conch postfix/cleanup[19741]: 77C66242D5: message-id=<5dcfd80285d21a72abf3c46e396c0002.4921801.8697948kdent@seaglass.com>
Nov  7 05:09:51 conch postfix/qmgr[25409]: 77C66242D5: from=<Restore.Your.Hair@yehom.xyz>, size=6628, nrcpt=1 (queue active)
Nov  7 05:09:51 conch postfix/smtpd[19731]: disconnect from unknown[137.63.68.107]
Nov  7 05:09:54 conch postfix/smtp[19742]: 77C66242D5: to=<kdent@seaglass.com>, relay=mail.seaglass.com[74.220.219.61]:25, delay=2.8, delays=0.25/0/2.2/0.3, dsn=2.0.0, status=sent (250 OK id=1Zv3Fi-0004qh-2h)
Nov  7 05:09:54 conch postfix/qmgr[25409]: 77C66242D5: removed
Nov  7 05:11:07 conch postfix/smtpd[19731]: connect from unknown[137.63.68.107]
Nov  7 05:11:07 conch postfix/smtpd[19731]: B4927242D5: client=unknown[137.63.68.107]
Nov  7 05:11:07 conch postfix/cleanup[19741]: B4927242D5: message-id=<3d7a0d781b11209669ef740f6068165e.11672888.12776871becky@seaglass.com>
Nov  7 05:11:07 conch postfix/qmgr[25409]: B4927242D5: from=<Restore.Your.Hair@yehom.xyz>, size=6665, nrcpt=1 (queue active)
Nov  7 05:11:08 conch postfix/smtpd[19731]: disconnect from unknown[137.63.68.107]
Nov  7 05:11:10 conch postfix/smtp[19735]: B4927242D5: to=<becky@seaglass.com>, relay=mail.seaglass.com[74.220.219.61]:25, delay=2.7, delays=0.24/0/2.2/0.3, dsn=2.0.0, status=sent (250 OK id=1Zv3Gw-0005cw-Ag)
Nov  7 05:11:10 conch postfix/qmgr[25409]: B4927242D5: removed
Nov  7 05:12:12 conch postfix/anvil[19725]: statistics: max connection rate 2/60s for (smtp:137.63.68.106) at Nov  7 05:03:26
Nov  7 05:12:12 conch postfix/anvil[19725]: statistics: max connection count 2 for (smtp:94.156.34.147) at Nov  7 05:07:23
Nov  7 05:12:12 conch postfix/anvil[19725]: statistics: max cache size 2 at Nov  7 05:03:09
Nov  7 05:14:14 conch postfix/smtpd[19763]: connect from avk8rw92.lng.download[94.156.37.114]
Nov  7 05:14:15 conch postfix/smtpd[19763]: NOQUEUE: reject: RCPT from avk8rw92.lng.download[94.156.37.114]: 554 5.7.1 Service unavailable; Client host [94.156.37.114] blocked using zen.spamhaus.org; http://www.spamhaus.org/sbl/query/SBLCSS; from=<EcommerceSoftwareTips@lng.download> to=<jdent@seaglass.com> proto=ESMTP helo=<06955c15.lng.download>
Nov  7 05:14:18 conch postfix/smtpd[19763]: disconnect from avk8rw92.lng.download[94.156.37.114]
Nov  7 05:16:09 conch postfix/smtpd[19766]: connect from unknown[137.63.68.108]
Nov  7 05:16:09 conch postfix/smtpd[19766]: 5BA95242D5: client=unknown[137.63.68.108]
Nov  7 05:16:09 conch postfix/cleanup[19769]: 5BA95242D5: message-id=<0.0.5dcfd80285d21a72abf3c46e396c0002.17663025.5387805.0kdent@seaglass.com>
Nov  7 05:16:09 conch postfix/qmgr[25409]: 5BA95242D5: from=<High_Power_Emergency_Flashlight@yfzfg.xyz>, size=6862, nrcpt=1 (queue active)
Nov  7 05:16:09 conch postfix/smtpd[19766]: disconnect from unknown[137.63.68.108]
Nov  7 05:16:12 conch postfix/smtp[19770]: 5BA95242D5: to=<kdent@seaglass.com>, relay=mail.seaglass.com[74.220.219.61]:25, delay=2.8, delays=0.24/0.01/2.2/0.3, dsn=2.0.0, status=sent (250 OK id=1Zv3Ln-0000qN-VV)
Nov  7 05:16:12 conch postfix/qmgr[25409]: 5BA95242D5: removed
Nov  7 05:16:18 conch postfix/smtpd[19766]: connect from 178-17-171-239.ip.as43289.net[178.17.171.239]
Nov  7 05:16:18 conch postfix/smtpd[19766]: NOQUEUE: reject: RCPT from 178-17-171-239.ip.as43289.net[178.17.171.239]: 554 5.7.1 Service unavailable; Client host [178.17.171.239] blocked using zen.spamhaus.org; http://www.spamhaus.org/sbl/query/SBLCSS; from=<cruisetoparadise@lifeelos.date> to=<kdent@seaglass.com> proto=ESMTP helo=<familial.lifeelos.date>
Nov  7 05:16:19 conch postfix/smtpd[19766]: lost connection after DATA (approximately 0 bytes) from 178-17-171-239.ip.as43289.net[178.17.171.239]
Nov  7 05:16:19 conch postfix/smtpd[19766]: disconnect from 178-17-171-239.ip.as43289.net[178.17.171.239]
Nov  7 05:17:05 conch postfix/smtpd[19766]: connect from unknown[137.63.68.108]
Nov  7 05:17:05 conch postfix/smtpd[19766]: D5868242D5: client=unknown[137.63.68.108]
Nov  7 05:17:05 conch postfix/cleanup[19769]: D5868242D5: message-id=<0.0.3d7a0d781b11209669ef740f6068165e.11414658.5907928.0becky@seaglass.com>
Nov  7 05:17:06 conch postfix/qmgr[25409]: D5868242D5: from=<High_Power_Emergency_Flashlight@yfzfg.xyz>, size=6862, nrcpt=1 (queue active)
Nov  7 05:17:06 conch postfix/smtpd[19766]: disconnect from unknown[137.63.68.108]
Nov  7 05:17:08 conch postfix/smtp[19770]: D5868242D5: to=<becky@seaglass.com>, relay=mail.seaglass.com[74.220.219.61]:25, delay=2.8, delays=0.26/0/2.2/0.3, dsn=2.0.0, status=sent (250 OK id=1Zv3Mi-0001Un-Fh)
Nov  7 05:17:08 conch postfix/qmgr[25409]: D5868242D5: removed
Nov  7 05:17:24 conch postfix/smtpd[19766]: warning: 69.12.86.232: address not listed for hostname 69.12.86.232.static.quadranet.com
Nov  7 05:17:24 conch postfix/smtpd[19766]: connect from unknown[69.12.86.232]
Nov  7 05:17:24 conch postfix/smtpd[19766]: NOQUEUE: reject: RCPT from unknown[69.12.86.232]: 450 4.7.1 <mail.polifbrinasutra.com>: Helo command rejected: Host not found; from=<reverse.mortgage-riley=seaglass.com@polifbrinasutra.com> to=<riley@seaglass.com> proto=ESMTP helo=<mail.polifbrinasutra.com>
Nov  7 05:17:24 conch postfix/smtpd[19766]: NOQUEUE: reject: RCPT from unknown[69.12.86.232]: 450 4.7.1 <mail.polifbrinasutra.com>: Helo command rejected: Host not found; from=<reverse.mortgage.calculator-kdent=seaglass.com@polifbrinasutra.com> to=<kdent@seaglass.com> proto=ESMTP helo=<mail.polifbrinasutra.com>
Nov  7 05:17:25 conch postfix/smtpd[19766]: NOQUEUE: reject: RCPT from unknown[69.12.86.232]: 450 4.7.1 <mail.polifbrinasutra.com>: Helo command rejected: Host not found; from=<reverse.mortgage-jdent=seaglass.com@polifbrinasutra.com> to=<jdent@seaglass.com> proto=ESMTP helo=<mail.polifbrinasutra.com>
Nov  7 05:17:25 conch postfix/smtpd[19766]: disconnect from unknown[69.12.86.232]
Nov  7 05:17:26 conch postfix/smtpd[19766]: connect from unknown[137.63.68.108]
Nov  7 05:17:26 conch postfix/smtpd[19766]: 408E9242D5: client=unknown[137.63.68.108]
Nov  7 05:17:26 conch postfix/cleanup[19769]: 408E9242D5: message-id=<0.0.f8509babbeddea6fc34dc518b32b0476.9813448.16906279.0jdent@seaglass.com>
Nov  7 05:17:26 conch postfix/qmgr[25409]: 408E9242D5: from=<High_Power_Emergency_Flashlight@yfzfg.xyz>, size=6875, nrcpt=1 (queue active)
Nov  7 05:17:26 conch postfix/smtpd[19766]: disconnect from unknown[137.63.68.108]
Nov  7 05:17:29 conch postfix/smtp[19770]: 408E9242D5: to=<jdent@seaglass.com>, relay=mail.seaglass.com[74.220.219.61]:25, delay=2.8, delays=0.25/0/2.2/0.3, dsn=2.0.0, status=sent (250 OK id=1Zv3N2-0001lM-S3)
Nov  7 05:17:29 conch postfix/qmgr[25409]: 408E9242D5: removed
Nov  7 05:17:44 conch postfix/smtpd[19766]: connect from unknown[117.213.53.188]
Nov  7 05:17:47 conch postfix/smtpd[19766]: NOQUEUE: reject: RCPT from unknown[117.213.53.188]: 554 5.7.1 <sister@seaglass.com>: Recipient address rejected: Access denied; from=<> to=<sister@seaglass.com> proto=SMTP helo=<117.213.53.188>
Nov  7 05:17:48 conch postfix/smtpd[19766]: lost connection after RCPT from unknown[117.213.53.188]
Nov  7 05:17:48 conch postfix/smtpd[19766]: disconnect from unknown[117.213.53.188]
Nov  7 05:21:08 conch postfix/anvil[19725]: statistics: max connection rate 2/60s for (smtp:137.63.68.108) at Nov  7 05:17:05
Nov  7 05:21:08 conch postfix/anvil[19725]: statistics: max connection count 1 for (smtp:94.156.37.114) at Nov  7 05:14:14
Nov  7 05:21:08 conch postfix/anvil[19725]: statistics: max cache size 3 at Nov  7 05:17:44
Nov  7 05:21:19 conch postfix/smtpd[19791]: connect from unknown[137.63.68.109]
Nov  7 05:21:20 conch postfix/smtpd[19791]: 51EEB242D5: client=unknown[137.63.68.109]
Nov  7 05:21:20 conch postfix/cleanup[19795]: 51EEB242D5: message-id=<f8509babbeddea6fc34dc518b32b0476.1424671.23343617jdent@seaglass.com>
Nov  7 05:21:20 conch postfix/qmgr[25409]: 51EEB242D5: from=<Find_Your_Dream_Home@yigob.xyz>, size=5716, nrcpt=1 (queue active)
Nov  7 05:21:20 conch postfix/smtpd[19791]: disconnect from unknown[137.63.68.109]
Nov  7 05:21:21 conch postfix/smtpd[19791]: connect from unknown[137.63.68.109]
Nov  7 05:21:21 conch postfix/smtpd[19791]: 65E42242E7: client=unknown[137.63.68.109]
Nov  7 05:21:21 conch postfix/cleanup[19795]: 65E42242E7: message-id=<3d7a0d781b11209669ef740f6068165e.1176503.20384649becky@seaglass.com>
Nov  7 05:21:21 conch postfix/qmgr[25409]: 65E42242E7: from=<Find_Your_Dream_Home@yigob.xyz>, size=5716, nrcpt=1 (queue active)
Nov  7 05:21:21 conch postfix/smtpd[19791]: disconnect from unknown[137.63.68.109]
Nov  7 05:21:22 conch postfix/smtp[19796]: 51EEB242D5: to=<jdent@seaglass.com>, relay=mail.seaglass.com[74.220.219.61]:25, delay=3.1, delays=0.54/0.01/2.2/0.3, dsn=2.0.0, status=sent (250 OK id=1Zv3Qo-0004Xk-Qi)
Nov  7 05:21:22 conch postfix/qmgr[25409]: 51EEB242D5: removed
Nov  7 05:21:24 conch postfix/smtp[19797]: 65E42242E7: to=<becky@seaglass.com>, relay=mail.seaglass.com[74.220.219.61]:25, delay=2.7, delays=0.14/0.01/2.2/0.3, dsn=2.0.0, status=sent (250 OK id=1Zv3Qp-0004YT-Te)
Nov  7 05:21:24 conch postfix/qmgr[25409]: 65E42242E7: removed
Nov  7 05:24:16 conch postfix/smtpd[19798]: connect from carsbyzip.com[207.244.68.62]
Nov  7 05:24:16 conch postfix/smtpd[19798]: NOQUEUE: reject: RCPT from carsbyzip.com[207.244.68.62]: 554 5.7.1 Service unavailable; Client host [207.244.68.62] blocked using zen.spamhaus.org; http://www.spamhaus.org/sbl/query/SBLCSS; from=<ApexMasterMind@carsbyzip.com> to=<kdent@seaglass.com> proto=SMTP helo=<mta4.carsbyzip.com>
Nov  7 05:24:16 conch postfix/smtpd[19798]: disconnect from carsbyzip.com[207.244.68.62]
Nov  7 05:24:20 conch postfix/smtpd[19798]: connect from unknown[137.63.68.109]
Nov  7 05:24:21 conch postfix/smtpd[19798]: 062F8242D5: client=unknown[137.63.68.109]
Nov  7 05:24:21 conch postfix/cleanup[19801]: 062F8242D5: message-id=<5dcfd80285d21a72abf3c46e396c0002.4015001.19198765kdent@seaglass.com>
Nov  7 05:24:21 conch postfix/qmgr[25409]: 062F8242D5: from=<Find_Your_Dream_Home@yigob.xyz>, size=5716, nrcpt=1 (queue active)
Nov  7 05:24:21 conch postfix/smtpd[19798]: disconnect from unknown[137.63.68.109]
Nov  7 05:24:23 conch postfix/smtp[19802]: 062F8242D5: to=<kdent@seaglass.com>, relay=mail.seaglass.com[74.220.219.61]:25, delay=2.7, delays=0.21/0.01/2.2/0.3, dsn=2.0.0, status=sent (250 OK id=1Zv3Tj-0006tm-Gm)
Nov  7 05:24:23 conch postfix/qmgr[25409]: 062F8242D5: removed
Nov  7 05:26:57 conch postfix/smtpd[19803]: connect from unknown[137.63.68.110]
Nov  7 05:26:57 conch postfix/smtpd[19803]: 69C14242D5: client=unknown[137.63.68.110]
Nov  7 05:26:57 conch postfix/cleanup[19806]: 69C14242D5: message-id=<0.0.f8509babbeddea6fc34dc518b32b0476.13086812.3843935.0jdent@seaglass.com>
Nov  7 05:26:57 conch postfix/qmgr[25409]: 69C14242D5: from=<Tesla-Generator@ytbwb.xyz>, size=5059, nrcpt=1 (queue active)
Nov  7 05:26:57 conch postfix/smtpd[19803]: disconnect from unknown[137.63.68.110]
Nov  7 05:27:00 conch postfix/smtp[19807]: 69C14242D5: to=<jdent@seaglass.com>, relay=mail.seaglass.com[74.220.219.61]:25, delay=2.6, delays=0.12/0.01/2.2/0.31, dsn=2.0.0, status=sent (250 OK id=1Zv3WF-0000e9-Tq)
Nov  7 05:27:00 conch postfix/qmgr[25409]: 69C14242D5: removed
Nov  7 05:28:12 conch postfix/smtpd[19803]: connect from unknown[137.63.68.110]
Nov  7 05:28:12 conch postfix/smtpd[19803]: 6B27E242D5: client=unknown[137.63.68.110]
Nov  7 05:28:12 conch postfix/cleanup[19806]: 6B27E242D5: message-id=<0.0.5dcfd80285d21a72abf3c46e396c0002.2499695.1248901.0kdent@seaglass.com>
Nov  7 05:28:12 conch postfix/qmgr[25409]: 6B27E242D5: from=<Tesla-Generator@ytbwb.xyz>, size=5055, nrcpt=1 (queue active)
Nov  7 05:28:12 conch postfix/smtpd[19803]: disconnect from unknown[137.63.68.110]
Nov  7 05:28:15 conch postfix/smtp[19807]: 6B27E242D5: to=<kdent@seaglass.com>, relay=mail.seaglass.com[74.220.219.61]:25, delay=2.7, delays=0.12/0/2.2/0.39, dsn=2.0.0, status=sent (250 OK id=1Zv3XS-0001RY-Vl)
Nov  7 05:28:15 conch postfix/qmgr[25409]: 6B27E242D5: removed
Nov  7 05:28:55 conch postfix/smtpd[19810]: warning: 192.227.231.207: address not listed for hostname 192-227-231-207-host.colocrossing.com
Nov  7 05:28:55 conch postfix/smtpd[19810]: connect from unknown[192.227.231.207]
Nov  7 05:28:55 conch postfix/smtpd[19803]: warning: 192.227.231.207: address not listed for hostname 192-227-231-207-host.colocrossing.com
Nov  7 05:28:55 conch postfix/smtpd[19803]: connect from unknown[192.227.231.207]
Nov  7 05:28:56 conch postfix/smtpd[19810]: 6C409242D5: client=unknown[192.227.231.207]
Nov  7 05:28:56 conch postfix/smtpd[19803]: 843A8242E7: client=unknown[192.227.231.207]
Nov  7 05:28:56 conch postfix/cleanup[19806]: 6C409242D5: message-id=<16192801730604216198584257569@ztyx0my.bfsvortw.top>
Nov  7 05:28:56 conch postfix/cleanup[19813]: 843A8242E7: message-id=<1619280249528316198584257569@ztyx0my.bfsvortw.top>
Nov  7 05:28:56 conch postfix/qmgr[25409]: 6C409242D5: from=<Tires@bfsvortw.top>, size=21481, nrcpt=1 (queue active)
Nov  7 05:28:56 conch postfix/smtpd[19814]: connect from unknown[137.63.68.110]
Nov  7 05:28:56 conch postfix/qmgr[25409]: 843A8242E7: from=<Tires@bfsvortw.top>, size=21458, nrcpt=1 (queue active)
Nov  7 05:28:56 conch postfix/smtpd[19810]: DF26E242EB: client=unknown[192.227.231.207]
Nov  7 05:28:56 conch postfix/smtpd[19803]: disconnect from unknown[192.227.231.207]
Nov  7 05:28:57 conch postfix/cleanup[19806]: DF26E242EB: message-id=<16192801259854616198584257569@ztyx0my.bfsvortw.top>
Nov  7 05:28:57 conch postfix/smtpd[19814]: 108FF242EE: client=unknown[137.63.68.110]
Nov  7 05:28:57 conch postfix/cleanup[19813]: 108FF242EE: message-id=<0.0.3d7a0d781b11209669ef740f6068165e.18102478.18683526.0becky@seaglass.com>
Nov  7 05:28:57 conch postfix/qmgr[25409]: DF26E242EB: from=<Tires@bfsvortw.top>, size=21472, nrcpt=1 (queue active)
Nov  7 05:28:57 conch postfix/qmgr[25409]: 108FF242EE: from=<Tesla-Generator@ytbwb.xyz>, size=5075, nrcpt=1 (queue active)
Nov  7 05:28:57 conch postfix/smtpd[19814]: disconnect from unknown[137.63.68.110]
Nov  7 05:28:57 conch postfix/smtpd[19810]: disconnect from unknown[192.227.231.207]
Nov  7 05:28:59 conch postfix/smtp[19807]: 6C409242D5: to=<kdent@seaglass.com>, relay=mail.seaglass.com[74.220.219.61]:25, delay=3.3, delays=0.57/0/2.2/0.47, dsn=2.0.0, status=sent (250 OK id=1Zv3YB-00020L-1s)
Nov  7 05:28:59 conch postfix/qmgr[25409]: 6C409242D5: removed
Nov  7 05:28:59 conch postfix/smtp[19815]: 843A8242E7: to=<riley@seaglass.com>, relay=mail.seaglass.com[74.220.219.61]:25, delay=3.4, delays=0.67/0.01/2.2/0.47, dsn=2.0.0, status=sent (250 OK id=1Zv3YB-00020P-59)
Nov  7 05:28:59 conch postfix/qmgr[25409]: 843A8242E7: removed
Nov  7 05:28:59 conch postfix/smtp[19817]: 108FF242EE: to=<becky@seaglass.com>, relay=mail.seaglass.com[74.220.219.61]:25, delay=2.8, delays=0.19/0.03/2.3/0.3, dsn=2.0.0, status=sent (250 OK id=1Zv3YB-00020c-KM)
Nov  7 05:28:59 conch postfix/qmgr[25409]: 108FF242EE: removed
Nov  7 05:28:59 conch postfix/smtp[19816]: DF26E242EB: to=<jdent@seaglass.com>, relay=mail.seaglass.com[74.220.219.61]:25, delay=3.1, delays=0.33/0.03/2.3/0.48, dsn=2.0.0, status=sent (250 OK id=1Zv3YB-00020b-KJ)
Nov  7 05:28:59 conch postfix/qmgr[25409]: DF26E242EB: removed
Nov  7 05:31:19 conch postfix/anvil[19793]: statistics: max connection rate 2/60s for (smtp:137.63.68.109) at Nov  7 05:21:21
Nov  7 05:31:19 conch postfix/anvil[19793]: statistics: max connection count 2 for (smtp:192.227.231.207) at Nov  7 05:28:55
Nov  7 05:31:19 conch postfix/anvil[19793]: statistics: max cache size 2 at Nov  7 05:24:20
Nov  7 05:31:48 conch postfix/smtpd[19831]: connect from mta.exct.stansberryresearch.com[136.147.136.26]
Nov  7 05:31:49 conch postfix/smtpd[19831]: 38405242D5: client=mta.exct.stansberryresearch.com[136.147.136.26]
Nov  7 05:31:49 conch postfix/cleanup[19834]: 38405242D5: message-id=<2d9eb535-6930-4ce8-9244-fa37d99888a6@xtgap4s7mta1217.xt.local>
Nov  7 05:31:49 conch postfix/qmgr[25409]: 38405242D5: from=<bounce-755_HTML-59957525-872852-7207077-233@bounce.exct.stansberryresearch.com>, size=35565, nrcpt=1 (queue active)
Nov  7 05:31:49 conch postfix/smtpd[19831]: disconnect from mta.exct.stansberryresearch.com[136.147.136.26]
Nov  7 05:31:52 conch postfix/smtp[19835]: 38405242D5: to=<becky@seaglass.com>, relay=mail.seaglass.com[74.220.219.61]:25, delay=3.2, delays=0.48/0.01/2.2/0.53, dsn=2.0.0, status=sent (250 OK id=1Zv3ax-00053Z-Nk)
Nov  7 05:31:52 conch postfix/qmgr[25409]: 38405242D5: removed
Nov  7 05:32:43 conch postfix/smtpd[19831]: connect from unknown[137.63.68.111]
Nov  7 05:32:43 conch postfix/smtpd[19831]: C4E80242D5: client=unknown[137.63.68.111]
Nov  7 05:32:43 conch postfix/cleanup[19834]: C4E80242D5: message-id=<0.0.5dcfd80285d21a72abf3c46e396c0002.13091736.4895697.0kdent@seaglass.com>
Nov  7 05:32:43 conch postfix/qmgr[25409]: C4E80242D5: from=<Macys.Promotional.Credit@zgath.xyz>, size=5894, nrcpt=1 (queue active)
Nov  7 05:32:44 conch postfix/smtpd[19831]: disconnect from unknown[137.63.68.111]
Nov  7 05:32:46 conch postfix/smtp[19835]: C4E80242D5: to=<kdent@seaglass.com>, relay=mail.seaglass.com[74.220.219.61]:25, delay=2.6, delays=0.11/0/2.2/0.3, dsn=2.0.0, status=sent (250 OK id=1Zv3bq-0005gt-97)
Nov  7 05:32:46 conch postfix/qmgr[25409]: C4E80242D5: removed
Nov  7 05:33:10 conch postfix/smtpd[19831]: warning: 204.152.221.63: address not listed for hostname 204.152.221.63.static.quadranet.com
Nov  7 05:33:10 conch postfix/smtpd[19831]: connect from unknown[204.152.221.63]
Nov  7 05:33:11 conch postfix/smtpd[19831]: 14C8C242D5: client=unknown[204.152.221.63]
Nov  7 05:33:11 conch postfix/cleanup[19834]: 14C8C242D5: message-id=<38929915489983891451429241464@ua5b3lpd.bladderbig.co>
Nov  7 05:33:11 conch postfix/qmgr[25409]: 14C8C242D5: from=<OveractiveBladderSymptoms@bladderbig.co>, size=7729, nrcpt=1 (queue active)
Nov  7 05:33:12 conch postfix/smtpd[19831]: disconnect from unknown[204.152.221.63]
