Nov  7 11:05:41 conch postfix/smtpd[21119]: NOQUEUE: reject: RCPT from whitei.win[128.204.198.35]: 554 5.7.1 Service unavailable; Client host [128.204.198.35] blocked using zen.spamhaus.org; http://www.spamhaus.org/sbl/query/SBLCSS; from=<buoyantly@whitei.win> to=<riley@seaglass.com> proto=ESMTP helo=<whitei.win>
Nov  7 11:05:41 conch postfix/smtpd[21119]: lost connection after RCPT from whitei.win[128.204.198.35]
Nov  7 11:05:41 conch postfix/smtpd[21119]: disconnect from whitei.win[128.204.198.35]
Nov  7 11:06:13 conch postfix/smtpd[21119]: warning: 96.45.70.57: address not listed for hostname mx1.sixtyfiveaccessibleoptions.net
Nov  7 11:06:13 conch postfix/smtpd[21119]: connect from unknown[96.45.70.57]
Nov  7 11:06:13 conch postfix/smtpd[21119]: NOQUEUE: reject: RCPT from unknown[96.45.70.57]: 554 5.7.1 Service unavailable; Client host [96.45.70.57] blocked using zen.spamhaus.org; http://www.spamhaus.org/sbl/query/SBLCSS; from=<MedicareSupplement@expresented.download> to=<jdent@seaglass.com> proto=ESMTP helo=<00037604.expresented.download>
Nov  7 11:06:13 conch postfix/smtpd[21119]: disconnect from unknown[96.45.70.57]
Nov  7 11:08:10 conch postfix/smtpd[21126]: connect from omp.eahome.ethanallen.com[199.7.204.81]
Nov  7 11:08:10 conch postfix/smtpd[21126]: 9BE41242D5: client=omp.eahome.ethanallen.com[199.7.204.81]
Nov  7 11:08:10 conch postfix/cleanup[21129]: 9BE41242D5: message-id=<0.0.4F.2B7.1D1198FA43A9C72.0@omp.eahome.ethanallen.com>
Nov  7 11:08:10 conch postfix/qmgr[25409]: 9BE41242D5: from=<style@eahome.ethanallen.com>, size=24673, nrcpt=1 (queue active)
Nov  7 11:08:10 conch postfix/smtpd[21126]: disconnect from omp.eahome.ethanallen.com[199.7.204.81]
Nov  7 11:08:13 conch postfix/anvil[21078]: statistics: max connection rate 2/60s for (smtp:23.104.233.6) at Nov  7 10:59:06
Nov  7 11:08:13 conch postfix/anvil[21078]: statistics: max connection count 2 for (smtp:192.227.231.216) at Nov  7 11:01:15
Nov  7 11:08:13 conch postfix/anvil[21078]: statistics: max cache size 3 at Nov  7 11:06:13
Nov  7 11:08:13 conch postfix/smtp[21130]: 9BE41242D5: to=<jdent@seaglass.com>, relay=mail.seaglass.com[74.220.219.61]:25, delay=3.4, delays=0.6/0.01/2.2/0.54, dsn=2.0.0, status=sent (250 OK id=1Zv8qT-0002fC-8u)
Nov  7 11:08:13 conch postfix/qmgr[25409]: 9BE41242D5: removed
Nov  7 11:09:12 conch postfix/smtpd[21126]: warning: 66.199.236.250: address not listed for hostname 66-199-236-250.reverse.ezzi.net
Nov  7 11:09:12 conch postfix/smtpd[21126]: connect from unknown[66.199.236.250]
Nov  7 11:09:13 conch postfix/smtpd[21126]: NOQUEUE: reject: RCPT from unknown[66.199.236.250]: 554 5.7.1 Service unavailable; Client host [66.199.236.250] blocked using zen.spamhaus.org; http://www.spamhaus.org/sbl/query/SBLCSS; from=<anon@whiteu.win> to=<riley@seaglass.com> proto=ESMTP helo=<whiteu.win>
Nov  7 11:09:13 conch postfix/smtpd[21126]: lost connection after RCPT from unknown[66.199.236.250]
Nov  7 11:09:13 conch postfix/smtpd[21126]: disconnect from unknown[66.199.236.250]
Nov  7 11:09:25 conch postfix/smtpd[21126]: connect from smtue.xyz[23.104.233.8]
Nov  7 11:09:25 conch postfix/smtpd[21126]: 8440F242D5: client=smtue.xyz[23.104.233.8]
Nov  7 11:09:25 conch postfix/cleanup[21129]: 8440F242D5: message-id=<0.0.f8509babbeddea6fc34dc518b32b0476.16330502.4729053.0jdent@seaglass.com>
Nov  7 11:09:25 conch postfix/qmgr[25409]: 8440F242D5: from=<Walmart-Gift@smtue.xyz>, size=4385, nrcpt=1 (queue active)
Nov  7 11:09:25 conch postfix/smtpd[21126]: disconnect from smtue.xyz[23.104.233.8]
Nov  7 11:09:28 conch postfix/smtp[21130]: 8440F242D5: to=<jdent@seaglass.com>, relay=mail.seaglass.com[74.220.219.61]:25, delay=2.7, delays=0.21/0/2.2/0.31, dsn=2.0.0, status=sent (250 OK id=1Zv8rg-0003W6-15)
Nov  7 11:09:28 conch postfix/qmgr[25409]: 8440F242D5: removed
Nov  7 11:09:41 conch postfix/smtpd[21126]: connect from smtue.xyz[23.104.233.8]
Nov  7 11:09:41 conch postfix/smtpd[21126]: 2E1C3242D5: client=smtue.xyz[23.104.233.8]
Nov  7 11:09:41 conch postfix/cleanup[21129]: 2E1C3242D5: message-id=<0.0.5dcfd80285d21a72abf3c46e396c0002.4236912.13133303.0kdent@seaglass.com>
Nov  7 11:09:41 conch postfix/qmgr[25409]: 2E1C3242D5: from=<Walmart-Gift@smtue.xyz>, size=4402, nrcpt=1 (queue active)
Nov  7 11:09:41 conch postfix/smtpd[21126]: disconnect from smtue.xyz[23.104.233.8]
Nov  7 11:09:43 conch postfix/smtp[21130]: 2E1C3242D5: to=<kdent@seaglass.com>, relay=mail.seaglass.com[74.220.219.61]:25, delay=2.6, delays=0.1/0/2.2/0.31, dsn=2.0.0, status=sent (250 OK id=1Zv8rv-0003gA-Ky)
Nov  7 11:09:43 conch postfix/qmgr[25409]: 2E1C3242D5: removed
Nov  7 11:11:11 conch postfix/smtpd[21126]: connect from smtue.xyz[23.104.233.8]
Nov  7 11:11:11 conch postfix/smtpd[21126]: 46BCC242D5: client=smtue.xyz[23.104.233.8]
Nov  7 11:11:11 conch postfix/cleanup[21129]: 46BCC242D5: message-id=<0.0.3d7a0d781b11209669ef740f6068165e.2684231.13249995.0becky@seaglass.com>
Nov  7 11:11:11 conch postfix/qmgr[25409]: 46BCC242D5: from=<Walmart-Gift@smtue.xyz>, size=4402, nrcpt=1 (queue active)
Nov  7 11:11:11 conch postfix/smtpd[21126]: disconnect from smtue.xyz[23.104.233.8]
Nov  7 11:11:13 conch postfix/smtp[21130]: 46BCC242D5: to=<becky@seaglass.com>, relay=mail.seaglass.com[74.220.219.61]:25, delay=2.6, delays=0.11/0/2.2/0.31, dsn=2.0.0, status=sent (250 OK id=1Zv8tN-0004cZ-OX)
Nov  7 11:11:13 conch postfix/qmgr[25409]: 46BCC242D5: removed
Nov  7 11:14:31 conch postfix/anvil[21078]: statistics: max connection rate 2/60s for (smtp:23.104.233.8) at Nov  7 11:09:41
Nov  7 11:14:31 conch postfix/anvil[21078]: statistics: max connection count 1 for (smtp:66.199.236.250) at Nov  7 11:09:12
Nov  7 11:14:31 conch postfix/anvil[21078]: statistics: max cache size 2 at Nov  7 11:09:25
Nov  7 11:14:42 conch postfix/smtpd[21151]: connect from q5dhia.efish7.top[107.161.87.244]
Nov  7 11:14:43 conch postfix/smtpd[21151]: NOQUEUE: reject: RCPT from q5dhia.efish7.top[107.161.87.244]: 554 5.7.1 Service unavailable; Client host [107.161.87.244] blocked using zen.spamhaus.org; http://www.spamhaus.org/sbl/query/SBLCSS; from=<laithwaiteswine@efish7.top> to=<riley@seaglass.com> proto=ESMTP helo=<q5dhia.efish7.top>
Nov  7 11:14:47 conch postfix/smtpd[21155]: connect from tqkke.xyz[23.104.233.9]
Nov  7 11:14:47 conch postfix/smtpd[21155]: 5E46C242D5: client=tqkke.xyz[23.104.233.9]
Nov  7 11:14:47 conch postfix/cleanup[21156]: 5E46C242D5: message-id=<0.0.5dcfd80285d21a72abf3c46e396c0002.21357669.9064903.0kdent@seaglass.com>
Nov  7 11:14:47 conch postfix/qmgr[25409]: 5E46C242D5: from=<Kohls-Holiday-Reward@tqkke.xyz>, size=5785, nrcpt=1 (queue active)
Nov  7 11:14:47 conch postfix/smtpd[21155]: disconnect from tqkke.xyz[23.104.233.9]
Nov  7 11:14:50 conch postfix/smtp[21157]: 5E46C242D5: to=<kdent@seaglass.com>, relay=mail.seaglass.com[74.220.219.61]:25, delay=2.7, delays=0.13/0.01/2.2/0.3, dsn=2.0.0, status=sent (250 OK id=1Zv8wr-0006bS-So)
Nov  7 11:14:50 conch postfix/qmgr[25409]: 5E46C242D5: removed
Nov  7 11:14:54 conch postfix/smtpd[21151]: disconnect from q5dhia.efish7.top[107.161.87.244]
Nov  7 11:15:32 conch postfix/smtpd[21155]: connect from tqkke.xyz[23.104.233.9]
Nov  7 11:15:32 conch postfix/smtpd[21155]: DF93B242D5: client=tqkke.xyz[23.104.233.9]
Nov  7 11:15:33 conch postfix/cleanup[21156]: DF93B242D5: message-id=<0.0.3d7a0d781b11209669ef740f6068165e.15320938.11790270.0becky@seaglass.com>
Nov  7 11:15:33 conch postfix/qmgr[25409]: DF93B242D5: from=<Kohls-Holiday-Reward@tqkke.xyz>, size=5807, nrcpt=1 (queue active)
Nov  7 11:15:33 conch postfix/smtpd[21155]: disconnect from tqkke.xyz[23.104.233.9]
Nov  7 11:15:35 conch postfix/smtp[21157]: DF93B242D5: to=<becky@seaglass.com>, relay=mail.seaglass.com[74.220.219.61]:25, delay=2.7, delays=0.14/0/2.2/0.3, dsn=2.0.0, status=sent (250 OK id=1Zv8xb-00076t-DO)
Nov  7 11:15:35 conch postfix/qmgr[25409]: DF93B242D5: removed
Nov  7 11:15:45 conch postfix/smtpd[21151]: warning: 216.169.113.120: address not listed for hostname 216-169-113-120.reverse.ezzi.net
Nov  7 11:15:45 conch postfix/smtpd[21151]: connect from unknown[216.169.113.120]
Nov  7 11:15:46 conch postfix/smtpd[21151]: NOQUEUE: reject: RCPT from unknown[216.169.113.120]: 554 5.7.1 Service unavailable; Client host [216.169.113.120] blocked using zen.spamhaus.org; http://www.spamhaus.org/sbl/query/SBLCSS; from=<foreordain@yellowe.win> to=<riley@seaglass.com> proto=ESMTP helo=<yellowe.win>
Nov  7 11:15:46 conch postfix/smtpd[21151]: lost connection after RCPT from unknown[216.169.113.120]
Nov  7 11:15:46 conch postfix/smtpd[21151]: disconnect from unknown[216.169.113.120]
Nov  7 11:15:50 conch postfix/smtpd[21155]: connect from 218-42-154-114.cust.bit-drive.ne.jp[218.42.154.114]
Nov  7 11:15:51 conch postfix/smtpd[21155]: NOQUEUE: reject: RCPT from 218-42-154-114.cust.bit-drive.ne.jp[218.42.154.114]: 450 4.7.1 <dns.torisys.co.jp>: Helo command rejected: Host not found; from=<info@torisys.co.jp> to=<becky@seaglass.com> proto=ESMTP helo=<dns.torisys.co.jp>
Nov  7 11:15:51 conch postfix/smtpd[21155]: disconnect from 218-42-154-114.cust.bit-drive.ne.jp[218.42.154.114]
Nov  7 11:16:01 conch postfix/smtpd[21151]: connect from tqkke.xyz[23.104.233.9]
Nov  7 11:16:01 conch postfix/smtpd[21151]: F2E51242D5: client=tqkke.xyz[23.104.233.9]
Nov  7 11:16:02 conch postfix/cleanup[21156]: F2E51242D5: message-id=<0.0.f8509babbeddea6fc34dc518b32b0476.15666232.4175956.0jdent@seaglass.com>
Nov  7 11:16:02 conch postfix/qmgr[25409]: F2E51242D5: from=<Kohls-Holiday-Reward@tqkke.xyz>, size=5785, nrcpt=1 (queue active)
Nov  7 11:16:02 conch postfix/smtpd[21151]: disconnect from tqkke.xyz[23.104.233.9]
Nov  7 11:16:04 conch postfix/smtp[21157]: F2E51242D5: to=<jdent@seaglass.com>, relay=mail.seaglass.com[74.220.219.61]:25, delay=2.9, delays=0.37/0/2.2/0.3, dsn=2.0.0, status=sent (250 OK id=1Zv8y4-0007LK-HC)
Nov  7 11:16:04 conch postfix/qmgr[25409]: F2E51242D5: removed
Nov  7 11:16:47 conch postfix/smtpd[21155]: warning: 66.199.236.250: address not listed for hostname 66-199-236-250.reverse.ezzi.net
Nov  7 11:16:47 conch postfix/smtpd[21155]: connect from unknown[66.199.236.250]
Nov  7 11:16:47 conch postfix/smtpd[21155]: NOQUEUE: reject: RCPT from unknown[66.199.236.250]: 554 5.7.1 Service unavailable; Client host [66.199.236.250] blocked using zen.spamhaus.org; http://www.spamhaus.org/sbl/query/SBLCSS; from=<gametes@whiteu.win> to=<kdent@seaglass.com> proto=ESMTP helo=<whiteu.win>
Nov  7 11:16:47 conch postfix/smtpd[21155]: lost connection after RCPT from unknown[66.199.236.250]
Nov  7 11:16:47 conch postfix/smtpd[21155]: disconnect from unknown[66.199.236.250]
Nov  7 11:18:59 conch postfix/smtpd[21160]: connect from r81.ac.travelocity.com[192.161.140.81]
Nov  7 11:18:59 conch postfix/smtpd[21160]: 7FC5B242D5: client=r81.ac.travelocity.com[192.161.140.81]
Nov  7 11:18:59 conch postfix/cleanup[21163]: 7FC5B242D5: message-id=<NM6DEDD79EB4DC8BD5Btravelocity@ac.travelocity.com>
Nov  7 11:18:59 conch postfix/qmgr[25409]: 7FC5B242D5: from=<travelocity@ac.travelocity.com>, size=23849, nrcpt=1 (queue active)
Nov  7 11:19:02 conch postfix/smtp[21164]: 7FC5B242D5: to=<jdent@seaglass.com>, relay=mail.seaglass.com[74.220.219.61]:25, delay=3, delays=0.32/0.01/2.2/0.49, dsn=2.0.0, status=sent (250 OK id=1Zv90v-0000rf-UK)
Nov  7 11:19:02 conch postfix/qmgr[25409]: 7FC5B242D5: removed
Nov  7 11:19:05 conch postfix/smtpd[21160]: disconnect from r81.ac.travelocity.com[192.161.140.81]
Nov  7 11:19:21 conch postfix/smtpd[21160]: connect from trnvk.xyz[23.104.233.10]
Nov  7 11:19:21 conch postfix/smtpd[21160]: 8CAFB242D5: client=trnvk.xyz[23.104.233.10]
Nov  7 11:19:21 conch postfix/cleanup[21163]: 8CAFB242D5: message-id=<3d7a0d781b11209669ef740f6068165e.5788166.23992245becky@seaglass.com>
Nov  7 11:19:21 conch postfix/qmgr[25409]: 8CAFB242D5: from=<Natural.Hair.Restoration@trnvk.xyz>, size=6157, nrcpt=1 (queue active)
Nov  7 11:19:21 conch postfix/smtpd[21160]: disconnect from trnvk.xyz[23.104.233.10]
Nov  7 11:19:24 conch postfix/smtp[21164]: 8CAFB242D5: to=<becky@seaglass.com>, relay=mail.seaglass.com[74.220.219.61]:25, delay=2.8, delays=0.29/0/2.2/0.3, dsn=2.0.0, status=sent (250 OK id=1Zv91I-00016V-49)
Nov  7 11:19:24 conch postfix/qmgr[25409]: 8CAFB242D5: removed
Nov  7 11:19:57 conch postfix/smtpd[21160]: connect from trnvk.xyz[23.104.233.10]
Nov  7 11:19:57 conch postfix/smtpd[21160]: 6F778242D5: client=trnvk.xyz[23.104.233.10]
Nov  7 11:19:57 conch postfix/cleanup[21163]: 6F778242D5: message-id=<f8509babbeddea6fc34dc518b32b0476.18448468.22661441jdent@seaglass.com>
Nov  7 11:19:57 conch postfix/qmgr[25409]: 6F778242D5: from=<Natural.Hair.Restoration@trnvk.xyz>, size=6167, nrcpt=1 (queue active)
Nov  7 11:19:57 conch postfix/smtpd[21160]: disconnect from trnvk.xyz[23.104.233.10]
Nov  7 11:20:00 conch postfix/smtp[21164]: 6F778242D5: to=<jdent@seaglass.com>, relay=mail.seaglass.com[74.220.219.61]:25, delay=2.7, delays=0.18/0/2.2/0.3, dsn=2.0.0, status=sent (250 OK id=1Zv91r-0001TL-WA)
Nov  7 11:20:00 conch postfix/qmgr[25409]: 6F778242D5: removed
Nov  7 11:20:30 conch postfix/smtpd[21160]: warning: 192.227.231.39: address not listed for hostname 192-227-231-39-host.colocrossing.com
Nov  7 11:20:30 conch postfix/smtpd[21160]: connect from unknown[192.227.231.39]
Nov  7 11:20:30 conch postfix/smtpd[21183]: warning: 192.227.231.39: address not listed for hostname 192-227-231-39-host.colocrossing.com
Nov  7 11:20:30 conch postfix/smtpd[21183]: connect from unknown[192.227.231.39]
Nov  7 11:20:30 conch postfix/smtpd[21183]: 9F3D7242D5: client=unknown[192.227.231.39]
Nov  7 11:20:30 conch postfix/cleanup[21163]: 9F3D7242D5: message-id=<1638280249528316386867201386@0qnq54f9.oezembg.top>
Nov  7 11:20:30 conch postfix/qmgr[25409]: 9F3D7242D5: from=<BloodPressureCure@oezembg.top>, size=8157, nrcpt=1 (queue active)
Nov  7 11:20:31 conch postfix/smtpd[21183]: 1AD14242E7: client=unknown[192.227.231.39]
Nov  7 11:20:31 conch postfix/cleanup[21163]: 1AD14242E7: message-id=<16382801259854616386867200385@0qnq54f9.oezembg.top>
Nov  7 11:20:31 conch postfix/qmgr[25409]: 1AD14242E7: from=<BloodPressureFix@oezembg.top>, size=8218, nrcpt=1 (queue active)
Nov  7 11:20:31 conch postfix/smtpd[21183]: disconnect from unknown[192.227.231.39]
Nov  7 11:20:31 conch postfix/smtpd[21160]: 83E37242EB: client=unknown[192.227.231.39]
Nov  7 11:20:31 conch postfix/cleanup[21163]: 83E37242EB: message-id=<16382801730604216386867200389@0qnq54f9.oezembg.top>
Nov  7 11:20:31 conch postfix/qmgr[25409]: 83E37242EB: from=<BloodPressureFix@oezembg.top>, size=8221, nrcpt=1 (queue active)
Nov  7 11:20:31 conch postfix/smtpd[21160]: disconnect from unknown[192.227.231.39]
Nov  7 11:20:33 conch postfix/smtp[21164]: 9F3D7242D5: to=<riley@seaglass.com>, relay=mail.seaglass.com[74.220.219.61]:25, delay=3.3, delays=0.72/0/2.2/0.37, dsn=2.0.0, status=sent (250 OK id=1Zv92P-0001xo-8L)
Nov  7 11:20:33 conch postfix/qmgr[25409]: 9F3D7242D5: removed
Nov  7 11:20:33 conch postfix/smtp[21186]: 1AD14242E7: to=<jdent@seaglass.com>, relay=mail.seaglass.com[74.220.219.61]:25, delay=2.9, delays=0.26/0.01/2.2/0.38, dsn=2.0.0, status=sent (250 OK id=1Zv92P-0001y9-Lu)
Nov  7 11:20:33 conch postfix/qmgr[25409]: 1AD14242E7: removed
Nov  7 11:20:34 conch postfix/smtp[21187]: 83E37242EB: to=<kdent@seaglass.com>, relay=mail.seaglass.com[74.220.219.61]:25, delay=4.3, delays=1.6/0.01/2.2/0.43, dsn=2.0.0, status=sent (250 OK id=1Zv92Q-0001yV-5W)
Nov  7 11:20:34 conch postfix/qmgr[25409]: 83E37242EB: removed
Nov  7 11:20:54 conch postfix/smtpd[21183]: connect from trnvk.xyz[23.104.233.10]
Nov  7 11:20:55 conch postfix/smtpd[21183]: NOQUEUE: reject: RCPT from trnvk.xyz[23.104.233.10]: 554 5.7.1 Service unavailable; Client host [23.104.233.10] blocked using zen.spamhaus.org; http://www.spamhaus.org/sbl/query/SBLCSS; from=<Natural.Hair.Restoration@trnvk.xyz> to=<kdent@seaglass.com> proto=ESMTP helo=<trnvk.xyz>
Nov  7 11:20:55 conch postfix/smtpd[21183]: disconnect from trnvk.xyz[23.104.233.10]
Nov  7 11:24:15 conch postfix/anvil[21153]: statistics: max connection rate 2/60s for (smtp:23.104.233.9) at Nov  7 11:15:32
Nov  7 11:24:15 conch postfix/anvil[21153]: statistics: max connection count 2 for (smtp:192.227.231.39) at Nov  7 11:20:30
Nov  7 11:24:15 conch postfix/anvil[21153]: statistics: max cache size 4 at Nov  7 11:15:50
Nov  7 11:24:30 conch postfix/smtpd[21188]: connect from ttxmy.xyz[23.104.233.11]
Nov  7 11:24:32 conch postfix/smtpd[21188]: 50B64242D5: client=ttxmy.xyz[23.104.233.11]
Nov  7 11:24:32 conch postfix/cleanup[21192]: 50B64242D5: message-id=<0.0.3d7a0d781b11209669ef740f6068165e.6583277.15914924.0becky@seaglass.com>
Nov  7 11:24:32 conch postfix/qmgr[25409]: 50B64242D5: from=<Powerful.Emergency.Flashlight@ttxmy.xyz>, size=6750, nrcpt=1 (queue active)
Nov  7 11:24:32 conch postfix/smtpd[21188]: disconnect from ttxmy.xyz[23.104.233.11]
Nov  7 11:24:35 conch postfix/smtp[21193]: 50B64242D5: to=<becky@seaglass.com>, relay=mail.seaglass.com[74.220.219.61]:25, delay=3, delays=0.53/0/2.2/0.3, dsn=2.0.0, status=sent (250 OK id=1Zv96I-0004O0-Tj)
Nov  7 11:24:35 conch postfix/qmgr[25409]: 50B64242D5: removed
Nov  7 11:25:49 conch postfix/smtpd[21188]: connect from ttxmy.xyz[23.104.233.11]
Nov  7 11:25:49 conch postfix/smtpd[21188]: 38E06242D5: client=ttxmy.xyz[23.104.233.11]
Nov  7 11:25:49 conch postfix/cleanup[21192]: 38E06242D5: message-id=<0.0.5dcfd80285d21a72abf3c46e396c0002.9586676.7813296.0kdent@seaglass.com>
Nov  7 11:25:49 conch postfix/qmgr[25409]: 38E06242D5: from=<Powerful.Emergency.Flashlight@ttxmy.xyz>, size=6733, nrcpt=1 (queue active)
Nov  7 11:25:49 conch postfix/smtpd[21188]: disconnect from ttxmy.xyz[23.104.233.11]
Nov  7 11:25:51 conch postfix/smtp[21193]: 38E06242D5: to=<kdent@seaglass.com>, relay=mail.seaglass.com[74.220.219.61]:25, delay=2.7, delays=0.22/0/2.2/0.3, dsn=2.0.0, status=sent (250 OK id=1Zv97X-0005BF-QD)
Nov  7 11:25:51 conch postfix/qmgr[25409]: 38E06242D5: removed
Nov  7 11:25:52 conch postfix/smtpd[21188]: connect from ttxmy.xyz[23.104.233.11]
Nov  7 11:25:53 conch postfix/smtpd[21188]: 5E568242D5: client=ttxmy.xyz[23.104.233.11]
Nov  7 11:25:53 conch postfix/cleanup[21192]: 5E568242D5: message-id=<0.0.f8509babbeddea6fc34dc518b32b0476.3501914.17265048.0jdent@seaglass.com>
Nov  7 11:25:53 conch postfix/qmgr[25409]: 5E568242D5: from=<Powerful.Emergency.Flashlight@ttxmy.xyz>, size=6750, nrcpt=1 (queue active)
Nov  7 11:25:53 conch postfix/smtpd[21188]: disconnect from ttxmy.xyz[23.104.233.11]
Nov  7 11:25:56 conch postfix/smtp[21193]: 5E568242D5: to=<jdent@seaglass.com>, relay=mail.seaglass.com[74.220.219.61]:25, delay=2.7, delays=0.22/0/2.2/0.3, dsn=2.0.0, status=sent (250 OK id=1Zv97b-0005DL-V4)
Nov  7 11:25:56 conch postfix/qmgr[25409]: 5E568242D5: removed
Nov  7 11:26:37 conch postfix/smtpd[21188]: warning: 188.247.84.254: address not listed for hostname IP188-247-84-254.zaindata.jo
Nov  7 11:26:37 conch postfix/smtpd[21188]: connect from unknown[188.247.84.254]
Nov  7 11:26:38 conch postfix/smtpd[21188]: NOQUEUE: reject: RCPT from unknown[188.247.84.254]: 554 5.7.1 <adtrax@seaglass.com>: Recipient address rejected: Access denied; from=<info@amedeo.de> to=<adtrax@seaglass.com> proto=ESMTP helo=<IP188-247-84-254.zaindata.jo>
Nov  7 11:26:38 conch postfix/smtpd[21188]: lost connection after RCPT from unknown[188.247.84.254]
Nov  7 11:26:38 conch postfix/smtpd[21188]: disconnect from unknown[188.247.84.254]
Nov  7 11:26:40 conch postfix/smtpd[21188]: connect from unknown[173.242.113.248]
Nov  7 11:26:40 conch postfix/smtpd[21188]: NOQUEUE: reject: RCPT from unknown[173.242.113.248]: 554 5.7.1 Service unavailable; Client host [173.242.113.248] blocked using zen.spamhaus.org; http://www.spamhaus.org/sbl/query/SBLCSS; from=<setsail@companiesart.org> to=<jdent@seaglass.com> proto=ESMTP helo=<entrepreneurship.companiesart.org>
Nov  7 11:26:40 conch postfix/smtpd[21188]: lost connection after DATA (approximately 0 bytes) from unknown[173.242.113.248]
Nov  7 11:26:40 conch postfix/smtpd[21188]: disconnect from unknown[173.242.113.248]
Nov  7 11:27:42 conch postfix/smtpd[21188]: connect from data.ssldotcom.com[104.238.236.7]
Nov  7 11:27:43 conch postfix/smtpd[21188]: 35576242D5: client=data.ssldotcom.com[104.238.236.7]
Nov  7 11:27:43 conch postfix/cleanup[21197]: 35576242D5: message-id=<0.0.0.5A.1D119CB46CFF3CA.9F654E@data.ssldotcom.com>
Nov  7 11:27:43 conch postfix/qmgr[25409]: 35576242D5: from=<amy-kdent=seaglass.com@ssldotcom.com>, size=1281, nrcpt=1 (queue active)
Nov  7 11:27:43 conch postfix/smtpd[21188]: disconnect from data.ssldotcom.com[104.238.236.7]
Nov  7 11:27:45 conch postfix/smtp[21198]: 35576242D5: to=<kdent@seaglass.com>, relay=mail.seaglass.com[74.220.219.61]:25, delay=2.7, delays=0.21/0/2.2/0.24, dsn=2.0.0, status=sent (250 OK id=1Zv99N-0006Pu-Md)
Nov  7 11:27:45 conch postfix/qmgr[25409]: 35576242D5: removed
Nov  7 11:28:10 conch postfix/smtpd[21188]: connect from 178-17-171-240.ip.as43289.net[178.17.171.240]
Nov  7 11:28:10 conch postfix/smtpd[21188]: NOQUEUE: reject: RCPT from 178-17-171-240.ip.as43289.net[178.17.171.240]: 554 5.7.1 Service unavailable; Client host [178.17.171.240] blocked using zen.spamhaus.org; http://www.spamhaus.org/sbl/query/SBLCSS; from=<adhdmanagement@consoiusles.accountant> to=<jdent@seaglass.com> proto=ESMTP helo=<scherzi.consoiusles.accountant>
Nov  7 11:28:10 conch postfix/smtpd[21188]: lost connection after DATA (approximately 0 bytes) from 178-17-171-240.ip.as43289.net[178.17.171.240]
Nov  7 11:28:10 conch postfix/smtpd[21188]: disconnect from 178-17-171-240.ip.as43289.net[178.17.171.240]
Nov  7 11:29:27 conch postfix/smtpd[21200]: connect from unknown[107.139.33.45]
Nov  7 11:29:29 conch postfix/smtpd[21200]: 1F85C242D5: client=unknown[107.139.33.45], sasl_method=PLAIN, sasl_username=jdent
Nov  7 11:29:29 conch postfix/cleanup[21203]: 1F85C242D5: message-id=<76362B68-CF9F-4D24-9CDE-9EEC544BFADB@seaglass.com>
Nov  7 11:29:29 conch postfix/qmgr[25409]: 1F85C242D5: from=<jdent@seaglass.com>, size=31038, nrcpt=1 (queue active)
Nov  7 11:29:32 conch postfix/smtp[21204]: 1F85C242D5: to=<kdent@seaglass.com>, relay=mail.seaglass.com[74.220.219.61]:25, delay=3.6, delays=0.85/0.01/2.2/0.53, dsn=2.0.0, status=sent (250 OK id=1Zv9B6-0007a6-Ar)
Nov  7 11:29:32 conch postfix/qmgr[25409]: 1F85C242D5: removed
Nov  7 11:30:30 conch postfix/smtpd[21200]: disconnect from unknown[107.139.33.45]
Nov  7 11:30:36 conch postfix/smtpd[21218]: connect from uicng.xyz[23.104.233.12]
Nov  7 11:30:36 conch postfix/smtpd[21220]: connect from uicng.xyz[23.104.233.12]
Nov  7 11:30:36 conch postfix/smtpd[21220]: NOQUEUE: reject: RCPT from uicng.xyz[23.104.233.12]: 554 5.7.1 Service unavailable; Client host [23.104.233.12] blocked using zen.spamhaus.org; http://www.spamhaus.org/sbl/query/SBLCSS; from=<Find.Foreclosed.Homes@uicng.xyz> to=<becky@seaglass.com> proto=ESMTP helo=<uicng.xyz>
Nov  7 11:30:36 conch postfix/smtpd[21220]: disconnect from uicng.xyz[23.104.233.12]
Nov  7 11:30:36 conch postfix/smtpd[21218]: NOQUEUE: reject: RCPT from uicng.xyz[23.104.233.12]: 554 5.7.1 Service unavailable; Client host [23.104.233.12] blocked using zen.spamhaus.org; http://www.spamhaus.org/sbl/query/SBLCSS; from=<Find.Foreclosed.Homes@uicng.xyz> to=<kdent@seaglass.com> proto=ESMTP helo=<uicng.xyz>
Nov  7 11:30:36 conch postfix/smtpd[21218]: disconnect from uicng.xyz[23.104.233.12]
Nov  7 11:31:42 conch postfix/smtpd[21220]: connect from uicng.xyz[23.104.233.12]
Nov  7 11:31:42 conch postfix/smtpd[21220]: NOQUEUE: reject: RCPT from uicng.xyz[23.104.233.12]: 554 5.7.1 Service unavailable; Client host [23.104.233.12] blocked using zen.spamhaus.org; http://www.spamhaus.org/sbl/query/SBLCSS; from=<Find.Foreclosed.Homes@uicng.xyz> to=<jdent@seaglass.com> proto=ESMTP helo=<uicng.xyz>
Nov  7 11:31:42 conch postfix/smtpd[21220]: disconnect from uicng.xyz[23.104.233.12]
Nov  7 11:31:51 conch postfix/smtpd[21218]: connect from pimtabm02.ms.com[199.89.103.72]
Nov  7 11:31:51 conch postfix/smtpd[21218]: 7B6B0242D5: client=pimtabm02.ms.com[199.89.103.72]
Nov  7 11:31:51 conch postfix/cleanup[21223]: 7B6B0242D5: message-id=<4tlaajwjrka5q@blastmail.vmias1106663.morganstanley.com>
Nov  7 11:31:51 conch postfix/smtpd[21218]: disconnect from pimtabm02.ms.com[199.89.103.72]
Nov  7 11:31:51 conch postfix/qmgr[25409]: 7B6B0242D5: from=<bmbounce+4tlaajwjrka5q@ms.com>, size=15205, nrcpt=1 (queue active)
Nov  7 11:31:54 conch postfix/smtp[21224]: 7B6B0242D5: to=<kdent@seaglass.com>, relay=mail.seaglass.com[74.220.219.61]:25, delay=3.3, delays=0.25/0.01/2.2/0.88, dsn=2.0.0, status=sent (250 OK id=1Zv9DO-0000yV-7F)
Nov  7 11:31:54 conch postfix/qmgr[25409]: 7B6B0242D5: removed
Nov  7 11:32:49 conch postfix/smtpd[21220]: connect from whitei.win[128.204.198.35]
Nov  7 11:32:50 conch postfix/smtpd[21220]: NOQUEUE: reject: RCPT from whitei.win[128.204.198.35]: 554 5.7.1 Service unavailable; Client host [128.204.198.35] blocked using zen.spamhaus.org; http://www.spamhaus.org/sbl/query/SBLCSS; from=<gorcock@whitei.win> to=<kdent@seaglass.com> proto=ESMTP helo=<whitei.win>
Nov  7 11:32:50 conch postfix/smtpd[21220]: lost connection after RCPT from whitei.win[128.204.198.35]
Nov  7 11:32:50 conch postfix/smtpd[21220]: disconnect from whitei.win[128.204.198.35]
Nov  7 11:33:45 conch postfix/qmgr[25409]: 918EE242CB: from=<>, size=2589, nrcpt=1 (queue active)
Nov  7 11:33:45 conch postfix/smtp[21227]: connect to nhuvue.biz[188.122.72.101]:25: Connection refused
Nov  7 11:33:45 conch postfix/smtp[21227]: 918EE242CB: to=<postmaster@nhuvue.biz>, relay=none, delay=256821, delays=256821/0.01/0.26/0, dsn=4.4.1, status=deferred (connect to nhuvue.biz[188.122.72.101]:25: Connection refused)
Nov  7 11:34:30 conch postfix/anvil[21190]: statistics: max connection rate 2/60s for (smtp:23.104.233.11) at Nov  7 11:25:52
Nov  7 11:34:30 conch postfix/anvil[21190]: statistics: max connection count 2 for (smtp:23.104.233.12) at Nov  7 11:30:36
Nov  7 11:34:30 conch postfix/anvil[21190]: statistics: max cache size 3 at Nov  7 11:26:40
Nov  7 11:35:28 conch postfix/smtpd[21230]: warning: 192.227.231.217: address not listed for hostname 192-227-231-217-host.colocrossing.com
Nov  7 11:35:28 conch postfix/smtpd[21230]: connect from unknown[192.227.231.217]
Nov  7 11:35:28 conch postfix/smtpd[21232]: warning: 192.227.231.217: address not listed for hostname 192-227-231-217-host.colocrossing.com
Nov  7 11:35:28 conch postfix/smtpd[21232]: connect from unknown[192.227.231.217]
Nov  7 11:35:29 conch postfix/smtpd[21230]: 39D82242D5: client=unknown[192.227.231.217]
Nov  7 11:35:29 conch postfix/smtpd[21232]: 4F95A242E7: client=unknown[192.227.231.217]
Nov  7 11:35:29 conch postfix/cleanup[21234]: 39D82242D5: message-id=<163928024952831639131232537@lfjr9.ofzembg.top>
Nov  7 11:35:29 conch postfix/cleanup[21235]: 4F95A242E7: message-id=<1639280125985461639131232536@lfjr9.ofzembg.top>
Nov  7 11:35:29 conch postfix/qmgr[25409]: 39D82242D5: from=<BloombergBusinessweek@ofzembg.top>, size=8006, nrcpt=1 (queue active)
Nov  7 11:35:29 conch postfix/qmgr[25409]: 4F95A242E7: from=<BloombergBusinessweek@ofzembg.top>, size=8018, nrcpt=1 (queue active)
Nov  7 11:35:29 conch postfix/smtpd[21232]: disconnect from unknown[192.227.231.217]
Nov  7 11:35:29 conch postfix/smtpd[21230]: AD5D6242EB: client=unknown[192.227.231.217]
Nov  7 11:35:29 conch postfix/cleanup[21234]: AD5D6242EB: message-id=<1639280173060421639131232537@lfjr9.ofzembg.top>
Nov  7 11:35:29 conch postfix/qmgr[25409]: AD5D6242EB: from=<BloombergBusinessweek@ofzembg.top>, size=8046, nrcpt=1 (queue active)
Nov  7 11:35:30 conch postfix/smtpd[21230]: disconnect from unknown[192.227.231.217]
Nov  7 11:35:32 conch postfix/smtp[21236]: 39D82242D5: to=<riley@seaglass.com>, relay=mail.seaglass.com[74.220.219.61]:25, delay=3.7, delays=1.1/0.01/2.2/0.36, dsn=2.0.0, status=sent (250 OK id=1Zv9Gt-0003Mf-Rk)
Nov  7 11:35:32 conch postfix/qmgr[25409]: 39D82242D5: removed
Nov  7 11:35:32 conch postfix/smtp[21237]: 4F95A242E7: to=<jdent@seaglass.com>, relay=mail.seaglass.com[74.220.219.61]:25, delay=3.8, delays=1.2/0.01/2.2/0.36, dsn=2.0.0, status=sent (250 OK id=1Zv9Gt-0003Mj-VA)
Nov  7 11:35:32 conch postfix/qmgr[25409]: 4F95A242E7: removed
Nov  7 11:35:32 conch postfix/smtpd[21232]: connect from ungwn.xyz[23.104.233.13]
Nov  7 11:35:32 conch postfix/smtp[21238]: AD5D6242EB: to=<kdent@seaglass.com>, relay=mail.seaglass.com[74.220.219.61]:25, delay=2.9, delays=0.29/0.01/2.2/0.36, dsn=2.0.0, status=sent (250 OK id=1Zv9Gu-0003Mx-9T)
Nov  7 11:35:32 conch postfix/qmgr[25409]: AD5D6242EB: removed
Nov  7 11:35:33 conch postfix/smtpd[21232]: NOQUEUE: reject: RCPT from ungwn.xyz[23.104.233.13]: 554 5.7.1 Service unavailable; Client host [23.104.233.13] blocked using zen.spamhaus.org; http://www.spamhaus.org/sbl/query/SBLCSS; from=<Tesla_Free_Energy@ungwn.xyz> to=<kdent@seaglass.com> proto=ESMTP helo=<ungwn.xyz>
Nov  7 11:35:33 conch postfix/smtpd[21232]: disconnect from ungwn.xyz[23.104.233.13]
Nov  7 11:35:33 conch postfix/smtpd[21230]: connect from ungwn.xyz[23.104.233.13]
Nov  7 11:35:33 conch postfix/smtpd[21230]: NOQUEUE: reject: RCPT from ungwn.xyz[23.104.233.13]: 554 5.7.1 Service unavailable; Client host [23.104.233.13] blocked using zen.spamhaus.org; http://www.spamhaus.org/sbl/query/SBLCSS; from=<Tesla_Free_Energy@ungwn.xyz> to=<becky@seaglass.com> proto=ESMTP helo=<ungwn.xyz>
Nov  7 11:35:33 conch postfix/smtpd[21230]: disconnect from ungwn.xyz[23.104.233.13]
Nov  7 11:35:35 conch postfix/smtpd[21232]: connect from ungwn.xyz[23.104.233.13]
Nov  7 11:35:35 conch postfix/smtpd[21232]: NOQUEUE: reject: RCPT from ungwn.xyz[23.104.233.13]: 554 5.7.1 Service unavailable; Client host [23.104.233.13] blocked using zen.spamhaus.org; http://www.spamhaus.org/sbl/query/SBLCSS; from=<Tesla_Free_Energy@ungwn.xyz> to=<jdent@seaglass.com> proto=ESMTP helo=<ungwn.xyz>
Nov  7 11:35:35 conch postfix/smtpd[21232]: disconnect from ungwn.xyz[23.104.233.13]
Nov  7 11:38:23 conch postfix/smtpd[21239]: connect from fa2isc.phromply.download[216.169.112.164]
Nov  7 11:38:23 conch postfix/smtpd[21241]: connect from fa2isc.phromply.download[216.169.112.164]
Nov  7 11:38:23 conch postfix/smtpd[21241]: NOQUEUE: reject: RCPT from fa2isc.phromply.download[216.169.112.164]: 554 5.7.1 Service unavailable; Client host [216.169.112.164] blocked using zen.spamhaus.org; http://www.spamhaus.org/sbl/query/SBLCSS; from=<PetInsurancePlans@phromply.download> to=<kdent@seaglass.com> proto=ESMTP helo=<08507313.phromply.download>
Nov  7 11:38:23 conch postfix/smtpd[21241]: disconnect from fa2isc.phromply.download[216.169.112.164]
Nov  7 11:38:23 conch postfix/smtpd[21239]: NOQUEUE: reject: RCPT from fa2isc.phromply.download[216.169.112.164]: 554 5.7.1 Service unavailable; Client host [216.169.112.164] blocked using zen.spamhaus.org; http://www.spamhaus.org/sbl/query/SBLCSS; from=<PetInsuranceComparison@phromply.download> to=<jdent@seaglass.com> proto=ESMTP helo=<0dce0802.phromply.download>
Nov  7 11:38:23 conch postfix/smtpd[21239]: disconnect from fa2isc.phromply.download[216.169.112.164]
Nov  7 11:38:45 conch postfix/qmgr[25409]: 9A420242BC: from=<>, size=2568, nrcpt=1 (queue active)
Nov  7 11:38:45 conch postfix/smtp[21244]: connect to mortou.biz[213.163.84.205]:25: Connection refused
Nov  7 11:38:45 conch postfix/smtp[21244]: connect to mortou.biz[188.122.72.101]:25: Connection refused
Nov  7 11:38:45 conch postfix/smtp[21244]: 9A420242BC: to=<info@mortou.biz>, relay=none, delay=260785, delays=260785/0.01/0.24/0, dsn=4.4.1, status=deferred (connect to mortou.biz[188.122.72.101]:25: Connection refused)
Nov  7 11:40:12 conch postfix/smtpd[21259]: connect from data.ssldotcom.com[104.238.236.7]
Nov  7 11:40:12 conch postfix/smtpd[21259]: NOQUEUE: reject: RCPT from data.ssldotcom.com[104.238.236.7]: 554 5.7.1 Service unavailable; Client host [104.238.236.7] blocked using zen.spamhaus.org; http://www.spamhaus.org/sbl/query/SBLCSS; from=<amy-riley=seaglass.com@ssldotcom.com> to=<riley@seaglass.com> proto=ESMTP helo=<data.ssldotcom.com>
Nov  7 11:40:12 conch postfix/smtpd[21259]: NOQUEUE: reject: RCPT from data.ssldotcom.com[104.238.236.7]: 554 5.7.1 Service unavailable; Client host [104.238.236.7] blocked using zen.spamhaus.org; http://www.spamhaus.org/sbl/query/SBLCSS; from=<amy-jdent=seaglass.com@ssldotcom.com> to=<jdent@seaglass.com> proto=ESMTP helo=<data.ssldotcom.com>
Nov  7 11:40:12 conch postfix/smtpd[21259]: disconnect from data.ssldotcom.com[104.238.236.7]
Nov  7 11:40:48 conch postfix/smtpd[21259]: connect from uoith.xyz[23.104.233.14]
Nov  7 11:40:48 conch postfix/smtpd[21259]: NOQUEUE: reject: RCPT from uoith.xyz[23.104.233.14]: 554 5.7.1 Service unavailable; Client host [23.104.233.14] blocked using zen.spamhaus.org; http://www.spamhaus.org/sbl/query/SBLCSS; from=<Macys.Star.Rewards@uoith.xyz> to=<becky@seaglass.com> proto=ESMTP helo=<uoith.xyz>
Nov  7 11:40:48 conch postfix/smtpd[21259]: disconnect from uoith.xyz[23.104.233.14]
Nov  7 11:40:55 conch postfix/smtpd[21259]: connect from uoith.xyz[23.104.233.14]
Nov  7 11:40:55 conch postfix/smtpd[21259]: NOQUEUE: reject: RCPT from uoith.xyz[23.104.233.14]: 554 5.7.1 Service unavailable; Client host [23.104.233.14] blocked using zen.spamhaus.org; http://www.spamhaus.org/sbl/query/SBLCSS; from=<Macys.Star.Rewards@uoith.xyz> to=<kdent@seaglass.com> proto=ESMTP helo=<uoith.xyz>
Nov  7 11:40:55 conch postfix/smtpd[21259]: disconnect from uoith.xyz[23.104.233.14]
Nov  7 11:41:47 conch postfix/smtpd[21259]: connect from uoith.xyz[23.104.233.14]
Nov  7 11:41:47 conch postfix/smtpd[21259]: NOQUEUE: reject: RCPT from uoith.xyz[23.104.233.14]: 554 5.7.1 Service unavailable; Client host [23.104.233.14] blocked using zen.spamhaus.org; http://www.spamhaus.org/sbl/query/SBLCSS; from=<Macys.Star.Rewards@uoith.xyz> to=<jdent@seaglass.com> proto=ESMTP helo=<uoith.xyz>
Nov  7 11:41:47 conch postfix/smtpd[21259]: disconnect from uoith.xyz[23.104.233.14]
Nov  7 11:42:08 conch postfix/smtpd[21259]: warning: 113.168.79.237: address not listed for hostname localhost
Nov  7 11:42:08 conch postfix/smtpd[21259]: connect from unknown[113.168.79.237]
Nov  7 11:42:09 conch postfix/smtpd[21259]: NOQUEUE: reject: RCPT from unknown[113.168.79.237]: 554 5.7.1 <adtrax@seaglass.com>: Recipient address rejected: Access denied; from=<info@etad.com> to=<adtrax@seaglass.com> proto=ESMTP helo=<aquamails.com>
Nov  7 11:42:09 conch postfix/smtpd[21259]: lost connection after RCPT from unknown[113.168.79.237]
Nov  7 11:42:09 conch postfix/smtpd[21259]: disconnect from unknown[113.168.79.237]
Nov  7 11:44:30 conch postfix/anvil[21190]: statistics: max connection rate 3/60s for (smtp:23.104.233.13) at Nov  7 11:35:35
Nov  7 11:44:30 conch postfix/anvil[21190]: statistics: max connection count 2 for (smtp:192.227.231.217) at Nov  7 11:35:28
Nov  7 11:44:30 conch postfix/anvil[21190]: statistics: max cache size 2 at Nov  7 11:35:32
Nov  7 11:46:11 conch postfix/smtpd[21265]: connect from vfrlf.xyz[23.104.233.15]
Nov  7 11:46:12 conch postfix/smtpd[21265]: 306DE242D5: client=vfrlf.xyz[23.104.233.15]
Nov  7 11:46:12 conch postfix/cleanup[21269]: 306DE242D5: message-id=<0.0.5dcfd80285d21a72abf3c46e396c0002.3390573.19079053.0kdent@seaglass.com>
Nov  7 11:46:12 conch postfix/qmgr[25409]: 306DE242D5: from=<Walgreens_Gift@vfrlf.xyz>, size=5732, nrcpt=1 (queue active)
Nov  7 11:46:12 conch postfix/smtpd[21265]: disconnect from vfrlf.xyz[23.104.233.15]
Nov  7 11:46:14 conch postfix/smtp[21270]: 306DE242D5: to=<kdent@seaglass.com>, relay=mail.seaglass.com[74.220.219.61]:25, delay=2.7, delays=0.21/0/2.2/0.3, dsn=2.0.0, status=sent (250 OK id=1Zv9RG-0001XC-M2)
Nov  7 11:46:14 conch postfix/qmgr[25409]: 306DE242D5: removed
Nov  7 11:47:36 conch postfix/smtpd[21265]: connect from vfrlf.xyz[23.104.233.15]
Nov  7 11:47:36 conch postfix/smtpd[21265]: 64687242D5: client=vfrlf.xyz[23.104.233.15]
Nov  7 11:47:36 conch postfix/cleanup[21269]: 64687242D5: message-id=<0.0.3d7a0d781b11209669ef740f6068165e.21634770.22782554.0becky@seaglass.com>
Nov  7 11:47:36 conch postfix/qmgr[25409]: 64687242D5: from=<Walgreens_Gift@vfrlf.xyz>, size=5743, nrcpt=1 (queue active)
Nov  7 11:47:36 conch postfix/smtpd[21265]: disconnect from vfrlf.xyz[23.104.233.15]
Nov  7 11:47:39 conch postfix/smtp[21270]: 64687242D5: to=<becky@seaglass.com>, relay=mail.seaglass.com[74.220.219.61]:25, delay=2.6, delays=0.13/0/2.2/0.3, dsn=2.0.0, status=sent (250 OK id=1Zv9Sc-0002KQ-TA)
Nov  7 11:47:39 conch postfix/qmgr[25409]: 64687242D5: removed
Nov  7 11:47:58 conch postfix/smtpd[21265]: connect from vfrlf.xyz[23.104.233.15]
Nov  7 11:47:58 conch postfix/smtpd[21265]: 546A6242D5: client=vfrlf.xyz[23.104.233.15]
Nov  7 11:47:58 conch postfix/cleanup[21269]: 546A6242D5: message-id=<0.0.f8509babbeddea6fc34dc518b32b0476.7499944.18398077.0jdent@seaglass.com>
Nov  7 11:47:58 conch postfix/qmgr[25409]: 546A6242D5: from=<Walgreens_Gift@vfrlf.xyz>, size=5732, nrcpt=1 (queue active)
Nov  7 11:47:58 conch postfix/smtpd[21265]: disconnect from vfrlf.xyz[23.104.233.15]
Nov  7 11:48:00 conch postfix/smtp[21270]: 546A6242D5: to=<jdent@seaglass.com>, relay=mail.seaglass.com[74.220.219.61]:25, delay=2.6, delays=0.11/0/2.2/0.3, dsn=2.0.0, status=sent (250 OK id=1Zv9Sy-0002Xg-QY)
Nov  7 11:48:00 conch postfix/qmgr[25409]: 546A6242D5: removed
Nov  7 11:48:20 conch postfix/smtpd[21265]: warning: 192.227.231.40: address not listed for hostname 192-227-231-40-host.colocrossing.com
Nov  7 11:48:20 conch postfix/smtpd[21265]: connect from unknown[192.227.231.40]
Nov  7 11:48:20 conch postfix/smtpd[21273]: warning: 192.227.231.40: address not listed for hostname 192-227-231-40-host.colocrossing.com
Nov  7 11:48:20 conch postfix/smtpd[21273]: connect from unknown[192.227.231.40]
Nov  7 11:48:21 conch postfix/smtpd[21265]: 14518242D5: client=unknown[192.227.231.40]
Nov  7 11:48:21 conch postfix/smtpd[21273]: 1AC14242E7: client=unknown[192.227.231.40]
Nov  7 11:48:21 conch postfix/cleanup[21269]: 14518242D5: message-id=<1640280125985461640109188433@tx3ysawy.ogzembg.top>
Nov  7 11:48:21 conch postfix/cleanup[21276]: 1AC14242E7: message-id=<1640280173060421640109188433@tx3ysawy.ogzembg.top>
Nov  7 11:48:21 conch postfix/qmgr[25409]: 1AC14242E7: from=<1ink.com@ogzembg.top>, size=9101, nrcpt=1 (queue active)
Nov  7 11:48:21 conch postfix/qmgr[25409]: 14518242D5: from=<1ink.com@ogzembg.top>, size=9105, nrcpt=1 (queue active)
Nov  7 11:48:21 conch postfix/smtpd[21273]: disconnect from unknown[192.227.231.40]
Nov  7 11:48:21 conch postfix/smtpd[21265]: 8DDE2242EB: client=unknown[192.227.231.40]
Nov  7 11:48:21 conch postfix/cleanup[21269]: 8DDE2242EB: message-id=<16402802495283164010924431@tx3ysawy.ogzembg.top>
Nov  7 11:48:21 conch postfix/qmgr[25409]: 8DDE2242EB: from=<1ink@ogzembg.top>, size=9060, nrcpt=1 (queue active)
Nov  7 11:48:21 conch postfix/smtpd[21265]: disconnect from unknown[192.227.231.40]
Nov  7 11:48:23 conch postfix/smtp[21270]: 1AC14242E7: to=<kdent@seaglass.com>, relay=mail.seaglass.com[74.220.219.61]:25, delay=3.1, delays=0.5/0.05/2.2/0.36, dsn=2.0.0, status=sent (250 OK id=1Zv9TL-0002nH-OS)
Nov  7 11:48:23 conch postfix/qmgr[25409]: 1AC14242E7: removed
Nov  7 11:48:23 conch postfix/smtp[21277]: 14518242D5: to=<jdent@seaglass.com>, relay=mail.seaglass.com[74.220.219.61]:25, delay=3.1, delays=0.55/0.01/2.2/0.36, dsn=2.0.0, status=sent (250 OK id=1Zv9TL-0002nJ-Oz)
Nov  7 11:48:23 conch postfix/qmgr[25409]: 14518242D5: removed
Nov  7 11:48:24 conch postfix/smtp[21278]: 8DDE2242EB: to=<riley@seaglass.com>, relay=mail.seaglass.com[74.220.219.61]:25, delay=2.9, delays=0.27/0.01/2.2/0.36, dsn=2.0.0, status=sent (250 OK id=1Zv9TM-0002nn-55)
Nov  7 11:48:24 conch postfix/qmgr[25409]: 8DDE2242EB: removed
Nov  7 11:50:01 conch postfix/smtpd[21273]: connect from unknown[172.96.95.199]
Nov  7 11:50:01 conch postfix/smtpd[21273]: NOQUEUE: reject: RCPT from unknown[172.96.95.199]: 554 5.7.1 Service unavailable; Client host [172.96.95.199] blocked using zen.spamhaus.org; http://www.spamhaus.org/sbl/query/SBLCSS; from=<fertilizationals@redac.win> to=<riley@seaglass.com> proto=ESMTP helo=<redac.win>
Nov  7 11:50:01 conch postfix/smtpd[21273]: lost connection after RCPT from unknown[172.96.95.199]
Nov  7 11:50:01 conch postfix/smtpd[21273]: disconnect from unknown[172.96.95.199]
Nov  7 11:51:11 conch postfix/smtpd[21273]: connect from vicbj.xyz[23.104.233.16]
Nov  7 11:51:12 conch postfix/smtpd[21273]: 6BF95242D5: client=vicbj.xyz[23.104.233.16]
Nov  7 11:51:12 conch postfix/cleanup[21297]: 6BF95242D5: message-id=<0.0.3d7a0d781b11209669ef740f6068165e.2521174.16843689.0becky@seaglass.com>
Nov  7 11:51:12 conch postfix/qmgr[25409]: 6BF95242D5: from=<Ancient-Medicine-Discovered@vicbj.xyz>, size=1017, nrcpt=1 (queue active)
Nov  7 11:51:12 conch postfix/smtpd[21273]: disconnect from vicbj.xyz[23.104.233.16]
Nov  7 11:51:15 conch postfix/smtp[21298]: 6BF95242D5: to=<becky@seaglass.com>, relay=mail.seaglass.com[74.220.219.61]:25, delay=2.6, delays=0.12/0.01/2.2/0.24, dsn=2.0.0, status=sent (250 OK id=1Zv9W6-0004YM-UO)
Nov  7 11:51:15 conch postfix/qmgr[25409]: 6BF95242D5: removed
Nov  7 11:52:20 conch postfix/smtpd[21273]: connect from vicbj.xyz[23.104.233.16]
Nov  7 11:52:20 conch postfix/smtpd[21273]: 8B222242D5: client=vicbj.xyz[23.104.233.16]
Nov  7 11:52:20 conch postfix/cleanup[21297]: 8B222242D5: message-id=<0.0.5dcfd80285d21a72abf3c46e396c0002.21365199.19555384.0kdent@seaglass.com>
Nov  7 11:52:20 conch postfix/qmgr[25409]: 8B222242D5: from=<Ancient-Medicine-Discovered@vicbj.xyz>, size=1019, nrcpt=1 (queue active)
Nov  7 11:52:20 conch postfix/smtpd[21273]: disconnect from vicbj.xyz[23.104.233.16]
Nov  7 11:52:23 conch postfix/smtp[21298]: 8B222242D5: to=<kdent@seaglass.com>, relay=mail.seaglass.com[74.220.219.61]:25, delay=2.6, delays=0.1/0/2.2/0.24, dsn=2.0.0, status=sent (250 OK id=1Zv9XD-0005Cv-1f)
Nov  7 11:52:23 conch postfix/qmgr[25409]: 8B222242D5: removed
Nov  7 11:53:25 conch postfix/smtpd[21273]: connect from vicbj.xyz[23.104.233.16]
Nov  7 11:53:25 conch postfix/smtpd[21273]: 7B443242D5: client=vicbj.xyz[23.104.233.16]
Nov  7 11:53:25 conch postfix/cleanup[21297]: 7B443242D5: message-id=<0.0.f8509babbeddea6fc34dc518b32b0476.5162626.20346904.0jdent@seaglass.com>
Nov  7 11:53:25 conch postfix/qmgr[25409]: 7B443242D5: from=<Ancient-Medicine-Discovered@vicbj.xyz>, size=1017, nrcpt=1 (queue active)
Nov  7 11:53:25 conch postfix/smtpd[21273]: disconnect from vicbj.xyz[23.104.233.16]
Nov  7 11:53:28 conch postfix/smtp[21298]: 7B443242D5: to=<jdent@seaglass.com>, relay=mail.seaglass.com[74.220.219.61]:25, delay=2.9, delays=0.1/0/2.3/0.5, dsn=2.0.0, status=sent (250 OK id=1Zv9YG-0006RJ-9N)
Nov  7 11:53:28 conch postfix/qmgr[25409]: 7B443242D5: removed
Nov  7 11:53:52 conch postfix/smtpd[21273]: connect from s17228215.onlinehome-server.info[87.106.102.98]
Nov  7 11:53:52 conch postfix/smtpd[21273]: NOQUEUE: reject: RCPT from s17228215.onlinehome-server.info[87.106.102.98]: 554 5.7.1 <carmjack@seaglass.com>: Recipient address rejected: Access denied; from=<raywilmond1940@gmail.com> to=<carmjack@seaglass.com> proto=ESMTP helo=<s17228215.onlinehome-server.info>
Nov  7 11:53:52 conch postfix/smtpd[21273]: disconnect from s17228215.onlinehome-server.info[87.106.102.98]
Nov  7 11:56:11 conch postfix/anvil[21267]: statistics: max connection rate 2/60s for (smtp:23.104.233.15) at Nov  7 11:47:58
Nov  7 11:56:11 conch postfix/anvil[21267]: statistics: max connection count 2 for (smtp:192.227.231.40) at Nov  7 11:48:20
Nov  7 11:56:11 conch postfix/anvil[21267]: statistics: max cache size 2 at Nov  7 11:48:20
Nov  7 11:56:31 conch postfix/smtpd[21302]: connect from vlxxy.xyz[23.104.233.17]
Nov  7 11:56:31 conch postfix/smtpd[21302]: C2A1B242D5: client=vlxxy.xyz[23.104.233.17]
Nov  7 11:56:31 conch postfix/cleanup[21305]: C2A1B242D5: message-id=<0.0.5dcfd80285d21a72abf3c46e396c0002.23434248.1677811.0kdent@seaglass.com>
Nov  7 11:56:31 conch postfix/qmgr[25409]: C2A1B242D5: from=<Think-Clearly@vlxxy.xyz>, size=4637, nrcpt=1 (queue active)
Nov  7 11:56:32 conch postfix/smtpd[21302]: disconnect from vlxxy.xyz[23.104.233.17]
Nov  7 11:56:34 conch postfix/smtp[21306]: C2A1B242D5: to=<kdent@seaglass.com>, relay=mail.seaglass.com[74.220.219.61]:25, delay=2.8, delays=0.31/0.01/2.2/0.3, dsn=2.0.0, status=sent (250 OK id=1Zv9bG-0000NN-9d)
Nov  7 11:56:34 conch postfix/qmgr[25409]: C2A1B242D5: removed
Nov  7 11:58:26 conch postfix/smtpd[21307]: connect from vlxxy.xyz[23.104.233.17]
Nov  7 11:58:26 conch postfix/smtpd[21307]: NOQUEUE: reject: RCPT from vlxxy.xyz[23.104.233.17]: 554 5.7.1 Service unavailable; Client host [23.104.233.17] blocked using zen.spamhaus.org; http://www.spamhaus.org/sbl/query/SBLCSS; from=<Think-Clearly@vlxxy.xyz> to=<becky@seaglass.com> proto=ESMTP helo=<vlxxy.xyz>
Nov  7 11:58:26 conch postfix/smtpd[21307]: disconnect from vlxxy.xyz[23.104.233.17]
Nov  7 11:58:54 conch postfix/smtpd[21307]: connect from vlxxy.xyz[23.104.233.17]
Nov  7 11:58:55 conch postfix/smtpd[21307]: NOQUEUE: reject: RCPT from vlxxy.xyz[23.104.233.17]: 554 5.7.1 Service unavailable; Client host [23.104.233.17] blocked using zen.spamhaus.org; http://www.spamhaus.org/sbl/query/SBLCSS; from=<Think-Clearly@vlxxy.xyz> to=<jdent@seaglass.com> proto=ESMTP helo=<vlxxy.xyz>
Nov  7 11:58:55 conch postfix/smtpd[21307]: disconnect from vlxxy.xyz[23.104.233.17]
Nov  7 11:59:07 conch postfix/smtpd[21307]: warning: 209.211.71.31: address not listed for hostname smtp.ethanallenhotel.com
Nov  7 11:59:07 conch postfix/smtpd[21307]: connect from unknown[209.211.71.31]
Nov  7 11:59:08 conch postfix/smtpd[21307]: A9706242D5: client=unknown[209.211.71.31]
Nov  7 11:59:09 conch postfix/cleanup[21312]: A9706242D5: message-id=<OFCBC91F88.B150C42A-ON85257EF6.006DC8A8-85257EF6.006DC8A9@eacorp.net>
Nov  7 11:59:09 conch postfix/qmgr[25409]: A9706242D5: from=<CBrack@sanmateo.ethanallen.com>, size=1955, nrcpt=1 (queue active)
Nov  7 11:59:09 conch postfix/smtpd[21307]: disconnect from unknown[209.211.71.31]
Nov  7 11:59:12 conch postfix/smtp[21313]: A9706242D5: to=<jdent@seaglass.com>, relay=mail.seaglass.com[74.220.219.61]:25, delay=4.4, delays=1.4/0.01/2.2/0.74, dsn=2.0.0, status=sent (250 OK id=1Zv9do-0002lQ-8O)
Nov  7 11:59:12 conch postfix/qmgr[25409]: A9706242D5: removed
Nov  7 12:01:31 conch postfix/smtpd[21340]: connect from cozycornerfireplaces.com[192.96.206.88]
Nov  7 12:01:31 conch postfix/smtpd[21340]: NOQUEUE: reject: RCPT from cozycornerfireplaces.com[192.96.206.88]: 554 5.7.1 Service unavailable; Client host [192.96.206.88] blocked using zen.spamhaus.org; http://www.spamhaus.org/sbl/query/SBLCSS; from=<GuaranteedApproval@cozycornerfireplaces.com> to=<kdent@seaglass.com> proto=SMTP helo=<mta8.cozycornerfireplaces.com>
Nov  7 12:01:31 conch postfix/smtpd[21340]: disconnect from cozycornerfireplaces.com[192.96.206.88]
Nov  7 12:02:08 conch postfix/smtpd[21340]: connect from cozycornerfireplaces.com[192.96.206.88]
Nov  7 12:02:08 conch postfix/smtpd[21340]: NOQUEUE: reject: RCPT from cozycornerfireplaces.com[192.96.206.88]: 554 5.7.1 Service unavailable; Client host [192.96.206.88] blocked using zen.spamhaus.org; http://www.spamhaus.org/sbl/query/SBLCSS; from=<PureGarciniaCambogiaExtract@cozycornerfireplaces.com> to=<kdent@seaglass.com> proto=SMTP helo=<mta1.cozycornerfireplaces.com>
Nov  7 12:02:08 conch postfix/smtpd[21340]: disconnect from cozycornerfireplaces.com[192.96.206.88]
Nov  7 12:03:02 conch postfix/smtpd[21340]: connect from vofmo.xyz[23.104.233.18]
Nov  7 12:03:03 conch postfix/smtpd[21340]: NOQUEUE: reject: RCPT from vofmo.xyz[23.104.233.18]: 554 5.7.1 Service unavailable; Client host [23.104.233.18] blocked using zen.spamhaus.org; http://www.spamhaus.org/sbl/query/SBLCSS; from=<MichaelKors-Holiday-Clearance@vofmo.xyz> to=<jdent@seaglass.com> proto=ESMTP helo=<vofmo.xyz>
Nov  7 12:03:03 conch postfix/smtpd[21340]: disconnect from vofmo.xyz[23.104.233.18]
Nov  7 12:04:02 conch postfix/smtpd[21340]: connect from vofmo.xyz[23.104.233.18]
Nov  7 12:04:02 conch postfix/smtpd[21340]: NOQUEUE: reject: RCPT from vofmo.xyz[23.104.233.18]: 554 5.7.1 Service unavailable; Client host [23.104.233.18] blocked using zen.spamhaus.org; http://www.spamhaus.org/sbl/query/SBLCSS; from=<MichaelKors-Holiday-Clearance@vofmo.xyz> to=<kdent@seaglass.com> proto=ESMTP helo=<vofmo.xyz>
Nov  7 12:04:02 conch postfix/smtpd[21340]: disconnect from vofmo.xyz[23.104.233.18]
Nov  7 12:04:03 conch postfix/smtpd[21340]: connect from c69x7cza0.taithend.download[216.169.112.165]
Nov  7 12:04:04 conch postfix/smtpd[21340]: NOQUEUE: reject: RCPT from c69x7cza0.taithend.download[216.169.112.165]: 554 5.7.1 Service unavailable; Client host [216.169.112.165] blocked using zen.spamhaus.org; from=<ValentinesDayBaskets@taithend.download> to=<kdent@seaglass.com> proto=ESMTP helo=<08507314.taithend.download>
Nov  7 12:04:04 conch postfix/smtpd[21340]: disconnect from c69x7cza0.taithend.download[216.169.112.165]
Nov  7 12:04:04 conch postfix/smtpd[21340]: connect from c69x7cza0.taithend.download[216.169.112.165]
Nov  7 12:04:05 conch postfix/smtpd[21340]: NOQUEUE: reject: RCPT from c69x7cza0.taithend.download[216.169.112.165]: 554 5.7.1 Service unavailable; Client host [216.169.112.165] blocked using zen.spamhaus.org; from=<SendGiftBaskets@taithend.download> to=<jdent@seaglass.com> proto=ESMTP helo=<0dce0803.taithend.download>
Nov  7 12:04:05 conch postfix/smtpd[21340]: disconnect from c69x7cza0.taithend.download[216.169.112.165]
Nov  7 12:05:04 conch postfix/smtpd[21340]: connect from vofmo.xyz[23.104.233.18]
Nov  7 12:05:04 conch postfix/smtpd[21340]: NOQUEUE: reject: RCPT from vofmo.xyz[23.104.233.18]: 554 5.7.1 Service unavailable; Client host [23.104.233.18] blocked using zen.spamhaus.org; http://www.spamhaus.org/sbl/query/SBLCSS; from=<MichaelKors-Holiday-Clearance@vofmo.xyz> to=<becky@seaglass.com> proto=ESMTP helo=<vofmo.xyz>
Nov  7 12:05:04 conch postfix/smtpd[21340]: disconnect from vofmo.xyz[23.104.233.18]
Nov  7 12:06:02 conch postfix/smtpd[21340]: warning: 192.227.231.218: address not listed for hostname 192-227-231-218-host.colocrossing.com
