Oct 22 09:25:03 conch postfix/smtpd[28450]: connect from unknown[89.207.129.94]
Oct 22 09:25:03 conch postfix/smtpd[28450]: NOQUEUE: reject: RCPT from unknown[89.207.129.94]: 554 5.7.1 Service unavailable; Client host [89.207.129.94] blocked using zen.spamhaus.org; http://www.spamhaus.org/sbl/query/SBLCSS; from=<abysses@approvalclicked.xyz> to=<jdent@seaglass.com> proto=ESMTP helo=<approvalclicked.xyz>
Oct 22 09:25:04 conch postfix/smtpd[28450]: lost connection after RCPT from unknown[89.207.129.94]
Oct 22 09:25:04 conch postfix/smtpd[28450]: disconnect from unknown[89.207.129.94]
Oct 22 09:25:06 conch postfix/smtpd[28450]: connect from unknown[58.17.247.48]
Oct 22 09:25:06 conch postfix/smtpd[28450]: NOQUEUE: reject: RCPT from unknown[58.17.247.48]: 450 4.7.1 <dbd.localdomain>: Helo command rejected: Host not found; from=<admin@dhs.gov> to=<riley@seaglass.com> proto=ESMTP helo=<dbd.localdomain>
Oct 22 09:25:07 conch postfix/smtpd[28450]: disconnect from unknown[58.17.247.48]
Oct 22 09:25:23 conch postfix/smtpd[28450]: connect from ddalaska.com[104.218.49.99]
Oct 22 09:25:24 conch postfix/smtpd[28450]: NOQUEUE: reject: RCPT from ddalaska.com[104.218.49.99]: 554 5.7.1 Service unavailable; Client host [104.218.49.99] blocked using zen.spamhaus.org; http://www.spamhaus.org/sbl/query/SBLCSS; from=<barrons@ddalaska.com> to=<kdent@seaglass.com> proto=SMTP helo=<mta8.ddalaska.com>
Oct 22 09:25:24 conch postfix/smtpd[28450]: disconnect from ddalaska.com[104.218.49.99]
Oct 22 09:25:43 conch postfix/smtpd[28450]: connect from unknown[104.140.219.143]
Oct 22 09:25:43 conch postfix/smtpd[28450]: D341824365: client=unknown[104.140.219.143]
Oct 22 09:25:43 conch postfix/cleanup[28523]: D341824365: message-id=<5dcfd80285d21a72abf3c46e396c0002.15807268.1892273kdent@seaglass.com>
Oct 22 09:25:44 conch postfix/qmgr[25409]: D341824365: from=<MensHealth.Smart.Pill@com-lxddd.win>, size=5094, nrcpt=1 (queue active)
Oct 22 09:25:44 conch postfix/smtpd[28450]: disconnect from unknown[104.140.219.143]
Oct 22 09:25:51 conch postfix/smtp[28524]: D341824365: to=<kdent@seaglass.com>, relay=mail.seaglass.com[74.220.219.61]:25, delay=7.8, delays=0.25/0.01/2.2/5.3, dsn=2.0.0, status=sent (250 OK id=1ZpIgZ-0000aW-Ct)
Oct 22 09:25:51 conch postfix/qmgr[25409]: D341824365: removed
Oct 22 09:26:14 conch postfix/smtpd[28450]: connect from e5g55t.repaj0.download[31.187.90.104]
Oct 22 09:26:15 conch postfix/smtpd[28450]: NOQUEUE: reject: RCPT from e5g55t.repaj0.download[31.187.90.104]: 554 5.7.1 Service unavailable; Client host [31.187.90.104] blocked using zen.spamhaus.org; http://www.spamhaus.org/sbl/query/SBLCSS; from=<ModelYearCloseout@repaj0.download> to=<kdent@seaglass.com> proto=ESMTP helo=<e5g55t.repaj0.download>
Oct 22 09:26:15 conch postfix/smtpd[28450]: disconnect from e5g55t.repaj0.download[31.187.90.104]
Oct 22 09:27:12 conch postfix/smtpd[28450]: connect from unknown[104.140.219.143]
Oct 22 09:27:13 conch postfix/smtpd[28450]: F228D24365: client=unknown[104.140.219.143]
Oct 22 09:27:13 conch postfix/cleanup[28523]: F228D24365: message-id=<f8509babbeddea6fc34dc518b32b0476.7256664.4825042jdent@seaglass.com>
Oct 22 09:27:13 conch postfix/qmgr[25409]: F228D24365: from=<MensHealth.Smart.Pill@com-lxddd.win>, size=5086, nrcpt=1 (queue active)
Oct 22 09:27:13 conch postfix/smtpd[28450]: disconnect from unknown[104.140.219.143]
Oct 22 09:27:18 conch postfix/smtpd[28450]: connect from unknown[91.239.187.14]
Oct 22 09:27:18 conch postfix/smtpd[28450]: NOQUEUE: reject: RCPT from unknown[91.239.187.14]: 554 5.7.1 Service unavailable; Client host [91.239.187.14] blocked using zen.spamhaus.org; http://www.spamhaus.org/sbl/query/SBLCSS; from=<AnnuitiesRateQuotes@getmysolarsystem.com> to=<kdent@seaglass.com> proto=ESMTP helo=<s3qir67.getmysolarsystem.com>
Oct 22 09:27:19 conch postfix/smtpd[28528]: connect from mail-bo1ind01hn0230.outbound.protection.outlook.com[104.47.101.230]
Oct 22 09:27:20 conch postfix/smtpd[28528]: NOQUEUE: reject: RCPT from mail-bo1ind01hn0230.outbound.protection.outlook.com[104.47.101.230]: 450 4.7.1 <IND01-BO1-obe.outbound.protection.outlook.com>: Helo command rejected: Host not found; from=<> to=<becky@seaglass.com> proto=ESMTP helo=<IND01-BO1-obe.outbound.protection.outlook.com>
Oct 22 09:27:20 conch postfix/smtpd[28528]: disconnect from mail-bo1ind01hn0230.outbound.protection.outlook.com[104.47.101.230]
Oct 22 09:27:20 conch postfix/smtp[28524]: F228D24365: to=<jdent@seaglass.com>, relay=mail.seaglass.com[74.220.219.61]:25, delay=7.7, delays=0.17/0/2.2/5.3, dsn=2.0.0, status=sent (250 OK id=1ZpIi0-0001NS-Gq)
Oct 22 09:27:20 conch postfix/qmgr[25409]: F228D24365: removed
Oct 22 09:27:25 conch postfix/smtpd[28528]: connect from listserv.linguistlist.org[54.69.110.139]
Oct 22 09:27:25 conch postfix/smtpd[28528]: AAC2824365: client=listserv.linguistlist.org[54.69.110.139]
Oct 22 09:27:25 conch postfix/cleanup[28523]: AAC2824365: message-id=<56290DE2.3030101@linguistlist.org>
Oct 22 09:27:25 conch postfix/qmgr[25409]: AAC2824365: from=<lfg-bounces@listserv.linguistlist.org>, size=6550, nrcpt=1 (queue active)
Oct 22 09:27:25 conch postfix/smtpd[28528]: disconnect from listserv.linguistlist.org[54.69.110.139]
Oct 22 09:27:29 conch postfix/smtpd[28450]: disconnect from unknown[91.239.187.14]
Oct 22 09:27:33 conch postfix/smtp[28524]: AAC2824365: to=<kyle@seaglass.com>, relay=mail.seaglass.com[74.220.219.61]:25, delay=8.2, delays=0.28/0/2.2/5.7, dsn=2.0.0, status=sent (250 OK id=1ZpIiD-0001VR-Dh)
Oct 22 09:27:33 conch postfix/qmgr[25409]: AAC2824365: removed
Oct 22 09:27:38 conch postfix/smtpd[28528]: connect from unknown[104.140.219.143]
Oct 22 09:27:38 conch postfix/smtpd[28528]: 8337724365: client=unknown[104.140.219.143]
Oct 22 09:27:38 conch postfix/cleanup[28523]: 8337724365: message-id=<3d7a0d781b11209669ef740f6068165e.17605190.9189214becky@seaglass.com>
Oct 22 09:27:38 conch postfix/qmgr[25409]: 8337724365: from=<MensHealth.Smart.Pill@com-lxddd.win>, size=5094, nrcpt=1 (queue active)
Oct 22 09:27:38 conch postfix/smtpd[28528]: disconnect from unknown[104.140.219.143]
Oct 22 09:27:41 conch postfix/smtp[28524]: 8337724365: to=<becky@seaglass.com>, relay=mail.seaglass.com[74.220.219.61]:25, delay=2.8, delays=0.26/0/2.2/0.3, dsn=2.0.0, status=sent (250 OK id=1ZpIiL-0001dq-0e)
Oct 22 09:27:41 conch postfix/qmgr[25409]: 8337724365: removed
Oct 22 09:30:41 conch postfix/smtpd[28543]: connect from unknown[104.140.219.144]
Oct 22 09:30:42 conch postfix/smtpd[28543]: 2422924365: client=unknown[104.140.219.144]
Oct 22 09:30:43 conch postfix/cleanup[28546]: 2422924365: message-id=<0.0.3d7a0d781b11209669ef740f6068165e.1851274.10710810.0becky@seaglass.com>
Oct 22 09:30:43 conch postfix/qmgr[25409]: 2422924365: from=<Government-Scandal@com-loliw.win>, size=5490, nrcpt=1 (queue active)
Oct 22 09:30:44 conch postfix/smtpd[28543]: disconnect from unknown[104.140.219.144]
Oct 22 09:30:47 conch postfix/qmgr[25409]: 77116243CC: from=<>, size=2703, nrcpt=1 (queue active)
Oct 22 09:30:47 conch postfix/qmgr[25409]: 68AF424356: from=<>, size=2703, nrcpt=1 (queue active)
Oct 22 09:30:51 conch postfix/smtp[28547]: 2422924365: to=<becky@seaglass.com>, relay=mail.seaglass.com[74.220.219.61]:25, delay=9.2, delays=1.6/0.01/2.2/5.4, dsn=2.0.0, status=sent (250 OK id=1ZpIlO-0003Q8-Vv)
Oct 22 09:30:51 conch postfix/qmgr[25409]: 2422924365: removed
Oct 22 09:31:17 conch postfix/smtp[28548]: connect to com-oct1022.ga[198.52.150.41]:25: Connection timed out
Oct 22 09:31:17 conch postfix/smtp[28549]: connect to com-oct1022.ga[198.52.150.41]:25: Connection timed out
Oct 22 09:31:17 conch postfix/smtp[28548]: 77116243CC: to=<24@com-oct1022.ga>, relay=none, delay=17370, delays=17340/0.01/30/0, dsn=4.4.1, status=deferred (connect to com-oct1022.ga[198.52.150.41]:25: Connection timed out)
Oct 22 09:31:17 conch postfix/smtp[28549]: 68AF424356: to=<24@com-oct1022.ga>, relay=none, delay=17408, delays=17378/0.01/30/0, dsn=4.4.1, status=deferred (connect to com-oct1022.ga[198.52.150.41]:25: Connection timed out)
Oct 22 09:31:18 conch postfix/smtpd[28543]: connect from fbzehxjsc.membrandcomprise.download[128.177.48.29]
Oct 22 09:31:18 conch postfix/smtpd[28552]: connect from fbzehxjsc.membrandcomprise.download[128.177.48.29]
Oct 22 09:31:18 conch postfix/smtpd[28543]: 895E624365: client=fbzehxjsc.membrandcomprise.download[128.177.48.29]
Oct 22 09:31:18 conch postfix/smtpd[28552]: 94ED024369: client=fbzehxjsc.membrandcomprise.download[128.177.48.29]
Oct 22 09:31:18 conch postfix/cleanup[28546]: 895E624365: message-id=<2751080414676275109269399601193326@fbzehxjsc.membrandcomprise.download>
Oct 22 09:31:18 conch postfix/cleanup[28556]: 94ED024369: message-id=<2751080120577585275109269395836193325@fbzehxjsc.membrandcomprise.download>
Oct 22 09:31:18 conch postfix/qmgr[25409]: 895E624365: from=<HawaiiAdventurePackages@membrandcomprise.download>, size=14203, nrcpt=1 (queue active)
Oct 22 09:31:18 conch postfix/qmgr[25409]: 94ED024369: from=<HawaiiVacationDeals@membrandcomprise.download>, size=14194, nrcpt=1 (queue active)
Oct 22 09:31:19 conch postfix/smtpd[28543]: disconnect from fbzehxjsc.membrandcomprise.download[128.177.48.29]
Oct 22 09:31:19 conch postfix/smtpd[28552]: disconnect from fbzehxjsc.membrandcomprise.download[128.177.48.29]
Oct 22 09:31:21 conch postfix/smtp[28547]: 895E624365: to=<kdent@seaglass.com>, relay=mail.seaglass.com[74.220.219.61]:25, delay=3.1, delays=0.49/0/2.2/0.39, dsn=2.0.0, status=sent (250 OK id=1ZpIlt-0003oi-60)
Oct 22 09:31:21 conch postfix/qmgr[25409]: 895E624365: removed
Oct 22 09:31:21 conch postfix/smtp[28548]: 94ED024369: to=<jdent@seaglass.com>, relay=mail.seaglass.com[74.220.219.61]:25, delay=3.2, delays=0.55/0/2.2/0.4, dsn=2.0.0, status=sent (250 OK id=1ZpIlt-0003ol-8j)
Oct 22 09:31:21 conch postfix/qmgr[25409]: 94ED024369: removed
Oct 22 09:32:19 conch postfix/smtpd[28543]: warning: 66.199.224.109: address not listed for hostname greatlinkview.xyz
Oct 22 09:32:19 conch postfix/smtpd[28543]: connect from unknown[66.199.224.109]
Oct 22 09:32:20 conch postfix/smtpd[28543]: NOQUEUE: reject: RCPT from unknown[66.199.224.109]: 554 5.7.1 Service unavailable; Client host [66.199.224.109] blocked using zen.spamhaus.org; http://www.spamhaus.org/sbl/query/SBLCSS; from=<aussie@greatlinkview.xyz> to=<jdent@seaglass.com> proto=ESMTP helo=<greatlinkview.xyz>
Oct 22 09:32:20 conch postfix/smtpd[28543]: lost connection after RCPT from unknown[66.199.224.109]
Oct 22 09:32:20 conch postfix/smtpd[28543]: disconnect from unknown[66.199.224.109]
Oct 22 09:32:23 conch postfix/smtpd[28552]: connect from unknown[104.140.219.144]
Oct 22 09:32:23 conch postfix/smtpd[28552]: 7A5E724365: client=unknown[104.140.219.144]
Oct 22 09:32:23 conch postfix/cleanup[28546]: 7A5E724365: message-id=<0.0.5dcfd80285d21a72abf3c46e396c0002.12461253.15778115.0kdent@seaglass.com>
Oct 22 09:32:23 conch postfix/qmgr[25409]: 7A5E724365: from=<Government-Scandal@com-loliw.win>, size=5495, nrcpt=1 (queue active)
Oct 22 09:32:23 conch postfix/smtpd[28552]: disconnect from unknown[104.140.219.144]
Oct 22 09:32:31 conch postfix/smtp[28549]: 7A5E724365: to=<kdent@seaglass.com>, relay=mail.seaglass.com[74.220.219.61]:25, delay=7.8, delays=0.18/0/2.3/5.4, dsn=2.0.0, status=sent (250 OK id=1ZpIn1-0004cp-4U)
Oct 22 09:32:31 conch postfix/qmgr[25409]: 7A5E724365: removed
Oct 22 09:32:44 conch postfix/smtpd[28543]: connect from unknown[104.140.219.144]
Oct 22 09:32:44 conch postfix/smtpd[28543]: 71FD124365: client=unknown[104.140.219.144]
Oct 22 09:32:44 conch postfix/cleanup[28556]: 71FD124365: message-id=<0.0.f8509babbeddea6fc34dc518b32b0476.9722374.16610691.0jdent@seaglass.com>
Oct 22 09:32:44 conch postfix/qmgr[25409]: 71FD124365: from=<Government-Scandal@com-loliw.win>, size=5490, nrcpt=1 (queue active)
Oct 22 09:32:44 conch postfix/smtpd[28543]: disconnect from unknown[104.140.219.144]
Oct 22 09:32:46 conch postfix/anvil[27976]: statistics: max connection rate 2/60s for (smtp:89.207.129.94) at Oct 22 09:25:03
Oct 22 09:32:46 conch postfix/anvil[27976]: statistics: max connection count 2 for (smtp:128.177.48.29) at Oct 22 09:31:18
Oct 22 09:32:46 conch postfix/anvil[27976]: statistics: max cache size 4 at Oct 22 09:25:43
Oct 22 09:32:52 conch postfix/smtp[28547]: 71FD124365: to=<jdent@seaglass.com>, relay=mail.seaglass.com[74.220.219.61]:25, delay=7.6, delays=0.1/0/2.2/5.3, dsn=2.0.0, status=sent (250 OK id=1ZpInL-0004sp-To)
Oct 22 09:32:52 conch postfix/qmgr[25409]: 71FD124365: removed
Oct 22 09:33:52 conch postfix/smtpd[28552]: connect from unknown[94.156.36.12]
Oct 22 09:33:53 conch postfix/smtpd[28552]: 6D5CA24365: client=unknown[94.156.36.12]
Oct 22 09:33:53 conch postfix/cleanup[28546]: 6D5CA24365: message-id=<2061913723158530820619619613347526262@jo6kv9x.chrimmous.download>
Oct 22 09:33:54 conch postfix/qmgr[25409]: 6D5CA24365: from=<QuitSmoking@chrimmous.download>, size=22163, nrcpt=1 (queue active)
Oct 22 09:33:54 conch postfix/smtpd[28552]: disconnect from unknown[94.156.36.12]
Oct 22 09:34:01 conch postfix/smtp[28549]: 6D5CA24365: to=<jdent@seaglass.com>, relay=mail.seaglass.com[74.220.219.61]:25, delay=8.7, delays=1/0/2.2/5.5, dsn=2.0.0, status=sent (250 OK id=1ZpIoT-0005jG-Hm)
Oct 22 09:34:01 conch postfix/qmgr[25409]: 6D5CA24365: removed
Oct 22 09:34:33 conch postfix/smtpd[28552]: connect from bbulhcrh.thanot.download[94.156.34.38]
Oct 22 09:34:33 conch postfix/smtpd[28557]: connect from bbulhcrh.thanot.download[94.156.34.38]
Oct 22 09:34:34 conch postfix/smtpd[28557]: NOQUEUE: reject: RCPT from bbulhcrh.thanot.download[94.156.34.38]: 554 5.7.1 Service unavailable; Client host [94.156.34.38] blocked using zen.spamhaus.org; http://www.spamhaus.org/sbl/query/SBLCSS; from=<LocalCharityPrograms@thanot.download> to=<kdent@seaglass.com> proto=ESMTP helo=<02e31863.thanot.download>
Oct 22 09:34:34 conch postfix/smtpd[28552]: NOQUEUE: reject: RCPT from bbulhcrh.thanot.download[94.156.34.38]: 554 5.7.1 Service unavailable; Client host [94.156.34.38] blocked using zen.spamhaus.org; http://www.spamhaus.org/sbl/query/SBLCSS; from=<VehicleDonationPrograms@thanot.download> to=<jdent@seaglass.com> proto=ESMTP helo=<06955a98.thanot.download>
Oct 22 09:34:34 conch postfix/smtpd[28557]: disconnect from bbulhcrh.thanot.download[94.156.34.38]
Oct 22 09:34:34 conch postfix/smtpd[28552]: disconnect from bbulhcrh.thanot.download[94.156.34.38]
Oct 22 09:34:34 conch postfix/smtpd[28557]: connect from dsleqq.blaly.net[23.247.95.51]
Oct 22 09:34:35 conch postfix/smtpd[28557]: 1BC0124365: client=dsleqq.blaly.net[23.247.95.51]
Oct 22 09:34:35 conch postfix/cleanup[28546]: 1BC0124365: message-id=<54342392581825434708803632765@dsleqq.blaly.net>
Oct 22 09:34:35 conch postfix/qmgr[25409]: 1BC0124365: from=<JerryWilliams@blaly.net>, size=3319, nrcpt=1 (queue active)
Oct 22 09:34:35 conch postfix/smtpd[28557]: disconnect from dsleqq.blaly.net[23.247.95.51]
Oct 22 09:34:42 conch postfix/smtp[28549]: 1BC0124365: to=<jdent@seaglass.com>, relay=mail.seaglass.com[74.220.219.61]:25, delay=8.1, delays=0.55/0/2.2/5.3, dsn=2.0.0, status=sent (250 OK id=1ZpIp8-00069A-QA)
Oct 22 09:34:42 conch postfix/qmgr[25409]: 1BC0124365: removed
Oct 22 09:35:10 conch postfix/smtpd[28552]: connect from unknown[104.140.219.145]
Oct 22 09:35:11 conch postfix/smtpd[28552]: 27E6C24365: client=unknown[104.140.219.145]
Oct 22 09:35:11 conch postfix/cleanup[28546]: 27E6C24365: message-id=<0.0.3d7a0d781b11209669ef740f6068165e.2288338.21511262.0becky@seaglass.com>
Oct 22 09:35:11 conch postfix/qmgr[25409]: 27E6C24365: from=<Sears-Roof-Sale@com-mdska.win>, size=4725, nrcpt=1 (queue active)
Oct 22 09:35:11 conch postfix/smtpd[28552]: disconnect from unknown[104.140.219.145]
Oct 22 09:35:11 conch postfix/smtpd[28557]: connect from seventythreeninemountainousselections.com[216.144.237.72]
Oct 22 09:35:12 conch postfix/smtpd[28557]: 4F81E24369: client=seventythreeninemountainousselections.com[216.144.237.72]
Oct 22 09:35:12 conch postfix/cleanup[28546]: 4F81E24369: message-id=<0a1615d77b6923e0df8218ceb0c40065@seventythreeninemountainousselections.com>
Oct 22 09:35:12 conch postfix/qmgr[25409]: 4F81E24369: from=<news1689408252n@seventythreeninemountainousselections.com>, size=10776, nrcpt=1 (queue active)
Oct 22 09:35:12 conch postfix/smtpd[28557]: disconnect from seventythreeninemountainousselections.com[216.144.237.72]
Oct 22 09:35:18 conch postfix/smtp[28549]: 27E6C24365: to=<becky@seaglass.com>, relay=mail.seaglass.com[74.220.219.61]:25, delay=7.7, delays=0.16/0/2.2/5.3, dsn=2.0.0, status=sent (250 OK id=1ZpIpi-0006cX-N8)
Oct 22 09:35:18 conch postfix/qmgr[25409]: 27E6C24365: removed
Oct 22 09:35:20 conch postfix/smtp[28561]: 4F81E24369: to=<becky@seaglass.com>, relay=mail.seaglass.com[74.220.219.61]:25, delay=8.1, delays=0.52/0.01/2.2/5.4, dsn=2.0.0, status=sent (250 OK id=1ZpIpk-0006e8-3K)
Oct 22 09:35:20 conch postfix/qmgr[25409]: 4F81E24369: removed
Oct 22 09:35:38 conch postfix/smtpd[28552]: connect from unknown[104.140.219.145]
Oct 22 09:35:38 conch postfix/smtpd[28552]: 3802A24365: client=unknown[104.140.219.145]
Oct 22 09:35:38 conch postfix/cleanup[28546]: 3802A24365: message-id=<0.0.f8509babbeddea6fc34dc518b32b0476.4140845.18218412.0jdent@seaglass.com>
Oct 22 09:35:38 conch postfix/qmgr[25409]: 3802A24365: from=<Sears-Roof-Sale@com-mdska.win>, size=4725, nrcpt=1 (queue active)
Oct 22 09:35:38 conch postfix/smtpd[28552]: disconnect from unknown[104.140.219.145]
Oct 22 09:35:38 conch postfix/smtpd[28557]: connect from u3xvr.notifyaccountselect.science[185.121.164.71]
Oct 22 09:35:38 conch postfix/smtpd[28552]: connect from u3xvr.notifyaccountselect.science[185.121.164.71]
Oct 22 09:35:39 conch postfix/smtpd[28557]: 387AB24369: client=u3xvr.notifyaccountselect.science[185.121.164.71]
Oct 22 09:35:39 conch postfix/smtpd[28552]: 3C3EB24394: client=u3xvr.notifyaccountselect.science[185.121.164.71]
Oct 22 09:35:39 conch postfix/cleanup[28546]: 387AB24369: message-id=<5ca7e5fc91cc3f8b68b3d27a5e15c361-2898SIAXRFGNIPI69636157-riley=seaglass.com@u3xvr.notifyaccountselect.science>
Oct 22 09:35:39 conch postfix/cleanup[28562]: 3C3EB24394: message-id=<f8509babbeddea6fc34dc518b32b0476-2898RBPYMDLFHFX68959200-jdent=seaglass.com@u3xvr.notifyaccountselect.science>
Oct 22 09:35:39 conch postfix/qmgr[25409]: 387AB24369: from=<DR.OZNEWESTFATBURNER@notifyaccountselect.science>, size=6808, nrcpt=1 (queue active)
Oct 22 09:35:39 conch postfix/qmgr[25409]: 3C3EB24394: from=<DR.OZNEWESTFATBURNER@notifyaccountselect.science>, size=6793, nrcpt=1 (queue active)
Oct 22 09:35:39 conch postfix/smtpd[28557]: disconnect from u3xvr.notifyaccountselect.science[185.121.164.71]
Oct 22 09:35:40 conch postfix/smtpd[28552]: disconnect from u3xvr.notifyaccountselect.science[185.121.164.71]
Oct 22 09:35:40 conch postfix/smtp[28549]: 3802A24365: to=<jdent@seaglass.com>, relay=mail.seaglass.com[74.220.219.61]:25, delay=2.6, delays=0.08/0/2.2/0.33, dsn=2.0.0, status=sent (250 OK id=1ZpIq4-0006wS-MW)
Oct 22 09:35:40 conch postfix/qmgr[25409]: 3802A24365: removed
Oct 22 09:35:42 conch postfix/smtp[28561]: 387AB24369: to=<riley@seaglass.com>, relay=mail.seaglass.com[74.220.219.61]:25, delay=3.3, delays=0.73/0/2.2/0.3, dsn=2.0.0, status=sent (250 OK id=1ZpIq6-0006yI-2Q)
Oct 22 09:35:42 conch postfix/qmgr[25409]: 387AB24369: removed
Oct 22 09:35:42 conch postfix/smtp[28563]: 3C3EB24394: to=<jdent@seaglass.com>, relay=mail.seaglass.com[74.220.219.61]:25, delay=3.3, delays=0.74/0.01/2.3/0.3, dsn=2.0.0, status=sent (250 OK id=1ZpIq6-0006yJ-3i)
Oct 22 09:35:42 conch postfix/qmgr[25409]: 3C3EB24394: removed
Oct 22 09:35:57 conch postfix/smtpd[28557]: connect from childp3.ieiframule.download[91.92.117.185]
Oct 22 09:35:57 conch postfix/smtpd[28557]: A7B3C24365: client=childp3.ieiframule.download[91.92.117.185]
Oct 22 09:35:58 conch postfix/cleanup[28546]: A7B3C24365: message-id=<829425748920058294767610932286@childp3.ieiframule.download>
Oct 22 09:35:58 conch postfix/qmgr[25409]: A7B3C24365: from=<TheFHARate-Guide@ieiframule.download>, size=10447, nrcpt=1 (queue active)
Oct 22 09:35:58 conch postfix/smtpd[28557]: disconnect from childp3.ieiframule.download[91.92.117.185]
Oct 22 09:36:00 conch postfix/smtp[28549]: A7B3C24365: to=<riley@seaglass.com>, relay=mail.seaglass.com[74.220.219.61]:25, delay=3.4, delays=0.87/0/2.2/0.36, dsn=2.0.0, status=sent (250 OK id=1ZpIqO-0007Dh-KA)
Oct 22 09:36:00 conch postfix/qmgr[25409]: A7B3C24365: removed
Oct 22 09:37:04 conch postfix/smtpd[28552]: connect from 74yuqp.canubuler.download[31.187.90.249]
Oct 22 09:37:05 conch postfix/smtpd[28552]: 6390C24365: client=74yuqp.canubuler.download[31.187.90.249]
Oct 22 09:37:05 conch postfix/cleanup[28562]: 6390C24365: message-id=<829573489200524223812242592@74yuqp.canubuler.download>
Oct 22 09:37:05 conch postfix/qmgr[25409]: 6390C24365: from=<ProPerformanceTrainer@canubuler.download>, size=5014, nrcpt=1 (queue active)
Oct 22 09:37:06 conch postfix/smtpd[28552]: disconnect from 74yuqp.canubuler.download[31.187.90.249]
Oct 22 09:37:13 conch postfix/smtp[28561]: 6390C24365: to=<riley@seaglass.com>, relay=mail.seaglass.com[74.220.219.61]:25, delay=8.2, delays=0.63/0/2.2/5.3, dsn=2.0.0, status=sent (250 OK id=1ZpIrZ-00080k-4s)
Oct 22 09:37:13 conch postfix/qmgr[25409]: 6390C24365: removed
Oct 22 09:37:46 conch postfix/smtpd[28557]: warning: 66.199.226.29: address not listed for hostname meetz.psysonto.com
Oct 22 09:37:46 conch postfix/smtpd[28557]: connect from unknown[66.199.226.29]
Oct 22 09:37:46 conch postfix/smtpd[28552]: warning: 162.144.102.95: address not listed for hostname 162-144-102-95.unifiedlayer.com
Oct 22 09:37:46 conch postfix/smtpd[28552]: connect from unknown[162.144.102.95]
Oct 22 09:37:47 conch postfix/smtpd[28557]: 32AC424365: client=unknown[66.199.226.29]
Oct 22 09:37:47 conch postfix/cleanup[28562]: 32AC424365: message-id=<149207215132208114920914899770394096@dahcoj2.gmra.download>
Oct 22 09:37:47 conch postfix/smtpd[28552]: NOQUEUE: reject: RCPT from unknown[162.144.102.95]: 554 5.7.1 Service unavailable; Client host [162.144.102.95] blocked using zen.spamhaus.org; http://www.spamhaus.org/sbl/query/SBLCSS; from=<support@firesbloom.com> to=<becky@seaglass.com> proto=ESMTP helo=<signal.firesbloom.com>
Oct 22 09:37:47 conch postfix/smtpd[28552]: disconnect from unknown[162.144.102.95]
Oct 22 09:37:47 conch postfix/qmgr[25409]: 32AC424365: from=<BuildYourEcommerceStore@gmra.download>, size=22951, nrcpt=1 (queue active)
Oct 22 09:37:47 conch postfix/smtpd[28557]: disconnect from unknown[66.199.226.29]
Oct 22 09:37:55 conch postfix/smtp[28561]: 32AC424365: to=<jdent@seaglass.com>, relay=mail.seaglass.com[74.220.219.61]:25, delay=8.3, delays=0.62/0/2.2/5.5, dsn=2.0.0, status=sent (250 OK id=1ZpIsE-0008TD-Sw)
Oct 22 09:37:55 conch postfix/qmgr[25409]: 32AC424365: removed
Oct 22 09:37:56 conch postfix/smtpd[28552]: connect from unknown[104.140.219.145]
Oct 22 09:37:56 conch postfix/smtpd[28552]: C734524365: client=unknown[104.140.219.145]
Oct 22 09:37:56 conch postfix/cleanup[28562]: C734524365: message-id=<0.0.5dcfd80285d21a72abf3c46e396c0002.18836876.9673913.0kdent@seaglass.com>
Oct 22 09:37:56 conch postfix/qmgr[25409]: C734524365: from=<Sears-Roof-Sale@com-mdska.win>, size=4712, nrcpt=1 (queue active)
Oct 22 09:37:57 conch postfix/smtpd[28552]: disconnect from unknown[104.140.219.145]
Oct 22 09:38:04 conch postfix/smtp[28561]: C734524365: to=<kdent@seaglass.com>, relay=mail.seaglass.com[74.220.219.61]:25, delay=7.6, delays=0.13/0/2.2/5.3, dsn=2.0.0, status=sent (250 OK id=1ZpIsO-00007F-9y)
Oct 22 09:38:04 conch postfix/qmgr[25409]: C734524365: removed
Oct 22 09:38:41 conch postfix/smtpd[28557]: connect from unknown[72.1.240.200]
Oct 22 09:38:42 conch postfix/smtpd[28557]: NOQUEUE: reject: RCPT from unknown[72.1.240.200]: 554 5.7.1 Service unavailable; Client host [72.1.240.200] blocked using zen.spamhaus.org; http://www.spamhaus.org/sbl/query/SBLCSS; from=<embryonically@forsakai.xyz> to=<jdent@seaglass.com> proto=ESMTP helo=<forsakai.xyz>
Oct 22 09:38:42 conch postfix/smtpd[28557]: lost connection after RCPT from unknown[72.1.240.200]
Oct 22 09:38:42 conch postfix/smtpd[28557]: disconnect from unknown[72.1.240.200]
Oct 22 09:38:59 conch postfix/smtpd[28552]: connect from unknown[72.1.240.200]
Oct 22 09:38:59 conch postfix/smtpd[28552]: NOQUEUE: reject: RCPT from unknown[72.1.240.200]: 554 5.7.1 Service unavailable; Client host [72.1.240.200] blocked using zen.spamhaus.org; http://www.spamhaus.org/sbl/query/SBLCSS; from=<holier@forsakai.xyz> to=<jdent@seaglass.com> proto=ESMTP helo=<forsakai.xyz>
Oct 22 09:38:59 conch postfix/smtpd[28552]: lost connection after RCPT from unknown[72.1.240.200]
Oct 22 09:38:59 conch postfix/smtpd[28552]: disconnect from unknown[72.1.240.200]
Oct 22 09:39:45 conch postfix/smtpd[28557]: warning: 66.199.224.109: address not listed for hostname greatlinkview.xyz
Oct 22 09:39:45 conch postfix/smtpd[28557]: connect from unknown[66.199.224.109]
Oct 22 09:39:45 conch postfix/smtpd[28557]: NOQUEUE: reject: RCPT from unknown[66.199.224.109]: 554 5.7.1 Service unavailable; Client host [66.199.224.109] blocked using zen.spamhaus.org; http://www.spamhaus.org/sbl/query/SBLCSS; from=<imitates@greatlinkview.xyz> to=<jdent@seaglass.com> proto=ESMTP helo=<greatlinkview.xyz>
Oct 22 09:39:45 conch postfix/smtpd[28557]: lost connection after RCPT from unknown[66.199.224.109]
Oct 22 09:39:45 conch postfix/smtpd[28557]: disconnect from unknown[66.199.224.109]
Oct 22 09:41:38 conch postfix/smtpd[28581]: connect from gylses5.aekc.download[216.150.74.127]
Oct 22 09:41:39 conch postfix/smtpd[28581]: 03B5B24365: client=gylses5.aekc.download[216.150.74.127]
Oct 22 09:41:39 conch postfix/cleanup[28584]: 03B5B24365: message-id=<149197215132208114919951939798094064@gylses5.aekc.download>
Oct 22 09:41:39 conch postfix/qmgr[25409]: 03B5B24365: from=<CustomTradeshowBooths@aekc.download>, size=22887, nrcpt=1 (queue active)
Oct 22 09:41:39 conch postfix/smtpd[28581]: disconnect from gylses5.aekc.download[216.150.74.127]
Oct 22 09:41:47 conch postfix/smtp[28585]: 03B5B24365: to=<jdent@seaglass.com>, relay=mail.seaglass.com[74.220.219.61]:25, delay=8.3, delays=0.58/0.01/2.2/5.5, dsn=2.0.0, status=sent (250 OK id=1ZpIvy-0002Kk-Ol)
Oct 22 09:41:47 conch postfix/qmgr[25409]: 03B5B24365: removed
Oct 22 09:42:00 conch postfix/smtpd[28581]: connect from unknown[104.140.219.146]
Oct 22 09:42:00 conch postfix/smtpd[28581]: CECA724365: client=unknown[104.140.219.146]
Oct 22 09:42:00 conch postfix/cleanup[28584]: CECA724365: message-id=<5dcfd80285d21a72abf3c46e396c0002.9515164.21338694kdent@seaglass.com>
Oct 22 09:42:00 conch postfix/qmgr[25409]: CECA724365: from=<HalloweenCandles@com-mhmpq.win>, size=4834, nrcpt=1 (queue active)
Oct 22 09:42:01 conch postfix/smtpd[28581]: disconnect from unknown[104.140.219.146]
Oct 22 09:42:08 conch postfix/smtp[28585]: CECA724365: to=<kdent@seaglass.com>, relay=mail.seaglass.com[74.220.219.61]:25, delay=7.6, delays=0.11/0/2.2/5.3, dsn=2.0.0, status=sent (250 OK id=1ZpIwK-0002Z6-A6)
Oct 22 09:42:08 conch postfix/qmgr[25409]: CECA724365: removed
Oct 22 09:42:24 conch postfix/smtpd[28581]: connect from mail-ma1ind01hn0207.outbound.protection.outlook.com[104.47.100.207]
Oct 22 09:42:24 conch postfix/smtpd[28581]: NOQUEUE: reject: RCPT from mail-ma1ind01hn0207.outbound.protection.outlook.com[104.47.100.207]: 450 4.7.1 <IND01-MA1-obe.outbound.protection.outlook.com>: Helo command rejected: Host not found; from=<> to=<becky@seaglass.com> proto=ESMTP helo=<IND01-MA1-obe.outbound.protection.outlook.com>
Oct 22 09:42:25 conch postfix/smtpd[28581]: disconnect from mail-ma1ind01hn0207.outbound.protection.outlook.com[104.47.100.207]
Oct 22 09:42:25 conch postfix/smtpd[28581]: connect from unknown[104.140.219.146]
Oct 22 09:42:25 conch postfix/smtpd[28581]: AEBC124365: client=unknown[104.140.219.146]
Oct 22 09:42:25 conch postfix/cleanup[28584]: AEBC124365: message-id=<f8509babbeddea6fc34dc518b32b0476.23966585.13352972jdent@seaglass.com>
Oct 22 09:42:25 conch postfix/qmgr[25409]: AEBC124365: from=<HalloweenCandles@com-mhmpq.win>, size=4849, nrcpt=1 (queue active)
Oct 22 09:42:25 conch postfix/smtpd[28581]: disconnect from unknown[104.140.219.146]
Oct 22 09:42:28 conch postfix/smtp[28585]: AEBC124365: to=<jdent@seaglass.com>, relay=mail.seaglass.com[74.220.219.61]:25, delay=2.6, delays=0.1/0/2.2/0.3, dsn=2.0.0, status=sent (250 OK id=1ZpIwe-0002nj-5h)
Oct 22 09:42:28 conch postfix/qmgr[25409]: AEBC124365: removed
Oct 22 09:42:31 conch postfix/smtpd[28581]: connect from unknown[104.140.219.146]
Oct 22 09:42:32 conch postfix/smtpd[28581]: 0301224365: client=unknown[104.140.219.146]
Oct 22 09:42:32 conch postfix/cleanup[28584]: 0301224365: message-id=<3d7a0d781b11209669ef740f6068165e.22923033.7823800becky@seaglass.com>
Oct 22 09:42:32 conch postfix/qmgr[25409]: 0301224365: from=<HalloweenCandles@com-mhmpq.win>, size=4821, nrcpt=1 (queue active)
Oct 22 09:42:32 conch postfix/smtpd[28581]: disconnect from unknown[104.140.219.146]
Oct 22 09:42:39 conch postfix/smtp[28585]: 0301224365: to=<becky@seaglass.com>, relay=mail.seaglass.com[74.220.219.61]:25, delay=7.7, delays=0.15/0/2.2/5.4, dsn=2.0.0, status=sent (250 OK id=1ZpIwp-0002sC-H2)
Oct 22 09:42:39 conch postfix/qmgr[25409]: 0301224365: removed
Oct 22 09:42:46 conch postfix/anvil[27976]: statistics: max connection rate 3/60s for (smtp:104.140.219.146) at Oct 22 09:42:31
Oct 22 09:42:46 conch postfix/anvil[27976]: statistics: max connection count 2 for (smtp:94.156.34.38) at Oct 22 09:34:33
Oct 22 09:42:46 conch postfix/anvil[27976]: statistics: max cache size 4 at Oct 22 09:35:11
Oct 22 09:45:29 conch postfix/smtpd[28589]: warning: 89.207.129.94: address not listed for hostname hosted-by.snel.com
Oct 22 09:45:29 conch postfix/smtpd[28589]: connect from unknown[89.207.129.94]
Oct 22 09:45:30 conch postfix/smtpd[28589]: NOQUEUE: reject: RCPT from unknown[89.207.129.94]: 554 5.7.1 Service unavailable; Client host [89.207.129.94] blocked using zen.spamhaus.org; http://www.spamhaus.org/sbl/query/SBLCSS; from=<backblocks@approvalclicked.xyz> to=<jdent@seaglass.com> proto=ESMTP helo=<approvalclicked.xyz>
Oct 22 09:45:30 conch postfix/smtpd[28589]: lost connection after RCPT from unknown[89.207.129.94]
Oct 22 09:45:30 conch postfix/smtpd[28589]: disconnect from unknown[89.207.129.94]
Oct 22 09:45:50 conch postfix/smtpd[28589]: connect from unknown[200.229.208.13]
Oct 22 09:45:50 conch postfix/smtpd[28589]: NOQUEUE: reject: RCPT from unknown[200.229.208.13]: 450 4.7.1 <srv01.r2web.net.br>: Helo command rejected: Host not found; from=<jjhahahhaha@aol.com> to=<becky@seaglass.com> proto=ESMTP helo=<srv01.r2web.net.br>
Oct 22 09:45:51 conch postfix/smtpd[28589]: disconnect from unknown[200.229.208.13]
Oct 22 09:46:02 conch postfix/smtpd[28589]: warning: 46.102.117.86: address not listed for hostname no-rdns.hostmama.ro
Oct 22 09:46:02 conch postfix/smtpd[28589]: connect from unknown[46.102.117.86]
Oct 22 09:46:02 conch postfix/smtpd[28589]: NOQUEUE: reject: RCPT from unknown[46.102.117.86]: 450 4.7.1 <resident.jackabut.pw>: Helo command rejected: Host not found; from=<info@jackabut.pw> to=<becky@seaglass.com> proto=ESMTP helo=<resident.jackabut.pw>
Oct 22 09:46:02 conch postfix/smtpd[28589]: disconnect from unknown[46.102.117.86]
Oct 22 09:46:16 conch postfix/smtpd[28589]: connect from ma4ofu1tz.purchmaching.download[208.51.115.24]
Oct 22 09:46:16 conch postfix/smtpd[28595]: connect from ma4ofu1tz.purchmaching.download[208.51.115.24]
Oct 22 09:46:16 conch postfix/smtpd[28589]: 8610A24365: client=ma4ofu1tz.purchmaching.download[208.51.115.24]
Oct 22 09:46:16 conch postfix/smtpd[28595]: AB3EE24369: client=ma4ofu1tz.purchmaching.download[208.51.115.24]
Oct 22 09:46:16 conch postfix/cleanup[28598]: 8610A24365: message-id=<2751580414676275154714889563194797@ma4ofu1tz.purchmaching.download>
Oct 22 09:46:16 conch postfix/qmgr[25409]: 8610A24365: from=<PlasticSurgeryGuide@purchmaching.download>, size=14175, nrcpt=1 (queue active)
Oct 22 09:46:16 conch postfix/cleanup[28599]: AB3EE24369: message-id=<2751580120577585275154714889564194794@ma4ofu1tz.purchmaching.download>
Oct 22 09:46:16 conch postfix/qmgr[25409]: AB3EE24369: from=<PlasticSurgeryResources@purchmaching.download>, size=14216, nrcpt=1 (queue active)
Oct 22 09:46:16 conch postfix/smtpd[28589]: disconnect from ma4ofu1tz.purchmaching.download[208.51.115.24]
Oct 22 09:46:17 conch postfix/smtpd[28595]: disconnect from ma4ofu1tz.purchmaching.download[208.51.115.24]
Oct 22 09:46:24 conch postfix/smtp[28600]: 8610A24365: to=<kdent@seaglass.com>, relay=mail.seaglass.com[74.220.219.61]:25, delay=8.2, delays=0.52/0.01/2.2/5.4, dsn=2.0.0, status=sent (250 OK id=1ZpJ0S-0005FE-69)
Oct 22 09:46:24 conch postfix/qmgr[25409]: 8610A24365: removed
Oct 22 09:46:24 conch postfix/smtp[28601]: AB3EE24369: to=<jdent@seaglass.com>, relay=mail.seaglass.com[74.220.219.61]:25, delay=8.3, delays=0.66/0.01/2.2/5.4, dsn=2.0.0, status=sent (250 OK id=1ZpJ0S-0005FJ-BK)
Oct 22 09:46:24 conch postfix/qmgr[25409]: AB3EE24369: removed
Oct 22 09:46:59 conch postfix/smtpd[28589]: connect from unknown[104.140.219.147]
Oct 22 09:47:01 conch postfix/smtpd[28589]: 4701C24365: client=unknown[104.140.219.147]
Oct 22 09:47:01 conch postfix/cleanup[28598]: 4701C24365: message-id=<f8509babbeddea6fc34dc518b32b0476.15486336.8238913jdent@seaglass.com>
Oct 22 09:47:01 conch postfix/qmgr[25409]: 4701C24365: from=<Mayo.Heart.Remedy@com-mjass.win>, size=5792, nrcpt=1 (queue active)
Oct 22 09:47:01 conch postfix/smtpd[28589]: disconnect from unknown[104.140.219.147]
Oct 22 09:47:08 conch postfix/smtpd[28595]: connect from unknown[104.140.219.147]
Oct 22 09:47:08 conch postfix/smtpd[28595]: 2C49124369: client=unknown[104.140.219.147]
Oct 22 09:47:08 conch postfix/cleanup[28599]: 2C49124369: message-id=<3d7a0d781b11209669ef740f6068165e.22921195.12685722becky@seaglass.com>
Oct 22 09:47:08 conch postfix/qmgr[25409]: 2C49124369: from=<Mayo.Heart.Remedy@com-mjass.win>, size=5817, nrcpt=1 (queue active)
Oct 22 09:47:08 conch postfix/smtpd[28595]: disconnect from unknown[104.140.219.147]
Oct 22 09:47:09 conch postfix/smtp[28600]: 4701C24365: to=<jdent@seaglass.com>, relay=mail.seaglass.com[74.220.219.61]:25, delay=8.8, delays=1.3/0/2.2/5.3, dsn=2.0.0, status=sent (250 OK id=1ZpJ1A-0005iY-S3)
Oct 22 09:47:09 conch postfix/qmgr[25409]: 4701C24365: removed
Oct 22 09:47:10 conch postfix/smtp[28601]: 2C49124369: to=<becky@seaglass.com>, relay=mail.seaglass.com[74.220.219.61]:25, delay=2.6, delays=0.1/0/2.2/0.3, dsn=2.0.0, status=sent (250 OK id=1ZpJ1C-0005md-KD)
Oct 22 09:47:10 conch postfix/qmgr[25409]: 2C49124369: removed
Oct 22 09:48:16 conch postfix/smtpd[28589]: connect from unknown[104.140.219.147]
Oct 22 09:48:16 conch postfix/smtpd[28589]: B06EE24365: client=unknown[104.140.219.147]
Oct 22 09:48:16 conch postfix/cleanup[28598]: B06EE24365: message-id=<5dcfd80285d21a72abf3c46e396c0002.12594165.17884004kdent@seaglass.com>
Oct 22 09:48:16 conch postfix/qmgr[25409]: B06EE24365: from=<Mayo.Heart.Remedy@com-mjass.win>, size=5817, nrcpt=1 (queue active)
Oct 22 09:48:16 conch postfix/smtpd[28589]: disconnect from unknown[104.140.219.147]
Oct 22 09:48:24 conch postfix/smtp[28600]: B06EE24365: to=<kdent@seaglass.com>, relay=mail.seaglass.com[74.220.219.61]:25, delay=7.6, delays=0.11/0/2.2/5.3, dsn=2.0.0, status=sent (250 OK id=1ZpJ2O-0006Rw-5r)
Oct 22 09:48:24 conch postfix/qmgr[25409]: B06EE24365: removed
Oct 22 09:49:12 conch postfix/smtpd[28589]: warning: 136.243.244.208: address not listed for hostname efficia.info
Oct 22 09:49:12 conch postfix/smtpd[28589]: connect from unknown[136.243.244.208]
Oct 22 09:49:12 conch postfix/smtpd[28589]: NOQUEUE: reject: RCPT from unknown[136.243.244.208]: 554 5.7.1 Service unavailable; Client host [136.243.244.208] blocked using zen.spamhaus.org; http://www.spamhaus.org/sbl/query/SBLCSS; from=<johnsonp@efficia.info> to=<kdent@seaglass.com> proto=ESMTP helo=<efficia.info>
Oct 22 09:49:12 conch postfix/smtpd[28589]: disconnect from unknown[136.243.244.208]
Oct 22 09:50:15 conch postfix/smtpd[28589]: warning: 128.204.199.58: address not listed for hostname yourcustomlink.xyz
Oct 22 09:50:15 conch postfix/smtpd[28589]: connect from unknown[128.204.199.58]
Oct 22 09:50:16 conch postfix/smtpd[28589]: 57E9524365: client=unknown[128.204.199.58]
Oct 22 09:50:16 conch postfix/cleanup[28620]: 57E9524365: message-id=<0759.139113.570.570305@yourcustomlink.xyz> 
Oct 22 09:50:17 conch postfix/qmgr[25409]: 57E9524365: from=<courageous@yourcustomlink.xyz>, size=10182, nrcpt=1 (queue active)
Oct 22 09:50:19 conch postfix/smtpd[28589]: disconnect from unknown[128.204.199.58]
Oct 22 09:50:24 conch postfix/smtp[28621]: 57E9524365: to=<jdent@seaglass.com>, relay=mail.seaglass.com[74.220.219.61]:25, delay=8.5, delays=0.95/0.01/2.2/5.4, dsn=2.0.0, status=sent (250 OK id=1ZpJ4K-0007fT-Cb)
Oct 22 09:50:24 conch postfix/qmgr[25409]: 57E9524365: removed
Oct 22 09:50:27 conch postfix/smtpd[28589]: connect from e1.8f.559e.ip4.static.sl-reverse.com[158.85.143.225]
Oct 22 09:50:28 conch postfix/smtpd[28589]: 0D74E24365: client=e1.8f.559e.ip4.static.sl-reverse.com[158.85.143.225]
Oct 22 09:50:28 conch postfix/cleanup[28620]: 0D74E24365: message-id=<bok5052423411997384_5052423_jdent@seaglass.comfv9>
Oct 22 09:50:28 conch postfix/qmgr[25409]: 0D74E24365: from=<NewScanInfo@newresults.newonlinescaninfo.com>, size=7140, nrcpt=1 (queue active)
Oct 22 09:50:28 conch postfix/smtpd[28589]: 415BD24369: client=e1.8f.559e.ip4.static.sl-reverse.com[158.85.143.225]
Oct 22 09:50:28 conch postfix/cleanup[28620]: 415BD24369: message-id=<bok12815115419092763_12815115_kdent@seaglass.comfv9>
Oct 22 09:50:28 conch postfix/qmgr[25409]: 415BD24369: from=<NewScanInfo@newresults.newonlinescaninfo.com>, size=7222, nrcpt=1 (queue active)
Oct 22 09:50:28 conch postfix/smtpd[28589]: disconnect from e1.8f.559e.ip4.static.sl-reverse.com[158.85.143.225]
Oct 22 09:50:35 conch postfix/smtp[28621]: 0D74E24365: to=<jdent@seaglass.com>, relay=mail.seaglass.com[74.220.219.61]:25, delay=7.7, delays=0.23/0/2.2/5.3, dsn=2.0.0, status=sent (250 OK id=1ZpJ4V-0007lu-I5)
Oct 22 09:50:35 conch postfix/qmgr[25409]: 0D74E24365: removed
Oct 22 09:50:35 conch postfix/smtp[28623]: 415BD24369: to=<kdent@seaglass.com>, relay=mail.seaglass.com[74.220.219.61]:25, delay=7.6, delays=0.07/0.01/2.2/5.3, dsn=2.0.0, status=sent (250 OK id=1ZpJ4V-0007m2-Mf)
Oct 22 09:50:35 conch postfix/qmgr[25409]: 415BD24369: removed
Oct 22 09:51:02 conch postfix/smtpd[28589]: warning: 67.229.105.207: address not listed for hostname 67.229.105.207.static.krypt.com
Oct 22 09:51:02 conch postfix/smtpd[28589]: connect from unknown[67.229.105.207]
Oct 22 09:51:03 conch postfix/smtpd[28589]: NOQUEUE: reject: RCPT from unknown[67.229.105.207]: 554 5.7.1 Service unavailable; Client host [67.229.105.207] blocked using zen.spamhaus.org; http://www.spamhaus.org/sbl/query/SBLCSS; from=<noreply@iezieg.us> to=<kdent@seaglass.com> proto=ESMTP helo=<iezieg.us>
Oct 22 09:51:03 conch postfix/smtpd[28589]: disconnect from unknown[67.229.105.207]
Oct 22 09:51:42 conch postfix/smtpd[28589]: connect from unknown[104.140.219.148]
Oct 22 09:51:43 conch postfix/smtpd[28589]: 6D89B24365: client=unknown[104.140.219.148]
Oct 22 09:51:43 conch postfix/cleanup[28620]: 6D89B24365: message-id=<0.0.5ca7e5fc91cc3f8b68b3d27a5e15c361.21830943.23879044.0riley@seaglass.com>
Oct 22 09:51:44 conch postfix/qmgr[25409]: 6D89B24365: from=<SamsClub@com-mxtmh.win>, size=7125, nrcpt=1 (queue active)
Oct 22 09:51:44 conch postfix/smtpd[28589]: disconnect from unknown[104.140.219.148]
Oct 22 09:51:52 conch postfix/smtp[28621]: 6D89B24365: to=<riley@seaglass.com>, relay=mail.seaglass.com[74.220.219.61]:25, delay=8.6, delays=1.1/0/2.2/5.3, dsn=2.0.0, status=sent (250 OK id=1ZpJ5j-00006F-RT)
Oct 22 09:51:52 conch postfix/qmgr[25409]: 6D89B24365: removed
Oct 22 09:52:04 conch postfix/smtpd[28589]: connect from m13-61.163.com[220.181.13.61]
Oct 22 09:52:06 conch postfix/smtpd[28589]: 5378C24365: client=m13-61.163.com[220.181.13.61]
Oct 22 09:52:07 conch postfix/cleanup[28620]: 5378C24365: message-id=<651ccc87.5044.150906e7e9d.Coremail.naolank82264@163.com>
Oct 22 09:52:16 conch postfix/qmgr[25409]: 5378C24365: from=<naolank82264@163.com>, size=35983, nrcpt=1 (queue active)
Oct 22 09:52:16 conch postfix/smtpd[28589]: disconnect from m13-61.163.com[220.181.13.61]
Oct 22 09:52:24 conch postfix/smtp[28621]: 5378C24365: to=<kyle@seaglass.com>, relay=mail.seaglass.com[74.220.219.61]:25, delay=19, delays=11/0/2.2/5.5, dsn=2.0.0, status=sent (250 OK id=1ZpJ6F-0000RK-Nw)
Oct 22 09:52:24 conch postfix/qmgr[25409]: 5378C24365: removed
Oct 22 09:52:33 conch postfix/smtpd[28589]: connect from e0.8f.559e.ip4.static.sl-reverse.com[158.85.143.224]
Oct 22 09:52:33 conch postfix/smtpd[28589]: 4C03E24365: client=e0.8f.559e.ip4.static.sl-reverse.com[158.85.143.224]
Oct 22 09:52:33 conch postfix/cleanup[28620]: 4C03E24365: message-id=<bok614593744322050_6145937_jdent@seaglass.comfv9>
Oct 22 09:52:33 conch postfix/qmgr[25409]: 4C03E24365: from=<NewScanInfo@newresults.newonlinescaninfo.com>, size=7138, nrcpt=1 (queue active)
Oct 22 09:52:33 conch postfix/smtpd[28589]: 8363624369: client=e0.8f.559e.ip4.static.sl-reverse.com[158.85.143.224]
Oct 22 09:52:33 conch postfix/cleanup[28620]: 8363624369: message-id=<bok19521835411494679_19521835_kdent@seaglass.comfv9>
Oct 22 09:52:33 conch postfix/qmgr[25409]: 8363624369: from=<NewScanInfo@newresults.newonlinescaninfo.com>, size=7222, nrcpt=1 (queue active)
Oct 22 09:52:33 conch postfix/smtpd[28589]: disconnect from e0.8f.559e.ip4.static.sl-reverse.com[158.85.143.224]
Oct 22 09:52:35 conch postfix/smtp[28621]: 4C03E24365: to=<jdent@seaglass.com>, relay=mail.seaglass.com[74.220.219.61]:25, delay=2.8, delays=0.26/0/2.2/0.3, dsn=2.0.0, status=sent (250 OK id=1ZpJ6R-0000bq-Qe)
Oct 22 09:52:35 conch postfix/qmgr[25409]: 4C03E24365: removed
Oct 22 09:52:36 conch postfix/smtp[28628]: 8363624369: to=<kdent@seaglass.com>, relay=mail.seaglass.com[74.220.219.61]:25, delay=2.6, delays=0.07/0.01/2.2/0.3, dsn=2.0.0, status=sent (250 OK id=1ZpJ6S-0000bw-0G)
Oct 22 09:52:36 conch postfix/qmgr[25409]: 8363624369: removed
Oct 22 09:52:46 conch postfix/anvil[27976]: statistics: max connection rate 2/60s for (smtp:208.51.115.24) at Oct 22 09:46:16
Oct 22 09:52:46 conch postfix/anvil[27976]: statistics: max connection count 2 for (smtp:208.51.115.24) at Oct 22 09:46:16
Oct 22 09:52:46 conch postfix/anvil[27976]: statistics: max cache size 4 at Oct 22 09:46:16
Oct 22 09:53:23 conch postfix/smtpd[28589]: warning: 89.207.129.94: address not listed for hostname hosted-by.snel.com
Oct 22 09:53:23 conch postfix/smtpd[28589]: connect from unknown[89.207.129.94]
Oct 22 09:53:24 conch postfix/smtpd[28589]: NOQUEUE: reject: RCPT from unknown[89.207.129.94]: 554 5.7.1 Service unavailable; Client host [89.207.129.94] blocked using zen.spamhaus.org; http://www.spamhaus.org/sbl/query/SBLCSS; from=<jean@approvalclicked.xyz> to=<jdent@seaglass.com> proto=ESMTP helo=<approvalclicked.xyz>
Oct 22 09:53:24 conch postfix/smtpd[28589]: lost connection after RCPT from unknown[89.207.129.94]
Oct 22 09:53:24 conch postfix/smtpd[28589]: disconnect from unknown[89.207.129.94]
Oct 22 09:53:51 conch postfix/smtpd[28589]: warning: 128.204.199.58: address not listed for hostname yourcustomlink.xyz
Oct 22 09:53:51 conch postfix/smtpd[28589]: connect from unknown[128.204.199.58]
Oct 22 09:53:51 conch postfix/smtpd[28589]: C730224365: client=unknown[128.204.199.58]
Oct 22 09:53:52 conch postfix/cleanup[28620]: C730224365: message-id=<330.503.545814.43118@yourcustomlink.xyz> 
Oct 22 09:53:52 conch postfix/qmgr[25409]: C730224365: from=<grotesquery@yourcustomlink.xyz>, size=11273, nrcpt=1 (queue active)
Oct 22 09:53:54 conch postfix/smtpd[28589]: disconnect from unknown[128.204.199.58]
Oct 22 09:53:54 conch postfix/smtp[28621]: C730224365: to=<jdent@seaglass.com>, relay=mail.seaglass.com[74.220.219.61]:25, delay=3.4, delays=0.82/0/2.2/0.35, dsn=2.0.0, status=sent (250 OK id=1ZpJ7i-0001no-PU)
Oct 22 09:53:54 conch postfix/qmgr[25409]: C730224365: removed
Oct 22 09:54:00 conch postfix/smtpd[28589]: warning: 186.130.179.26: address not listed for hostname 186-130-179-26.speedy.com.ar
Oct 22 09:54:00 conch postfix/smtpd[28589]: connect from unknown[186.130.179.26]
Oct 22 09:54:01 conch postfix/smtpd[28589]: NOQUEUE: reject: RCPT from unknown[186.130.179.26]: 554 5.7.1 <adtrax@seaglass.com>: Recipient address rejected: Access denied; from=<info@bricker.net> to=<adtrax@seaglass.com> proto=ESMTP helo=<186-130-179-26.speedy.com.ar>
Oct 22 09:54:01 conch postfix/smtpd[28589]: lost connection after RCPT from unknown[186.130.179.26]
Oct 22 09:54:01 conch postfix/smtpd[28589]: disconnect from unknown[186.130.179.26]
Oct 22 09:55:47 conch postfix/qmgr[25409]: A63ED24324: from=<NewDentalTips@implanttips.seenewdentalimplantinfo.eu>, size=7559, nrcpt=1 (queue active)
Oct 22 09:55:47 conch postfix/qmgr[25409]: C151624336: from=<YourNewBonus@redeempoints.claimnewonlinebonus.eu>, size=1831, nrcpt=1 (queue active)
Oct 22 09:55:47 conch postfix/qmgr[25409]: DB6E324327: from=<NewDentalTips@implanttips.seenewdentalimplantinfo.eu>, size=7557, nrcpt=1 (queue active)
Oct 22 09:55:50 conch postfix/smtpd[28638]: warning: 192.161.57.230: address not listed for hostname 192.161.57.230.static.quadranet.com
Oct 22 09:55:50 conch postfix/smtpd[28638]: connect from unknown[192.161.57.230]
Oct 22 09:55:50 conch postfix/smtpd[28638]: A252F24340: client=unknown[192.161.57.230]
Oct 22 09:55:50 conch postfix/cleanup[28640]: A252F24340: message-id=<r2tEuRRDfVDDPPfuK8CoEESeXSiEz3ie24uwRVVsRZfPRDfuPPwP@uni5.eu>
Oct 22 09:55:50 conch postfix/qmgr[25409]: A252F24340: from=<uncompensated@uni5.eu>, size=11989, nrcpt=1 (queue active)
Oct 22 09:55:53 conch postfix/smtp[28641]: A252F24340: to=<riley@seaglass.com>, relay=mail.seaglass.com[74.220.219.61]:25, delay=2.8, delays=0.2/0.01/2.2/0.39, dsn=2.0.0, status=sent (250 OK id=1ZpJ9d-0003NC-72)
Oct 22 09:55:53 conch postfix/qmgr[25409]: A252F24340: removed
Oct 22 09:55:53 conch postfix/smtpd[28638]: 958A324340: client=unknown[192.161.57.230]
Oct 22 09:55:53 conch postfix/cleanup[28640]: 958A324340: message-id=<r2tEuqw6fVDDPPfuK8CoEESeXSiEzdri1AuwRVVsRZfPRDfuDPwP@uni5.eu>
Oct 22 09:55:53 conch postfix/qmgr[25409]: 958A324340: from=<disploded@uni5.eu>, size=12172, nrcpt=1 (queue active)
Oct 22 09:55:54 conch postfix/smtpd[28638]: D181C24359: client=unknown[192.161.57.230]
Oct 22 09:55:55 conch postfix/cleanup[28640]: D181C24359: message-id=<r2tEuVZDfVDDPPfuK8CoEESeXSiEzdri1AuwRVVsRZfPRDfuPPwP@uni5.eu>
Oct 22 09:55:55 conch postfix/qmgr[25409]: D181C24359: from=<paver@uni5.eu>, size=11951, nrcpt=1 (queue active)
Oct 22 09:55:56 conch postfix/smtpd[28638]: 5AAA32435F: client=unknown[192.161.57.230]
Oct 22 09:55:56 conch postfix/cleanup[28640]: 5AAA32435F: message-id=<r2tEuVPZfVDDPPfuK8CoEESeXSiEz3ie24uwRVVsRZfPRDfuDPwP@uni5.eu>
Oct 22 09:55:56 conch postfix/qmgr[25409]: 5AAA32435F: from=<tracheostomy@uni5.eu>, size=12133, nrcpt=1 (queue active)
Oct 22 09:55:57 conch postfix/smtpd[28638]: disconnect from unknown[192.161.57.230]
Oct 22 09:56:01 conch postfix/smtp[28641]: 958A324340: to=<jdent@seaglass.com>, relay=mail.seaglass.com[74.220.219.61]:25, delay=7.7, delays=0.1/0/2.2/5.4, dsn=2.0.0, status=sent (250 OK id=1ZpJ9l-0003Re-2G)
Oct 22 09:56:01 conch postfix/qmgr[25409]: 958A324340: removed
Oct 22 09:56:02 conch postfix/smtp[28643]: D181C24359: to=<jdent@seaglass.com>, relay=mail.seaglass.com[74.220.219.61]:25, delay=7.9, delays=0.36/0.01/2.2/5.4, dsn=2.0.0, status=sent (250 OK id=1ZpJ9m-0003UY-Is)
Oct 22 09:56:02 conch postfix/qmgr[25409]: D181C24359: removed
Oct 22 09:56:04 conch postfix/smtp[28644]: 5AAA32435F: to=<riley@seaglass.com>, relay=mail.seaglass.com[74.220.219.61]:25, delay=7.7, delays=0.1/0.01/2.2/5.4, dsn=2.0.0, status=sent (250 OK id=1ZpJ9n-0003WS-R7)
Oct 22 09:56:04 conch postfix/qmgr[25409]: 5AAA32435F: removed
Oct 22 09:56:11 conch postfix/smtpd[28638]: connect from myimcnews.com[208.73.207.254]
Oct 22 09:56:12 conch postfix/smtpd[28638]: NOQUEUE: reject: RCPT from myimcnews.com[208.73.207.254]: 554 5.7.1 Service unavailable; Client host [208.73.207.254] blocked using zen.spamhaus.org; http://www.spamhaus.org/sbl/query/SBLCSS; from=<barrons@myimcnews.com> to=<riley@seaglass.com> proto=SMTP helo=<mta1.myimcnews.com>
Oct 22 09:56:12 conch postfix/smtpd[28638]: disconnect from myimcnews.com[208.73.207.254]
Oct 22 09:56:29 conch postfix/smtp[28637]: DB6E324327: to=<kdent@seaglass.com>, relay=mail.seaglass.com[74.220.219.61]:25, delay=155548, delays=155506/0.01/2.3/40, dsn=4.0.0, status=deferred (host mail.seaglass.com[74.220.219.61] said: 451 Temporary local problem - please try later (in reply to RCPT TO command))
Oct 22 09:56:29 conch postfix/smtp[28635]: A63ED24324: to=<jdent@seaglass.com>, relay=mail.seaglass.com[74.220.219.61]:25, delay=155553, delays=155511/0.04/2.2/40, dsn=4.0.0, status=deferred (host mail.seaglass.com[74.220.219.61] said: 451 Temporary local problem - please try later (in reply to RCPT TO command))
Oct 22 09:56:35 conch postfix/smtpd[28638]: connect from 20.79.6132.ip4.static.sl-reverse.com[50.97.121.32]
Oct 22 09:56:36 conch postfix/smtpd[28638]: 427842435F: client=20.79.6132.ip4.static.sl-reverse.com[50.97.121.32]
Oct 22 09:56:36 conch postfix/cleanup[28640]: 427842435F: message-id=<581685985160677812696016859851p_jdent@seaglass.com_2>
Oct 22 09:56:36 conch postfix/qmgr[25409]: 427842435F: from=<NewCallInfo@calltoday.yournewonlinephone.com>, size=2291, nrcpt=1 (queue active)
Oct 22 09:56:36 conch postfix/smtpd[28638]: 6437F24365: client=20.79.6132.ip4.static.sl-reverse.com[50.97.121.32]
Oct 22 09:56:36 conch postfix/cleanup[28640]: 6437F24365: message-id=<5899190246051355139609919024p_kdent@seaglass.com_2>
Oct 22 09:56:36 conch postfix/qmgr[25409]: 6437F24365: from=<NewCallInfo@calltoday.yournewonlinephone.com>, size=2289, nrcpt=1 (queue active)
Oct 22 09:56:36 conch postfix/smtpd[28638]: disconnect from 20.79.6132.ip4.static.sl-reverse.com[50.97.121.32]
