Oct 22 04:05:45 conch postfix/qmgr[25409]: BBEA32439C: from=<BelizeVacations@newvacation.amazingbelizetrips.eu>, size=5963, nrcpt=1 (queue active)
Oct 22 04:05:45 conch postfix/qmgr[25409]: DB6E324327: from=<NewDentalTips@implanttips.seenewdentalimplantinfo.eu>, size=7557, nrcpt=1 (queue active)
Oct 22 04:05:45 conch postfix/qmgr[25409]: DFEC7243AD: from=<BelizeVacations@newvacation.amazingbelizetrips.eu>, size=5965, nrcpt=1 (queue active)
Oct 22 04:05:45 conch postfix/smtp[27266]: connect to ihpizu.us[213.163.84.205]:25: Connection refused
Oct 22 04:05:45 conch postfix/smtp[27266]: 3950624409: to=<info@ihpizu.us>, relay=none, delay=71818, delays=71817/0.02/0.19/0, dsn=4.4.1, status=deferred (connect to ihpizu.us[213.163.84.205]:25: Connection refused)
Oct 22 04:05:48 conch postfix/smtp[27264]: C605B243AF: to=<jdent@seaglass.com>, relay=mail.seaglass.com[74.220.219.61]:25, delay=128341, delays=128338/0.02/2.2/0.96, dsn=4.0.0, status=deferred (host mail.seaglass.com[74.220.219.61] said: 451 Temporary local problem - please try later (in reply to RCPT TO command))
Oct 22 04:05:48 conch postfix/smtp[27265]: BBEA32439C: to=<jdent@seaglass.com>, relay=mail.seaglass.com[74.220.219.61]:25, delay=128504, delays=128501/0.01/2.2/0.96, dsn=4.0.0, status=deferred (host mail.seaglass.com[74.220.219.61] said: 451 Temporary local problem - please try later (in reply to RCPT TO command))
Oct 22 04:05:48 conch postfix/smtp[27262]: ED445243B2: to=<kdent@seaglass.com>, relay=mail.seaglass.com[74.220.219.61]:25, delay=128341, delays=128338/0.03/2.2/0.96, dsn=4.0.0, status=deferred (host mail.seaglass.com[74.220.219.61] said: 451 Temporary local problem - please try later (in reply to RCPT TO command))
Oct 22 04:05:48 conch postfix/smtp[27261]: A63ED24324: to=<jdent@seaglass.com>, relay=mail.seaglass.com[74.220.219.61]:25, delay=134512, delays=134509/0.04/2.2/0.96, dsn=4.0.0, status=deferred (host mail.seaglass.com[74.220.219.61] said: 451 Temporary local problem - please try later (in reply to RCPT TO command))
Oct 22 04:05:48 conch postfix/smtp[27263]: C151624336: to=<jdent@seaglass.com>, relay=mail.seaglass.com[74.220.219.61]:25, delay=131206, delays=131203/0.03/2.2/0.96, dsn=4.0.0, status=deferred (host mail.seaglass.com[74.220.219.61] said: 451 Temporary local problem - please try later (in reply to RCPT TO command))
Oct 22 04:05:56 conch postfix/smtp[27266]: DFEC7243AD: to=<kdent@seaglass.com>, relay=mail.seaglass.com[74.220.219.61]:25, delay=128512, delays=128501/3.3/2.2/5.8, dsn=4.0.0, status=deferred (host mail.seaglass.com[74.220.219.61] said: 451 Temporary local problem - please try later (in reply to RCPT TO command))
Oct 22 04:06:02 conch postfix/smtp[27264]: DB6E324327: to=<kdent@seaglass.com>, relay=mail.seaglass.com[74.220.219.61]:25, delay=134520, delays=134504/3.3/2.2/11, dsn=4.0.0, status=deferred (host mail.seaglass.com[74.220.219.61] said: 451 Temporary local problem - please try later (in reply to RCPT TO command))
Oct 22 04:07:04 conch postfix/anvil[27211]: statistics: max connection rate 2/60s for (smtp:198.52.150.34) at Oct 22 04:00:59
Oct 22 04:07:04 conch postfix/anvil[27211]: statistics: max connection count 2 for (smtp:94.156.37.32) at Oct 22 04:03:36
Oct 22 04:07:04 conch postfix/anvil[27211]: statistics: max cache size 3 at Oct 22 04:01:13
Oct 22 04:07:50 conch postfix/smtpd[27275]: connect from unknown[69.5.113.26]
Oct 22 04:07:50 conch postfix/smtpd[27277]: connect from unknown[69.5.113.26]
Oct 22 04:07:50 conch postfix/smtpd[27277]: NOQUEUE: reject: RCPT from unknown[69.5.113.26]: 554 5.7.1 Service unavailable; Client host [69.5.113.26] blocked using zen.spamhaus.org; http://www.spamhaus.org/sbl/query/SBLCSS; from=<MayoHealth@flightup.org.in> to=<jdent@seaglass.com> proto=ESMTP helo=<00597b58.flightup.org.in>
Oct 22 04:07:50 conch postfix/smtpd[27275]: NOQUEUE: reject: RCPT from unknown[69.5.113.26]: 554 5.7.1 Service unavailable; Client host [69.5.113.26] blocked using zen.spamhaus.org; http://www.spamhaus.org/sbl/query/SBLCSS; from=<MayoHealth@flightup.org.in> to=<kdent@seaglass.com> proto=ESMTP helo=<001912cc.flightup.org.in>
Oct 22 04:07:51 conch postfix/smtpd[27277]: disconnect from unknown[69.5.113.26]
Oct 22 04:07:51 conch postfix/smtpd[27275]: disconnect from unknown[69.5.113.26]
Oct 22 04:09:17 conch postfix/scache[27274]: statistics: start interval Oct 22 04:05:48
Oct 22 04:09:17 conch postfix/scache[27274]: statistics: domain lookup hits=0 miss=2 success=0%
Oct 22 04:09:17 conch postfix/scache[27274]: statistics: address lookup hits=0 miss=2 success=0%
Oct 22 04:09:17 conch postfix/scache[27274]: statistics: max simultaneous domains=1 addresses=1 connection=1
Oct 22 04:10:09 conch postfix/smtpd[27299]: connect from unknown[198.52.150.35]
Oct 22 04:10:10 conch postfix/smtpd[27299]: B425F243CB: client=unknown[198.52.150.35]
Oct 22 04:10:11 conch postfix/cleanup[27302]: B425F243CB: message-id=<5dcfd80285d21a72abf3c46e396c0002.1386436.7891895kdent@seaglass.com>
Oct 22 04:10:11 conch postfix/qmgr[25409]: B425F243CB: from=<Amazon-Rewards@com-lubff.cf>, size=6022, nrcpt=1 (queue active)
Oct 22 04:10:11 conch postfix/smtpd[27299]: disconnect from unknown[198.52.150.35]
Oct 22 04:10:18 conch postfix/smtp[27303]: B425F243CB: to=<kdent@seaglass.com>, relay=mail.seaglass.com[74.220.219.61]:25, delay=8.5, delays=0.99/0.01/2.2/5.3, dsn=2.0.0, status=sent (250 OK id=1ZpDlC-0002pA-P7)
Oct 22 04:10:18 conch postfix/qmgr[25409]: B425F243CB: removed
Oct 22 04:10:21 conch postfix/smtpd[27299]: connect from 5-61-27-24.nrp.co[5.61.27.24]
Oct 22 04:10:23 conch postfix/smtpd[27299]: 358D1243CB: client=5-61-27-24.nrp.co[5.61.27.24]
Oct 22 04:10:23 conch postfix/cleanup[27302]: 358D1243CB: message-id=<525C0E14C6F5685F1452561B2DCCE@bounce.fastcupid.com>
Oct 22 04:10:23 conch postfix/qmgr[25409]: 358D1243CB: from=<bounce-return-hel1@bounce.fastcupid.com>, size=1287, nrcpt=1 (queue active)
Oct 22 04:10:23 conch postfix/smtpd[27299]: disconnect from 5-61-27-24.nrp.co[5.61.27.24]
Oct 22 04:10:26 conch postfix/smtp[27303]: 358D1243CB: to=<becky@seaglass.com>, relay=mail.seaglass.com[74.220.219.61]:25, delay=4.4, delays=1.6/0/2.2/0.59, dsn=2.0.0, status=sent (250 OK id=1ZpDlJ-0002uL-UL)
Oct 22 04:10:26 conch postfix/qmgr[25409]: 358D1243CB: removed
Oct 22 04:12:00 conch postfix/smtpd[27299]: connect from unknown[200.208.81.180]
Oct 22 04:12:01 conch postfix/smtpd[27299]: NOQUEUE: reject: RCPT from unknown[200.208.81.180]: 450 4.7.1 <email.colegioceep.com.br>: Helo command rejected: Host not found; from=<idania@proyecme.com.cu> to=<becky@seaglass.com> proto=ESMTP helo=<email.colegioceep.com.br>
Oct 22 04:12:01 conch postfix/smtpd[27299]: disconnect from unknown[200.208.81.180]
Oct 22 04:13:19 conch postfix/smtpd[27299]: connect from unknown[198.52.150.35]
Oct 22 04:13:19 conch postfix/smtpd[27299]: 9E7F6243CB: client=unknown[198.52.150.35]
Oct 22 04:13:19 conch postfix/cleanup[27309]: 9E7F6243CB: message-id=<3d7a0d781b11209669ef740f6068165e.16813125.24893740becky@seaglass.com>
Oct 22 04:13:19 conch postfix/qmgr[25409]: 9E7F6243CB: from=<Amazon-Rewards@com-lubff.cf>, size=6052, nrcpt=1 (queue active)
Oct 22 04:13:19 conch postfix/smtpd[27299]: disconnect from unknown[198.52.150.35]
Oct 22 04:13:27 conch postfix/smtp[27311]: 9E7F6243CB: to=<becky@seaglass.com>, relay=mail.seaglass.com[74.220.219.61]:25, delay=7.8, delays=0.24/0.01/2.2/5.3, dsn=2.0.0, status=sent (250 OK id=1ZpDoF-0003z6-8F)
Oct 22 04:13:27 conch postfix/qmgr[25409]: 9E7F6243CB: removed
Oct 22 04:14:03 conch postfix/smtpd[27299]: connect from unknown[68.171.101.123]
Oct 22 04:14:03 conch postfix/smtpd[27312]: connect from unknown[68.171.101.123]
Oct 22 04:14:04 conch postfix/smtpd[27312]: NOQUEUE: reject: RCPT from unknown[68.171.101.123]: 554 5.7.1 Service unavailable; Client host [68.171.101.123] blocked using zen.spamhaus.org; http://www.spamhaus.org/sbl/query/SBLCSS; from=<CompareVoIPServices@businessz.org> to=<kdent@seaglass.com> proto=ESMTP helo=<004c7126.businessz.org>
Oct 22 04:14:04 conch postfix/smtpd[27299]: NOQUEUE: reject: RCPT from unknown[68.171.101.123]: 554 5.7.1 Service unavailable; Client host [68.171.101.123] blocked using zen.spamhaus.org; http://www.spamhaus.org/sbl/query/SBLCSS; from=<AffordableVoIPSolutions@businessz.org> to=<jdent@seaglass.com> proto=ESMTP helo=<0017a335.businessz.org>
Oct 22 04:14:06 conch postfix/smtpd[27312]: disconnect from unknown[68.171.101.123]
Oct 22 04:14:06 conch postfix/smtpd[27299]: disconnect from unknown[68.171.101.123]
Oct 22 04:16:37 conch postfix/smtpd[27315]: connect from unknown[198.52.150.36]
Oct 22 04:16:38 conch postfix/smtpd[27315]: 193E1243CB: client=unknown[198.52.150.36]
Oct 22 04:16:38 conch postfix/cleanup[27318]: 193E1243CB: message-id=<0.0.5dcfd80285d21a72abf3c46e396c0002.2190399.13058569.0kdent@seaglass.com>
Oct 22 04:16:38 conch postfix/qmgr[25409]: 193E1243CB: from=<Southwest.Frequent.Flyer.Reward@com-lubff.ga>, size=4591, nrcpt=1 (queue active)
Oct 22 04:16:38 conch postfix/smtpd[27315]: disconnect from unknown[198.52.150.36]
Oct 22 04:16:40 conch postfix/smtp[27319]: 193E1243CB: to=<kdent@seaglass.com>, relay=mail.seaglass.com[74.220.219.61]:25, delay=2.9, delays=0.37/0.01/2.2/0.3, dsn=2.0.0, status=sent (250 OK id=1ZpDrM-0005Lc-J1)
Oct 22 04:16:40 conch postfix/qmgr[25409]: 193E1243CB: removed
Oct 22 04:17:21 conch postfix/smtpd[27315]: connect from unknown[198.52.150.36]
Oct 22 04:17:21 conch postfix/smtpd[27315]: 85D2E243CB: client=unknown[198.52.150.36]
Oct 22 04:17:21 conch postfix/cleanup[27318]: 85D2E243CB: message-id=<0.0.f8509babbeddea6fc34dc518b32b0476.4024022.13156968.0jdent@seaglass.com>
Oct 22 04:17:21 conch postfix/qmgr[25409]: 85D2E243CB: from=<Southwest.Frequent.Flyer.Reward@com-lubff.ga>, size=4591, nrcpt=1 (queue active)
Oct 22 04:17:21 conch postfix/smtpd[27315]: disconnect from unknown[198.52.150.36]
Oct 22 04:17:24 conch postfix/smtp[27319]: 85D2E243CB: to=<jdent@seaglass.com>, relay=mail.seaglass.com[74.220.219.61]:25, delay=2.7, delays=0.17/0/2.2/0.3, dsn=2.0.0, status=sent (250 OK id=1ZpDs4-0005fb-2N)
Oct 22 04:17:24 conch postfix/qmgr[25409]: 85D2E243CB: removed
Oct 22 04:17:49 conch postfix/smtpd[27315]: connect from unknown[198.52.150.36]
Oct 22 04:17:50 conch postfix/smtpd[27315]: 0A5D3243CB: client=unknown[198.52.150.36]
Oct 22 04:17:50 conch postfix/cleanup[27318]: 0A5D3243CB: message-id=<0.0.3d7a0d781b11209669ef740f6068165e.24849346.8842626.0becky@seaglass.com>
Oct 22 04:17:50 conch postfix/qmgr[25409]: 0A5D3243CB: from=<Southwest.Frequent.Flyer.Reward@com-lubff.ga>, size=4571, nrcpt=1 (queue active)
Oct 22 04:17:50 conch postfix/anvil[27278]: statistics: max connection rate 2/60s for (smtp:69.5.113.26) at Oct 22 04:07:50
Oct 22 04:17:50 conch postfix/anvil[27278]: statistics: max connection count 2 for (smtp:69.5.113.26) at Oct 22 04:07:50
Oct 22 04:17:50 conch postfix/anvil[27278]: statistics: max cache size 2 at Oct 22 04:10:21
Oct 22 04:17:50 conch postfix/smtpd[27315]: disconnect from unknown[198.52.150.36]
Oct 22 04:17:52 conch postfix/smtp[27319]: 0A5D3243CB: to=<becky@seaglass.com>, relay=mail.seaglass.com[74.220.219.61]:25, delay=2.6, delays=0.13/0/2.2/0.3, dsn=2.0.0, status=sent (250 OK id=1ZpDsW-0005rB-Gu)
Oct 22 04:17:52 conch postfix/qmgr[25409]: 0A5D3243CB: removed
Oct 22 04:17:59 conch postfix/smtpd[27315]: connect from unknown[173.232.205.40]
Oct 22 04:17:59 conch postfix/smtpd[27315]: NOQUEUE: reject: RCPT from unknown[173.232.205.40]: 554 5.7.1 Service unavailable; Client host [173.232.205.40] blocked using zen.spamhaus.org; http://www.spamhaus.org/sbl/query/SBLCSS; from=<postmaster@vowyuo.us> to=<becky@seaglass.com> proto=ESMTP helo=<vowyuo.us>
Oct 22 04:17:59 conch postfix/smtpd[27315]: disconnect from unknown[173.232.205.40]
Oct 22 04:19:28 conch postfix/smtpd[27315]: connect from shopdrop.xyz[198.7.63.189]
Oct 22 04:19:29 conch postfix/smtpd[27315]: NOQUEUE: reject: RCPT from shopdrop.xyz[198.7.63.189]: 554 5.7.1 Service unavailable; Client host [198.7.63.189] blocked using zen.spamhaus.org; http://www.spamhaus.org/sbl/query/SBLCSS; from=<marined3@shopdrop.xyz> to=<kdent@seaglass.com> proto=SMTP helo=<mta9.shopdrop.xyz>
Oct 22 04:19:29 conch postfix/smtpd[27315]: disconnect from shopdrop.xyz[198.7.63.189]
Oct 22 04:19:57 conch postfix/smtpd[27315]: connect from mail3.excelenciaenconstruccion.com[69.64.78.216]
Oct 22 04:19:58 conch postfix/smtpd[27315]: NOQUEUE: reject: RCPT from mail3.excelenciaenconstruccion.com[69.64.78.216]: 554 5.7.1 <content@seaglass.com>: Recipient address rejected: Access denied; from=<css@excelenciaenconstruccion.com> to=<content@seaglass.com> proto=ESMTP helo=<mail3.excelenciaenconstruccion.com>
Oct 22 04:19:58 conch postfix/smtpd[27315]: disconnect from mail3.excelenciaenconstruccion.com[69.64.78.216]
Oct 22 04:21:06 conch postfix/smtpd[27315]: connect from unknown[198.52.150.37]
Oct 22 04:21:08 conch postfix/smtpd[27315]: 7CB28243CB: client=unknown[198.52.150.37]
Oct 22 04:21:08 conch postfix/cleanup[27343]: 7CB28243CB: message-id=<0.0.3d7a0d781b11209669ef740f6068165e.21077706.2508294.0becky@seaglass.com>
Oct 22 04:21:08 conch postfix/qmgr[25409]: 7CB28243CB: from=<Aetna.Insurance.Plans@com-lubff.gq>, size=5896, nrcpt=1 (queue active)
Oct 22 04:21:08 conch postfix/smtpd[27315]: disconnect from unknown[198.52.150.37]
Oct 22 04:21:23 conch postfix/smtp[27344]: 7CB28243CB: to=<becky@seaglass.com>, relay=mail.seaglass.com[74.220.219.61]:25, delay=17, delays=1.7/0.01/2.2/13, dsn=2.0.0, status=sent (250 OK id=1ZpDvv-0007FU-Gk)
Oct 22 04:21:23 conch postfix/qmgr[25409]: 7CB28243CB: removed
Oct 22 04:23:39 conch postfix/smtpd[27345]: connect from unknown[198.52.150.37]
Oct 22 04:23:40 conch postfix/smtpd[27345]: 0A5B1243CB: client=unknown[198.52.150.37]
Oct 22 04:23:40 conch postfix/cleanup[27348]: 0A5B1243CB: message-id=<0.0.f8509babbeddea6fc34dc518b32b0476.16083841.9540786.0jdent@seaglass.com>
Oct 22 04:23:40 conch postfix/qmgr[25409]: 0A5B1243CB: from=<Aetna.Insurance.Plans@com-lubff.gq>, size=5896, nrcpt=1 (queue active)
Oct 22 04:23:40 conch postfix/smtpd[27345]: disconnect from unknown[198.52.150.37]
Oct 22 04:23:42 conch postfix/smtp[27349]: 0A5B1243CB: to=<jdent@seaglass.com>, relay=mail.seaglass.com[74.220.219.61]:25, delay=2.8, delays=0.22/0/2.2/0.31, dsn=2.0.0, status=sent (250 OK id=1ZpDyA-0000HS-I7)
Oct 22 04:23:42 conch postfix/qmgr[25409]: 0A5B1243CB: removed
Oct 22 04:24:25 conch postfix/smtpd[27345]: connect from unknown[198.52.150.37]
Oct 22 04:24:25 conch postfix/smtpd[27345]: 85E78243CB: client=unknown[198.52.150.37]
Oct 22 04:24:25 conch postfix/cleanup[27348]: 85E78243CB: message-id=<0.0.5dcfd80285d21a72abf3c46e396c0002.3626185.10252468.0kdent@seaglass.com>
Oct 22 04:24:25 conch postfix/qmgr[25409]: 85E78243CB: from=<Aetna.Insurance.Plans@com-lubff.gq>, size=5911, nrcpt=1 (queue active)
Oct 22 04:24:25 conch postfix/smtpd[27345]: disconnect from unknown[198.52.150.37]
Oct 22 04:24:28 conch postfix/smtp[27349]: 85E78243CB: to=<kdent@seaglass.com>, relay=mail.seaglass.com[74.220.219.61]:25, delay=2.6, delays=0.11/0/2.2/0.3, dsn=2.0.0, status=sent (250 OK id=1ZpDyu-0000b8-0P)
Oct 22 04:24:28 conch postfix/qmgr[25409]: 85E78243CB: removed
Oct 22 04:25:45 conch postfix/qmgr[25409]: 9E980243D7: from=<>, size=2558, nrcpt=1 (queue active)
Oct 22 04:25:45 conch postfix/smtp[27349]: 9E980243D7: to=<info@drozta.us>, relay=none, delay=76135, delays=76135/0.01/0.02/0, dsn=5.4.4, status=bounced (Host or domain name not found. Name service error for name=drozta.us type=A: Host not found)
Oct 22 04:25:45 conch postfix/qmgr[25409]: 9E980243D7: removed
Oct 22 04:27:28 conch postfix/smtpd[27353]: connect from unknown[198.52.150.39]
Oct 22 04:27:28 conch postfix/smtpd[27353]: EE22524356: client=unknown[198.52.150.39]
Oct 22 04:27:29 conch postfix/cleanup[27356]: EE22524356: message-id=<0.0.f8509babbeddea6fc34dc518b32b0476.13271772.24773492.0jdent@seaglass.com>
Oct 22 04:27:29 conch postfix/qmgr[25409]: EE22524356: from=<SamsCustomerService@com-lubff.tk>, size=6222, nrcpt=1 (queue active)
Oct 22 04:27:29 conch postfix/smtpd[27353]: disconnect from unknown[198.52.150.39]
Oct 22 04:27:36 conch postfix/smtp[27357]: EE22524356: to=<jdent@seaglass.com>, relay=mail.seaglass.com[74.220.219.61]:25, delay=8.3, delays=0.8/0.01/2.2/5.3, dsn=2.0.0, status=sent (250 OK id=1ZpE1w-00026j-Ig)
Oct 22 04:27:36 conch postfix/qmgr[25409]: EE22524356: removed
Oct 22 04:27:49 conch postfix/smtpd[27353]: connect from unknown[58.17.247.48]
Oct 22 04:27:49 conch postfix/smtpd[27353]: NOQUEUE: reject: RCPT from unknown[58.17.247.48]: 450 4.7.1 <dbd.localdomain>: Helo command rejected: Host not found; from=<admin@dhs.gov> to=<riley@seaglass.com> proto=ESMTP helo=<dbd.localdomain>
Oct 22 04:27:50 conch postfix/anvil[27278]: statistics: max connection rate 2/60s for (smtp:198.52.150.37) at Oct 22 04:24:25
Oct 22 04:27:50 conch postfix/anvil[27278]: statistics: max connection count 1 for (smtp:173.232.205.40) at Oct 22 04:17:59
Oct 22 04:27:50 conch postfix/anvil[27278]: statistics: max cache size 2 at Oct 22 04:17:59
Oct 22 04:27:50 conch postfix/smtpd[27353]: disconnect from unknown[58.17.247.48]
Oct 22 04:29:44 conch postfix/smtpd[27359]: connect from torsoe.biz[78.41.200.10]
Oct 22 04:29:45 conch postfix/smtpd[27359]: NOQUEUE: reject: RCPT from torsoe.biz[78.41.200.10]: 554 5.7.1 Service unavailable; Client host [78.41.200.10] blocked using zen.spamhaus.org; http://www.spamhaus.org/sbl/query/SBLCSS; from=<glades@torsoe.biz> to=<kdent@seaglass.com> proto=ESMTP helo=<torsoe.biz>
Oct 22 04:29:45 conch postfix/smtpd[27359]: lost connection after RCPT from torsoe.biz[78.41.200.10]
Oct 22 04:29:45 conch postfix/smtpd[27359]: disconnect from torsoe.biz[78.41.200.10]
Oct 22 04:31:05 conch postfix/smtpd[27359]: connect from unknown[198.52.150.39]
Oct 22 04:31:05 conch postfix/smtpd[27359]: D067424356: client=unknown[198.52.150.39]
Oct 22 04:31:05 conch postfix/cleanup[27377]: D067424356: message-id=<0.0.5dcfd80285d21a72abf3c46e396c0002.12585537.5273434.0kdent@seaglass.com>
Oct 22 04:31:06 conch postfix/qmgr[25409]: D067424356: from=<SamsCustomerService@com-lubff.tk>, size=6196, nrcpt=1 (queue active)
Oct 22 04:31:06 conch postfix/smtpd[27359]: disconnect from unknown[198.52.150.39]
Oct 22 04:31:08 conch postfix/smtp[27378]: D067424356: to=<kdent@seaglass.com>, relay=mail.seaglass.com[74.220.219.61]:25, delay=3.4, delays=0.85/0.01/2.2/0.3, dsn=2.0.0, status=sent (250 OK id=1ZpE5M-00048W-OY)
Oct 22 04:31:08 conch postfix/qmgr[25409]: D067424356: removed
Oct 22 04:31:30 conch postfix/smtpd[27359]: connect from unknown[198.52.150.39]
Oct 22 04:31:30 conch postfix/smtpd[27359]: C2E6924356: client=unknown[198.52.150.39]
Oct 22 04:31:30 conch postfix/cleanup[27377]: C2E6924356: message-id=<0.0.3d7a0d781b11209669ef740f6068165e.24223951.1078988.0becky@seaglass.com>
Oct 22 04:31:31 conch postfix/qmgr[25409]: C2E6924356: from=<SamsCustomerService@com-lubff.tk>, size=6196, nrcpt=1 (queue active)
Oct 22 04:31:31 conch postfix/smtpd[27359]: disconnect from unknown[198.52.150.39]
Oct 22 04:31:38 conch postfix/smtp[27378]: C2E6924356: to=<becky@seaglass.com>, relay=mail.seaglass.com[74.220.219.61]:25, delay=7.8, delays=0.24/0/2.2/5.3, dsn=2.0.0, status=sent (250 OK id=1ZpE5q-0004L4-Cv)
Oct 22 04:31:38 conch postfix/qmgr[25409]: C2E6924356: removed
Oct 22 04:33:14 conch postfix/smtpd[27380]: connect from jurann.biz[77.95.228.43]
Oct 22 04:33:15 conch postfix/smtpd[27380]: NOQUEUE: reject: RCPT from jurann.biz[77.95.228.43]: 554 5.7.1 Service unavailable; Client host [77.95.228.43] blocked using zen.spamhaus.org; http://www.spamhaus.org/sbl/query/SBLCSS; from=<bequeathed@jurann.biz> to=<kdent@seaglass.com> proto=ESMTP helo=<jurann.biz>
Oct 22 04:33:15 conch postfix/smtpd[27380]: lost connection after RCPT from jurann.biz[77.95.228.43]
Oct 22 04:33:15 conch postfix/smtpd[27380]: disconnect from jurann.biz[77.95.228.43]
Oct 22 04:34:28 conch postfix/smtpd[27380]: connect from ics0sgzd6.jitonio.net[23.247.95.41]
Oct 22 04:34:29 conch postfix/smtpd[27380]: 3538B24356: client=ics0sgzd6.jitonio.net[23.247.95.41]
Oct 22 04:34:29 conch postfix/cleanup[27384]: 3538B24356: message-id=<542423925818254246986311342729@ics0sgzd6.jitonio.net>
Oct 22 04:34:29 conch postfix/qmgr[25409]: 3538B24356: from=<GPS-Tracker-Device@jitonio.net>, size=2826, nrcpt=1 (queue active)
Oct 22 04:34:29 conch postfix/smtpd[27380]: disconnect from ics0sgzd6.jitonio.net[23.247.95.41]
Oct 22 04:34:31 conch postfix/smtp[27385]: 3538B24356: to=<jdent@seaglass.com>, relay=mail.seaglass.com[74.220.219.61]:25, delay=2.7, delays=0.26/0/2.2/0.24, dsn=2.0.0, status=sent (250 OK id=1ZpE8d-0005cz-OY)
Oct 22 04:34:31 conch postfix/qmgr[25409]: 3538B24356: removed
Oct 22 04:35:00 conch postfix/smtpd[27380]: connect from mail3.igize.us[67.229.32.23]
Oct 22 04:35:01 conch postfix/smtpd[27380]: NOQUEUE: reject: RCPT from mail3.igize.us[67.229.32.23]: 554 5.7.1 Service unavailable; Client host [67.229.32.23] blocked using zen.spamhaus.org; http://www.spamhaus.org/sbl/query/SBLCSS; from=<noreply@igize.us> to=<becky@seaglass.com> proto=ESMTP helo=<igize.us>
Oct 22 04:35:02 conch postfix/smtpd[27380]: disconnect from mail3.igize.us[67.229.32.23]
Oct 22 04:35:20 conch postfix/smtpd[27380]: connect from tcbey.repred.download[94.156.34.33]
Oct 22 04:35:20 conch postfix/smtpd[27387]: connect from tcbey.repred.download[94.156.34.33]
Oct 22 04:35:21 conch postfix/smtpd[27387]: NOQUEUE: reject: RCPT from tcbey.repred.download[94.156.34.33]: 554 5.7.1 Service unavailable; Client host [94.156.34.33] blocked using zen.spamhaus.org; http://www.spamhaus.org/sbl/query/SBLCSS; from=<OwnPursePouch@repred.download> to=<jdent@seaglass.com> proto=ESMTP helo=<06955a93.repred.download>
Oct 22 04:35:21 conch postfix/smtpd[27387]: disconnect from tcbey.repred.download[94.156.34.33]
Oct 22 04:35:21 conch postfix/smtpd[27380]: NOQUEUE: reject: RCPT from tcbey.repred.download[94.156.34.33]: 554 5.7.1 Service unavailable; Client host [94.156.34.33] blocked using zen.spamhaus.org; http://www.spamhaus.org/sbl/query/SBLCSS; from=<PursePouch@repred.download> to=<riley@seaglass.com> proto=ESMTP helo=<019acb81.repred.download>
Oct 22 04:35:21 conch postfix/smtpd[27387]: connect from tcbey.repred.download[94.156.34.33]
Oct 22 04:35:21 conch postfix/smtpd[27380]: disconnect from tcbey.repred.download[94.156.34.33]
Oct 22 04:35:22 conch postfix/smtpd[27387]: NOQUEUE: reject: RCPT from tcbey.repred.download[94.156.34.33]: 554 5.7.1 Service unavailable; Client host [94.156.34.33] blocked using zen.spamhaus.org; http://www.spamhaus.org/sbl/query/SBLCSS; from=<BuyPursePouch@repred.download> to=<kdent@seaglass.com> proto=ESMTP helo=<02e3185e.repred.download>
Oct 22 04:35:22 conch postfix/smtpd[27387]: disconnect from tcbey.repred.download[94.156.34.33]
Oct 22 04:36:29 conch postfix/smtpd[27380]: connect from unknown[198.52.150.40]
Oct 22 04:36:29 conch postfix/smtpd[27380]: 8A30A24356: client=unknown[198.52.150.40]
Oct 22 04:36:29 conch postfix/cleanup[27391]: 8A30A24356: message-id=<3d7a0d781b11209669ef740f6068165e.14462878.2491940becky@seaglass.com>
Oct 22 04:36:29 conch postfix/qmgr[25409]: 8A30A24356: from=<MacBook-Fall-Overstock@com-oct1022.cf>, size=5856, nrcpt=1 (queue active)
Oct 22 04:36:29 conch postfix/smtpd[27380]: disconnect from unknown[198.52.150.40]
Oct 22 04:36:32 conch postfix/smtp[27392]: 8A30A24356: to=<becky@seaglass.com>, relay=mail.seaglass.com[74.220.219.61]:25, delay=2.7, delays=0.22/0.01/2.2/0.3, dsn=2.0.0, status=sent (250 OK id=1ZpEAa-00074B-2S)
Oct 22 04:36:32 conch postfix/qmgr[25409]: 8A30A24356: removed
Oct 22 04:36:51 conch postfix/smtpd[27387]: connect from unknown[198.52.150.40]
Oct 22 04:36:51 conch postfix/smtpd[27387]: EA6CB24356: client=unknown[198.52.150.40]
Oct 22 04:36:52 conch postfix/cleanup[27391]: EA6CB24356: message-id=<5dcfd80285d21a72abf3c46e396c0002.19109428.6429379kdent@seaglass.com>
Oct 22 04:36:52 conch postfix/qmgr[25409]: EA6CB24356: from=<MacBook-Fall-Overstock@com-oct1022.cf>, size=5856, nrcpt=1 (queue active)
Oct 22 04:36:52 conch postfix/smtpd[27387]: disconnect from unknown[198.52.150.40]
Oct 22 04:36:54 conch postfix/smtp[27392]: EA6CB24356: to=<kdent@seaglass.com>, relay=mail.seaglass.com[74.220.219.61]:25, delay=2.9, delays=0.38/0/2.2/0.3, dsn=2.0.0, status=sent (250 OK id=1ZpEAw-0007GT-En)
Oct 22 04:36:54 conch postfix/qmgr[25409]: EA6CB24356: removed
Oct 22 04:37:50 conch postfix/anvil[27278]: statistics: max connection rate 3/60s for (smtp:94.156.34.33) at Oct 22 04:35:21
Oct 22 04:37:50 conch postfix/anvil[27278]: statistics: max connection count 2 for (smtp:94.156.34.33) at Oct 22 04:35:20
Oct 22 04:37:50 conch postfix/anvil[27278]: statistics: max cache size 3 at Oct 22 04:35:20
Oct 22 04:40:45 conch postfix/qmgr[25409]: 21C3C243D1: from=<>, size=2581, nrcpt=1 (queue active)
Oct 22 04:40:45 conch postfix/qmgr[25409]: 59F49243F8: from=<>, size=2569, nrcpt=1 (queue active)
Oct 22 04:40:45 conch postfix/smtp[27408]: 59F49243F8: to=<noreply@drozta.us>, relay=none, delay=75996, delays=75996/0.01/0/0, dsn=5.4.4, status=bounced (Host or domain name not found. Name service error for name=drozta.us type=A: Host not found)
Oct 22 04:40:45 conch postfix/qmgr[25409]: 59F49243F8: removed
Oct 22 04:40:45 conch postfix/smtp[27407]: 21C3C243D1: to=<support@lxoukw.us>, relay=none, delay=84326, delays=84326/0.01/0.01/0, dsn=5.4.4, status=bounced (Host or domain name not found. Name service error for name=lxoukw.us type=A: Host not found)
Oct 22 04:40:45 conch postfix/qmgr[25409]: 21C3C243D1: removed
Oct 22 04:41:06 conch postfix/smtpd[27411]: connect from unknown[198.52.150.41]
Oct 22 04:41:06 conch postfix/smtpd[27411]: A4C392432F: client=unknown[198.52.150.41]
Oct 22 04:41:06 conch postfix/cleanup[27415]: A4C392432F: message-id=<0.0.5dcfd80285d21a72abf3c46e396c0002.11801046.22298066.0kdent@seaglass.com>
Oct 22 04:41:06 conch postfix/qmgr[25409]: A4C392432F: from=<24@com-oct1022.ga>, size=6392, nrcpt=1 (queue active)
Oct 22 04:41:07 conch postfix/smtpd[27411]: disconnect from unknown[198.52.150.41]
Oct 22 04:41:09 conch postfix/smtp[27408]: A4C392432F: to=<kdent@seaglass.com>, relay=mail.seaglass.com[74.220.219.61]:25, delay=3, delays=0.51/0/2.2/0.3, dsn=5.0.0, status=bounced (host mail.seaglass.com[74.220.219.61] said: 550 Administrative prohibition (in reply to end of DATA command))
Oct 22 04:41:09 conch postfix/cleanup[27415]: 68AF424356: message-id=<20151022114109.68AF424356@conch.seaglass.com>
Oct 22 04:41:09 conch postfix/qmgr[25409]: 68AF424356: from=<>, size=2703, nrcpt=1 (queue active)
Oct 22 04:41:09 conch postfix/bounce[27410]: A4C392432F: sender non-delivery notification: 68AF424356
Oct 22 04:41:09 conch postfix/qmgr[25409]: A4C392432F: removed
Oct 22 04:41:09 conch postfix/smtp[27407]: connect to com-oct1022.ga[198.52.150.41]:25: No route to host
Oct 22 04:41:09 conch postfix/smtp[27407]: 68AF424356: to=<24@com-oct1022.ga>, relay=none, delay=0.32, delays=0.04/0/0.27/0, dsn=4.4.1, status=deferred (connect to com-oct1022.ga[198.52.150.41]:25: No route to host)
Oct 22 04:41:39 conch postfix/smtpd[27411]: connect from unknown[198.52.150.41]
Oct 22 04:41:39 conch postfix/smtpd[27411]: AEBB724340: client=unknown[198.52.150.41]
Oct 22 04:41:39 conch postfix/cleanup[27415]: AEBB724340: message-id=<0.0.f8509babbeddea6fc34dc518b32b0476.22024739.17865632.0jdent@seaglass.com>
Oct 22 04:41:39 conch postfix/qmgr[25409]: AEBB724340: from=<24@com-oct1022.ga>, size=6392, nrcpt=1 (queue active)
Oct 22 04:41:40 conch postfix/smtpd[27411]: disconnect from unknown[198.52.150.41]
Oct 22 04:41:47 conch postfix/smtp[27408]: AEBB724340: to=<jdent@seaglass.com>, relay=mail.seaglass.com[74.220.219.61]:25, delay=7.8, delays=0.23/0/2.2/5.3, dsn=5.0.0, status=bounced (host mail.seaglass.com[74.220.219.61] said: 550 Administrative prohibition (in reply to end of DATA command))
Oct 22 04:41:47 conch postfix/cleanup[27415]: 77116243CC: message-id=<20151022114147.77116243CC@conch.seaglass.com>
Oct 22 04:41:47 conch postfix/qmgr[25409]: 77116243CC: from=<>, size=2703, nrcpt=1 (queue active)
Oct 22 04:41:47 conch postfix/bounce[27410]: AEBB724340: sender non-delivery notification: 77116243CC
Oct 22 04:41:47 conch postfix/qmgr[25409]: AEBB724340: removed
Oct 22 04:41:47 conch postfix/smtp[27407]: connect to com-oct1022.ga[198.52.150.41]:25: No route to host
Oct 22 04:41:47 conch postfix/smtp[27407]: 77116243CC: to=<24@com-oct1022.ga>, relay=none, delay=0.31, delays=0.04/0/0.27/0, dsn=4.4.1, status=deferred (connect to com-oct1022.ga[198.52.150.41]:25: No route to host)
Oct 22 04:44:50 conch postfix/smtpd[27419]: connect from unknown[198.52.150.42]
Oct 22 04:44:50 conch postfix/smtpd[27419]: 9F46F243CB: client=unknown[198.52.150.42]
Oct 22 04:44:50 conch postfix/cleanup[27422]: 9F46F243CB: message-id=<0.0.5dcfd80285d21a72abf3c46e396c0002.21188189.6995147.0kdent@seaglass.com>
Oct 22 04:44:50 conch postfix/qmgr[25409]: 9F46F243CB: from=<Santa_Letters@com-oct1022.gq>, size=5226, nrcpt=1 (queue active)
Oct 22 04:44:50 conch postfix/smtpd[27419]: disconnect from unknown[198.52.150.42]
Oct 22 04:44:53 conch postfix/smtp[27423]: 9F46F243CB: to=<kdent@seaglass.com>, relay=mail.seaglass.com[74.220.219.61]:25, delay=2.7, delays=0.22/0.01/2.2/0.3, dsn=2.0.0, status=sent (250 OK id=1ZpEIf-0002av-4e)
Oct 22 04:44:53 conch postfix/qmgr[25409]: 9F46F243CB: removed
Oct 22 04:45:40 conch postfix/smtpd[27419]: connect from unknown[198.52.150.42]
Oct 22 04:45:40 conch postfix/smtpd[27419]: BD60F243CB: client=unknown[198.52.150.42]
Oct 22 04:45:40 conch postfix/cleanup[27422]: BD60F243CB: message-id=<0.0.3d7a0d781b11209669ef740f6068165e.16914662.24598965.0becky@seaglass.com>
Oct 22 04:45:40 conch postfix/qmgr[25409]: BD60F243CB: from=<Santa_Letters@com-oct1022.gq>, size=5248, nrcpt=1 (queue active)
Oct 22 04:45:41 conch postfix/smtpd[27419]: disconnect from unknown[198.52.150.42]
Oct 22 04:45:43 conch postfix/smtp[27423]: BD60F243CB: to=<becky@seaglass.com>, relay=mail.seaglass.com[74.220.219.61]:25, delay=2.7, delays=0.13/0/2.2/0.3, dsn=2.0.0, status=sent (250 OK id=1ZpEJT-00034S-97)
Oct 22 04:45:43 conch postfix/qmgr[25409]: BD60F243CB: removed
Oct 22 04:46:37 conch postfix/smtpd[27419]: connect from unknown[198.52.150.42]
Oct 22 04:46:38 conch postfix/smtpd[27419]: 0686F243CB: client=unknown[198.52.150.42]
Oct 22 04:46:38 conch postfix/cleanup[27422]: 0686F243CB: message-id=<0.0.f8509babbeddea6fc34dc518b32b0476.2031301.1735357.0jdent@seaglass.com>
Oct 22 04:46:38 conch postfix/qmgr[25409]: 0686F243CB: from=<Santa_Letters@com-oct1022.gq>, size=5222, nrcpt=1 (queue active)
Oct 22 04:46:38 conch postfix/smtpd[27419]: disconnect from unknown[198.52.150.42]
Oct 22 04:46:50 conch postfix/smtp[27423]: 0686F243CB: to=<jdent@seaglass.com>, relay=mail.seaglass.com[74.220.219.61]:25, delay=13, delays=0.13/0/2.2/10, dsn=2.0.0, status=sent (250 OK id=1ZpEKY-0003RT-Gm)
Oct 22 04:46:50 conch postfix/qmgr[25409]: 0686F243CB: removed
Oct 22 04:47:32 conch postfix/smtpd[27419]: warning: 67.229.105.202: address not listed for hostname 67.229.105.202.static.krypt.com
Oct 22 04:47:32 conch postfix/smtpd[27419]: connect from unknown[67.229.105.202]
Oct 22 04:47:33 conch postfix/smtpd[27419]: NOQUEUE: reject: RCPT from unknown[67.229.105.202]: 554 5.7.1 Service unavailable; Client host [67.229.105.202] blocked using zen.spamhaus.org; http://www.spamhaus.org/sbl/query/SBLCSS; from=<support@vowyuo.us> to=<kdent@seaglass.com> proto=ESMTP helo=<vowyuo.us>
Oct 22 04:47:33 conch postfix/smtpd[27419]: disconnect from unknown[67.229.105.202]
Oct 22 04:50:43 conch postfix/smtpd[27443]: connect from unknown[198.52.150.43]
Oct 22 04:50:43 conch postfix/smtpd[27443]: 72C2D243CB: client=unknown[198.52.150.43]
Oct 22 04:50:43 conch postfix/cleanup[27446]: 72C2D243CB: message-id=<f8509babbeddea6fc34dc518b32b0476.22745711.15498430jdent@seaglass.com>
Oct 22 04:50:43 conch postfix/qmgr[25409]: 72C2D243CB: from=<Mayo_Cure_Hearing@com-oct1022.tk>, size=4784, nrcpt=1 (queue active)
Oct 22 04:50:43 conch postfix/smtpd[27443]: disconnect from unknown[198.52.150.43]
Oct 22 04:50:45 conch postfix/qmgr[25409]: 77116243CC: from=<>, size=2703, nrcpt=1 (queue active)
Oct 22 04:50:45 conch postfix/qmgr[25409]: 68AF424356: from=<>, size=2703, nrcpt=1 (queue active)
Oct 22 04:50:45 conch postfix/smtp[27448]: connect to com-oct1022.ga[198.52.150.41]:25: No route to host
Oct 22 04:50:45 conch postfix/smtp[27449]: connect to com-oct1022.ga[198.52.150.41]:25: No route to host
Oct 22 04:50:45 conch postfix/smtp[27448]: 77116243CC: to=<24@com-oct1022.ga>, relay=none, delay=538, delays=538/0.01/0.02/0, dsn=4.4.1, status=deferred (connect to com-oct1022.ga[198.52.150.41]:25: No route to host)
Oct 22 04:50:45 conch postfix/smtp[27449]: 68AF424356: to=<24@com-oct1022.ga>, relay=none, delay=576, delays=576/0.01/0.02/0, dsn=4.4.1, status=deferred (connect to com-oct1022.ga[198.52.150.41]:25: No route to host)
Oct 22 04:50:51 conch postfix/smtp[27447]: 72C2D243CB: to=<jdent@seaglass.com>, relay=mail.seaglass.com[74.220.219.61]:25, delay=7.8, delays=0.24/0/2.2/5.3, dsn=2.0.0, status=sent (250 OK id=1ZpEOQ-0005Bt-Vo)
Oct 22 04:50:51 conch postfix/qmgr[25409]: 72C2D243CB: removed
Oct 22 04:51:06 conch postfix/anvil[27413]: statistics: max connection rate 2/60s for (smtp:198.52.150.41) at Oct 22 04:41:39
Oct 22 04:51:06 conch postfix/anvil[27413]: statistics: max connection count 1 for (smtp:198.52.150.41) at Oct 22 04:41:06
Oct 22 04:51:06 conch postfix/anvil[27413]: statistics: max cache size 2 at Oct 22 04:47:32
Oct 22 04:51:32 conch postfix/smtpd[27443]: connect from bba598485.alshamil.net.ae[86.98.77.61]
Oct 22 04:51:32 conch postfix/smtpd[27443]: NOQUEUE: reject: RCPT from bba598485.alshamil.net.ae[86.98.77.61]: 554 5.7.1 Service unavailable; Client host [86.98.77.61] blocked using zen.spamhaus.org; http://www.spamhaus.org/sbl/query/SBLCSS / http://www.spamhaus.org/query/bl?ip=86.98.77.61; from=<UUSCOTLAND@uuplc.co.uk> to=<kdent@seaglass.com> proto=ESMTP helo=<bba598485.alshamil.net.ae>
Oct 22 04:51:33 conch postfix/smtpd[27443]: disconnect from bba598485.alshamil.net.ae[86.98.77.61]
Oct 22 04:51:58 conch postfix/smtpd[27453]: connect from unknown[198.52.150.43]
Oct 22 04:51:58 conch postfix/smtpd[27443]: warning: 97.80.57.230: address not listed for hostname 98-80-57-230.static.slid.la.charter.com
Oct 22 04:51:58 conch postfix/smtpd[27443]: connect from unknown[97.80.57.230]
Oct 22 04:51:58 conch postfix/smtpd[27443]: NOQUEUE: reject: RCPT from unknown[97.80.57.230]: 554 5.7.1 <david@seaglass.com>: Recipient address rejected: Access denied; from=<surfingas6@stjoelive.com> to=<david@seaglass.com> proto=ESMTP helo=<98-80-57-230.static.slid.la.charter.com>
Oct 22 04:51:58 conch postfix/smtpd[27443]: NOQUEUE: reject: RCPT from unknown[97.80.57.230]: 554 5.7.1 <destridge@seaglass.com>: Recipient address rejected: Access denied; from=<surfingas6@stjoelive.com> to=<destridge@seaglass.com> proto=ESMTP helo=<98-80-57-230.static.slid.la.charter.com>
Oct 22 04:51:58 conch postfix/smtpd[27443]: NOQUEUE: reject: RCPT from unknown[97.80.57.230]: 554 5.7.1 <info@seaglass.com>: Recipient address rejected: Access denied; from=<surfingas6@stjoelive.com> to=<info@seaglass.com> proto=ESMTP helo=<98-80-57-230.static.slid.la.charter.com>
Oct 22 04:51:58 conch postfix/smtpd[27443]: NOQUEUE: reject: RCPT from unknown[97.80.57.230]: 554 5.7.1 <kflu86vcl3cd2h7@seaglass.com>: Recipient address rejected: Access denied; from=<surfingas6@stjoelive.com> to=<kflu86vcl3cd2h7@seaglass.com> proto=ESMTP helo=<98-80-57-230.static.slid.la.charter.com>
Oct 22 04:51:58 conch postfix/smtpd[27443]: NOQUEUE: reject: RCPT from unknown[97.80.57.230]: 554 5.7.1 <majordomo@seaglass.com>: Recipient address rejected: Access denied; from=<surfingas6@stjoelive.com> to=<majordomo@seaglass.com> proto=ESMTP helo=<98-80-57-230.static.slid.la.charter.com>
Oct 22 04:51:58 conch postfix/smtpd[27443]: NOQUEUE: reject: RCPT from unknown[97.80.57.230]: 450 4.7.1 <98-80-57-230.static.slid.la.charter.com>: Helo command rejected: Host not found; from=<surfingas6@stjoelive.com> to=<riley@seaglass.com> proto=ESMTP helo=<98-80-57-230.static.slid.la.charter.com>
Oct 22 04:51:58 conch postfix/smtpd[27443]: lost connection after DATA (approximately 0 bytes) from unknown[97.80.57.230]
Oct 22 04:51:58 conch postfix/smtpd[27443]: disconnect from unknown[97.80.57.230]
Oct 22 04:51:59 conch postfix/smtpd[27453]: 02080243CB: client=unknown[198.52.150.43]
Oct 22 04:51:59 conch postfix/cleanup[27446]: 02080243CB: message-id=<5dcfd80285d21a72abf3c46e396c0002.21171080.3546755kdent@seaglass.com>
Oct 22 04:51:59 conch postfix/qmgr[25409]: 02080243CB: from=<Mayo_Cure_Hearing@com-oct1022.tk>, size=4762, nrcpt=1 (queue active)
Oct 22 04:51:59 conch postfix/smtpd[27453]: disconnect from unknown[198.52.150.43]
Oct 22 04:52:01 conch postfix/smtp[27448]: 02080243CB: to=<kdent@seaglass.com>, relay=mail.seaglass.com[74.220.219.61]:25, delay=2.9, delays=0.38/0/2.2/0.31, dsn=2.0.0, status=sent (250 OK id=1ZpEPZ-0006BB-GZ)
Oct 22 04:52:01 conch postfix/qmgr[25409]: 02080243CB: removed
Oct 22 04:53:00 conch postfix/smtpd[27443]: warning: 97.80.57.230: address not listed for hostname 98-80-57-230.static.slid.la.charter.com
Oct 22 04:53:00 conch postfix/smtpd[27443]: connect from unknown[97.80.57.230]
Oct 22 04:53:01 conch postfix/smtpd[27443]: NOQUEUE: reject: RCPT from unknown[97.80.57.230]: 450 4.7.1 <98-80-57-230.static.slid.la.charter.com>: Helo command rejected: Host not found; from=<raphaelm@iceweb.net> to=<riley@seaglass.com> proto=ESMTP helo=<98-80-57-230.static.slid.la.charter.com>
Oct 22 04:53:01 conch postfix/smtpd[27443]: lost connection after DATA (approximately 0 bytes) from unknown[97.80.57.230]
Oct 22 04:53:01 conch postfix/smtpd[27443]: disconnect from unknown[97.80.57.230]
Oct 22 04:53:08 conch postfix/smtpd[27453]: connect from unknown[198.52.150.43]
Oct 22 04:53:08 conch postfix/smtpd[27453]: E9E47243CB: client=unknown[198.52.150.43]
Oct 22 04:53:09 conch postfix/cleanup[27446]: E9E47243CB: message-id=<3d7a0d781b11209669ef740f6068165e.14493442.21118734becky@seaglass.com>
Oct 22 04:53:09 conch postfix/qmgr[25409]: E9E47243CB: from=<Mayo_Cure_Hearing@com-oct1022.tk>, size=4784, nrcpt=1 (queue active)
Oct 22 04:53:09 conch postfix/smtpd[27453]: disconnect from unknown[198.52.150.43]
Oct 22 04:53:11 conch postfix/smtp[27448]: E9E47243CB: to=<becky@seaglass.com>, relay=mail.seaglass.com[74.220.219.61]:25, delay=2.6, delays=0.11/0/2.2/0.3, dsn=2.0.0, status=sent (250 OK id=1ZpEQh-0007UW-Dn)
Oct 22 04:53:11 conch postfix/qmgr[25409]: E9E47243CB: removed
Oct 22 04:55:45 conch postfix/qmgr[25409]: 7D74B2440F: from=<>, size=2612, nrcpt=1 (queue active)
Oct 22 04:55:45 conch postfix/smtp[27459]: 7D74B2440F: to=<postmaster@gugfoo.us>, relay=none, delay=63430, delays=63430/0.01/0.14/0, dsn=5.4.4, status=bounced (Host or domain name not found. Name service error for name=gugfoo.us type=A: Host not found)
Oct 22 04:55:45 conch postfix/qmgr[25409]: 7D74B2440F: removed
Oct 22 04:56:00 conch postfix/smtpd[27462]: connect from unknown[198.52.150.44]
Oct 22 04:56:02 conch postfix/smtpd[27462]: B32252432E: client=unknown[198.52.150.44]
Oct 22 04:56:02 conch postfix/cleanup[27465]: B32252432E: message-id=<0.0.f8509babbeddea6fc34dc518b32b0476.15632189.20559182.0jdent@seaglass.com>
Oct 22 04:56:02 conch postfix/qmgr[25409]: B32252432E: from=<Tesla.Magnetic.Project@com-xoffn.cf>, size=5125, nrcpt=1 (queue active)
Oct 22 04:56:03 conch postfix/smtpd[27462]: disconnect from unknown[198.52.150.44]
Oct 22 04:56:05 conch postfix/smtp[27459]: B32252432E: to=<jdent@seaglass.com>, relay=mail.seaglass.com[74.220.219.61]:25, delay=3.1, delays=0.56/0/2.2/0.3, dsn=2.0.0, status=sent (250 OK id=1ZpETV-0000Bh-AY)
Oct 22 04:56:05 conch postfix/qmgr[25409]: B32252432E: removed
Oct 22 04:58:34 conch postfix/smtpd[27471]: connect from unknown[198.52.150.44]
Oct 22 04:58:34 conch postfix/smtpd[27471]: E32802432E: client=unknown[198.52.150.44]
Oct 22 04:58:35 conch postfix/cleanup[27474]: E32802432E: message-id=<0.0.5dcfd80285d21a72abf3c46e396c0002.12444339.11531729.0kdent@seaglass.com>
Oct 22 04:58:35 conch postfix/qmgr[25409]: E32802432E: from=<Tesla.Magnetic.Project@com-xoffn.cf>, size=5125, nrcpt=1 (queue active)
Oct 22 04:58:35 conch postfix/smtpd[27471]: disconnect from unknown[198.52.150.44]
Oct 22 04:58:42 conch postfix/smtp[27475]: E32802432E: to=<kdent@seaglass.com>, relay=mail.seaglass.com[74.220.219.61]:25, delay=7.7, delays=0.14/0.01/2.2/5.3, dsn=2.0.0, status=sent (250 OK id=1ZpEW2-00015R-Dy)
Oct 22 04:58:42 conch postfix/qmgr[25409]: E32802432E: removed
Oct 22 04:59:40 conch postfix/smtpd[27471]: connect from unknown[198.52.150.44]
Oct 22 04:59:40 conch postfix/smtpd[27471]: 796F12432E: client=unknown[198.52.150.44]
Oct 22 04:59:40 conch postfix/cleanup[27474]: 796F12432E: message-id=<0.0.3d7a0d781b11209669ef740f6068165e.7863916.20259415.0becky@seaglass.com>
Oct 22 04:59:40 conch postfix/qmgr[25409]: 796F12432E: from=<Tesla.Magnetic.Project@com-xoffn.cf>, size=5121, nrcpt=1 (queue active)
Oct 22 04:59:40 conch postfix/smtpd[27471]: disconnect from unknown[198.52.150.44]
Oct 22 04:59:43 conch postfix/smtp[27475]: 796F12432E: to=<becky@seaglass.com>, relay=mail.seaglass.com[74.220.219.61]:25, delay=2.7, delays=0.16/0/2.2/0.3, dsn=2.0.0, status=sent (250 OK id=1ZpEX1-0001YW-0V)
Oct 22 04:59:43 conch postfix/qmgr[25409]: 796F12432E: removed
Oct 22 05:00:45 conch postfix/qmgr[25409]: 77116243CC: from=<>, size=2703, nrcpt=1 (queue active)
Oct 22 05:00:45 conch postfix/qmgr[25409]: 68AF424356: from=<>, size=2703, nrcpt=1 (queue active)
Oct 22 05:00:45 conch postfix/smtp[27475]: connect to com-oct1022.ga[198.52.150.41]:25: No route to host
Oct 22 05:00:45 conch postfix/smtp[27504]: connect to com-oct1022.ga[198.52.150.41]:25: No route to host
Oct 22 05:00:45 conch postfix/smtp[27475]: 77116243CC: to=<24@com-oct1022.ga>, relay=none, delay=1138, delays=1138/0.01/0.02/0, dsn=4.4.1, status=deferred (connect to com-oct1022.ga[198.52.150.41]:25: No route to host)
Oct 22 05:00:45 conch postfix/smtp[27504]: 68AF424356: to=<24@com-oct1022.ga>, relay=none, delay=1176, delays=1176/0.01/0.02/0, dsn=4.4.1, status=deferred (connect to com-oct1022.ga[198.52.150.41]:25: No route to host)
Oct 22 05:01:06 conch postfix/anvil[27413]: statistics: max connection rate 1/60s for (smtp:86.98.77.61) at Oct 22 04:51:32
Oct 22 05:01:06 conch postfix/anvil[27413]: statistics: max connection count 1 for (smtp:86.98.77.61) at Oct 22 04:51:32
Oct 22 05:01:06 conch postfix/anvil[27413]: statistics: max cache size 3 at Oct 22 04:51:58
Oct 22 05:01:33 conch postfix/smtpd[27507]: connect from unknown[198.52.150.45]
Oct 22 05:01:33 conch postfix/smtpd[27507]: B100624340: client=unknown[198.52.150.45]
Oct 22 05:01:33 conch postfix/cleanup[27510]: B100624340: message-id=<0.0.5dcfd80285d21a72abf3c46e396c0002.9028651.19954759.0kdent@seaglass.com>
Oct 22 05:01:33 conch postfix/qmgr[25409]: B100624340: from=<Natural.Hair.Restoration@com-xoffn.ga>, size=4782, nrcpt=1 (queue active)
Oct 22 05:01:34 conch postfix/smtpd[27507]: disconnect from unknown[198.52.150.45]
Oct 22 05:01:34 conch postfix/smtpd[27511]: connect from unknown[197.31.244.73]
Oct 22 05:01:35 conch postfix/smtpd[27511]: NOQUEUE: reject: RCPT from unknown[197.31.244.73]: 554 5.7.1 Service unavailable; Client host [197.31.244.73] blocked using zen.spamhaus.org; http://www.spamhaus.org/sbl/query/SBLCSS / http://www.spamhaus.org/query/bl?ip=197.31.244.73; from=<rechoosen@traumatizationy.booty-date.biz> to=<jdent@seaglass.com> proto=SMTP helo=<traumatizationy.booty-date.biz>
Oct 22 05:01:35 conch postfix/smtpd[27507]: connect from 1heazxy.byperk.net[23.247.95.42]
Oct 22 05:01:35 conch postfix/smtpd[27507]: D521D243CB: client=1heazxy.byperk.net[23.247.95.42]
Oct 22 05:01:36 conch postfix/cleanup[27510]: D521D243CB: message-id=<54252392581825425700783562756@1heazxy.byperk.net>
Oct 22 05:01:36 conch postfix/qmgr[25409]: D521D243CB: from=<LISTNAME@byperk.net>, size=4792, nrcpt=1 (queue active)
Oct 22 05:01:36 conch postfix/smtpd[27507]: disconnect from 1heazxy.byperk.net[23.247.95.42]
Oct 22 05:01:36 conch postfix/smtpd[27507]: connect from unknown[116.110.40.125]
Oct 22 05:01:38 conch postfix/smtp[27504]: D521D243CB: to=<jdent@seaglass.com>, relay=mail.seaglass.com[74.220.219.61]:25, delay=2.9, delays=0.4/0/2.2/0.3, dsn=2.0.0, status=sent (250 OK id=1ZpEYs-0002Tv-DC)
Oct 22 05:01:38 conch postfix/qmgr[25409]: D521D243CB: removed
Oct 22 05:01:39 conch postfix/smtpd[27507]: NOQUEUE: reject: RCPT from unknown[116.110.40.125]: 554 5.7.1 Service unavailable; Client host [116.110.40.125] blocked using zen.spamhaus.org; http://www.spamhaus.org/sbl/query/SBLCSS / http://www.spamhaus.org/query/bl?ip=116.110.40.125; from=<planetologistu@spademann.booty-date.biz> to=<jdent@seaglass.com> proto=SMTP helo=<spademann.booty-date.biz>
Oct 22 05:01:41 conch postfix/smtpd[27512]: warning: 197.148.20.90: address not listed for hostname cust90-20.148.197.netcabo.co.ao
Oct 22 05:01:41 conch postfix/smtpd[27512]: connect from unknown[197.148.20.90]
Oct 22 05:01:41 conch postfix/smtp[27475]: B100624340: to=<kdent@seaglass.com>, relay=mail.seaglass.com[74.220.219.61]:25, delay=8.1, delays=0.56/0/2.2/5.3, dsn=2.0.0, status=sent (250 OK id=1ZpEYv-0002SI-AI)
Oct 22 05:01:41 conch postfix/qmgr[25409]: B100624340: removed
Oct 22 05:01:43 conch postfix/smtpd[27512]: NOQUEUE: reject: RCPT from unknown[197.148.20.90]: 504 5.5.2 <hogrophytev>: Helo command rejected: need fully-qualified hostname; from=<testersc@hogrophytev.booty-date.biz> to=<jdent@seaglass.com> proto=SMTP helo=<hogrophytev>
Oct 22 05:01:46 conch postfix/smtpd[27513]: warning: 122.164.145.67: address not listed for hostname abts-tn-dynamic-067.145.164.122.airtelbroadband.in
Oct 22 05:01:46 conch postfix/smtpd[27513]: connect from unknown[122.164.145.67]
Oct 22 05:01:48 conch postfix/smtpd[27513]: NOQUEUE: reject: RCPT from unknown[122.164.145.67]: 554 5.7.1 Service unavailable; Client host [122.164.145.67] blocked using zen.spamhaus.org; http://www.spamhaus.org/sbl/query/SBLCSS / http://www.spamhaus.org/query/bl?ip=122.164.145.67; from=<ovipositedv@papolatrousg.booty-date.biz> to=<jdent@seaglass.com> proto=SMTP helo=<papolatrousg.booty-date.biz>
Oct 22 05:01:48 conch postfix/smtpd[27511]: lost connection after RCPT from unknown[197.31.244.73]
Oct 22 05:01:48 conch postfix/smtpd[27511]: disconnect from unknown[197.31.244.73]
Oct 22 05:01:48 conch postfix/smtpd[27513]: lost connection after RCPT from unknown[122.164.145.67]
Oct 22 05:01:48 conch postfix/smtpd[27513]: disconnect from unknown[122.164.145.67]
Oct 22 05:01:48 conch postfix/smtpd[27507]: lost connection after RCPT from unknown[116.110.40.125]
Oct 22 05:01:48 conch postfix/smtpd[27507]: disconnect from unknown[116.110.40.125]
Oct 22 05:01:48 conch postfix/smtpd[27512]: lost connection after RCPT from unknown[197.148.20.90]
Oct 22 05:01:48 conch postfix/smtpd[27512]: disconnect from unknown[197.148.20.90]
Oct 22 05:02:08 conch postfix/smtpd[27511]: warning: 91.238.76.83: address not listed for hostname ip-91.238.76.83-net.imsmultimedia.eu
Oct 22 05:02:08 conch postfix/smtpd[27511]: connect from unknown[91.238.76.83]
Oct 22 05:02:09 conch postfix/smtpd[27511]: NOQUEUE: reject: RCPT from unknown[91.238.76.83]: 554 5.7.1 Service unavailable; Client host [91.238.76.83] blocked using zen.spamhaus.org; http://www.spamhaus.org/sbl/query/SBLCSS / http://www.spamhaus.org/query/bl?ip=91.238.76.83; from=<typhlonw@tonsuresa.novadag.biz> to=<jdent@seaglass.com> proto=SMTP helo=<tonsuresa.novadag.biz>
Oct 22 05:02:09 conch postfix/smtpd[27513]: connect from unknown[122.164.199.0]
Oct 22 05:02:10 conch postfix/smtpd[27507]: connect from unknown[114.143.29.127]
Oct 22 05:02:11 conch postfix/smtpd[27507]: NOQUEUE: reject: RCPT from unknown[114.143.29.127]: 504 5.5.2 <standardizerc>: Helo command rejected: need fully-qualified hostname; from=<throatilyb@standardizerc.novadag.biz> to=<jdent@seaglass.com> proto=SMTP helo=<standardizerc>
Oct 22 05:02:12 conch postfix/smtpd[27512]: connect from unknown[197.0.138.74]
Oct 22 05:02:12 conch postfix/smtpd[27512]: NOQUEUE: reject: RCPT from unknown[197.0.138.74]: 504 5.5.2 <trisulphoneg>: Helo command rejected: need fully-qualified hostname; from=<coveralls@trisulphoneg.novadag.biz> to=<jdent@seaglass.com> proto=SMTP helo=<trisulphoneg>
Oct 22 05:02:13 conch postfix/smtpd[27514]: connect from unknown[116.202.34.171]
Oct 22 05:02:15 conch postfix/smtpd[27516]: warning: 77.222.16.7: address not listed for hostname adsl-lns6-l7.crnagora.net
Oct 22 05:02:15 conch postfix/smtpd[27516]: connect from unknown[77.222.16.7]
Oct 22 05:02:16 conch postfix/smtpd[27517]: connect from mta.exct.stansberryresearch.com[136.147.136.26]
Oct 22 05:02:16 conch postfix/smtpd[27513]: NOQUEUE: reject: RCPT from unknown[122.164.199.0]: 554 5.7.1 Service unavailable; Client host [122.164.199.0] blocked using zen.spamhaus.org; http://www.spamhaus.org/sbl/query/SBLCSS / http://www.spamhaus.org/query/bl?ip=122.164.199.0; from=<undertenancyj@anthodiat.novadag.biz> to=<jdent@seaglass.com> proto=SMTP helo=<anthodiat.novadag.biz>
Oct 22 05:02:16 conch postfix/smtpd[27517]: 85E0E24340: client=mta.exct.stansberryresearch.com[136.147.136.26]
Oct 22 05:02:16 conch postfix/cleanup[27510]: 85E0E24340: message-id=<00ac8bee-e0ca-4db8-a3fb-8be55fc1ee67@xtgap4s7mta1219.xt.local>
Oct 22 05:02:16 conch postfix/qmgr[25409]: 85E0E24340: from=<bounce-755_HTML-59957525-842667-7207077-175@bounce.exct.stansberryresearch.com>, size=46300, nrcpt=1 (queue active)
Oct 22 05:02:16 conch postfix/smtpd[27517]: disconnect from mta.exct.stansberryresearch.com[136.147.136.26]
Oct 22 05:02:16 conch postfix/smtpd[27518]: connect from 89-77-39-64.dynamic.chello.pl[89.77.39.64]
Oct 22 05:02:17 conch postfix/smtpd[27518]: NOQUEUE: reject: RCPT from 89-77-39-64.dynamic.chello.pl[89.77.39.64]: 504 5.5.2 <theopantismy>: Helo command rejected: need fully-qualified hostname; from=<amentulumb@theopantismy.berglaim.biz> to=<jdent@seaglass.com> proto=SMTP helo=<theopantismy>
