Nov  1 09:30:18 conch postfix/smtp[21511]: 8B868242EF: to=<riley@seaglass.com>, relay=mail.seaglass.com[74.220.219.61]:25, delay=2.8, delays=0.33/0.01/2.2/0.3, dsn=2.0.0, status=sent (250 OK id=1ZswSQ-0005NM-5r)
Nov  1 09:30:18 conch postfix/qmgr[25409]: 8B868242EF: removed
Nov  1 09:32:20 conch postfix/smtpd[21512]: connect from v97q7.niccetrick.faith[80.82.70.29]
Nov  1 09:32:20 conch postfix/smtpd[21512]: 7CE1E242EB: client=v97q7.niccetrick.faith[80.82.70.29]
Nov  1 09:32:20 conch postfix/cleanup[21515]: 7CE1E242EB: message-id=<0.0.3d7a0d781b11209669ef740f6068165e.6438802.23222410.0becky@seaglass.com>
Nov  1 09:32:20 conch postfix/qmgr[25409]: 7CE1E242EB: from=<Kmart@ftdoz.eu>, size=5805, nrcpt=1 (queue active)
Nov  1 09:32:20 conch postfix/smtpd[21512]: disconnect from v97q7.niccetrick.faith[80.82.70.29]
Nov  1 09:32:23 conch postfix/smtp[21516]: 7CE1E242EB: to=<becky@seaglass.com>, relay=mail.seaglass.com[74.220.219.61]:25, delay=2.8, delays=0.27/0.01/2.2/0.3, dsn=2.0.0, status=sent (250 OK id=1ZswUR-00066T-4S)
Nov  1 09:32:23 conch postfix/qmgr[25409]: 7CE1E242EB: removed
Nov  1 09:34:42 conch postfix/smtpd[21518]: warning: 201.229.164.134: address not listed for hostname tdev164-134.codetel.net.do
Nov  1 09:34:42 conch postfix/smtpd[21518]: connect from unknown[201.229.164.134]
Nov  1 09:34:43 conch postfix/smtpd[21518]: NOQUEUE: reject: RCPT from unknown[201.229.164.134]: 450 4.7.1 <tdev164-134.codetel.net.do>: Helo command rejected: Host not found; from=<jimmy@touchwood.com> to=<jdent@seaglass.com> proto=ESMTP helo=<tdev164-134.codetel.net.do>
Nov  1 09:34:43 conch postfix/smtpd[21518]: lost connection after DATA (approximately 0 bytes) from unknown[201.229.164.134]
Nov  1 09:34:43 conch postfix/smtpd[21518]: disconnect from unknown[201.229.164.134]
Nov  1 09:35:02 conch postfix/smtpd[21518]: connect from fi62sv.redeemelitenotify.party[185.121.164.41]
Nov  1 09:35:02 conch postfix/smtpd[21518]: D5455242EB: client=fi62sv.redeemelitenotify.party[185.121.164.41]
Nov  1 09:35:03 conch postfix/cleanup[21522]: D5455242EB: message-id=<f8509babbeddea6fc34dc518b32b0476-3048UHXMJBMCFYI68959200-jdent=seaglass.com@fi62sv.redeemelitenotify.party>
Nov  1 09:35:03 conch postfix/qmgr[25409]: D5455242EB: from=<PRINTER--INK-FOR-YOU-@redeemelitenotify.party>, size=6841, nrcpt=1 (queue active)
Nov  1 09:35:03 conch postfix/smtpd[21518]: disconnect from fi62sv.redeemelitenotify.party[185.121.164.41]
Nov  1 09:35:05 conch postfix/smtp[21523]: D5455242EB: to=<jdent@seaglass.com>, relay=mail.seaglass.com[74.220.219.61]:25, delay=3.4, delays=0.88/0.01/2.2/0.3, dsn=2.0.0, status=sent (250 OK id=1ZswX3-00077l-ND)
Nov  1 09:35:05 conch postfix/qmgr[25409]: D5455242EB: removed
Nov  1 09:35:16 conch postfix/smtpd[21518]: warning: 80.82.70.30: address not listed for hostname exwr5.ght2in.eu
Nov  1 09:35:16 conch postfix/smtpd[21518]: connect from unknown[80.82.70.30]
Nov  1 09:35:17 conch postfix/smtpd[21518]: 9DC6C242EB: client=unknown[80.82.70.30]
Nov  1 09:35:17 conch postfix/cleanup[21522]: 9DC6C242EB: message-id=<0.0.5dcfd80285d21a72abf3c46e396c0002.19486720.20102823.0kdent@seaglass.com>
Nov  1 09:35:17 conch postfix/qmgr[25409]: 9DC6C242EB: from=<Walgreens.Black.Friday.Reward@mlyes.eu>, size=5599, nrcpt=1 (queue active)
Nov  1 09:35:18 conch postfix/smtpd[21518]: disconnect from unknown[80.82.70.30]
Nov  1 09:35:20 conch postfix/smtp[21523]: 9DC6C242EB: to=<kdent@seaglass.com>, relay=mail.seaglass.com[74.220.219.61]:25, delay=3, delays=0.48/0/2.2/0.3, dsn=2.0.0, status=sent (250 OK id=1ZswXI-0007Cx-8L)
Nov  1 09:35:20 conch postfix/qmgr[25409]: 9DC6C242EB: removed
Nov  1 09:37:28 conch postfix/qmgr[25409]: E70F1242A6: from=<>, size=2671, nrcpt=1 (queue active)
Nov  1 09:37:28 conch postfix/qmgr[25409]: 5C087242AB: from=<>, size=2671, nrcpt=1 (queue active)
Nov  1 09:37:28 conch postfix/qmgr[25409]: 99379242BC: from=<>, size=2674, nrcpt=1 (queue active)
Nov  1 09:37:47 conch postfix/smtpd[21529]: warning: 80.82.70.30: address not listed for hostname exwr5.ght2in.eu
Nov  1 09:37:47 conch postfix/smtpd[21529]: connect from unknown[80.82.70.30]
Nov  1 09:37:47 conch postfix/smtpd[21529]: B073324097: client=unknown[80.82.70.30]
Nov  1 09:37:47 conch postfix/cleanup[21532]: B073324097: message-id=<0.0.3d7a0d781b11209669ef740f6068165e.19817393.22141673.0becky@seaglass.com>
Nov  1 09:37:47 conch postfix/qmgr[25409]: B073324097: from=<Walgreens.Black.Friday.Reward@mlyes.eu>, size=5599, nrcpt=1 (queue active)
Nov  1 09:37:48 conch postfix/smtpd[21529]: disconnect from unknown[80.82.70.30]
Nov  1 09:37:49 conch postfix/anvil[21438]: statistics: max connection rate 2/60s for (smtp:80.82.70.29) at Nov  1 09:29:31
Nov  1 09:37:49 conch postfix/anvil[21438]: statistics: max connection count 2 for (smtp:192.227.231.33) at Nov  1 09:30:14
Nov  1 09:37:49 conch postfix/anvil[21438]: statistics: max cache size 4 at Nov  1 09:28:03
Nov  1 09:37:50 conch postfix/smtp[21533]: B073324097: to=<becky@seaglass.com>, relay=mail.seaglass.com[74.220.219.61]:25, delay=2.8, delays=0.31/0.01/2.2/0.3, dsn=2.0.0, status=sent (250 OK id=1ZswZi-00084c-BV)
Nov  1 09:37:50 conch postfix/qmgr[25409]: B073324097: removed
Nov  1 09:38:05 conch postfix/smtp[21526]: connect to com-gacty.webcam[138.99.219.53]:25: Connection timed out
Nov  1 09:38:05 conch postfix/smtp[21528]: connect to com-gacty.webcam[138.99.219.53]:25: Connection timed out
Nov  1 09:38:05 conch postfix/smtp[21527]: connect to com-gacty.webcam[138.99.219.53]:25: Connection timed out
Nov  1 09:38:05 conch postfix/smtp[21528]: 99379242BC: to=<Avoid-Heart-@com-gacty.webcam>, relay=none, delay=361772, delays=361735/0.02/37/0, dsn=4.4.1, status=deferred (connect to com-gacty.webcam[138.99.219.53]:25: Connection timed out)
Nov  1 09:38:05 conch postfix/smtp[21526]: 5C087242AB: to=<Avoid-Heart-@com-gacty.webcam>, relay=none, delay=361778, delays=361741/0.01/37/0, dsn=4.4.1, status=deferred (connect to com-gacty.webcam[138.99.219.53]:25: Connection timed out)
Nov  1 09:38:05 conch postfix/smtp[21527]: E70F1242A6: to=<Avoid-Heart-@com-gacty.webcam>, relay=none, delay=361818, delays=361781/0.02/37/0, dsn=4.4.1, status=deferred (connect to com-gacty.webcam[138.99.219.53]:25: Connection timed out)
Nov  1 09:38:16 conch postfix/smtpd[21529]: warning: 80.82.70.30: address not listed for hostname exwr5.ght2in.eu
Nov  1 09:38:16 conch postfix/smtpd[21529]: connect from unknown[80.82.70.30]
Nov  1 09:38:16 conch postfix/smtpd[21529]: CEEE4242EB: client=unknown[80.82.70.30]
Nov  1 09:38:17 conch postfix/cleanup[21532]: CEEE4242EB: message-id=<0.0.f8509babbeddea6fc34dc518b32b0476.6642737.17796839.0jdent@seaglass.com>
Nov  1 09:38:17 conch postfix/qmgr[25409]: CEEE4242EB: from=<Walgreens.Black.Friday.Reward@mlyes.eu>, size=5588, nrcpt=1 (queue active)
Nov  1 09:38:17 conch postfix/smtpd[21529]: disconnect from unknown[80.82.70.30]
Nov  1 09:38:19 conch postfix/smtp[21533]: CEEE4242EB: to=<jdent@seaglass.com>, relay=mail.seaglass.com[74.220.219.61]:25, delay=2.8, delays=0.27/0/2.2/0.31, dsn=2.0.0, status=sent (250 OK id=1ZswaB-0008Cf-FH)
Nov  1 09:38:19 conch postfix/qmgr[25409]: CEEE4242EB: removed
Nov  1 09:41:37 conch postfix/anvil[21438]: statistics: max connection rate 2/60s for (smtp:80.82.70.30) at Nov  1 09:38:16
Nov  1 09:41:37 conch postfix/anvil[21438]: statistics: max connection count 1 for (smtp:80.82.70.30) at Nov  1 09:38:16
Nov  1 09:42:15 conch postfix/smtpd[21551]: connect from unknown[121.8.124.131]
Nov  1 09:42:16 conch postfix/smtpd[21551]: NOQUEUE: reject: RCPT from unknown[121.8.124.131]: 450 4.7.1 <mailserver.jeter.com.cn>: Helo command rejected: Host not found; from=<clients@notification.com> to=<kdent@seaglass.com> proto=SMTP helo=<mailserver.jeter.com.cn>
Nov  1 09:42:17 conch postfix/smtpd[21551]: disconnect from unknown[121.8.124.131]
Nov  1 09:43:40 conch postfix/smtpd[21551]: warning: 80.82.70.123: address not listed for hostname 11c.nochost.ru
Nov  1 09:43:40 conch postfix/smtpd[21551]: connect from unknown[80.82.70.123]
Nov  1 09:43:41 conch postfix/smtpd[21551]: 1B649242EB: client=unknown[80.82.70.123]
Nov  1 09:43:41 conch postfix/cleanup[21557]: 1B649242EB: message-id=<0.0.5dcfd80285d21a72abf3c46e396c0002.7461571.21382185.0kdent@seaglass.com>
Nov  1 09:43:41 conch postfix/qmgr[25409]: 1B649242EB: from=<Rite_Aid_Customer_Relations@setow.eu>, size=6219, nrcpt=1 (queue active)
Nov  1 09:43:41 conch postfix/smtpd[21551]: disconnect from unknown[80.82.70.123]
Nov  1 09:43:44 conch postfix/smtp[21558]: 1B649242EB: to=<kdent@seaglass.com>, relay=mail.seaglass.com[74.220.219.61]:25, delay=3.1, delays=0.56/0.01/2.2/0.3, dsn=2.0.0, status=sent (250 OK id=1ZswfP-0001YX-UW)
Nov  1 09:43:44 conch postfix/qmgr[25409]: 1B649242EB: removed
Nov  1 09:44:00 conch postfix/smtpd[21551]: warning: 80.82.70.123: address not listed for hostname 11c.nochost.ru
Nov  1 09:44:00 conch postfix/smtpd[21551]: connect from unknown[80.82.70.123]
Nov  1 09:44:01 conch postfix/smtpd[21551]: 4B973242EB: client=unknown[80.82.70.123]
Nov  1 09:44:01 conch postfix/cleanup[21557]: 4B973242EB: message-id=<0.0.f8509babbeddea6fc34dc518b32b0476.9201335.17153183.0jdent@seaglass.com>
Nov  1 09:44:01 conch postfix/qmgr[25409]: 4B973242EB: from=<Rite_Aid_Customer_Relations@setow.eu>, size=6219, nrcpt=1 (queue active)
Nov  1 09:44:01 conch postfix/smtpd[21551]: disconnect from unknown[80.82.70.123]
Nov  1 09:44:04 conch postfix/smtp[21558]: 4B973242EB: to=<jdent@seaglass.com>, relay=mail.seaglass.com[74.220.219.61]:25, delay=3, delays=0.47/0/2.2/0.3, dsn=2.0.0, status=sent (250 OK id=1Zswfk-0001fj-4d)
Nov  1 09:44:04 conch postfix/qmgr[25409]: 4B973242EB: removed
Nov  1 09:44:59 conch postfix/smtpd[21551]: warning: 94.102.51.96: address not listed for hostname zed.yandex.ru
Nov  1 09:44:59 conch postfix/smtpd[21551]: connect from unknown[94.102.51.96]
Nov  1 09:45:00 conch postfix/smtpd[21551]: disconnect from unknown[94.102.51.96]
Nov  1 09:45:18 conch postfix/smtpd[21551]: warning: 80.82.70.123: address not listed for hostname 11c.nochost.ru
Nov  1 09:45:18 conch postfix/smtpd[21551]: connect from unknown[80.82.70.123]
Nov  1 09:45:19 conch postfix/smtpd[21551]: 00CA4242EB: client=unknown[80.82.70.123]
Nov  1 09:45:19 conch postfix/cleanup[21557]: 00CA4242EB: message-id=<0.0.3d7a0d781b11209669ef740f6068165e.13216447.6909933.0becky@seaglass.com>
Nov  1 09:45:19 conch postfix/qmgr[25409]: 00CA4242EB: from=<Rite_Aid_Customer_Relations@setow.eu>, size=6209, nrcpt=1 (queue active)
Nov  1 09:45:19 conch postfix/smtpd[21551]: disconnect from unknown[80.82.70.123]
Nov  1 09:45:21 conch postfix/smtp[21558]: 00CA4242EB: to=<becky@seaglass.com>, relay=mail.seaglass.com[74.220.219.61]:25, delay=3, delays=0.46/0/2.2/0.3, dsn=2.0.0, status=sent (250 OK id=1Zswgz-0002Br-QJ)
Nov  1 09:45:21 conch postfix/qmgr[25409]: 00CA4242EB: removed
Nov  1 09:48:08 conch postfix/smtpd[21563]: warning: 198.29.32.22: address not listed for hostname 198-29-32-22.win-networks.com
Nov  1 09:48:08 conch postfix/smtpd[21563]: connect from unknown[198.29.32.22]
Nov  1 09:48:09 conch postfix/smtpd[21563]: NOQUEUE: reject: RCPT from unknown[198.29.32.22]: 450 4.7.1 <198-29-32-22.win-networks.com>: Helo command rejected: Host not found; from=<Mcgrath_Carter@imece.com.tr> to=<jdent@seaglass.com> proto=SMTP helo=<198-29-32-22.win-networks.com>
Nov  1 09:48:09 conch postfix/smtpd[21563]: disconnect from unknown[198.29.32.22]
Nov  1 09:48:56 conch postfix/smtpd[21563]: warning: 80.82.70.138: address not listed for hostname hosted-by.ecatel.net
Nov  1 09:48:56 conch postfix/smtpd[21563]: connect from unknown[80.82.70.138]
Nov  1 09:48:57 conch postfix/smtpd[21563]: 3457A242EB: client=unknown[80.82.70.138]
Nov  1 09:48:57 conch postfix/cleanup[21567]: 3457A242EB: message-id=<f8509babbeddea6fc34dc518b32b0476.9813956.14113693jdent@seaglass.com>
Nov  1 09:48:57 conch postfix/qmgr[25409]: 3457A242EB: from=<Amazon.Promotional.Credit@benob.eu>, size=4474, nrcpt=1 (queue active)
Nov  1 09:48:57 conch postfix/smtpd[21563]: disconnect from unknown[80.82.70.138]
Nov  1 09:48:59 conch postfix/smtp[21568]: 3457A242EB: to=<jdent@seaglass.com>, relay=mail.seaglass.com[74.220.219.61]:25, delay=2.8, delays=0.27/0/2.2/0.3, dsn=2.0.0, status=sent (250 OK id=1ZswkV-0003SI-RC)
Nov  1 09:48:59 conch postfix/qmgr[25409]: 3457A242EB: removed
Nov  1 09:50:04 conch postfix/smtpd[21563]: warning: 80.82.70.138: address not listed for hostname hosted-by.ecatel.net
Nov  1 09:50:04 conch postfix/smtpd[21563]: connect from unknown[80.82.70.138]
Nov  1 09:50:04 conch postfix/smtpd[21563]: D47BF242EB: client=unknown[80.82.70.138]
Nov  1 09:50:05 conch postfix/cleanup[21567]: D47BF242EB: message-id=<3d7a0d781b11209669ef740f6068165e.20606240.11702697becky@seaglass.com>
Nov  1 09:50:05 conch postfix/qmgr[25409]: D47BF242EB: from=<Amazon.Promotional.Credit@benob.eu>, size=4476, nrcpt=1 (queue active)
Nov  1 09:50:05 conch postfix/smtpd[21563]: disconnect from unknown[80.82.70.138]
Nov  1 09:50:07 conch postfix/smtp[21568]: D47BF242EB: to=<becky@seaglass.com>, relay=mail.seaglass.com[74.220.219.61]:25, delay=2.7, delays=0.24/0/2.2/0.3, dsn=2.0.0, status=sent (250 OK id=1Zswlb-0003wA-Ei)
Nov  1 09:50:07 conch postfix/qmgr[25409]: D47BF242EB: removed
Nov  1 09:50:29 conch postfix/smtpd[21563]: warning: 80.82.70.138: address not listed for hostname hosted-by.ecatel.net
Nov  1 09:50:29 conch postfix/smtpd[21563]: connect from unknown[80.82.70.138]
Nov  1 09:50:29 conch postfix/smtpd[21563]: D8412242EB: client=unknown[80.82.70.138]
Nov  1 09:50:30 conch postfix/cleanup[21567]: D8412242EB: message-id=<5dcfd80285d21a72abf3c46e396c0002.21251895.2538826kdent@seaglass.com>
Nov  1 09:50:30 conch postfix/qmgr[25409]: D8412242EB: from=<Amazon.Promotional.Credit@benob.eu>, size=4452, nrcpt=1 (queue active)
Nov  1 09:50:30 conch postfix/smtpd[21563]: disconnect from unknown[80.82.70.138]
Nov  1 09:50:32 conch postfix/smtp[21568]: D8412242EB: to=<kdent@seaglass.com>, relay=mail.seaglass.com[74.220.219.61]:25, delay=2.8, delays=0.25/0/2.2/0.3, dsn=2.0.0, status=sent (250 OK id=1Zswm0-00046o-Fn)
Nov  1 09:50:32 conch postfix/qmgr[25409]: D8412242EB: removed
Nov  1 09:52:15 conch postfix/smtpd[21587]: connect from unknown[113.87.49.145]
Nov  1 09:52:15 conch postfix/anvil[21553]: statistics: max connection rate 2/60s for (smtp:80.82.70.123) at Nov  1 09:44:00
Nov  1 09:52:15 conch postfix/anvil[21553]: statistics: max connection count 1 for (smtp:121.8.124.131) at Nov  1 09:42:15
Nov  1 09:52:15 conch postfix/anvil[21553]: statistics: max cache size 2 at Nov  1 09:44:59
Nov  1 09:52:16 conch postfix/smtpd[21587]: NOQUEUE: reject: RCPT from unknown[113.87.49.145]: 450 4.7.1 <8sdf4fs.com>: Helo command rejected: Host not found; from=<gfgrt55fd5@8sdf4fs.com> to=<kdent@seaglass.com> proto=ESMTP helo=<8sdf4fs.com>
Nov  1 09:52:17 conch postfix/smtpd[21587]: disconnect from unknown[113.87.49.145]
Nov  1 09:52:33 conch postfix/smtpd[21587]: warning: 192.161.54.227: address not listed for hostname urso7.contatopadrao.com.br
Nov  1 09:52:33 conch postfix/smtpd[21587]: connect from unknown[192.161.54.227]
Nov  1 09:52:33 conch postfix/smtpd[21587]: NOQUEUE: reject: RCPT from unknown[192.161.54.227]: 450 4.7.1 <mail.bethenimbus.com>: Helo command rejected: Host not found; from=<background_check-kdent=seaglass.com@bethenimbus.com> to=<kdent@seaglass.com> proto=ESMTP helo=<mail.bethenimbus.com>
Nov  1 09:52:34 conch postfix/smtpd[21587]: disconnect from unknown[192.161.54.227]
Nov  1 09:55:11 conch postfix/smtpd[21592]: warning: 192.227.231.34: address not listed for hostname 192-227-231-34-host.colocrossing.com
Nov  1 09:55:11 conch postfix/smtpd[21592]: connect from unknown[192.227.231.34]
Nov  1 09:55:11 conch postfix/smtpd[21594]: warning: 192.227.231.34: address not listed for hostname 192-227-231-34-host.colocrossing.com
Nov  1 09:55:11 conch postfix/smtpd[21594]: connect from unknown[192.227.231.34]
Nov  1 09:55:11 conch postfix/smtpd[21592]: 5AF36242EB: client=unknown[192.227.231.34]
Nov  1 09:55:11 conch postfix/smtpd[21594]: 6FE59242EE: client=unknown[192.227.231.34]
Nov  1 09:55:11 conch postfix/cleanup[21596]: 5AF36242EB: message-id=<1429280173060421429131232537@jukkr.gbsuraim.space>
Nov  1 09:55:11 conch postfix/cleanup[21598]: 6FE59242EE: message-id=<142928024952831429131232538@jukkr.gbsuraim.space>
Nov  1 09:55:11 conch postfix/qmgr[25409]: 5AF36242EB: from=<BloombergBusinessweek@gbsuraim.space>, size=8054, nrcpt=1 (queue active)
Nov  1 09:55:11 conch postfix/qmgr[25409]: 6FE59242EE: from=<BloombergBusinessweek@gbsuraim.space>, size=8041, nrcpt=1 (queue active)
Nov  1 09:55:11 conch postfix/smtpd[21592]: disconnect from unknown[192.227.231.34]
Nov  1 09:55:11 conch postfix/smtpd[21594]: F2810242EF: client=unknown[192.227.231.34]
Nov  1 09:55:12 conch postfix/cleanup[21596]: F2810242EF: message-id=<1429280125985461429131232538@jukkr.gbsuraim.space>
Nov  1 09:55:12 conch postfix/qmgr[25409]: F2810242EF: from=<BloombergBusinessweek@gbsuraim.space>, size=8059, nrcpt=1 (queue active)
Nov  1 09:55:12 conch postfix/smtpd[21594]: disconnect from unknown[192.227.231.34]
Nov  1 09:55:14 conch postfix/smtp[21599]: 5AF36242EB: to=<kdent@seaglass.com>, relay=mail.seaglass.com[74.220.219.61]:25, delay=2.9, delays=0.35/0.01/2.2/0.36, dsn=2.0.0, status=sent (250 OK id=1ZswqY-00068J-0O)
Nov  1 09:55:14 conch postfix/qmgr[25409]: 5AF36242EB: removed
Nov  1 09:55:14 conch postfix/smtp[21600]: 6FE59242EE: to=<riley@seaglass.com>, relay=mail.seaglass.com[74.220.219.61]:25, delay=2.9, delays=0.32/0/2.2/0.42, dsn=2.0.0, status=sent (250 OK id=1ZswqY-00068M-1n)
Nov  1 09:55:14 conch postfix/qmgr[25409]: 6FE59242EE: removed
Nov  1 09:55:14 conch postfix/smtp[21601]: F2810242EF: to=<jdent@seaglass.com>, relay=mail.seaglass.com[74.220.219.61]:25, delay=2.8, delays=0.23/0.01/2.2/0.36, dsn=2.0.0, status=sent (250 OK id=1ZswqY-00068d-GU)
Nov  1 09:55:14 conch postfix/qmgr[25409]: F2810242EF: removed
Nov  1 09:55:21 conch postfix/smtpd[21592]: warning: 80.82.70.139: address not listed for hostname hosted-by.ecatel.net
Nov  1 09:55:21 conch postfix/smtpd[21592]: connect from unknown[80.82.70.139]
Nov  1 09:55:21 conch postfix/smtpd[21592]: BB34F242EB: client=unknown[80.82.70.139]
Nov  1 09:55:21 conch postfix/cleanup[21598]: BB34F242EB: message-id=<0.0.f8509babbeddea6fc34dc518b32b0476.6422665.1715962.0jdent@seaglass.com>
Nov  1 09:55:22 conch postfix/qmgr[25409]: BB34F242EB: from=<Macys_Holiday_Reward@gapti.eu>, size=6102, nrcpt=1 (queue active)
Nov  1 09:55:22 conch postfix/smtpd[21592]: disconnect from unknown[80.82.70.139]
Nov  1 09:55:24 conch postfix/smtp[21599]: BB34F242EB: to=<jdent@seaglass.com>, relay=mail.seaglass.com[74.220.219.61]:25, delay=3, delays=0.46/0/2.2/0.31, dsn=2.0.0, status=sent (250 OK id=1Zswqi-0006Cf-Ir)
Nov  1 09:55:24 conch postfix/qmgr[25409]: BB34F242EB: removed
Nov  1 09:55:38 conch postfix/smtpd[21594]: warning: 80.82.70.139: address not listed for hostname hosted-by.ecatel.net
Nov  1 09:55:38 conch postfix/smtpd[21594]: connect from unknown[80.82.70.139]
Nov  1 09:55:39 conch postfix/smtpd[21594]: 1EE09242EB: client=unknown[80.82.70.139]
Nov  1 09:55:39 conch postfix/cleanup[21596]: 1EE09242EB: message-id=<0.0.3d7a0d781b11209669ef740f6068165e.2277360.17998657.0becky@seaglass.com>
Nov  1 09:55:39 conch postfix/qmgr[25409]: 1EE09242EB: from=<Macys_Holiday_Reward@gapti.eu>, size=6124, nrcpt=1 (queue active)
Nov  1 09:55:39 conch postfix/smtpd[21594]: disconnect from unknown[80.82.70.139]
Nov  1 09:55:42 conch postfix/smtp[21601]: 1EE09242EB: to=<becky@seaglass.com>, relay=mail.seaglass.com[74.220.219.61]:25, delay=3.1, delays=0.57/0/2.2/0.3, dsn=2.0.0, status=sent (250 OK id=1Zswqz-0006JN-VD)
Nov  1 09:55:42 conch postfix/qmgr[25409]: 1EE09242EB: removed
Nov  1 09:55:54 conch postfix/smtpd[21592]: warning: 80.82.70.139: address not listed for hostname hosted-by.ecatel.net
Nov  1 09:55:54 conch postfix/smtpd[21592]: connect from unknown[80.82.70.139]
Nov  1 09:55:55 conch postfix/smtpd[21592]: 6701F242EB: client=unknown[80.82.70.139]
Nov  1 09:55:55 conch postfix/cleanup[21598]: 6701F242EB: message-id=<0.0.5dcfd80285d21a72abf3c46e396c0002.18643309.17837003.0kdent@seaglass.com>
Nov  1 09:55:55 conch postfix/qmgr[25409]: 6701F242EB: from=<Macys_Holiday_Reward@gapti.eu>, size=6137, nrcpt=1 (queue active)
Nov  1 09:55:56 conch postfix/smtpd[21592]: disconnect from unknown[80.82.70.139]
Nov  1 09:55:58 conch postfix/smtp[21599]: 6701F242EB: to=<kdent@seaglass.com>, relay=mail.seaglass.com[74.220.219.61]:25, delay=3, delays=0.46/0/2.2/0.31, dsn=2.0.0, status=sent (250 OK id=1ZswrG-0006OE-7z)
Nov  1 09:55:58 conch postfix/qmgr[25409]: 6701F242EB: removed
Nov  1 09:57:16 conch postfix/smtpd[21594]: connect from unknown[121.8.124.131]
Nov  1 09:57:17 conch postfix/smtpd[21594]: NOQUEUE: reject: RCPT from unknown[121.8.124.131]: 450 4.7.1 <mailserver.jeter.com.cn>: Helo command rejected: Host not found; from=<clients@notification.com> to=<kdent@seaglass.com> proto=SMTP helo=<mailserver.jeter.com.cn>
Nov  1 09:57:18 conch postfix/smtpd[21594]: disconnect from unknown[121.8.124.131]
Nov  1 09:59:09 conch postfix/smtpd[21602]: connect from kpvgunli.cfjcl.space[155.94.243.51]
Nov  1 09:59:09 conch postfix/smtpd[21604]: connect from kpvgunli.cfjcl.space[155.94.243.51]
Nov  1 09:59:09 conch postfix/smtpd[21604]: 7CD9A242EB: client=kpvgunli.cfjcl.space[155.94.243.51]
Nov  1 09:59:09 conch postfix/smtpd[21602]: 7CEE6242EE: client=kpvgunli.cfjcl.space[155.94.243.51]
Nov  1 09:59:09 conch postfix/cleanup[21606]: 7CEE6242EE: message-id=<7972319331995121041611652531@kpvgunli.cfjcl.space>
Nov  1 09:59:09 conch postfix/cleanup[21607]: 7CD9A242EB: message-id=<7972319446761021041611642528@kpvgunli.cfjcl.space>
Nov  1 09:59:09 conch postfix/qmgr[25409]: 7CD9A242EB: from=<MarriageTrick@cfjcl.space>, size=4679, nrcpt=1 (queue active)
Nov  1 09:59:09 conch postfix/qmgr[25409]: 7CEE6242EE: from=<Michelle@cfjcl.space>, size=4671, nrcpt=1 (queue active)
Nov  1 09:59:12 conch postfix/smtp[21609]: 7CEE6242EE: to=<kdent@seaglass.com>, relay=mail.seaglass.com[74.220.219.61]:25, delay=3, delays=0.43/0.01/2.2/0.31, dsn=2.0.0, status=sent (250 OK id=1ZswuO-0008Oz-1a)
Nov  1 09:59:12 conch postfix/qmgr[25409]: 7CEE6242EE: removed
Nov  1 09:59:13 conch postfix/smtpd[21602]: disconnect from kpvgunli.cfjcl.space[155.94.243.51]
Nov  1 09:59:13 conch postfix/smtpd[21604]: disconnect from kpvgunli.cfjcl.space[155.94.243.51]
Nov  1 09:59:14 conch postfix/smtp[21608]: 7CD9A242EB: to=<riley@seaglass.com>, relay=mail.seaglass.com[74.220.219.61]:25, delay=5.3, delays=0.38/0.01/2.2/2.7, dsn=2.0.0, status=sent (250 OK id=1ZswuO-0008P0-1f)
Nov  1 09:59:14 conch postfix/qmgr[25409]: 7CD9A242EB: removed
Nov  1 10:01:23 conch postfix/smtpd[21636]: warning: 80.82.70.140: address not listed for hostname server144401.santrex.net
Nov  1 10:01:23 conch postfix/smtpd[21636]: connect from unknown[80.82.70.140]
Nov  1 10:01:24 conch postfix/smtpd[21636]: 28527242EB: client=unknown[80.82.70.140]
Nov  1 10:01:24 conch postfix/cleanup[21639]: 28527242EB: message-id=<3d7a0d781b11209669ef740f6068165e.16432978.13981571becky@seaglass.com>
Nov  1 10:01:24 conch postfix/qmgr[25409]: 28527242EB: from=<Unlock.Your.Home.Value@hmneg.eu>, size=5806, nrcpt=1 (queue active)
Nov  1 10:01:24 conch postfix/smtpd[21636]: disconnect from unknown[80.82.70.140]
Nov  1 10:01:26 conch postfix/smtp[21640]: 28527242EB: to=<becky@seaglass.com>, relay=mail.seaglass.com[74.220.219.61]:25, delay=2.8, delays=0.32/0.01/2.2/0.3, dsn=2.0.0, status=sent (250 OK id=1ZswwY-00011c-R7)
Nov  1 10:01:26 conch postfix/qmgr[25409]: 28527242EB: removed
Nov  1 10:01:33 conch postfix/smtpd[21636]: connect from mta2.exct.stansberryresearch.com[136.147.178.119]
Nov  1 10:01:34 conch postfix/smtpd[21636]: 3D26C242EB: client=mta2.exct.stansberryresearch.com[136.147.178.119]
Nov  1 10:01:34 conch postfix/cleanup[21639]: 3D26C242EB: message-id=<017c0928-dfd3-473e-bd83-b469af8ce4b7@xtgap4s7mta1305.xt.local>
Nov  1 10:01:34 conch postfix/qmgr[25409]: 3D26C242EB: from=<bounce-755_HTML-59957525-860135-7207077-175@bounce.exct.stansberryresearch.com>, size=14612, nrcpt=1 (queue active)
Nov  1 10:01:34 conch postfix/smtpd[21636]: disconnect from mta2.exct.stansberryresearch.com[136.147.178.119]
Nov  1 10:01:36 conch postfix/smtp[21640]: 3D26C242EB: to=<becky@seaglass.com>, relay=mail.seaglass.com[74.220.219.61]:25, delay=3, delays=0.33/0/2.2/0.42, dsn=2.0.0, status=sent (250 OK id=1Zswwi-00015F-MM)
Nov  1 10:01:36 conch postfix/qmgr[25409]: 3D26C242EB: removed
Nov  1 10:02:07 conch postfix/smtpd[21636]: connect from unknown[123.64.199.235]
Nov  1 10:02:10 conch postfix/smtpd[21636]: NOQUEUE: reject: RCPT from unknown[123.64.199.235]: 554 5.7.1 Service unavailable; Client host [123.64.199.235] blocked using zen.spamhaus.org; http://www.spamhaus.org/sbl/query/SBL251852 / http://www.spamhaus.org/query/bl?ip=123.64.199.235; from=<hbdz@rejh.com> to=<kdent@seaglass.com> proto=ESMTP helo=<rejh.com>
Nov  1 10:02:10 conch postfix/smtpd[21636]: disconnect from unknown[123.64.199.235]
Nov  1 10:02:15 conch postfix/anvil[21553]: statistics: max connection rate 3/60s for (smtp:80.82.70.139) at Nov  1 09:55:54
Nov  1 10:02:15 conch postfix/anvil[21553]: statistics: max connection count 2 for (smtp:192.227.231.34) at Nov  1 09:55:11
Nov  1 10:02:15 conch postfix/anvil[21553]: statistics: max cache size 3 at Nov  1 10:02:07
Nov  1 10:02:59 conch postfix/smtpd[21636]: warning: 96.45.70.44: address not listed for hostname mx2.fortyfiveclassycontacts.net
Nov  1 10:02:59 conch postfix/smtpd[21636]: connect from unknown[96.45.70.44]
Nov  1 10:02:59 conch postfix/smtpd[21636]: A6EE1242EB: client=unknown[96.45.70.44]
Nov  1 10:02:59 conch postfix/cleanup[21639]: A6EE1242EB: message-id=<2891277223634289160532192710@6e5zc.considerers.download>
Nov  1 10:02:59 conch postfix/qmgr[25409]: A6EE1242EB: from=<MedicareSupplementPlans@considerers.download>, size=6572, nrcpt=1 (queue active)
Nov  1 10:03:00 conch postfix/smtpd[21636]: disconnect from unknown[96.45.70.44]
Nov  1 10:03:02 conch postfix/smtp[21640]: A6EE1242EB: to=<jdent@seaglass.com>, relay=mail.seaglass.com[74.220.219.61]:25, delay=3, delays=0.48/0/2.2/0.31, dsn=2.0.0, status=sent (250 OK id=1Zswy6-0001a1-90)
Nov  1 10:03:02 conch postfix/qmgr[25409]: A6EE1242EB: removed
Nov  1 10:03:14 conch postfix/smtpd[21636]: warning: 80.82.70.140: address not listed for hostname server144401.santrex.net
Nov  1 10:03:14 conch postfix/smtpd[21636]: connect from unknown[80.82.70.140]
Nov  1 10:03:15 conch postfix/smtpd[21636]: 54F27242EB: client=unknown[80.82.70.140]
Nov  1 10:03:15 conch postfix/cleanup[21639]: 54F27242EB: message-id=<f8509babbeddea6fc34dc518b32b0476.3348524.20861683jdent@seaglass.com>
Nov  1 10:03:15 conch postfix/qmgr[25409]: 54F27242EB: from=<Unlock.Your.Home.Value@hmneg.eu>, size=5794, nrcpt=1 (queue active)
Nov  1 10:03:15 conch postfix/smtpd[21636]: disconnect from unknown[80.82.70.140]
Nov  1 10:03:18 conch postfix/smtp[21640]: 54F27242EB: to=<jdent@seaglass.com>, relay=mail.seaglass.com[74.220.219.61]:25, delay=2.8, delays=0.25/0/2.2/0.31, dsn=2.0.0, status=sent (250 OK id=1ZswyL-0001hI-Vv)
Nov  1 10:03:18 conch postfix/qmgr[25409]: 54F27242EB: removed
Nov  1 10:05:04 conch postfix/smtpd[21645]: warning: 80.82.70.140: address not listed for hostname server144401.santrex.net
Nov  1 10:05:04 conch postfix/smtpd[21645]: connect from unknown[80.82.70.140]
Nov  1 10:05:04 conch postfix/smtpd[21645]: C0A8A242EB: client=unknown[80.82.70.140]
Nov  1 10:05:05 conch postfix/cleanup[21648]: C0A8A242EB: message-id=<5dcfd80285d21a72abf3c46e396c0002.6643447.12568614kdent@seaglass.com>
Nov  1 10:05:05 conch postfix/qmgr[25409]: C0A8A242EB: from=<Unlock.Your.Home.Value@hmneg.eu>, size=5794, nrcpt=1 (queue active)
Nov  1 10:05:05 conch postfix/smtpd[21645]: disconnect from unknown[80.82.70.140]
Nov  1 10:05:07 conch postfix/smtp[21649]: C0A8A242EB: to=<kdent@seaglass.com>, relay=mail.seaglass.com[74.220.219.61]:25, delay=3, delays=0.47/0.01/2.2/0.3, dsn=2.0.0, status=sent (250 OK id=1Zsx07-0002RN-Dp)
Nov  1 10:05:07 conch postfix/qmgr[25409]: C0A8A242EB: removed
Nov  1 10:08:04 conch postfix/smtpd[21650]: warning: 80.82.70.142: address not listed for hostname server.bofinance24.com
Nov  1 10:08:04 conch postfix/smtpd[21650]: connect from unknown[80.82.70.142]
Nov  1 10:08:05 conch postfix/smtpd[21650]: 2CFDE242EB: client=unknown[80.82.70.142]
Nov  1 10:08:05 conch postfix/cleanup[21653]: 2CFDE242EB: message-id=<f8509babbeddea6fc34dc518b32b0476.18007046.16133138jdent@seaglass.com>
Nov  1 10:08:05 conch postfix/qmgr[25409]: 2CFDE242EB: from=<Foreclosure_Property_Deals@togig.eu>, size=5892, nrcpt=1 (queue active)
Nov  1 10:08:05 conch postfix/smtpd[21650]: disconnect from unknown[80.82.70.142]
Nov  1 10:08:07 conch postfix/smtp[21654]: 2CFDE242EB: to=<jdent@seaglass.com>, relay=mail.seaglass.com[74.220.219.61]:25, delay=3.1, delays=0.54/0.01/2.2/0.3, dsn=2.0.0, status=sent (250 OK id=1Zsx31-000478-Q1)
Nov  1 10:08:07 conch postfix/qmgr[25409]: 2CFDE242EB: removed
Nov  1 10:09:05 conch postfix/smtpd[21650]: warning: 80.82.70.142: address not listed for hostname server.bofinance24.com
Nov  1 10:09:05 conch postfix/smtpd[21650]: connect from unknown[80.82.70.142]
Nov  1 10:09:05 conch postfix/smtpd[21650]: 7DEC5242EB: client=unknown[80.82.70.142]
Nov  1 10:09:05 conch postfix/cleanup[21653]: 7DEC5242EB: message-id=<3d7a0d781b11209669ef740f6068165e.4757181.5773418becky@seaglass.com>
Nov  1 10:09:05 conch postfix/qmgr[25409]: 7DEC5242EB: from=<Foreclosure_Property_Deals@togig.eu>, size=5856, nrcpt=1 (queue active)
Nov  1 10:09:05 conch postfix/smtpd[21650]: disconnect from unknown[80.82.70.142]
Nov  1 10:09:08 conch postfix/smtp[21654]: 7DEC5242EB: to=<becky@seaglass.com>, relay=mail.seaglass.com[74.220.219.61]:25, delay=2.8, delays=0.26/0/2.2/0.3, dsn=2.0.0, status=sent (250 OK id=1Zsx40-0004Pz-45)
Nov  1 10:09:08 conch postfix/qmgr[25409]: 7DEC5242EB: removed
Nov  1 10:09:25 conch postfix/smtpd[21650]: connect from mail.tired.win[115.28.152.97]
Nov  1 10:09:36 conch postfix/smtpd[21656]: warning: 80.82.70.142: address not listed for hostname server.bofinance24.com
Nov  1 10:09:36 conch postfix/smtpd[21656]: connect from unknown[80.82.70.142]
Nov  1 10:09:36 conch postfix/smtpd[21656]: E9259242EB: client=unknown[80.82.70.142]
Nov  1 10:09:37 conch postfix/cleanup[21653]: E9259242EB: message-id=<5dcfd80285d21a72abf3c46e396c0002.12510433.19125050kdent@seaglass.com>
Nov  1 10:09:37 conch postfix/qmgr[25409]: E9259242EB: from=<Foreclosure_Property_Deals@togig.eu>, size=5892, nrcpt=1 (queue active)
Nov  1 10:09:37 conch postfix/smtpd[21656]: disconnect from unknown[80.82.70.142]
Nov  1 10:09:39 conch postfix/smtp[21654]: E9259242EB: to=<kdent@seaglass.com>, relay=mail.seaglass.com[74.220.219.61]:25, delay=2.8, delays=0.33/0/2.2/0.3, dsn=2.0.0, status=sent (250 OK id=1Zsx4V-0004Zj-I2)
Nov  1 10:09:39 conch postfix/qmgr[25409]: E9259242EB: removed
Nov  1 10:11:13 conch postfix/smtpd[21656]: warning: 107.182.31.15: address not listed for hostname myhost15.supportvalue.com
Nov  1 10:11:13 conch postfix/smtpd[21656]: connect from unknown[107.182.31.15]
Nov  1 10:11:14 conch postfix/smtpd[21656]: NOQUEUE: reject: RCPT from unknown[107.182.31.15]: 554 5.7.1 Service unavailable; Client host [107.182.31.15] blocked using zen.spamhaus.org; http://www.spamhaus.org/sbl/query/SBLCSS; from=<Documentary|Diet@see-diet-chart.top> to=<jdent@seaglass.com> proto=ESMTP helo=<0028c174.see-diet-chart.top>
Nov  1 10:11:14 conch postfix/smtpd[21656]: disconnect from unknown[107.182.31.15]
Nov  1 10:11:44 conch postfix/smtpd[21656]: connect from unknown[117.31.21.115]
Nov  1 10:11:45 conch postfix/smtpd[21656]: NOQUEUE: reject: RCPT from unknown[117.31.21.115]: 554 5.7.1 <sales@seaglass.com>: Recipient address rejected: Access denied; from=<mci@niaol.com> to=<sales@seaglass.com> proto=ESMTP helo=<niaol.com>
Nov  1 10:11:45 conch postfix/smtpd[21656]: disconnect from unknown[117.31.21.115]
Nov  1 10:12:15 conch postfix/anvil[21553]: statistics: max connection rate 2/60s for (smtp:80.82.70.142) at Nov  1 10:09:36
Nov  1 10:12:15 conch postfix/anvil[21553]: statistics: max connection count 1 for (smtp:96.45.70.44) at Nov  1 10:02:59
Nov  1 10:12:15 conch postfix/anvil[21553]: statistics: max cache size 3 at Nov  1 10:11:44
Nov  1 10:12:19 conch postfix/smtpd[21656]: connect from unknown[121.8.124.131]
Nov  1 10:12:20 conch postfix/smtpd[21656]: NOQUEUE: reject: RCPT from unknown[121.8.124.131]: 450 4.7.1 <mailserver.jeter.com.cn>: Helo command rejected: Host not found; from=<clients@notification.com> to=<kdent@seaglass.com> proto=SMTP helo=<mailserver.jeter.com.cn>
Nov  1 10:12:20 conch postfix/smtpd[21656]: disconnect from unknown[121.8.124.131]
Nov  1 10:12:28 conch postfix/qmgr[25409]: ABC85242CA: from=<>, size=6775, nrcpt=1 (queue active)
Nov  1 10:12:30 conch postfix/smtp[21677]: ABC85242CA: to=<roy-brierley@talktalk.net>, relay=mx-c1.talktalk.net[62.24.202.3]:25, delay=332320, delays=332319/0.01/1/0.24, dsn=4.0.0, status=deferred (host mx-c1.talktalk.net[62.24.202.3] said: 452 Too many recipients received from the sender (in reply to RCPT TO command))
Nov  1 10:14:26 conch postfix/smtpd[21650]: timeout after EHLO from mail.tired.win[115.28.152.97]
Nov  1 10:14:26 conch postfix/smtpd[21650]: disconnect from mail.tired.win[115.28.152.97]
Nov  1 10:14:38 conch postfix/smtpd[21650]: warning: 80.82.70.143: address not listed for hostname hosted-by.ecatel.net
Nov  1 10:14:38 conch postfix/smtpd[21650]: connect from unknown[80.82.70.143]
Nov  1 10:14:39 conch postfix/smtpd[21650]: 8C5CB242EB: client=unknown[80.82.70.143]
Nov  1 10:14:39 conch postfix/cleanup[21683]: 8C5CB242EB: message-id=<f8509babbeddea6fc34dc518b32b0476.3140406.8586542jdent@seaglass.com>
Nov  1 10:14:39 conch postfix/qmgr[25409]: 8C5CB242EB: from=<BusinessLoan@xxxye.eu>, size=5589, nrcpt=1 (queue active)
Nov  1 10:14:40 conch postfix/smtpd[21650]: disconnect from unknown[80.82.70.143]
Nov  1 10:14:42 conch postfix/smtp[21684]: 8C5CB242EB: to=<jdent@seaglass.com>, relay=mail.seaglass.com[74.220.219.61]:25, delay=3, delays=0.51/0.01/2.2/0.31, dsn=2.0.0, status=sent (250 OK id=1Zsx9O-0006Vy-6L)
Nov  1 10:14:42 conch postfix/qmgr[25409]: 8C5CB242EB: removed
Nov  1 10:14:54 conch postfix/smtpd[21650]: warning: 80.82.70.143: address not listed for hostname hosted-by.ecatel.net
Nov  1 10:14:54 conch postfix/smtpd[21650]: connect from unknown[80.82.70.143]
Nov  1 10:14:54 conch postfix/smtpd[21650]: 95705242EB: client=unknown[80.82.70.143]
Nov  1 10:14:54 conch postfix/cleanup[21683]: 95705242EB: message-id=<3d7a0d781b11209669ef740f6068165e.12619243.24766131becky@seaglass.com>
Nov  1 10:14:54 conch postfix/qmgr[25409]: 95705242EB: from=<BusinessLoan@xxxye.eu>, size=5624, nrcpt=1 (queue active)
Nov  1 10:14:55 conch postfix/smtpd[21650]: disconnect from unknown[80.82.70.143]
Nov  1 10:14:57 conch postfix/smtp[21684]: 95705242EB: to=<becky@seaglass.com>, relay=mail.seaglass.com[74.220.219.61]:25, delay=2.8, delays=0.25/0/2.2/0.3, dsn=2.0.0, status=sent (250 OK id=1Zsx9d-0006cq-7N)
Nov  1 10:14:57 conch postfix/qmgr[25409]: 95705242EB: removed
Nov  1 10:16:07 conch postfix/smtpd[21650]: warning: 192.227.231.35: address not listed for hostname 192-227-231-35-host.colocrossing.com
Nov  1 10:16:07 conch postfix/smtpd[21650]: connect from unknown[192.227.231.35]
Nov  1 10:16:07 conch postfix/smtpd[21686]: warning: 192.227.231.35: address not listed for hostname 192-227-231-35-host.colocrossing.com
Nov  1 10:16:07 conch postfix/smtpd[21686]: connect from unknown[192.227.231.35]
Nov  1 10:16:07 conch postfix/smtpd[21686]: E9CBE242EB: client=unknown[192.227.231.35]
Nov  1 10:16:08 conch postfix/cleanup[21683]: E9CBE242EB: message-id=<1430280125985461430111017148@h4xntyox0.gcsuraim.space>
Nov  1 10:16:08 conch postfix/smtpd[21650]: 20633242EE: client=unknown[192.227.231.35]
Nov  1 10:16:08 conch postfix/qmgr[25409]: E9CBE242EB: from=<Tryneuracel.com@gcsuraim.space>, size=8953, nrcpt=1 (queue active)
Nov  1 10:16:08 conch postfix/cleanup[21689]: 20633242EE: message-id=<14302802495283143011102947@h4xntyox0.gcsuraim.space>
Nov  1 10:16:08 conch postfix/qmgr[25409]: 20633242EE: from=<DefeatNervePainNOW@gcsuraim.space>, size=8941, nrcpt=1 (queue active)
Nov  1 10:16:08 conch postfix/smtpd[21686]: 6A859242EF: client=unknown[192.227.231.35]
Nov  1 10:16:08 conch postfix/smtpd[21650]: disconnect from unknown[192.227.231.35]
Nov  1 10:16:08 conch postfix/cleanup[21683]: 6A859242EF: message-id=<143028017306042143011102850@h4xntyox0.gcsuraim.space>
Nov  1 10:16:08 conch postfix/qmgr[25409]: 6A859242EF: from=<NervePainSolution@gcsuraim.space>, size=8974, nrcpt=1 (queue active)
Nov  1 10:16:08 conch postfix/smtpd[21686]: disconnect from unknown[192.227.231.35]
Nov  1 10:16:10 conch postfix/smtp[21684]: E9CBE242EB: to=<jdent@seaglass.com>, relay=mail.seaglass.com[74.220.219.61]:25, delay=3, delays=0.42/0/2.2/0.37, dsn=2.0.0, status=sent (250 OK id=1ZsxAo-0007Gd-Ig)
Nov  1 10:16:10 conch postfix/qmgr[25409]: E9CBE242EB: removed
Nov  1 10:16:10 conch postfix/smtp[21690]: 20633242EE: to=<riley@seaglass.com>, relay=mail.seaglass.com[74.220.219.61]:25, delay=3.1, delays=0.56/0.01/2.2/0.36, dsn=2.0.0, status=sent (250 OK id=1ZsxAo-0007Gh-NY)
Nov  1 10:16:10 conch postfix/qmgr[25409]: 20633242EE: removed
Nov  1 10:16:11 conch postfix/smtp[21691]: 6A859242EF: to=<kdent@seaglass.com>, relay=mail.seaglass.com[74.220.219.61]:25, delay=2.8, delays=0.23/0.01/2.2/0.37, dsn=2.0.0, status=sent (250 OK id=1ZsxAo-0007Gn-Uu)
Nov  1 10:16:11 conch postfix/qmgr[25409]: 6A859242EF: removed
Nov  1 10:17:48 conch postfix/smtpd[21693]: warning: 80.82.70.143: address not listed for hostname hosted-by.ecatel.net
Nov  1 10:17:48 conch postfix/smtpd[21693]: connect from unknown[80.82.70.143]
Nov  1 10:17:49 conch postfix/smtpd[21693]: 99CCC242EB: client=unknown[80.82.70.143]
Nov  1 10:17:49 conch postfix/cleanup[21695]: 99CCC242EB: message-id=<5dcfd80285d21a72abf3c46e396c0002.21234027.9371134kdent@seaglass.com>
Nov  1 10:17:49 conch postfix/qmgr[25409]: 99CCC242EB: from=<BusinessLoan@xxxye.eu>, size=5602, nrcpt=1 (queue active)
Nov  1 10:17:50 conch postfix/smtpd[21693]: disconnect from unknown[80.82.70.143]
Nov  1 10:17:52 conch postfix/smtp[21684]: 99CCC242EB: to=<kdent@seaglass.com>, relay=mail.seaglass.com[74.220.219.61]:25, delay=3.1, delays=0.55/0/2.2/0.3, dsn=2.0.0, status=sent (250 OK id=1ZsxCS-0008TA-8j)
Nov  1 10:17:52 conch postfix/qmgr[25409]: 99CCC242EB: removed
Nov  1 10:20:07 conch postfix/smtpd[21712]: connect from 3lvd3t8.redeemletterselect.science[185.121.164.42]
Nov  1 10:20:07 conch postfix/smtpd[21714]: connect from 3lvd3t8.redeemletterselect.science[185.121.164.42]
Nov  1 10:20:08 conch postfix/smtpd[21714]: NOQUEUE: reject: RCPT from 3lvd3t8.redeemletterselect.science[185.121.164.42]: 554 5.7.1 Service unavailable; Client host [185.121.164.42] blocked using zen.spamhaus.org; http://www.spamhaus.org/sbl/query/SBLCSS; from=<ELIMINATE-WRINKLES-@redeemletterselect.science> to=<riley@seaglass.com> proto=ESMTP helo=<3lvd3t8.redeemletterselect.science>
Nov  1 10:20:08 conch postfix/smtpd[21714]: disconnect from 3lvd3t8.redeemletterselect.science[185.121.164.42]
Nov  1 10:20:08 conch postfix/smtpd[21712]: NOQUEUE: reject: RCPT from 3lvd3t8.redeemletterselect.science[185.121.164.42]: 554 5.7.1 Service unavailable; Client host [185.121.164.42] blocked using zen.spamhaus.org; http://www.spamhaus.org/sbl/query/SBLCSS; from=<PURA-BELLA@redeemletterselect.science> to=<jdent@seaglass.com> proto=ESMTP helo=<3lvd3t8.redeemletterselect.science>
Nov  1 10:20:08 conch postfix/smtpd[21712]: disconnect from 3lvd3t8.redeemletterselect.science[185.121.164.42]
Nov  1 10:22:12 conch postfix/smtpd[21717]: connect from mail.tired.win[115.28.152.97]
Nov  1 10:22:13 conch postfix/smtpd[21717]: NOQUEUE: reject: RCPT from mail.tired.win[115.28.152.97]: 554 5.7.1 <teri@seaglass.com>: Recipient address rejected: Access denied; from=<yeyiawo@tired.win> to=<teri@seaglass.com> proto=ESMTP helo=<mail.tired.win>
Nov  1 10:22:13 conch postfix/smtpd[21717]: disconnect from mail.tired.win[115.28.152.97]
Nov  1 10:22:14 conch postfix/smtpd[21717]: warning: 80.82.70.144: address not listed for hostname hosted-by.ecatel.net
Nov  1 10:22:14 conch postfix/smtpd[21717]: connect from unknown[80.82.70.144]
Nov  1 10:22:14 conch postfix/smtpd[21717]: A7D59242EB: client=unknown[80.82.70.144]
Nov  1 10:22:14 conch postfix/cleanup[21720]: A7D59242EB: message-id=<0.0.f8509babbeddea6fc34dc518b32b0476.15161740.20530846.0jdent@seaglass.com>
Nov  1 10:22:14 conch postfix/qmgr[25409]: A7D59242EB: from=<CNNHealth-Memory-Enhancer@akohl.eu>, size=5643, nrcpt=1 (queue active)
Nov  1 10:22:15 conch postfix/anvil[21553]: statistics: max connection rate 2/60s for (smtp:80.82.70.143) at Nov  1 10:14:54
Nov  1 10:22:15 conch postfix/anvil[21553]: statistics: max connection count 2 for (smtp:192.227.231.35) at Nov  1 10:16:07
Nov  1 10:22:15 conch postfix/anvil[21553]: statistics: max cache size 3 at Nov  1 10:12:19
Nov  1 10:22:15 conch postfix/smtpd[21717]: disconnect from unknown[80.82.70.144]
Nov  1 10:22:17 conch postfix/smtp[21721]: A7D59242EB: to=<jdent@seaglass.com>, relay=mail.seaglass.com[74.220.219.61]:25, delay=2.8, delays=0.27/0.01/2.2/0.3, dsn=2.0.0, status=sent (250 OK id=1ZsxGj-0001pU-9v)
Nov  1 10:22:17 conch postfix/qmgr[25409]: A7D59242EB: removed
Nov  1 10:23:40 conch postfix/smtpd[21717]: warning: 80.82.70.144: address not listed for hostname hosted-by.ecatel.net
Nov  1 10:23:40 conch postfix/smtpd[21717]: connect from unknown[80.82.70.144]
Nov  1 10:23:40 conch postfix/smtpd[21717]: A3509242EB: client=unknown[80.82.70.144]
Nov  1 10:23:40 conch postfix/cleanup[21720]: A3509242EB: message-id=<0.0.3d7a0d781b11209669ef740f6068165e.23871792.17289485.0becky@seaglass.com>
Nov  1 10:23:40 conch postfix/qmgr[25409]: A3509242EB: from=<CNNHealth-Memory-Enhancer@akohl.eu>, size=5643, nrcpt=1 (queue active)
Nov  1 10:23:41 conch postfix/smtpd[21717]: disconnect from unknown[80.82.70.144]
Nov  1 10:23:43 conch postfix/smtp[21721]: A3509242EB: to=<becky@seaglass.com>, relay=mail.seaglass.com[74.220.219.61]:25, delay=2.8, delays=0.26/0/2.2/0.31, dsn=2.0.0, status=sent (250 OK id=1ZsxI7-0002Or-8w)
Nov  1 10:23:43 conch postfix/qmgr[25409]: A3509242EB: removed
Nov  1 10:24:27 conch postfix/smtpd[21717]: warning: 80.82.70.144: address not listed for hostname hosted-by.ecatel.net
Nov  1 10:24:27 conch postfix/smtpd[21717]: connect from unknown[80.82.70.144]
Nov  1 10:24:28 conch postfix/smtpd[21717]: 0A259242EB: client=unknown[80.82.70.144]
Nov  1 10:24:28 conch postfix/cleanup[21720]: 0A259242EB: message-id=<0.0.5dcfd80285d21a72abf3c46e396c0002.12397826.16962964.0kdent@seaglass.com>
Nov  1 10:24:28 conch postfix/qmgr[25409]: 0A259242EB: from=<CNNHealth-Memory-Enhancer@akohl.eu>, size=5643, nrcpt=1 (queue active)
Nov  1 10:24:28 conch postfix/smtpd[21717]: disconnect from unknown[80.82.70.144]
Nov  1 10:24:30 conch postfix/smtp[21721]: 0A259242EB: to=<kdent@seaglass.com>, relay=mail.seaglass.com[74.220.219.61]:25, delay=2.8, delays=0.28/0/2.2/0.3, dsn=2.0.0, status=sent (250 OK id=1ZsxIs-0002j0-LU)
Nov  1 10:24:30 conch postfix/qmgr[25409]: 0A259242EB: removed
Nov  1 10:25:12 conch postfix/smtpd[21717]: warning: 64.110.25.55: address not listed for hostname dyna55.armadyl.org
Nov  1 10:25:12 conch postfix/smtpd[21717]: connect from unknown[64.110.25.55]
Nov  1 10:25:12 conch postfix/smtpd[21717]: NOQUEUE: reject: RCPT from unknown[64.110.25.55]: 450 4.7.1 <mail.gestionchenil.com>: Helo command rejected: Host not found; from=<sam-miller-kdent=seaglass.com@gestionchenil.com> to=<kdent@seaglass.com> proto=ESMTP helo=<mail.gestionchenil.com>
Nov  1 10:25:12 conch postfix/smtpd[21717]: disconnect from unknown[64.110.25.55]
Nov  1 10:26:55 conch postfix/smtpd[21725]: warning: 80.82.70.145: address not listed for hostname hosted-by.ecatel.net
Nov  1 10:26:55 conch postfix/smtpd[21725]: connect from unknown[80.82.70.145]
Nov  1 10:26:56 conch postfix/smtpd[21725]: 929A5242EB: client=unknown[80.82.70.145]
Nov  1 10:26:56 conch postfix/cleanup[21728]: 929A5242EB: message-id=<5dcfd80285d21a72abf3c46e396c0002.17273603.8333788kdent@seaglass.com>
Nov  1 10:26:56 conch postfix/qmgr[25409]: 929A5242EB: from=<Reverse.Your.Mortgage@airbk.eu>, size=5822, nrcpt=1 (queue active)
Nov  1 10:26:57 conch postfix/smtpd[21725]: disconnect from unknown[80.82.70.145]
Nov  1 10:26:59 conch postfix/smtp[21729]: 929A5242EB: to=<kdent@seaglass.com>, relay=mail.seaglass.com[74.220.219.61]:25, delay=3.3, delays=0.76/0.01/2.2/0.3, dsn=2.0.0, status=sent (250 OK id=1ZsxLH-0003mN-7U)
Nov  1 10:26:59 conch postfix/qmgr[25409]: 929A5242EB: removed
Nov  1 10:26:59 conch postfix/smtpd[21725]: warning: 118.189.72.127: address not listed for hostname 127.72.189.118.static.m1net.com.sg
Nov  1 10:26:59 conch postfix/smtpd[21725]: connect from unknown[118.189.72.127]
Nov  1 10:27:01 conch postfix/smtpd[21725]: lost connection after AUTH from unknown[118.189.72.127]
Nov  1 10:27:01 conch postfix/smtpd[21725]: disconnect from unknown[118.189.72.127]
Nov  1 10:27:22 conch postfix/smtpd[21725]: connect from unknown[121.8.124.131]
Nov  1 10:27:23 conch postfix/smtpd[21725]: NOQUEUE: reject: RCPT from unknown[121.8.124.131]: 450 4.7.1 <mailserver.jeter.com.cn>: Helo command rejected: Host not found; from=<clients@notification.com> to=<kdent@seaglass.com> proto=SMTP helo=<mailserver.jeter.com.cn>
Nov  1 10:27:24 conch postfix/smtpd[21725]: disconnect from unknown[121.8.124.131]
Nov  1 10:30:07 conch postfix/smtpd[21745]: warning: 80.82.70.145: address not listed for hostname hosted-by.ecatel.net
Nov  1 10:30:07 conch postfix/smtpd[21745]: connect from unknown[80.82.70.145]
Nov  1 10:30:07 conch postfix/smtpd[21745]: E4744242EB: client=unknown[80.82.70.145]
Nov  1 10:30:08 conch postfix/cleanup[21748]: E4744242EB: message-id=<f8509babbeddea6fc34dc518b32b0476.11263500.21164368jdent@seaglass.com>
Nov  1 10:30:08 conch postfix/qmgr[25409]: E4744242EB: from=<Reverse.Your.Mortgage@airbk.eu>, size=5849, nrcpt=1 (queue active)
Nov  1 10:30:08 conch postfix/smtpd[21745]: disconnect from unknown[80.82.70.145]
Nov  1 10:30:10 conch postfix/smtp[21749]: E4744242EB: to=<jdent@seaglass.com>, relay=mail.seaglass.com[74.220.219.61]:25, delay=3, delays=0.48/0.01/2.2/0.31, dsn=2.0.0, status=sent (250 OK id=1ZsxOM-0005DN-KP)
Nov  1 10:30:10 conch postfix/qmgr[25409]: E4744242EB: removed
Nov  1 10:30:43 conch postfix/smtpd[21745]: warning: 80.82.70.145: address not listed for hostname hosted-by.ecatel.net
Nov  1 10:30:43 conch postfix/smtpd[21745]: connect from unknown[80.82.70.145]
Nov  1 10:30:43 conch postfix/smtpd[21745]: B7BB7242EB: client=unknown[80.82.70.145]
Nov  1 10:30:43 conch postfix/cleanup[21748]: B7BB7242EB: message-id=<3d7a0d781b11209669ef740f6068165e.5441131.20632947becky@seaglass.com>
Nov  1 10:30:43 conch postfix/qmgr[25409]: B7BB7242EB: from=<Reverse.Your.Mortgage@airbk.eu>, size=5833, nrcpt=1 (queue active)
Nov  1 10:30:44 conch postfix/smtpd[21745]: disconnect from unknown[80.82.70.145]
Nov  1 10:30:46 conch postfix/smtp[21749]: B7BB7242EB: to=<becky@seaglass.com>, relay=mail.seaglass.com[74.220.219.61]:25, delay=2.8, delays=0.25/0/2.2/0.3, dsn=2.0.0, status=sent (250 OK id=1ZsxOw-0005U4-BM)
Nov  1 10:30:46 conch postfix/qmgr[25409]: B7BB7242EB: removed
Nov  1 10:31:55 conch postfix/smtpd[21745]: connect from mail2.contratistaseinmobiliarias.com[69.64.70.209]
Nov  1 10:31:55 conch postfix/smtpd[21745]: NOQUEUE: reject: RCPT from mail2.contratistaseinmobiliarias.com[69.64.70.209]: 554 5.7.1 <admin@seaglass.com>: Recipient address rejected: Access denied; from=<ing.portuaria@contratistaseinmobiliarias.com> to=<admin@seaglass.com> proto=ESMTP helo=<mail2.contratistaseinmobiliarias.com>
Nov  1 10:31:55 conch postfix/smtpd[21745]: disconnect from mail2.contratistaseinmobiliarias.com[69.64.70.209]
Nov  1 10:32:15 conch postfix/anvil[21553]: statistics: max connection rate 2/60s for (smtp:80.82.70.144) at Nov  1 10:24:27
Nov  1 10:32:15 conch postfix/anvil[21553]: statistics: max connection count 1 for (smtp:80.82.70.144) at Nov  1 10:23:40
Nov  1 10:32:15 conch postfix/anvil[21553]: statistics: max cache size 3 at Nov  1 10:27:22
Nov  1 10:32:28 conch postfix/qmgr[25409]: B3405242E7: from=<>, size=16645, nrcpt=1 (queue active)
Nov  1 10:32:28 conch postfix/smtp[21753]: B3405242E7: to=<ShoppingGuide:KitchenCabinets@findivisitnighteen.download>, relay=lbzod.findivisitnighteen.download[128.177.48.75]:25, delay=260884, delays=260884/0.01/0.17/0, dsn=4.4.2, status=deferred (lost connection with lbzod.findivisitnighteen.download[128.177.48.75] while receiving the initial server greeting)
Nov  1 10:33:08 conch postfix/smtpd[21745]: warning: 192.227.231.36: address not listed for hostname 192-227-231-36-host.colocrossing.com
Nov  1 10:33:08 conch postfix/smtpd[21745]: connect from unknown[192.227.231.36]
Nov  1 10:33:08 conch postfix/smtpd[21755]: warning: 192.227.231.36: address not listed for hostname 192-227-231-36-host.colocrossing.com
Nov  1 10:33:08 conch postfix/smtpd[21755]: connect from unknown[192.227.231.36]
Nov  1 10:33:09 conch postfix/smtpd[21755]: 4C346242EB: client=unknown[192.227.231.36]
Nov  1 10:33:09 conch postfix/cleanup[21759]: 4C346242EB: message-id=<1431280125985461431181745529@51whulg8f.gdsuraim.space>
Nov  1 10:33:09 conch postfix/smtpd[21745]: 76C73242EE: client=unknown[192.227.231.36]
Nov  1 10:33:09 conch postfix/qmgr[25409]: 4C346242EB: from=<ProbioSlim@gdsuraim.space>, size=5430, nrcpt=1 (queue active)
Nov  1 10:33:09 conch postfix/cleanup[21760]: 76C73242EE: message-id=<1431280173060421431181745527@51whulg8f.gdsuraim.space>
Nov  1 10:33:09 conch postfix/qmgr[25409]: 76C73242EE: from=<ProbioSlim@gdsuraim.space>, size=5422, nrcpt=1 (queue active)
Nov  1 10:33:09 conch postfix/smtpd[21755]: AED85242EF: client=unknown[192.227.231.36]
Nov  1 10:33:09 conch postfix/smtpd[21745]: disconnect from unknown[192.227.231.36]
