Nov  7 07:32:07 conch postfix/smtpd[20282]: connect from mta.exct.stansberryresearch.com[136.147.136.26]
Nov  7 07:32:08 conch postfix/smtpd[20282]: 167C3242D5: client=mta.exct.stansberryresearch.com[136.147.136.26]
Nov  7 07:32:08 conch postfix/cleanup[20285]: 167C3242D5: message-id=<5887a53e-b06f-4c57-8c2d-2d3f23cdda7d@xtgap4s7mta1217.xt.local>
Nov  7 07:32:08 conch postfix/qmgr[25409]: 167C3242D5: from=<bounce-755_HTML-59957525-878682-7207077-178@bounce.exct.stansberryresearch.com>, size=32498, nrcpt=1 (queue active)
Nov  7 07:32:08 conch postfix/smtpd[20282]: disconnect from mta.exct.stansberryresearch.com[136.147.136.26]
Nov  7 07:32:10 conch postfix/smtp[20267]: 167C3242D5: to=<becky@seaglass.com>, relay=mail.seaglass.com[74.220.219.61]:25, delay=2.9, delays=0.24/0/2.2/0.48, dsn=2.0.0, status=sent (250 OK id=1Zv5TO-00087B-JH)
Nov  7 07:32:10 conch postfix/qmgr[25409]: 167C3242D5: removed
Nov  7 07:32:53 conch postfix/smtpd[20282]: connect from unknown[192.119.159.69]
Nov  7 07:32:54 conch postfix/smtpd[20282]: 279C4242D5: client=unknown[192.119.159.69]
Nov  7 07:32:54 conch postfix/cleanup[20285]: 279C4242D5: message-id=<0.0.3d7a0d781b11209669ef740f6068165e.16771732.16672150.0becky@seaglass.com>
Nov  7 07:32:54 conch postfix/qmgr[25409]: 279C4242D5: from=<US-Army-Survival-Tool@uizle.xyz>, size=4799, nrcpt=1 (queue active)
Nov  7 07:32:54 conch postfix/smtpd[20282]: disconnect from unknown[192.119.159.69]
Nov  7 07:32:56 conch postfix/smtp[20267]: 279C4242D5: to=<becky@seaglass.com>, relay=mail.seaglass.com[74.220.219.61]:25, delay=2.7, delays=0.17/0/2.2/0.3, dsn=2.0.0, status=sent (250 OK id=1Zv5U8-0000Ax-MK)
Nov  7 07:32:56 conch postfix/qmgr[25409]: 279C4242D5: removed
Nov  7 07:33:01 conch postfix/smtpd[20282]: connect from unknown[192.119.159.69]
Nov  7 07:33:01 conch postfix/smtpd[20282]: 3EED9242D5: client=unknown[192.119.159.69]
Nov  7 07:33:01 conch postfix/cleanup[20285]: 3EED9242D5: message-id=<0.0.f8509babbeddea6fc34dc518b32b0476.6552180.23819014.0jdent@seaglass.com>
Nov  7 07:33:01 conch postfix/qmgr[25409]: 3EED9242D5: from=<US-Army-Survival-Tool@uizle.xyz>, size=4797, nrcpt=1 (queue active)
Nov  7 07:33:01 conch postfix/smtpd[20282]: disconnect from unknown[192.119.159.69]
Nov  7 07:33:04 conch postfix/smtp[20267]: 3EED9242D5: to=<jdent@seaglass.com>, relay=mail.seaglass.com[74.220.219.61]:25, delay=3.1, delays=0.52/0/2.2/0.3, dsn=2.0.0, status=sent (250 OK id=1Zv5UG-0000GI-59)
Nov  7 07:33:04 conch postfix/qmgr[25409]: 3EED9242D5: removed
Nov  7 07:33:40 conch postfix/smtpd[20282]: connect from unknown[192.119.159.69]
Nov  7 07:33:40 conch postfix/smtpd[20282]: BC66C242D5: client=unknown[192.119.159.69]
Nov  7 07:33:40 conch postfix/cleanup[20285]: BC66C242D5: message-id=<0.0.5dcfd80285d21a72abf3c46e396c0002.4995719.14438105.0kdent@seaglass.com>
Nov  7 07:33:40 conch postfix/qmgr[25409]: BC66C242D5: from=<US-Army-Survival-Tool@uizle.xyz>, size=4797, nrcpt=1 (queue active)
Nov  7 07:33:40 conch postfix/smtpd[20282]: disconnect from unknown[192.119.159.69]
Nov  7 07:33:43 conch postfix/smtp[20267]: BC66C242D5: to=<kdent@seaglass.com>, relay=mail.seaglass.com[74.220.219.61]:25, delay=2.6, delays=0.11/0/2.2/0.3, dsn=2.0.0, status=sent (250 OK id=1Zv5Ut-0000if-7W)
Nov  7 07:33:43 conch postfix/qmgr[25409]: BC66C242D5: removed
Nov  7 07:34:48 conch postfix/smtpd[20282]: warning: 192.227.231.33: address not listed for hostname 192-227-231-33-host.colocrossing.com
Nov  7 07:34:48 conch postfix/smtpd[20282]: connect from unknown[192.227.231.33]
Nov  7 07:34:48 conch postfix/smtpd[20291]: warning: 192.227.231.33: address not listed for hostname 192-227-231-33-host.colocrossing.com
Nov  7 07:34:48 conch postfix/smtpd[20291]: connect from unknown[192.227.231.33]
Nov  7 07:34:48 conch postfix/smtpd[20282]: DEBEC242D5: client=unknown[192.227.231.33]
Nov  7 07:34:48 conch postfix/smtpd[20291]: F030A242E7: client=unknown[192.227.231.33]
Nov  7 07:34:49 conch postfix/cleanup[20285]: DEBEC242D5: message-id=<16262801259854616269392265577@38oxf.ccckmelb.top>
Nov  7 07:34:49 conch postfix/cleanup[20294]: F030A242E7: message-id=<16262801730604216269392265577@38oxf.ccckmelb.top>
Nov  7 07:34:49 conch postfix/qmgr[25409]: DEBEC242D5: from=<BusinessInternetProviders@ccckmelb.top>, size=8827, nrcpt=1 (queue active)
Nov  7 07:34:49 conch postfix/qmgr[25409]: F030A242E7: from=<BusinessInternetProviders@ccckmelb.top>, size=8818, nrcpt=1 (queue active)
Nov  7 07:34:49 conch postfix/smtpd[20282]: 588E8242EB: client=unknown[192.227.231.33]
Nov  7 07:34:49 conch postfix/smtpd[20291]: disconnect from unknown[192.227.231.33]
Nov  7 07:34:49 conch postfix/cleanup[20285]: 588E8242EB: message-id=<1626280249528316269392265577@38oxf.ccckmelb.top>
Nov  7 07:34:49 conch postfix/qmgr[25409]: 588E8242EB: from=<BusinessInternetProviders@ccckmelb.top>, size=8812, nrcpt=1 (queue active)
Nov  7 07:34:49 conch postfix/smtpd[20282]: disconnect from unknown[192.227.231.33]
Nov  7 07:34:51 conch postfix/smtp[20267]: DEBEC242D5: to=<jdent@seaglass.com>, relay=mail.seaglass.com[74.220.219.61]:25, delay=3, delays=0.39/0/2.2/0.37, dsn=2.0.0, status=sent (250 OK id=1Zv5Vz-0001Uj-GT)
Nov  7 07:34:51 conch postfix/qmgr[25409]: DEBEC242D5: removed
Nov  7 07:34:51 conch postfix/smtp[20295]: F030A242E7: to=<kdent@seaglass.com>, relay=mail.seaglass.com[74.220.219.61]:25, delay=3.1, delays=0.46/0/2.2/0.37, dsn=2.0.0, status=sent (250 OK id=1Zv5Vz-0001Un-JX)
Nov  7 07:34:51 conch postfix/qmgr[25409]: F030A242E7: removed
Nov  7 07:34:52 conch postfix/smtp[20296]: 588E8242EB: to=<riley@seaglass.com>, relay=mail.seaglass.com[74.220.219.61]:25, delay=2.8, delays=0.25/0.01/2.2/0.36, dsn=2.0.0, status=sent (250 OK id=1Zv5Vz-0001V0-TM)
Nov  7 07:34:52 conch postfix/qmgr[25409]: 588E8242EB: removed
Nov  7 07:37:05 conch postfix/anvil[20123]: statistics: max connection rate 3/60s for (smtp:192.119.159.69) at Nov  7 07:33:40
Nov  7 07:37:05 conch postfix/anvil[20123]: statistics: max connection count 2 for (smtp:192.227.231.33) at Nov  7 07:34:48
Nov  7 07:37:05 conch postfix/anvil[20123]: statistics: max cache size 2 at Nov  7 07:27:21
Nov  7 07:37:33 conch postfix/smtpd[20297]: warning: 69.12.86.232: address not listed for hostname 69.12.86.232.static.quadranet.com
Nov  7 07:37:33 conch postfix/smtpd[20297]: connect from unknown[69.12.86.232]
Nov  7 07:37:33 conch postfix/smtpd[20297]: NOQUEUE: reject: RCPT from unknown[69.12.86.232]: 450 4.7.1 <mail.polifbrinasutra.com>: Helo command rejected: Host not found; from=<reverse.mortgage-riley=seaglass.com@polifbrinasutra.com> to=<riley@seaglass.com> proto=ESMTP helo=<mail.polifbrinasutra.com>
Nov  7 07:37:33 conch postfix/smtpd[20297]: NOQUEUE: reject: RCPT from unknown[69.12.86.232]: 450 4.7.1 <mail.polifbrinasutra.com>: Helo command rejected: Host not found; from=<reverse.mortgage.calculator-kdent=seaglass.com@polifbrinasutra.com> to=<kdent@seaglass.com> proto=ESMTP helo=<mail.polifbrinasutra.com>
Nov  7 07:37:33 conch postfix/smtpd[20297]: NOQUEUE: reject: RCPT from unknown[69.12.86.232]: 450 4.7.1 <mail.polifbrinasutra.com>: Helo command rejected: Host not found; from=<reverse.mortgage-jdent=seaglass.com@polifbrinasutra.com> to=<jdent@seaglass.com> proto=ESMTP helo=<mail.polifbrinasutra.com>
Nov  7 07:37:33 conch postfix/smtpd[20297]: disconnect from unknown[69.12.86.232]
Nov  7 07:37:53 conch postfix/smtpd[20297]: connect from unknown[192.119.159.70]
Nov  7 07:37:53 conch postfix/smtpd[20297]: 68B3A242D5: client=unknown[192.119.159.70]
Nov  7 07:37:53 conch postfix/cleanup[20301]: 68B3A242D5: message-id=<0.0.f8509babbeddea6fc34dc518b32b0476.14659429.21333034.0jdent@seaglass.com>
Nov  7 07:37:53 conch postfix/qmgr[25409]: 68B3A242D5: from=<Forbes_Brain_Booster@xnlwj.xyz>, size=5885, nrcpt=1 (queue active)
Nov  7 07:37:53 conch postfix/smtpd[20297]: disconnect from unknown[192.119.159.70]
Nov  7 07:37:56 conch postfix/smtp[20302]: 68B3A242D5: to=<jdent@seaglass.com>, relay=mail.seaglass.com[74.220.219.61]:25, delay=3.1, delays=0.53/0.01/2.2/0.3, dsn=2.0.0, status=sent (250 OK id=1Zv5Yy-0003de-6T)
Nov  7 07:37:56 conch postfix/qmgr[25409]: 68B3A242D5: removed
Nov  7 07:38:07 conch postfix/smtpd[20297]: connect from unknown[192.119.159.70]
Nov  7 07:38:07 conch postfix/smtpd[20297]: A60CA242D5: client=unknown[192.119.159.70]
Nov  7 07:38:07 conch postfix/cleanup[20301]: A60CA242D5: message-id=<0.0.5dcfd80285d21a72abf3c46e396c0002.6807171.14079918.0kdent@seaglass.com>
Nov  7 07:38:07 conch postfix/qmgr[25409]: A60CA242D5: from=<Forbes_Brain_Booster@xnlwj.xyz>, size=5876, nrcpt=1 (queue active)
Nov  7 07:38:07 conch postfix/smtpd[20297]: disconnect from unknown[192.119.159.70]
Nov  7 07:38:09 conch postfix/smtpd[20297]: warning: 23.94.158.117: address not listed for hostname 23-94-158-117-host.colocrossing.com
Nov  7 07:38:09 conch postfix/smtpd[20297]: connect from unknown[23.94.158.117]
Nov  7 07:38:10 conch postfix/smtpd[20297]: NOQUEUE: reject: RCPT from unknown[23.94.158.117]: 554 5.7.1 Service unavailable; Client host [23.94.158.117] blocked using zen.spamhaus.org; http://www.spamhaus.org/sbl/query/SBLCSS; from=<20/20VisionFormula@buisnessweek-search.date> to=<jdent@seaglass.com> proto=ESMTP helo=<0028c1b1.buisnessweek-search.date>
Nov  7 07:38:10 conch postfix/smtp[20302]: A60CA242D5: to=<kdent@seaglass.com>, relay=mail.seaglass.com[74.220.219.61]:25, delay=2.6, delays=0.13/0/2.2/0.3, dsn=2.0.0, status=sent (250 OK id=1Zv5ZC-0003oy-5L)
Nov  7 07:38:10 conch postfix/qmgr[25409]: A60CA242D5: removed
Nov  7 07:38:12 conch postfix/smtpd[20297]: disconnect from unknown[23.94.158.117]
Nov  7 07:39:58 conch postfix/smtpd[20304]: connect from unknown[192.119.159.70]
Nov  7 07:39:58 conch postfix/smtpd[20304]: 60077242D5: client=unknown[192.119.159.70]
Nov  7 07:39:58 conch postfix/cleanup[20307]: 60077242D5: message-id=<0.0.3d7a0d781b11209669ef740f6068165e.20200684.9214568.0becky@seaglass.com>
Nov  7 07:39:58 conch postfix/qmgr[25409]: 60077242D5: from=<Forbes_Brain_Booster@xnlwj.xyz>, size=5860, nrcpt=1 (queue active)
Nov  7 07:39:58 conch postfix/smtpd[20304]: disconnect from unknown[192.119.159.70]
Nov  7 07:40:01 conch postfix/smtp[20308]: 60077242D5: to=<becky@seaglass.com>, relay=mail.seaglass.com[74.220.219.61]:25, delay=2.7, delays=0.15/0.01/2.2/0.3, dsn=2.0.0, status=sent (250 OK id=1Zv5ay-0005Ba-SF)
Nov  7 07:40:01 conch postfix/qmgr[25409]: 60077242D5: removed
Nov  7 07:40:37 conch postfix/smtpd[20304]: connect from e84tmw.trundecto.download[94.156.36.89]
Nov  7 07:40:37 conch postfix/smtpd[20304]: NOQUEUE: reject: RCPT from e84tmw.trundecto.download[94.156.36.89]: 554 5.7.1 Service unavailable; Client host [94.156.36.89] blocked using zen.spamhaus.org; http://www.spamhaus.org/sbl/query/SBLCSS; from=<EDUOnline@trundecto.download> to=<kdent@seaglass.com> proto=ESMTP helo=<0850730b.trundecto.download>
Nov  7 07:40:38 conch postfix/smtpd[20304]: disconnect from e84tmw.trundecto.download[94.156.36.89]
Nov  7 07:41:41 conch postfix/smtpd[20304]: connect from sub.majaclp.com[23.95.53.169]
Nov  7 07:41:41 conch postfix/smtpd[20304]: NOQUEUE: reject: RCPT from sub.majaclp.com[23.95.53.169]: 554 5.7.1 Service unavailable; Client host [23.95.53.169] blocked using zen.spamhaus.org; http://www.spamhaus.org/sbl/query/SBLCSS; from=<jerry-kdent=seaglass.com@majaclp.com> to=<kdent@seaglass.com> proto=ESMTP helo=<sub.majaclp.com>
Nov  7 07:41:41 conch postfix/smtpd[20304]: disconnect from sub.majaclp.com[23.95.53.169]
Nov  7 07:43:41 conch postfix/smtpd[20325]: connect from unknown[192.119.159.71]
Nov  7 07:43:41 conch postfix/smtpd[20325]: A2CDE242D5: client=unknown[192.119.159.71]
Nov  7 07:43:41 conch postfix/cleanup[20328]: A2CDE242D5: message-id=<f8509babbeddea6fc34dc518b32b0476.12101525.3710534jdent@seaglass.com>
Nov  7 07:43:41 conch postfix/qmgr[25409]: A2CDE242D5: from=<Heart.Attack.Defender@xrdie.xyz>, size=5809, nrcpt=1 (queue active)
Nov  7 07:43:42 conch postfix/smtpd[20325]: disconnect from unknown[192.119.159.71]
Nov  7 07:43:43 conch postfix/smtpd[20325]: connect from whitei.win[128.204.198.35]
Nov  7 07:43:44 conch postfix/smtpd[20325]: NOQUEUE: reject: RCPT from whitei.win[128.204.198.35]: 554 5.7.1 Service unavailable; Client host [128.204.198.35] blocked using zen.spamhaus.org; http://www.spamhaus.org/sbl/query/SBLCSS; from=<canto@whitei.win> to=<kdent@seaglass.com> proto=ESMTP helo=<whitei.win>
Nov  7 07:43:44 conch postfix/smtp[20329]: A2CDE242D5: to=<jdent@seaglass.com>, relay=mail.seaglass.com[74.220.219.61]:25, delay=2.8, delays=0.27/0.01/2.2/0.3, dsn=2.0.0, status=sent (250 OK id=1Zv5ea-0007vt-4n)
Nov  7 07:43:44 conch postfix/qmgr[25409]: A2CDE242D5: removed
Nov  7 07:43:44 conch postfix/smtpd[20325]: lost connection after RCPT from whitei.win[128.204.198.35]
Nov  7 07:43:44 conch postfix/smtpd[20325]: disconnect from whitei.win[128.204.198.35]
Nov  7 07:46:11 conch postfix/smtpd[20330]: connect from unknown[192.119.159.71]
Nov  7 07:46:11 conch postfix/smtpd[20330]: NOQUEUE: reject: RCPT from unknown[192.119.159.71]: 554 5.7.1 Service unavailable; Client host [192.119.159.71] blocked using zen.spamhaus.org; http://www.spamhaus.org/sbl/query/SBLCSS; from=<Heart.Attack.Defender@xrdie.xyz> to=<kdent@seaglass.com> proto=ESMTP helo=<xrdie.xyz>
Nov  7 07:46:11 conch postfix/smtpd[20330]: disconnect from unknown[192.119.159.71]
Nov  7 07:46:22 conch postfix/smtpd[20330]: connect from exchangeca01.ad.fau.edu[131.91.100.129]
Nov  7 07:46:22 conch postfix/smtpd[20330]: CF6F5242D5: client=exchangeca01.ad.fau.edu[131.91.100.129]
Nov  7 07:46:23 conch postfix/cleanup[20334]: CF6F5242D5: message-id=<23FE46B5F415ED48897F5DB8986C626BAAC393A8@EXCHANGEMB03.ad.fau.edu>
Nov  7 07:46:23 conch postfix/qmgr[25409]: CF6F5242D5: from=<MURTAUGH@fau.edu>, size=26186, nrcpt=1 (queue active)
Nov  7 07:46:23 conch postfix/smtpd[20330]: disconnect from exchangeca01.ad.fau.edu[131.91.100.129]
Nov  7 07:46:25 conch postfix/smtpd[20330]: connect from unknown[192.119.159.71]
Nov  7 07:46:25 conch postfix/smtpd[20330]: NOQUEUE: reject: RCPT from unknown[192.119.159.71]: 554 5.7.1 Service unavailable; Client host [192.119.159.71] blocked using zen.spamhaus.org; http://www.spamhaus.org/sbl/query/SBLCSS; from=<Heart.Attack.Defender@xrdie.xyz> to=<becky@seaglass.com> proto=ESMTP helo=<xrdie.xyz>
Nov  7 07:46:26 conch postfix/smtpd[20330]: disconnect from unknown[192.119.159.71]
Nov  7 07:46:26 conch postfix/smtp[20335]: CF6F5242D5: to=<becky@seaglass.com>, relay=mail.seaglass.com[74.220.219.61]:25, delay=3.6, delays=0.53/0.01/2.2/0.86, dsn=2.0.0, status=sent (250 OK id=1Zv5hB-0001BX-S7)
Nov  7 07:46:26 conch postfix/qmgr[25409]: CF6F5242D5: removed
Nov  7 07:47:05 conch postfix/anvil[20123]: statistics: max connection rate 2/60s for (smtp:192.119.159.70) at Nov  7 07:38:07
Nov  7 07:47:05 conch postfix/anvil[20123]: statistics: max connection count 1 for (smtp:69.12.86.232) at Nov  7 07:37:33
Nov  7 07:47:05 conch postfix/anvil[20123]: statistics: max cache size 3 at Nov  7 07:38:09
Nov  7 07:49:32 conch postfix/smtpd[20338]: connect from unknown[192.119.159.72]
Nov  7 07:49:32 conch postfix/smtpd[20338]: 9A6D9242D5: client=unknown[192.119.159.72]
Nov  7 07:49:32 conch postfix/cleanup[20341]: 9A6D9242D5: message-id=<5dcfd80285d21a72abf3c46e396c0002.14494943.19233750kdent@seaglass.com>
Nov  7 07:49:32 conch postfix/qmgr[25409]: 9A6D9242D5: from=<RestoreYourSight@xtdxw.xyz>, size=5798, nrcpt=1 (queue active)
Nov  7 07:49:32 conch postfix/smtpd[20338]: disconnect from unknown[192.119.159.72]
Nov  7 07:49:35 conch postfix/smtp[20342]: 9A6D9242D5: to=<kdent@seaglass.com>, relay=mail.seaglass.com[74.220.219.61]:25, delay=2.8, delays=0.25/0.01/2.2/0.3, dsn=2.0.0, status=sent (250 OK id=1Zv5kF-0003NL-7f)
Nov  7 07:49:35 conch postfix/qmgr[25409]: 9A6D9242D5: removed
Nov  7 07:51:45 conch postfix/smtpd[20361]: warning: 192.227.231.211: address not listed for hostname 192-227-231-211-host.colocrossing.com
Nov  7 07:51:45 conch postfix/smtpd[20361]: connect from unknown[192.227.231.211]
Nov  7 07:51:45 conch postfix/smtpd[20359]: warning: 192.227.231.211: address not listed for hostname 192-227-231-211-host.colocrossing.com
Nov  7 07:51:45 conch postfix/smtpd[20359]: connect from unknown[192.227.231.211]
Nov  7 07:51:46 conch postfix/smtpd[20359]: 395FF242D5: client=unknown[192.227.231.211]
Nov  7 07:51:46 conch postfix/smtpd[20361]: 3B827242E7: client=unknown[192.227.231.211]
Nov  7 07:51:46 conch postfix/cleanup[20364]: 395FF242D5: message-id=<1627280249528316279493266578@p4xcjtj9.cdckmelb.top>
Nov  7 07:51:46 conch postfix/cleanup[20365]: 3B827242E7: message-id=<16272801259854616279493266578@p4xcjtj9.cdckmelb.top>
Nov  7 07:51:46 conch postfix/qmgr[25409]: 395FF242D5: from=<laundrydetergent@cdckmelb.top>, size=21227, nrcpt=1 (queue active)
Nov  7 07:51:46 conch postfix/qmgr[25409]: 3B827242E7: from=<laundrydetergent@cdckmelb.top>, size=21238, nrcpt=1 (queue active)
Nov  7 07:51:46 conch postfix/smtpd[20361]: disconnect from unknown[192.227.231.211]
Nov  7 07:51:46 conch postfix/smtpd[20359]: B7672242EB: client=unknown[192.227.231.211]
Nov  7 07:51:46 conch postfix/cleanup[20364]: B7672242EB: message-id=<16272801730604216279493266578@p4xcjtj9.cdckmelb.top>
Nov  7 07:51:46 conch postfix/qmgr[25409]: B7672242EB: from=<laundrydetergent@cdckmelb.top>, size=21236, nrcpt=1 (queue active)
Nov  7 07:51:47 conch postfix/smtpd[20359]: disconnect from unknown[192.227.231.211]
Nov  7 07:51:49 conch postfix/smtpd[20361]: connect from unknown[192.119.159.72]
Nov  7 07:51:49 conch postfix/smtp[20367]: 3B827242E7: to=<jdent@seaglass.com>, relay=mail.seaglass.com[74.220.219.61]:25, delay=3.2, delays=0.47/0.01/2.2/0.48, dsn=2.0.0, status=sent (250 OK id=1Zv5mO-0004lZ-TT)
Nov  7 07:51:49 conch postfix/qmgr[25409]: 3B827242E7: removed
Nov  7 07:51:49 conch postfix/smtp[20366]: 395FF242D5: to=<riley@seaglass.com>, relay=mail.seaglass.com[74.220.219.61]:25, delay=3.2, delays=0.45/0.02/2.2/0.48, dsn=2.0.0, status=sent (250 OK id=1Zv5mO-0004lY-TU)
Nov  7 07:51:49 conch postfix/qmgr[25409]: 395FF242D5: removed
Nov  7 07:51:49 conch postfix/smtpd[20361]: NOQUEUE: reject: RCPT from unknown[192.119.159.72]: 554 5.7.1 Service unavailable; Client host [192.119.159.72] blocked using zen.spamhaus.org; http://www.spamhaus.org/sbl/query/SBLCSS; from=<RestoreYourSight@xtdxw.xyz> to=<becky@seaglass.com> proto=ESMTP helo=<xtdxw.xyz>
Nov  7 07:51:49 conch postfix/smtp[20368]: B7672242EB: to=<kdent@seaglass.com>, relay=mail.seaglass.com[74.220.219.61]:25, delay=3, delays=0.3/0.01/2.2/0.48, dsn=2.0.0, status=sent (250 OK id=1Zv5mP-0004lh-B1)
Nov  7 07:51:49 conch postfix/qmgr[25409]: B7672242EB: removed
Nov  7 07:51:49 conch postfix/smtpd[20361]: disconnect from unknown[192.119.159.72]
Nov  7 07:51:51 conch postfix/smtpd[20359]: connect from unknown[192.119.159.72]
Nov  7 07:51:51 conch postfix/smtpd[20359]: NOQUEUE: reject: RCPT from unknown[192.119.159.72]: 554 5.7.1 Service unavailable; Client host [192.119.159.72] blocked using zen.spamhaus.org; http://www.spamhaus.org/sbl/query/SBLCSS; from=<RestoreYourSight@xtdxw.xyz> to=<jdent@seaglass.com> proto=ESMTP helo=<xtdxw.xyz>
Nov  7 07:51:51 conch postfix/smtpd[20359]: disconnect from unknown[192.119.159.72]
Nov  7 07:52:37 conch postfix/smtpd[20361]: warning: 45.58.112.245: address not listed for hostname hosted-by.reliablesite.net
Nov  7 07:52:37 conch postfix/smtpd[20361]: connect from unknown[45.58.112.245]
Nov  7 07:52:37 conch postfix/smtpd[20361]: NOQUEUE: reject: RCPT from unknown[45.58.112.245]: 554 5.7.1 Service unavailable; Client host [45.58.112.245] blocked using zen.spamhaus.org; http://www.spamhaus.org/sbl/query/SBLCSS; from=<noreply@fantastictonite.com> to=<becky@seaglass.com> proto=ESMTP helo=<18.fantastictonite.com>
Nov  7 07:52:37 conch postfix/smtpd[20361]: disconnect from unknown[45.58.112.245]
Nov  7 07:53:42 conch postfix/smtpd[20361]: connect from unknown[192.119.159.73]
Nov  7 07:53:42 conch postfix/smtpd[20361]: BA4A6242D5: client=unknown[192.119.159.73]
Nov  7 07:53:42 conch postfix/cleanup[20370]: BA4A6242D5: message-id=<0.0.f8509babbeddea6fc34dc518b32b0476.3551396.19708619.0jdent@seaglass.com>
Nov  7 07:53:42 conch postfix/qmgr[25409]: BA4A6242D5: from=<Walmart-Reward@ydwcb.xyz>, size=6002, nrcpt=1 (queue active)
Nov  7 07:53:43 conch postfix/smtpd[20361]: disconnect from unknown[192.119.159.73]
Nov  7 07:53:43 conch postfix/smtpd[20371]: connect from smtp-s03.vera.com.uy[200.40.31.12]
Nov  7 07:53:44 conch postfix/smtpd[20371]: DFAF3242E7: client=smtp-s03.vera.com.uy[200.40.31.12]
Nov  7 07:53:45 conch postfix/cleanup[20370]: DFAF3242E7: message-id=<19ABDE47-67F3-4FE9-87DD-8A70D2F989C8@adinet.com.uy>
Nov  7 07:53:45 conch postfix/qmgr[25409]: DFAF3242E7: from=<integra2@adinet.com.uy>, size=2010, nrcpt=1 (queue active)
Nov  7 07:53:45 conch postfix/smtpd[20371]: disconnect from smtp-s03.vera.com.uy[200.40.31.12]
Nov  7 07:53:45 conch postfix/smtp[20373]: BA4A6242D5: to=<jdent@seaglass.com>, relay=mail.seaglass.com[74.220.219.61]:25, delay=2.9, delays=0.38/0.01/2.2/0.29, dsn=2.0.0, status=sent (250 OK id=1Zv5oH-0006Hg-BJ)
Nov  7 07:53:45 conch postfix/qmgr[25409]: BA4A6242D5: removed
Nov  7 07:53:52 conch postfix/smtp[20374]: DFAF3242E7: to=<jdent@seaglass.com>, relay=mail.seaglass.com[74.220.219.61]:25, delay=7.9, delays=0.91/0.01/2.2/4.8, dsn=2.0.0, status=sent (250 OK id=1Zv5oL-0006Jn-63)
Nov  7 07:53:52 conch postfix/qmgr[25409]: DFAF3242E7: removed
Nov  7 07:55:19 conch postfix/smtpd[20361]: connect from unknown[192.119.159.73]
Nov  7 07:55:19 conch postfix/smtpd[20361]: B9F33242D5: client=unknown[192.119.159.73]
Nov  7 07:55:19 conch postfix/cleanup[20370]: B9F33242D5: message-id=<0.0.5dcfd80285d21a72abf3c46e396c0002.4479701.21155966.0kdent@seaglass.com>
Nov  7 07:55:19 conch postfix/qmgr[25409]: B9F33242D5: from=<Walmart-Reward@ydwcb.xyz>, size=6002, nrcpt=1 (queue active)
Nov  7 07:55:20 conch postfix/smtpd[20361]: disconnect from unknown[192.119.159.73]
Nov  7 07:55:22 conch postfix/smtp[20373]: B9F33242D5: to=<kdent@seaglass.com>, relay=mail.seaglass.com[74.220.219.61]:25, delay=2.7, delays=0.2/0/2.2/0.3, dsn=2.0.0, status=sent (250 OK id=1Zv5pq-0007Qt-AT)
Nov  7 07:55:22 conch postfix/qmgr[25409]: B9F33242D5: removed
Nov  7 07:55:53 conch postfix/smtpd[20361]: connect from unknown[192.119.159.73]
Nov  7 07:55:53 conch postfix/smtpd[20361]: 44692242D5: client=unknown[192.119.159.73]
Nov  7 07:55:53 conch postfix/cleanup[20370]: 44692242D5: message-id=<0.0.3d7a0d781b11209669ef740f6068165e.21079462.16904148.0becky@seaglass.com>
Nov  7 07:55:53 conch postfix/qmgr[25409]: 44692242D5: from=<Walmart-Reward@ydwcb.xyz>, size=6013, nrcpt=1 (queue active)
Nov  7 07:55:53 conch postfix/smtpd[20361]: disconnect from unknown[192.119.159.73]
Nov  7 07:55:55 conch postfix/smtp[20373]: 44692242D5: to=<becky@seaglass.com>, relay=mail.seaglass.com[74.220.219.61]:25, delay=2.7, delays=0.2/0/2.2/0.3, dsn=2.0.0, status=sent (250 OK id=1Zv5qN-0007ji-R7)
Nov  7 07:55:55 conch postfix/qmgr[25409]: 44692242D5: removed
Nov  7 07:57:05 conch postfix/anvil[20123]: statistics: max connection rate 2/60s for (smtp:192.227.231.211) at Nov  7 07:51:45
Nov  7 07:57:05 conch postfix/anvil[20123]: statistics: max connection count 2 for (smtp:192.227.231.211) at Nov  7 07:51:45
Nov  7 07:57:05 conch postfix/anvil[20123]: statistics: max cache size 3 at Nov  7 07:52:37
Nov  7 07:57:34 conch postfix/smtpd[20377]: warning: 69.12.86.232: address not listed for hostname 69.12.86.232.static.quadranet.com
Nov  7 07:57:34 conch postfix/smtpd[20377]: connect from unknown[69.12.86.232]
Nov  7 07:57:34 conch postfix/smtpd[20377]: NOQUEUE: reject: RCPT from unknown[69.12.86.232]: 450 4.7.1 <mail.polifbrinasutra.com>: Helo command rejected: Host not found; from=<reverse.mortgage-riley=seaglass.com@polifbrinasutra.com> to=<riley@seaglass.com> proto=ESMTP helo=<mail.polifbrinasutra.com>
Nov  7 07:57:34 conch postfix/smtpd[20377]: NOQUEUE: reject: RCPT from unknown[69.12.86.232]: 450 4.7.1 <mail.polifbrinasutra.com>: Helo command rejected: Host not found; from=<reverse.mortgage.calculator-kdent=seaglass.com@polifbrinasutra.com> to=<kdent@seaglass.com> proto=ESMTP helo=<mail.polifbrinasutra.com>
Nov  7 07:57:35 conch postfix/smtpd[20377]: NOQUEUE: reject: RCPT from unknown[69.12.86.232]: 450 4.7.1 <mail.polifbrinasutra.com>: Helo command rejected: Host not found; from=<reverse.mortgage-jdent=seaglass.com@polifbrinasutra.com> to=<jdent@seaglass.com> proto=ESMTP helo=<mail.polifbrinasutra.com>
Nov  7 07:57:35 conch postfix/smtpd[20377]: disconnect from unknown[69.12.86.232]
Nov  7 08:00:34 conch postfix/smtpd[20406]: connect from unknown[192.119.159.74]
Nov  7 08:00:35 conch postfix/smtpd[20406]: 001C0242D5: client=unknown[192.119.159.74]
Nov  7 08:00:35 conch postfix/cleanup[20409]: 001C0242D5: message-id=<0.0.3d7a0d781b11209669ef740f6068165e.2968005.7278622.0becky@seaglass.com>
Nov  7 08:00:35 conch postfix/qmgr[25409]: 001C0242D5: from=<Kohls-Holiday-Reward@ykqrp.xyz>, size=5802, nrcpt=1 (queue active)
Nov  7 08:00:35 conch postfix/smtpd[20406]: disconnect from unknown[192.119.159.74]
Nov  7 08:00:37 conch postfix/smtp[20410]: 001C0242D5: to=<becky@seaglass.com>, relay=mail.seaglass.com[74.220.219.61]:25, delay=2.9, delays=0.39/0.01/2.2/0.31, dsn=2.0.0, status=sent (250 OK id=1Zv5uv-0002hT-GT)
Nov  7 08:00:37 conch postfix/qmgr[25409]: 001C0242D5: removed
Nov  7 08:01:07 conch postfix/smtpd[20406]: connect from unknown[192.119.159.74]
Nov  7 08:01:07 conch postfix/smtpd[20406]: 3E679242D5: client=unknown[192.119.159.74]
Nov  7 08:01:07 conch postfix/cleanup[20409]: 3E679242D5: message-id=<0.0.f8509babbeddea6fc34dc518b32b0476.14938959.2700890.0jdent@seaglass.com>
Nov  7 08:01:07 conch postfix/qmgr[25409]: 3E679242D5: from=<Kohls-Holiday-Reward@ykqrp.xyz>, size=5815, nrcpt=1 (queue active)
Nov  7 08:01:07 conch postfix/smtpd[20406]: disconnect from unknown[192.119.159.74]
Nov  7 08:01:09 conch postfix/smtp[20410]: 3E679242D5: to=<jdent@seaglass.com>, relay=mail.seaglass.com[74.220.219.61]:25, delay=2.6, delays=0.11/0/2.2/0.31, dsn=2.0.0, status=sent (250 OK id=1Zv5vR-0003EC-Nc)
Nov  7 08:01:09 conch postfix/qmgr[25409]: 3E679242D5: removed
Nov  7 08:02:01 conch postfix/smtpd[20406]: connect from unknown[192.119.159.74]
Nov  7 08:02:01 conch postfix/smtpd[20406]: 41D6D242D5: client=unknown[192.119.159.74]
Nov  7 08:02:01 conch postfix/cleanup[20409]: 41D6D242D5: message-id=<0.0.5dcfd80285d21a72abf3c46e396c0002.14122382.21912230.0kdent@seaglass.com>
Nov  7 08:02:01 conch postfix/qmgr[25409]: 41D6D242D5: from=<Kohls-Holiday-Reward@ykqrp.xyz>, size=5836, nrcpt=1 (queue active)
Nov  7 08:02:01 conch postfix/smtpd[20406]: disconnect from unknown[192.119.159.74]
Nov  7 08:02:03 conch postfix/smtp[20410]: 41D6D242D5: to=<kdent@seaglass.com>, relay=mail.seaglass.com[74.220.219.61]:25, delay=2.6, delays=0.1/0/2.2/0.3, dsn=2.0.0, status=sent (250 OK id=1Zv5wJ-0003xx-NN)
Nov  7 08:02:03 conch postfix/qmgr[25409]: 41D6D242D5: removed
Nov  7 08:02:57 conch postfix/smtpd[20406]: connect from 06r7d.rificals.download[94.156.36.90]
Nov  7 08:02:58 conch postfix/smtpd[20406]: NOQUEUE: reject: RCPT from 06r7d.rificals.download[94.156.36.90]: 554 5.7.1 Service unavailable; Client host [94.156.36.90] blocked using zen.spamhaus.org; from=<SwitchInsurance@rificals.download> to=<kdent@seaglass.com> proto=ESMTP helo=<0850730c.rificals.download>
Nov  7 08:02:58 conch postfix/smtpd[20406]: disconnect from 06r7d.rificals.download[94.156.36.90]
Nov  7 08:03:06 conch postfix/smtpd[20406]: connect from ccm182.constantcontact.com[208.75.123.182]
Nov  7 08:03:06 conch postfix/smtpd[20406]: 0A920242D5: client=ccm182.constantcontact.com[208.75.123.182]
Nov  7 08:03:06 conch postfix/cleanup[20409]: 0A920242D5: message-id=<1122806332234.1111022137954.27.0.301102JL.1002@scheduler.constantcontact.com>
Nov  7 08:03:06 conch postfix/smtpd[20406]: disconnect from ccm182.constantcontact.com[208.75.123.182]
Nov  7 08:03:06 conch postfix/qmgr[25409]: 0A920242D5: from=<AnvFJoGSPQV2e2nyscZzsbQ==_1111022137954_Nu2GEHwvEeOE2dSuUqaJLg==@in.constantcontact.com>, size=44978, nrcpt=1 (queue active)
Nov  7 08:03:08 conch postfix/smtp[20410]: 0A920242D5: to=<kdent@seaglass.com>, relay=mail.seaglass.com[74.220.219.61]:25, delay=2.9, delays=0.06/0/2.2/0.64, dsn=2.0.0, status=sent (250 OK id=1Zv5xM-0004hO-F0)
Nov  7 08:03:08 conch postfix/qmgr[25409]: 0A920242D5: removed
Nov  7 08:03:40 conch postfix/qmgr[25409]: 918EE242CB: from=<>, size=2589, nrcpt=1 (queue active)
Nov  7 08:03:41 conch postfix/smtp[20410]: connect to nhuvue.biz[188.122.72.101]:25: Connection refused
Nov  7 08:03:41 conch postfix/smtp[20410]: 918EE242CB: to=<postmaster@nhuvue.biz>, relay=none, delay=244217, delays=244216/0.01/0.23/0, dsn=4.4.1, status=deferred (connect to nhuvue.biz[188.122.72.101]:25: Connection refused)
Nov  7 08:04:45 conch postfix/smtpd[20406]: connect from unknown[192.119.159.75]
Nov  7 08:04:46 conch postfix/smtpd[20406]: 0D22C242D5: client=unknown[192.119.159.75]
Nov  7 08:04:46 conch postfix/cleanup[20418]: 0D22C242D5: message-id=<3d7a0d781b11209669ef740f6068165e.10114641.9667304becky@seaglass.com>
Nov  7 08:04:46 conch postfix/qmgr[25409]: 0D22C242D5: from=<Regrow-Natural-Hair@ylwdw.xyz>, size=5721, nrcpt=1 (queue active)
Nov  7 08:04:46 conch postfix/smtpd[20406]: disconnect from unknown[192.119.159.75]
Nov  7 08:04:48 conch postfix/smtp[20410]: 0D22C242D5: to=<becky@seaglass.com>, relay=mail.seaglass.com[74.220.219.61]:25, delay=2.9, delays=0.42/0/2.2/0.3, dsn=2.0.0, status=sent (250 OK id=1Zv5yy-0005nG-HM)
Nov  7 08:04:48 conch postfix/qmgr[25409]: 0D22C242D5: removed
Nov  7 08:04:59 conch postfix/smtpd[20406]: connect from unknown[173.242.113.248]
Nov  7 08:04:59 conch postfix/smtpd[20406]: 4551B242D5: client=unknown[173.242.113.248]
Nov  7 08:04:59 conch postfix/cleanup[20418]: 4551B242D5: message-id=<d82a43a933cb3dc00a29b8bcc5e28019@7.companiesart.org>
Nov  7 08:04:59 conch postfix/qmgr[25409]: 4551B242D5: from=<privateyachtrental@companiesart.org>, size=11585, nrcpt=1 (queue active)
Nov  7 08:04:59 conch postfix/smtpd[20406]: disconnect from unknown[173.242.113.248]
Nov  7 08:05:01 conch postfix/smtp[20410]: 4551B242D5: to=<kdent@seaglass.com>, relay=mail.seaglass.com[74.220.219.61]:25, delay=2.8, delays=0.18/0/2.2/0.37, dsn=2.0.0, status=sent (250 OK id=1Zv5zB-0006Db-O7)
Nov  7 08:05:01 conch postfix/qmgr[25409]: 4551B242D5: removed
Nov  7 08:05:07 conch postfix/smtpd[20406]: connect from mail-yk0-f193.google.com[209.85.160.193]
Nov  7 08:05:07 conch postfix/smtpd[20406]: 962CD242D5: client=mail-yk0-f193.google.com[209.85.160.193]
Nov  7 08:05:07 conch postfix/cleanup[20418]: 962CD242D5: message-id=<CAE=wy1u-9tY1qgcu2FFY+LT5kk3tYdLu1xD02WBw7aZxVZ1i-w@mail.gmail.com>
Nov  7 08:05:07 conch postfix/qmgr[25409]: 962CD242D5: from=<bocahighptsa@gmail.com>, size=15309, nrcpt=1 (queue active)
Nov  7 08:05:07 conch postfix/smtpd[20406]: disconnect from mail-yk0-f193.google.com[209.85.160.193]
Nov  7 08:05:10 conch postfix/smtp[20410]: 962CD242D5: to=<becky@seaglass.com>, relay=mail.seaglass.com[74.220.219.61]:25, delay=3.1, delays=0.41/0/2.2/0.43, dsn=2.0.0, status=sent (250 OK id=1Zv5zK-0006P0-5k)
Nov  7 08:05:10 conch postfix/qmgr[25409]: 962CD242D5: removed
Nov  7 08:06:31 conch postfix/smtpd[20406]: connect from xnxxy4hi.supergravitated.download[198.55.118.198]
Nov  7 08:06:32 conch postfix/smtpd[20406]: NOQUEUE: reject: RCPT from xnxxy4hi.supergravitated.download[198.55.118.198]: 554 5.7.1 Service unavailable; Client host [198.55.118.198] blocked using zen.spamhaus.org; http://www.spamhaus.org/sbl/query/SBLCSS; from=<TradeshowDisplays@supergravitated.download> to=<jdent@seaglass.com> proto=ESMTP helo=<09053968.supergravitated.download>
Nov  7 08:06:32 conch postfix/smtpd[20422]: connect from xnxxy4hi.supergravitated.download[198.55.118.198]
Nov  7 08:06:32 conch postfix/smtpd[20422]: NOQUEUE: reject: RCPT from xnxxy4hi.supergravitated.download[198.55.118.198]: 554 5.7.1 Service unavailable; Client host [198.55.118.198] blocked using zen.spamhaus.org; http://www.spamhaus.org/sbl/query/SBLCSS; from=<TradeshowDisplays@supergravitated.download> to=<kdent@seaglass.com> proto=ESMTP helo=<0006f673.supergravitated.download>
Nov  7 08:06:40 conch postfix/smtpd[20406]: disconnect from xnxxy4hi.supergravitated.download[198.55.118.198]
Nov  7 08:06:40 conch postfix/smtpd[20422]: disconnect from xnxxy4hi.supergravitated.download[198.55.118.198]
Nov  7 08:07:05 conch postfix/anvil[20123]: statistics: max connection rate 2/60s for (smtp:192.119.159.74) at Nov  7 08:01:07
Nov  7 08:07:05 conch postfix/anvil[20123]: statistics: max connection count 2 for (smtp:198.55.118.198) at Nov  7 08:06:32
Nov  7 08:07:05 conch postfix/anvil[20123]: statistics: max cache size 3 at Nov  7 08:05:07
Nov  7 08:07:07 conch postfix/smtpd[20406]: connect from whitei.win[128.204.198.35]
Nov  7 08:07:08 conch postfix/smtpd[20406]: NOQUEUE: reject: RCPT from whitei.win[128.204.198.35]: 554 5.7.1 Service unavailable; Client host [128.204.198.35] blocked using zen.spamhaus.org; http://www.spamhaus.org/sbl/query/SBLCSS; from=<comaker@whitei.win> to=<kdent@seaglass.com> proto=ESMTP helo=<whitei.win>
Nov  7 08:07:08 conch postfix/smtpd[20406]: lost connection after RCPT from whitei.win[128.204.198.35]
Nov  7 08:07:08 conch postfix/smtpd[20406]: disconnect from whitei.win[128.204.198.35]
Nov  7 08:07:41 conch postfix/smtpd[20422]: connect from unknown[207.244.75.170]
Nov  7 08:07:42 conch postfix/smtpd[20422]: NOQUEUE: reject: RCPT from unknown[207.244.75.170]: 554 5.7.1 Service unavailable; Client host [207.244.75.170] blocked using zen.spamhaus.org; http://www.spamhaus.org/sbl/query/SBLCSS; from=<GetHardAgain@coachstorejp.com> to=<kdent@seaglass.com> proto=SMTP helo=<mta9.coachstorejp.com>
Nov  7 08:07:42 conch postfix/smtpd[20422]: disconnect from unknown[207.244.75.170]
Nov  7 08:07:45 conch postfix/smtpd[20406]: connect from unknown[192.119.159.75]
Nov  7 08:07:45 conch postfix/smtpd[20406]: 91704242D5: client=unknown[192.119.159.75]
Nov  7 08:07:45 conch postfix/cleanup[20425]: 91704242D5: message-id=<f8509babbeddea6fc34dc518b32b0476.16952485.24034114jdent@seaglass.com>
Nov  7 08:07:45 conch postfix/qmgr[25409]: 91704242D5: from=<Regrow-Natural-Hair@ylwdw.xyz>, size=5741, nrcpt=1 (queue active)
Nov  7 08:07:45 conch postfix/smtpd[20406]: disconnect from unknown[192.119.159.75]
Nov  7 08:07:48 conch postfix/smtp[20426]: 91704242D5: to=<jdent@seaglass.com>, relay=mail.seaglass.com[74.220.219.61]:25, delay=2.7, delays=0.13/0.01/2.2/0.3, dsn=2.0.0, status=sent (250 OK id=1Zv61s-0000dA-3i)
Nov  7 08:07:48 conch postfix/qmgr[25409]: 91704242D5: removed
Nov  7 08:07:52 conch postfix/smtpd[20422]: connect from unknown[192.119.159.75]
Nov  7 08:07:52 conch postfix/smtpd[20422]: AB5B4242D5: client=unknown[192.119.159.75]
Nov  7 08:07:52 conch postfix/cleanup[20425]: AB5B4242D5: message-id=<5dcfd80285d21a72abf3c46e396c0002.24040345.10302139kdent@seaglass.com>
Nov  7 08:07:52 conch postfix/qmgr[25409]: AB5B4242D5: from=<Regrow-Natural-Hair@ylwdw.xyz>, size=5741, nrcpt=1 (queue active)
Nov  7 08:07:52 conch postfix/smtpd[20422]: disconnect from unknown[192.119.159.75]
Nov  7 08:07:55 conch postfix/smtp[20426]: AB5B4242D5: to=<kdent@seaglass.com>, relay=mail.seaglass.com[74.220.219.61]:25, delay=2.6, delays=0.11/0/2.2/0.3, dsn=2.0.0, status=sent (250 OK id=1Zv61z-0000hm-5N)
Nov  7 08:07:55 conch postfix/qmgr[25409]: AB5B4242D5: removed
Nov  7 08:08:06 conch postfix/smtpd[20406]: connect from msbadger0301.apple.com[17.254.6.130]
Nov  7 08:08:06 conch postfix/smtpd[20406]: B9B70242D5: client=msbadger0301.apple.com[17.254.6.130]
Nov  7 08:08:06 conch postfix/cleanup[20425]: B9B70242D5: message-id=<837233820.30046545.1446912486011.JavaMail.cboxp@nwk-cboxp-lapp04.apple.com>
Nov  7 08:08:07 conch postfix/qmgr[25409]: B9B70242D5: from=<newsdigest_i_bounces@insideapple.apple.com>, size=70161, nrcpt=1 (queue active)
Nov  7 08:08:10 conch postfix/smtp[20426]: B9B70242D5: to=<kdent@seaglass.com>, relay=mail.seaglass.com[74.220.219.61]:25, delay=3.7, delays=0.9/0/2.2/0.63, dsn=2.0.0, status=sent (250 OK id=1Zv62D-0000sl-Nm)
Nov  7 08:08:10 conch postfix/qmgr[25409]: B9B70242D5: removed
Nov  7 08:08:12 conch postfix/smtpd[20406]: disconnect from msbadger0301.apple.com[17.254.6.130]
Nov  7 08:08:23 conch postfix/smtpd[20422]: warning: 96.45.70.53: address not listed for hostname mx2.fiftytwofamouswinners.net
Nov  7 08:08:23 conch postfix/smtpd[20422]: connect from unknown[96.45.70.53]
Nov  7 08:08:23 conch postfix/smtpd[20422]: NOQUEUE: reject: RCPT from unknown[96.45.70.53]: 554 5.7.1 Service unavailable; Client host [96.45.70.53] blocked using zen.spamhaus.org; http://www.spamhaus.org/sbl/query/SBLCSS; from=<VoIPSolutions@centrappeal.download> to=<jdent@seaglass.com> proto=ESMTP helo=<00037601.centrappeal.download>
Nov  7 08:08:23 conch postfix/smtpd[20422]: disconnect from unknown[96.45.70.53]
Nov  7 08:08:40 conch postfix/qmgr[25409]: 9A420242BC: from=<>, size=2568, nrcpt=1 (queue active)
Nov  7 08:08:40 conch postfix/smtp[20426]: connect to mortou.biz[213.163.84.205]:25: Connection refused
Nov  7 08:08:40 conch postfix/smtp[20426]: connect to mortou.biz[188.122.72.101]:25: Connection refused
Nov  7 08:08:40 conch postfix/smtp[20426]: 9A420242BC: to=<info@mortou.biz>, relay=none, delay=248180, delays=248180/0/0.2/0, dsn=4.4.1, status=deferred (connect to mortou.biz[188.122.72.101]:25: Connection refused)
Nov  7 08:09:01 conch postfix/smtpd[20406]: warning: 192.227.231.34: address not listed for hostname 192-227-231-34-host.colocrossing.com
Nov  7 08:09:01 conch postfix/smtpd[20406]: connect from unknown[192.227.231.34]
Nov  7 08:09:01 conch postfix/smtpd[20422]: warning: 192.227.231.34: address not listed for hostname 192-227-231-34-host.colocrossing.com
Nov  7 08:09:01 conch postfix/smtpd[20422]: connect from unknown[192.227.231.34]
Nov  7 08:09:01 conch postfix/smtpd[20406]: E32AB242D5: client=unknown[192.227.231.34]
Nov  7 08:09:01 conch postfix/smtpd[20422]: E7231242E7: client=unknown[192.227.231.34]
Nov  7 08:09:02 conch postfix/cleanup[20425]: E32AB242D5: message-id=<1628280249528316289594267579@qzbwdqwn.ceckmelb.top>
Nov  7 08:09:02 conch postfix/cleanup[20429]: E7231242E7: message-id=<16282801730604216289594267579@qzbwdqwn.ceckmelb.top>
Nov  7 08:09:02 conch postfix/qmgr[25409]: E32AB242D5: from=<Usedcars@ceckmelb.top>, size=20393, nrcpt=1 (queue active)
Nov  7 08:09:02 conch postfix/qmgr[25409]: E7231242E7: from=<Usedcars@ceckmelb.top>, size=20409, nrcpt=1 (queue active)
Nov  7 08:09:02 conch postfix/smtpd[20422]: disconnect from unknown[192.227.231.34]
Nov  7 08:09:02 conch postfix/smtpd[20406]: 658B5242EB: client=unknown[192.227.231.34]
Nov  7 08:09:02 conch postfix/cleanup[20425]: 658B5242EB: message-id=<16282801259854616289594267579@qzbwdqwn.ceckmelb.top>
Nov  7 08:09:02 conch postfix/qmgr[25409]: 658B5242EB: from=<Usedcars@ceckmelb.top>, size=20427, nrcpt=1 (queue active)
Nov  7 08:09:02 conch postfix/smtpd[20406]: disconnect from unknown[192.227.231.34]
Nov  7 08:09:04 conch postfix/smtp[20430]: E7231242E7: to=<kdent@seaglass.com>, relay=mail.seaglass.com[74.220.219.61]:25, delay=3.1, delays=0.44/0.02/2.2/0.42, dsn=2.0.0, status=sent (250 OK id=1Zv636-0001R4-JN)
Nov  7 08:09:04 conch postfix/qmgr[25409]: E7231242E7: removed
Nov  7 08:09:04 conch postfix/smtp[20426]: E32AB242D5: to=<riley@seaglass.com>, relay=mail.seaglass.com[74.220.219.61]:25, delay=3.2, delays=0.44/0.04/2.2/0.48, dsn=2.0.0, status=sent (250 OK id=1Zv636-0001R3-JQ)
Nov  7 08:09:04 conch postfix/qmgr[25409]: E32AB242D5: removed
Nov  7 08:09:05 conch postfix/smtp[20431]: 658B5242EB: to=<jdent@seaglass.com>, relay=mail.seaglass.com[74.220.219.61]:25, delay=3, delays=0.31/0.01/2.2/0.42, dsn=2.0.0, status=sent (250 OK id=1Zv637-0001S0-0o)
Nov  7 08:09:05 conch postfix/qmgr[25409]: 658B5242EB: removed
Nov  7 08:09:51 conch postfix/smtpd[20422]: warning: 198.8.81.8: address not listed for hostname myhost8.7jet.biz
Nov  7 08:09:51 conch postfix/smtpd[20422]: connect from unknown[198.8.81.8]
Nov  7 08:09:51 conch postfix/smtpd[20422]: 6AE51242D5: client=unknown[198.8.81.8]
Nov  7 08:09:51 conch postfix/cleanup[20429]: 6AE51242D5: message-id=<EE8edGX2iBuDwfwfsZPPfuK8CoEESeXSiEzdri1Au6DwRfwfRffDfuRZf@iquaternaire.eu>
Nov  7 08:09:51 conch postfix/qmgr[25409]: 6AE51242D5: from=<oswald@iquaternaire.eu>, size=18218, nrcpt=1 (queue active)
Nov  7 08:09:51 conch postfix/smtpd[20422]: A2F87242E7: client=unknown[198.8.81.8]
Nov  7 08:09:51 conch postfix/cleanup[20425]: A2F87242E7: message-id=<EE8edGX2iBuPwRwfsZPPfuK8CoEESeXSiEzdri1Au6DwRfwfRffDfusDf@iquaternaire.eu>
Nov  7 08:09:51 conch postfix/qmgr[25409]: A2F87242E7: from=<oswald@iquaternaire.eu>, size=18155, nrcpt=1 (queue active)
Nov  7 08:09:51 conch postfix/smtpd[20422]: disconnect from unknown[198.8.81.8]
Nov  7 08:09:54 conch postfix/smtp[20430]: 6AE51242D5: to=<jdent@seaglass.com>, relay=mail.seaglass.com[74.220.219.61]:25, delay=2.9, delays=0.3/0/2.2/0.41, dsn=2.0.0, status=sent (250 OK id=1Zv63t-0001vA-RV)
Nov  7 08:09:54 conch postfix/qmgr[25409]: 6AE51242D5: removed
Nov  7 08:09:54 conch postfix/smtp[20431]: A2F87242E7: to=<jdent@seaglass.com>, relay=mail.seaglass.com[74.220.219.61]:25, delay=2.7, delays=0.07/0/2.2/0.42, dsn=2.0.0, status=sent (250 OK id=1Zv63u-0001vD-32)
Nov  7 08:09:54 conch postfix/qmgr[25409]: A2F87242E7: removed
Nov  7 08:11:09 conch postfix/smtpd[20422]: connect from unknown[192.119.159.76]
Nov  7 08:11:09 conch postfix/smtpd[20422]: 92F5A242D5: client=unknown[192.119.159.76]
Nov  7 08:11:09 conch postfix/cleanup[20429]: 92F5A242D5: message-id=<0.0.5dcfd80285d21a72abf3c46e396c0002.23215094.1521959.0kdent@seaglass.com>
Nov  7 08:11:09 conch postfix/qmgr[25409]: 92F5A242D5: from=<Life-Saving-Flashlight@ynjqr.xyz>, size=6833, nrcpt=1 (queue active)
Nov  7 08:11:09 conch postfix/smtpd[20422]: disconnect from unknown[192.119.159.76]
Nov  7 08:11:12 conch postfix/smtp[20431]: 92F5A242D5: to=<kdent@seaglass.com>, relay=mail.seaglass.com[74.220.219.61]:25, delay=2.7, delays=0.23/0/2.2/0.3, dsn=2.0.0, status=sent (250 OK id=1Zv65A-0002q8-5x)
Nov  7 08:11:12 conch postfix/qmgr[25409]: 92F5A242D5: removed
Nov  7 08:11:28 conch postfix/smtpd[20422]: connect from unknown[192.119.159.76]
Nov  7 08:11:28 conch postfix/smtpd[20422]: 90E45242D5: client=unknown[192.119.159.76]
Nov  7 08:11:28 conch postfix/cleanup[20425]: 90E45242D5: message-id=<0.0.f8509babbeddea6fc34dc518b32b0476.6468263.20366199.0jdent@seaglass.com>
Nov  7 08:11:28 conch postfix/qmgr[25409]: 90E45242D5: from=<Life-Saving-Flashlight@ynjqr.xyz>, size=6844, nrcpt=1 (queue active)
Nov  7 08:11:28 conch postfix/smtpd[20422]: disconnect from unknown[192.119.159.76]
Nov  7 08:11:31 conch postfix/smtp[20430]: 90E45242D5: to=<jdent@seaglass.com>, relay=mail.seaglass.com[74.220.219.61]:25, delay=2.7, delays=0.21/0/2.2/0.3, dsn=2.0.0, status=sent (250 OK id=1Zv65T-00031E-5N)
Nov  7 08:11:31 conch postfix/qmgr[25409]: 90E45242D5: removed
Nov  7 08:12:03 conch postfix/smtpd[20422]: connect from unknown[192.119.159.76]
Nov  7 08:12:03 conch postfix/smtpd[20422]: 32AF1242D5: client=unknown[192.119.159.76]
Nov  7 08:12:03 conch postfix/cleanup[20429]: 32AF1242D5: message-id=<0.0.3d7a0d781b11209669ef740f6068165e.5791697.19323412.0becky@seaglass.com>
Nov  7 08:12:03 conch postfix/qmgr[25409]: 32AF1242D5: from=<Life-Saving-Flashlight@ynjqr.xyz>, size=6844, nrcpt=1 (queue active)
Nov  7 08:12:03 conch postfix/smtpd[20422]: disconnect from unknown[192.119.159.76]
Nov  7 08:12:06 conch postfix/smtp[20431]: 32AF1242D5: to=<becky@seaglass.com>, relay=mail.seaglass.com[74.220.219.61]:25, delay=3, delays=0.52/0/2.2/0.31, dsn=2.0.0, status=sent (250 OK id=1Zv662-0003Nn-2y)
Nov  7 08:12:06 conch postfix/qmgr[25409]: 32AF1242D5: removed
Nov  7 08:15:23 conch postfix/anvil[20123]: statistics: max connection rate 3/60s for (smtp:192.119.159.76) at Nov  7 08:12:03
Nov  7 08:15:23 conch postfix/anvil[20123]: statistics: max connection count 2 for (smtp:192.227.231.34) at Nov  7 08:09:01
Nov  7 08:15:23 conch postfix/anvil[20123]: statistics: max cache size 4 at Nov  7 08:08:06
Nov  7 08:17:21 conch postfix/smtpd[20450]: connect from unknown[192.119.159.77]
Nov  7 08:17:22 conch postfix/smtpd[20450]: 032F8242D5: client=unknown[192.119.159.77]
Nov  7 08:17:22 conch postfix/cleanup[20454]: 032F8242D5: message-id=<f8509babbeddea6fc34dc518b32b0476.19114399.23501642jdent@seaglass.com>
Nov  7 08:17:22 conch postfix/qmgr[25409]: 032F8242D5: from=<Foreclosure_Property_Deals@aeibf.xyz>, size=5780, nrcpt=1 (queue active)
Nov  7 08:17:22 conch postfix/smtpd[20450]: disconnect from unknown[192.119.159.77]
Nov  7 08:17:24 conch postfix/smtp[20455]: 032F8242D5: to=<jdent@seaglass.com>, relay=mail.seaglass.com[74.220.219.61]:25, delay=2.8, delays=0.28/0.01/2.2/0.3, dsn=2.0.0, status=sent (250 OK id=1Zv6BA-0006rT-L2)
Nov  7 08:17:24 conch postfix/qmgr[25409]: 032F8242D5: removed
Nov  7 08:17:26 conch postfix/smtpd[20450]: connect from 218-42-154-114.cust.bit-drive.ne.jp[218.42.154.114]
Nov  7 08:17:27 conch postfix/smtpd[20450]: NOQUEUE: reject: RCPT from 218-42-154-114.cust.bit-drive.ne.jp[218.42.154.114]: 450 4.7.1 <dns.torisys.co.jp>: Helo command rejected: Host not found; from=<info@torisys.co.jp> to=<becky@seaglass.com> proto=ESMTP helo=<dns.torisys.co.jp>
Nov  7 08:17:27 conch postfix/smtpd[20450]: disconnect from 218-42-154-114.cust.bit-drive.ne.jp[218.42.154.114]
Nov  7 08:17:35 conch postfix/smtpd[20450]: warning: 69.12.86.232: address not listed for hostname 69.12.86.232.static.quadranet.com
Nov  7 08:17:35 conch postfix/smtpd[20450]: connect from unknown[69.12.86.232]
Nov  7 08:17:35 conch postfix/smtpd[20450]: NOQUEUE: reject: RCPT from unknown[69.12.86.232]: 450 4.7.1 <mail.polifbrinasutra.com>: Helo command rejected: Host not found; from=<reverse.mortgage-riley=seaglass.com@polifbrinasutra.com> to=<riley@seaglass.com> proto=ESMTP helo=<mail.polifbrinasutra.com>
Nov  7 08:17:35 conch postfix/smtpd[20450]: NOQUEUE: reject: RCPT from unknown[69.12.86.232]: 450 4.7.1 <mail.polifbrinasutra.com>: Helo command rejected: Host not found; from=<reverse.mortgage.calculator-kdent=seaglass.com@polifbrinasutra.com> to=<kdent@seaglass.com> proto=ESMTP helo=<mail.polifbrinasutra.com>
Nov  7 08:17:36 conch postfix/smtpd[20450]: NOQUEUE: reject: RCPT from unknown[69.12.86.232]: 450 4.7.1 <mail.polifbrinasutra.com>: Helo command rejected: Host not found; from=<reverse.mortgage-jdent=seaglass.com@polifbrinasutra.com> to=<jdent@seaglass.com> proto=ESMTP helo=<mail.polifbrinasutra.com>
Nov  7 08:17:36 conch postfix/smtpd[20450]: disconnect from unknown[69.12.86.232]
Nov  7 08:18:19 conch postfix/smtpd[20450]: connect from unknown[192.119.159.77]
Nov  7 08:18:20 conch postfix/smtpd[20450]: 02C75242D5: client=unknown[192.119.159.77]
Nov  7 08:18:20 conch postfix/cleanup[20454]: 02C75242D5: message-id=<3d7a0d781b11209669ef740f6068165e.24992045.18390565becky@seaglass.com>
Nov  7 08:18:20 conch postfix/qmgr[25409]: 02C75242D5: from=<Foreclosure_Property_Deals@aeibf.xyz>, size=5780, nrcpt=1 (queue active)
Nov  7 08:18:20 conch postfix/smtpd[20450]: disconnect from unknown[192.119.159.77]
Nov  7 08:18:22 conch postfix/smtp[20455]: 02C75242D5: to=<becky@seaglass.com>, relay=mail.seaglass.com[74.220.219.61]:25, delay=2.6, delays=0.12/0/2.2/0.3, dsn=2.0.0, status=sent (250 OK id=1Zv6C6-0007Pr-Fk)
Nov  7 08:18:22 conch postfix/qmgr[25409]: 02C75242D5: removed
Nov  7 08:19:00 conch postfix/smtpd[20450]: connect from outbound.na.e.paypal.com[96.47.30.205]
Nov  7 08:19:02 conch postfix/smtpd[20450]: ED1E0242D5: client=outbound.na.e.paypal.com[96.47.30.205]
Nov  7 08:19:05 conch postfix/cleanup[20454]: ED1E0242D5: message-id=<16595-579-Z8GZCRL-HYNG35-RNDI1R-0G9QRF4-THIXQ0-H-M2-20151107-33de966b1b9db@e-dialog.com>
Nov  7 08:19:05 conch postfix/qmgr[25409]: ED1E0242D5: from=<Z8GZCRL-HYNG35-RNDI1R-0G9QRF4-THIXQ0-H-M2-20151107-33de966b1b9db@na.e.paypal.com>, size=37288, nrcpt=1 (queue active)
Nov  7 08:19:07 conch postfix/smtp[20455]: ED1E0242D5: to=<becky@seaglass.com>, relay=mail.seaglass.com[74.220.219.61]:25, delay=5.7, delays=2.9/0/2.2/0.59, dsn=2.0.0, status=sent (250 OK id=1Zv6Cp-0007na-Fm)
Nov  7 08:19:07 conch postfix/qmgr[25409]: ED1E0242D5: removed
Nov  7 08:19:11 conch postfix/smtpd[20450]: disconnect from outbound.na.e.paypal.com[96.47.30.205]
Nov  7 08:19:12 conch postfix/smtpd[20450]: connect from unknown[192.119.159.77]
Nov  7 08:19:13 conch postfix/smtpd[20450]: 17BEA242D5: client=unknown[192.119.159.77]
Nov  7 08:19:13 conch postfix/cleanup[20454]: 17BEA242D5: message-id=<5dcfd80285d21a72abf3c46e396c0002.22835349.7313513kdent@seaglass.com>
Nov  7 08:19:13 conch postfix/qmgr[25409]: 17BEA242D5: from=<Foreclosure_Property_Deals@aeibf.xyz>, size=5760, nrcpt=1 (queue active)
Nov  7 08:19:13 conch postfix/smtpd[20450]: disconnect from unknown[192.119.159.77]
Nov  7 08:19:15 conch postfix/smtp[20455]: 17BEA242D5: to=<kdent@seaglass.com>, relay=mail.seaglass.com[74.220.219.61]:25, delay=2.6, delays=0.1/0/2.2/0.3, dsn=2.0.0, status=sent (250 OK id=1Zv6Cx-0007sT-Hm)
Nov  7 08:19:15 conch postfix/qmgr[25409]: 17BEA242D5: removed
Nov  7 08:22:33 conch postfix/anvil[20452]: statistics: max connection rate 2/60s for (smtp:192.119.159.77) at Nov  7 08:18:19
Nov  7 08:22:33 conch postfix/anvil[20452]: statistics: max connection count 1 for (smtp:192.119.159.77) at Nov  7 08:17:21
Nov  7 08:22:33 conch postfix/anvil[20452]: statistics: max cache size 3 at Nov  7 08:17:35
Nov  7 08:22:56 conch postfix/smtpd[20476]: connect from unknown[192.119.159.78]
Nov  7 08:22:56 conch postfix/smtpd[20476]: D26E9242D5: client=unknown[192.119.159.78]
Nov  7 08:22:56 conch postfix/cleanup[20480]: D26E9242D5: message-id=<0.0.5dcfd80285d21a72abf3c46e396c0002.1876224.10238269.0kdent@seaglass.com>
Nov  7 08:22:56 conch postfix/qmgr[25409]: D26E9242D5: from=<TeslaFreeEnergy@agicu.xyz>, size=5100, nrcpt=1 (queue active)
Nov  7 08:22:57 conch postfix/smtpd[20476]: disconnect from unknown[192.119.159.78]
