Nov  1 04:15:34 conch postfix/qmgr[25409]: B94972429C: from=<Foreclosure_Property_Deals@guoht.pw>, size=5232, nrcpt=1 (queue active)
Nov  1 04:15:34 conch postfix/smtpd[20086]: disconnect from unknown[104.206.67.10]
Nov  1 04:15:37 conch postfix/smtp[20094]: B94972429C: to=<becky@seaglass.com>, relay=mail.seaglass.com[74.220.219.61]:25, delay=2.6, delays=0.12/0/2.2/0.3, dsn=2.0.0, status=sent (250 OK id=1ZsrXt-0006xu-7E)
Nov  1 04:15:37 conch postfix/qmgr[25409]: B94972429C: removed
Nov  1 04:16:48 conch postfix/smtpd[20092]: connect from unknown[123.23.66.42]
Nov  1 04:16:49 conch postfix/smtpd[20092]: NOQUEUE: reject: RCPT from unknown[123.23.66.42]: 554 5.7.1 <adtrax@seaglass.com>: Recipient address rejected: Access denied; from=<info@intersil.com> to=<adtrax@seaglass.com> proto=ESMTP helo=<chatterboxforum.com>
Nov  1 04:16:50 conch postfix/smtpd[20092]: lost connection after RCPT from unknown[123.23.66.42]
Nov  1 04:16:50 conch postfix/smtpd[20092]: disconnect from unknown[123.23.66.42]
Nov  1 04:18:07 conch postfix/smtpd[20092]: connect from unknown[202.137.5.98]
Nov  1 04:18:09 conch postfix/smtpd[20092]: NOQUEUE: reject: RCPT from unknown[202.137.5.98]: 554 5.7.1 Service unavailable; Client host [202.137.5.98] blocked using zen.spamhaus.org; http://www.spamhaus.org/sbl/query/SBLCSS / http://www.spamhaus.org/query/bl?ip=202.137.5.98; from=<Albertjerytef@777.com> to=<jdent@seaglass.com> proto=ESMTP helo=<777.com>
Nov  1 04:18:10 conch postfix/smtpd[20092]: lost connection after RCPT from unknown[202.137.5.98]
Nov  1 04:18:10 conch postfix/smtpd[20092]: disconnect from unknown[202.137.5.98]
Nov  1 04:18:58 conch postfix/smtpd[20092]: warning: 104.206.67.11: address not listed for hostname 11-67-206-104.staticrdns.eonix.net
Nov  1 04:18:58 conch postfix/smtpd[20092]: connect from unknown[104.206.67.11]
Nov  1 04:18:58 conch postfix/smtpd[20092]: 5CC4C242EB: client=unknown[104.206.67.11]
Nov  1 04:18:58 conch postfix/cleanup[20195]: 5CC4C242EB: message-id=<3d7a0d781b11209669ef740f6068165e.20118653.19174436becky@seaglass.com>
Nov  1 04:19:01 conch postfix/qmgr[25409]: 5CC4C242EB: from=<Business-Loan-Options@gzsak.space>, size=6881, nrcpt=1 (queue active)
Nov  1 04:19:01 conch postfix/smtpd[20092]: disconnect from unknown[104.206.67.11]
Nov  1 04:19:04 conch postfix/smtp[20196]: 5CC4C242EB: to=<becky@seaglass.com>, relay=mail.seaglass.com[74.220.219.61]:25, delay=6, delays=3.5/0.01/2.2/0.3, dsn=2.0.0, status=sent (250 OK id=1ZsrbE-0008Ij-8S)
Nov  1 04:19:04 conch postfix/qmgr[25409]: 5CC4C242EB: removed
Nov  1 04:19:25 conch postfix/smtpd[20092]: warning: 104.206.67.11: address not listed for hostname 11-67-206-104.staticrdns.eonix.net
Nov  1 04:19:25 conch postfix/smtpd[20092]: connect from unknown[104.206.67.11]
Nov  1 04:19:26 conch postfix/smtpd[20092]: 009E2242EB: client=unknown[104.206.67.11]
Nov  1 04:19:26 conch postfix/cleanup[20195]: 009E2242EB: message-id=<f8509babbeddea6fc34dc518b32b0476.12297341.24637505jdent@seaglass.com>
Nov  1 04:19:26 conch postfix/qmgr[25409]: 009E2242EB: from=<Business-Loan-Options@gzsak.space>, size=6881, nrcpt=1 (queue active)
Nov  1 04:19:26 conch postfix/smtpd[20092]: disconnect from unknown[104.206.67.11]
Nov  1 04:19:27 conch postfix/smtpd[20092]: connect from unknown[123.64.199.229]
Nov  1 04:19:28 conch postfix/smtpd[20092]: NOQUEUE: reject: RCPT from unknown[123.64.199.229]: 554 5.7.1 <sales@seaglass.com>: Recipient address rejected: Access denied; from=<cxtl@qfn.com> to=<sales@seaglass.com> proto=ESMTP helo=<qfn.com>
Nov  1 04:19:28 conch postfix/smtpd[20092]: disconnect from unknown[123.64.199.229]
Nov  1 04:19:28 conch postfix/smtp[20196]: 009E2242EB: to=<jdent@seaglass.com>, relay=mail.seaglass.com[74.220.219.61]:25, delay=2.7, delays=0.15/0/2.2/0.3, dsn=2.0.0, status=sent (250 OK id=1Zsrbc-0008Tf-G8)
Nov  1 04:19:28 conch postfix/qmgr[25409]: 009E2242EB: removed
Nov  1 04:19:40 conch postfix/smtpd[20092]: warning: 113.166.73.195: address not listed for hostname localhost
Nov  1 04:19:40 conch postfix/smtpd[20092]: connect from unknown[113.166.73.195]
Nov  1 04:19:41 conch postfix/smtpd[20092]: NOQUEUE: reject: RCPT from unknown[113.166.73.195]: 554 5.7.1 <adtrax@seaglass.com>: Recipient address rejected: Access denied; from=<info@frnk.de> to=<adtrax@seaglass.com> proto=ESMTP helo=<iniedv.net>
Nov  1 04:19:41 conch postfix/smtpd[20092]: lost connection after RCPT from unknown[113.166.73.195]
Nov  1 04:19:41 conch postfix/smtpd[20092]: disconnect from unknown[113.166.73.195]
Nov  1 04:20:48 conch postfix/smtpd[20092]: warning: 104.206.67.11: address not listed for hostname 11-67-206-104.staticrdns.eonix.net
Nov  1 04:20:48 conch postfix/smtpd[20092]: connect from unknown[104.206.67.11]
Nov  1 04:20:48 conch postfix/smtpd[20092]: 97289242EB: client=unknown[104.206.67.11]
Nov  1 04:20:48 conch postfix/cleanup[20195]: 97289242EB: message-id=<5dcfd80285d21a72abf3c46e396c0002.5902229.5785471kdent@seaglass.com>
Nov  1 04:20:48 conch postfix/qmgr[25409]: 97289242EB: from=<Business-Loan-Options@gzsak.space>, size=6839, nrcpt=1 (queue active)
Nov  1 04:20:48 conch postfix/smtpd[20092]: disconnect from unknown[104.206.67.11]
Nov  1 04:20:51 conch postfix/smtp[20196]: 97289242EB: to=<kdent@seaglass.com>, relay=mail.seaglass.com[74.220.219.61]:25, delay=2.7, delays=0.16/0/2.2/0.3, dsn=2.0.0, status=sent (250 OK id=1Zsrcx-0000Wq-4E)
Nov  1 04:20:51 conch postfix/qmgr[25409]: 97289242EB: removed
Nov  1 04:21:53 conch postfix/anvil[20041]: statistics: max connection rate 2/60s for (smtp:66.196.80.39) at Nov  1 04:15:07
Nov  1 04:21:53 conch postfix/anvil[20041]: statistics: max connection count 2 for (smtp:66.196.80.39) at Nov  1 04:15:07
Nov  1 04:21:53 conch postfix/anvil[20041]: statistics: max cache size 3 at Nov  1 04:11:58
Nov  1 04:22:25 conch postfix/qmgr[25409]: ABC85242CA: from=<>, size=6775, nrcpt=1 (queue active)
Nov  1 04:22:26 conch postfix/smtp[20196]: ABC85242CA: to=<roy-brierley@talktalk.net>, relay=mx-c1.talktalk.net[62.24.202.3]:25, delay=311317, delays=311315/0.01/1.5/0.21, dsn=4.0.0, status=deferred (host mx-c1.talktalk.net[62.24.202.3] said: 452 Too many recipients received from the sender (in reply to RCPT TO command))
Nov  1 04:22:57 conch postfix/smtpd[20226]: connect from unknown[107.139.33.45]
Nov  1 04:22:58 conch postfix/smtpd[20226]: CE9F5242EB: client=unknown[107.139.33.45], sasl_method=PLAIN, sasl_username=jdent
Nov  1 04:22:59 conch postfix/cleanup[20229]: CE9F5242EB: message-id=<132E1913-263C-4C28-AE6E-98FEEA67D09D@seaglass.com>
Nov  1 04:22:59 conch postfix/qmgr[25409]: CE9F5242EB: from=<jdent@seaglass.com>, size=8571, nrcpt=1 (queue active)
Nov  1 04:22:59 conch postfix/smtp[20196]: CE9F5242EB: to=<OurPhamilyCircle@yahoogroups.com>, relay=fo-mx-groups.mail.am0.yahoodns.net[66.218.74.235]:25, delay=0.86, delays=0.4/0/0.09/0.38, dsn=2.0.0, status=sent (250 ok Sun Nov  1 12:22:59 2015:  ql 117101121, qr 0)
Nov  1 04:22:59 conch postfix/qmgr[25409]: CE9F5242EB: removed
Nov  1 04:23:01 conch postfix/smtpd[20230]: connect from ng17-vm4.bullet.mail.gq1.yahoo.com[98.136.219.212]
Nov  1 04:23:01 conch postfix/smtpd[20231]: connect from ng17-vm4.bullet.mail.gq1.yahoo.com[98.136.219.212]
Nov  1 04:23:01 conch postfix/smtpd[20230]: 88752242EB: client=ng17-vm4.bullet.mail.gq1.yahoo.com[98.136.219.212]
Nov  1 04:23:01 conch postfix/smtpd[20231]: 94213242EE: client=ng17-vm4.bullet.mail.gq1.yahoo.com[98.136.219.212]
Nov  1 04:23:01 conch postfix/cleanup[20229]: 88752242EB: message-id=<132E1913-263C-4C28-AE6E-98FEEA67D09D@seaglass.com>
Nov  1 04:23:01 conch postfix/cleanup[20232]: 94213242EE: message-id=<132E1913-263C-4C28-AE6E-98FEEA67D09D@seaglass.com>
Nov  1 04:23:01 conch postfix/qmgr[25409]: 88752242EB: from=<sentto-73963430-497-1446380580-kdent=seaglass.com@returns.groups.yahoo.com>, size=16970, nrcpt=1 (queue active)
Nov  1 04:23:01 conch postfix/qmgr[25409]: 94213242EE: from=<sentto-73963430-497-1446380580-jdent=seaglass.com@returns.groups.yahoo.com>, size=16970, nrcpt=1 (queue active)
Nov  1 04:23:02 conch postfix/smtpd[20230]: disconnect from ng17-vm4.bullet.mail.gq1.yahoo.com[98.136.219.212]
Nov  1 04:23:02 conch postfix/smtpd[20231]: disconnect from ng17-vm4.bullet.mail.gq1.yahoo.com[98.136.219.212]
Nov  1 04:23:04 conch postfix/smtp[20233]: 94213242EE: to=<jdent@seaglass.com>, relay=mail.seaglass.com[74.220.219.61]:25, delay=3.2, delays=0.49/0.02/2.2/0.45, dsn=2.0.0, status=sent (250 OK id=1Zsrf6-0001Ik-AR)
Nov  1 04:23:04 conch postfix/smtp[20196]: 88752242EB: to=<kdent@seaglass.com>, relay=mail.seaglass.com[74.220.219.61]:25, delay=3.4, delays=0.73/0.01/2.2/0.48, dsn=2.0.0, status=sent (250 OK id=1Zsrf6-0001Ij-9l)
Nov  1 04:23:04 conch postfix/qmgr[25409]: 88752242EB: removed
Nov  1 04:23:04 conch postfix/qmgr[25409]: 94213242EE: removed
Nov  1 04:23:59 conch postfix/smtpd[20226]: disconnect from unknown[107.139.33.45]
Nov  1 04:24:49 conch postfix/smtpd[20236]: warning: 104.206.67.12: address not listed for hostname 12-67-206-104.staticrdns.eonix.net
Nov  1 04:24:49 conch postfix/smtpd[20236]: connect from unknown[104.206.67.12]
Nov  1 04:24:49 conch postfix/smtpd[20236]: CF53A242EB: client=unknown[104.206.67.12]
Nov  1 04:24:49 conch postfix/cleanup[20239]: CF53A242EB: message-id=<0.0.3d7a0d781b11209669ef740f6068165e.14348081.20964811.0becky@seaglass.com>
Nov  1 04:24:49 conch postfix/qmgr[25409]: CF53A242EB: from=<Discover-Sharpen-Your-Focus@hdcng.space>, size=5756, nrcpt=1 (queue active)
Nov  1 04:24:50 conch postfix/smtpd[20236]: disconnect from unknown[104.206.67.12]
Nov  1 04:24:52 conch postfix/smtp[20240]: CF53A242EB: to=<becky@seaglass.com>, relay=mail.seaglass.com[74.220.219.61]:25, delay=2.6, delays=0.11/0.01/2.2/0.3, dsn=2.0.0, status=sent (250 OK id=1Zsrgq-0001p7-9t)
Nov  1 04:24:52 conch postfix/qmgr[25409]: CF53A242EB: removed
Nov  1 04:25:31 conch postfix/smtpd[20236]: warning: 104.206.67.12: address not listed for hostname 12-67-206-104.staticrdns.eonix.net
Nov  1 04:25:31 conch postfix/smtpd[20236]: connect from unknown[104.206.67.12]
Nov  1 04:25:31 conch postfix/smtpd[20236]: 49C11242EB: client=unknown[104.206.67.12]
Nov  1 04:25:31 conch postfix/cleanup[20239]: 49C11242EB: message-id=<0.0.f8509babbeddea6fc34dc518b32b0476.13583326.23575997.0jdent@seaglass.com>
Nov  1 04:25:31 conch postfix/qmgr[25409]: 49C11242EB: from=<Discover-Sharpen-Your-Focus@hdcng.space>, size=5756, nrcpt=1 (queue active)
Nov  1 04:25:31 conch postfix/smtpd[20236]: disconnect from unknown[104.206.67.12]
Nov  1 04:25:33 conch postfix/smtp[20240]: 49C11242EB: to=<jdent@seaglass.com>, relay=mail.seaglass.com[74.220.219.61]:25, delay=2.6, delays=0.1/0/2.2/0.3, dsn=2.0.0, status=sent (250 OK id=1ZsrhV-000255-O7)
Nov  1 04:25:33 conch postfix/qmgr[25409]: 49C11242EB: removed
Nov  1 04:26:01 conch postfix/smtpd[20236]: connect from unknown[121.8.124.131]
Nov  1 04:26:03 conch postfix/smtpd[20236]: NOQUEUE: reject: RCPT from unknown[121.8.124.131]: 450 4.7.1 <mailserver.jeter.com.cn>: Helo command rejected: Host not found; from=<clients@notification.com> to=<kdent@seaglass.com> proto=SMTP helo=<mailserver.jeter.com.cn>
Nov  1 04:26:03 conch postfix/smtpd[20236]: disconnect from unknown[121.8.124.131]
Nov  1 04:26:33 conch postfix/smtpd[20236]: warning: 75.126.164.2: address not listed for hostname purplepeak.net
Nov  1 04:26:33 conch postfix/smtpd[20236]: connect from unknown[75.126.164.2]
Nov  1 04:26:33 conch postfix/smtpd[20236]: NOQUEUE: reject: RCPT from unknown[75.126.164.2]: 450 4.7.1 <dev.purplepeak.net>: Helo command rejected: Host not found; from=<webfrew@gmail.com> to=<kdent@seaglass.com> proto=ESMTP helo=<dev.purplepeak.net>
Nov  1 04:26:33 conch postfix/smtpd[20236]: disconnect from unknown[75.126.164.2]
Nov  1 04:26:38 conch postfix/smtpd[20236]: warning: 104.206.67.12: address not listed for hostname 12-67-206-104.staticrdns.eonix.net
Nov  1 04:26:38 conch postfix/smtpd[20236]: connect from unknown[104.206.67.12]
Nov  1 04:26:38 conch postfix/smtpd[20236]: 927BA242EB: client=unknown[104.206.67.12]
Nov  1 04:26:38 conch postfix/cleanup[20239]: 927BA242EB: message-id=<0.0.5dcfd80285d21a72abf3c46e396c0002.6250686.14273524.0kdent@seaglass.com>
Nov  1 04:26:38 conch postfix/qmgr[25409]: 927BA242EB: from=<Discover-Sharpen-Your-Focus@hdcng.space>, size=5744, nrcpt=1 (queue active)
Nov  1 04:26:38 conch postfix/smtpd[20236]: disconnect from unknown[104.206.67.12]
Nov  1 04:26:41 conch postfix/smtp[20240]: 927BA242EB: to=<kdent@seaglass.com>, relay=mail.seaglass.com[74.220.219.61]:25, delay=2.6, delays=0.07/0/2.2/0.3, dsn=2.0.0, status=sent (250 OK id=1Zsrib-0002Pu-0t)
Nov  1 04:26:41 conch postfix/qmgr[25409]: 927BA242EB: removed
Nov  1 04:28:10 conch postfix/smtpd[20236]: connect from col004-omc3s8.hotmail.com[65.55.34.146]
Nov  1 04:28:10 conch postfix/smtpd[20236]: EF293242EB: client=col004-omc3s8.hotmail.com[65.55.34.146]
Nov  1 04:28:11 conch postfix/cleanup[20239]: EF293242EB: message-id=<COL403-EAS381D723995B812AD2FEC276912D0@phx.gbl>
Nov  1 04:28:11 conch postfix/qmgr[25409]: EF293242EB: from=<elm_jmb@hotmail.com>, size=900, nrcpt=1 (queue active)
Nov  1 04:28:11 conch postfix/smtpd[20236]: disconnect from col004-omc3s8.hotmail.com[65.55.34.146]
Nov  1 04:28:13 conch postfix/smtp[20240]: EF293242EB: to=<jdent@seaglass.com>, relay=mail.seaglass.com[74.220.219.61]:25, delay=3, delays=0.55/0/2.2/0.25, dsn=2.0.0, status=sent (250 OK id=1Zsrk5-0002zz-HJ)
Nov  1 04:28:13 conch postfix/qmgr[25409]: EF293242EB: removed
Nov  1 04:31:31 conch postfix/anvil[20041]: statistics: max connection rate 2/60s for (smtp:98.136.219.212) at Nov  1 04:23:01
Nov  1 04:31:31 conch postfix/anvil[20041]: statistics: max connection count 2 for (smtp:98.136.219.212) at Nov  1 04:23:01
Nov  1 04:31:31 conch postfix/anvil[20041]: statistics: max cache size 3 at Nov  1 04:26:38
Nov  1 04:31:34 conch postfix/smtpd[20263]: connect from mta.exct.stansberryresearch.com[136.147.136.26]
Nov  1 04:31:34 conch postfix/smtpd[20263]: 6C4A3242EB: client=mta.exct.stansberryresearch.com[136.147.136.26]
Nov  1 04:31:34 conch postfix/cleanup[20267]: 6C4A3242EB: message-id=<c342d8d6-b288-42a5-be30-00d5698e116e@xtgap4s7mta1217.xt.local>
Nov  1 04:31:34 conch postfix/qmgr[25409]: 6C4A3242EB: from=<bounce-755_HTML-59957525-863319-7207077-116@bounce.exct.stansberryresearch.com>, size=21316, nrcpt=1 (queue active)
Nov  1 04:31:34 conch postfix/smtpd[20263]: disconnect from mta.exct.stansberryresearch.com[136.147.136.26]
Nov  1 04:31:37 conch postfix/smtp[20268]: 6C4A3242EB: to=<becky@seaglass.com>, relay=mail.seaglass.com[74.220.219.61]:25, delay=2.9, delays=0.21/0.01/2.2/0.49, dsn=2.0.0, status=sent (250 OK id=1ZsrnM-0004Fy-To)
Nov  1 04:31:37 conch postfix/qmgr[25409]: 6C4A3242EB: removed
Nov  1 04:33:01 conch postfix/smtpd[20271]: connect from unknown[107.139.33.45]
Nov  1 04:33:02 conch postfix/smtpd[20271]: D948D242EB: client=unknown[107.139.33.45], sasl_method=PLAIN, sasl_username=jdent
Nov  1 04:33:03 conch postfix/cleanup[20267]: D948D242EB: message-id=<3272C01B-FB00-4002-B178-435FD53E5536@seaglass.com>
Nov  1 04:33:03 conch postfix/qmgr[25409]: D948D242EB: from=<jdent@seaglass.com>, size=866, nrcpt=1 (queue active)
Nov  1 04:33:03 conch postfix/smtp[20268]: D948D242EB: to=<elm_jmb@hotmail.com>, relay=mx3.hotmail.com[65.55.33.135]:25, delay=0.93, delays=0.24/0/0.24/0.46, dsn=2.0.0, status=sent (250  <3272C01B-FB00-4002-B178-435FD53E5536@seaglass.com> Queued mail for delivery)
Nov  1 04:33:03 conch postfix/qmgr[25409]: D948D242EB: removed
Nov  1 04:33:27 conch postfix/smtpd[20271]: disconnect from unknown[107.139.33.45]
Nov  1 04:36:48 conch postfix/anvil[20265]: statistics: max connection rate 1/60s for (smtp:136.147.136.26) at Nov  1 04:31:34
Nov  1 04:36:48 conch postfix/anvil[20265]: statistics: max connection count 1 for (smtp:136.147.136.26) at Nov  1 04:31:34
Nov  1 04:36:48 conch postfix/anvil[20265]: statistics: max cache size 1 at Nov  1 04:31:34
Nov  1 04:37:09 conch postfix/smtpd[20277]: warning: 104.206.67.13: address not listed for hostname 13-67-206-104.staticrdns.eonix.net
Nov  1 04:37:09 conch postfix/smtpd[20277]: connect from unknown[104.206.67.13]
Nov  1 04:37:09 conch postfix/smtpd[20277]: B2A20242EB: client=unknown[104.206.67.13]
Nov  1 04:37:09 conch postfix/cleanup[20281]: B2A20242EB: message-id=<3d7a0d781b11209669ef740f6068165e.19890159.16198321becky@seaglass.com>
Nov  1 04:37:09 conch postfix/qmgr[25409]: B2A20242EB: from=<Enjoy.Your.Retirement@hdyea.space>, size=5494, nrcpt=1 (queue active)
Nov  1 04:37:09 conch postfix/smtpd[20277]: disconnect from unknown[104.206.67.13]
Nov  1 04:37:12 conch postfix/smtp[20282]: B2A20242EB: to=<becky@seaglass.com>, relay=mail.seaglass.com[74.220.219.61]:25, delay=2.8, delays=0.29/0.01/2.2/0.3, dsn=2.0.0, status=sent (250 OK id=1Zsrsm-0006Cy-6d)
Nov  1 04:37:12 conch postfix/qmgr[25409]: B2A20242EB: removed
Nov  1 04:37:36 conch postfix/smtpd[20277]: warning: 104.206.67.13: address not listed for hostname 13-67-206-104.staticrdns.eonix.net
Nov  1 04:37:36 conch postfix/smtpd[20277]: connect from unknown[104.206.67.13]
Nov  1 04:37:37 conch postfix/smtpd[20277]: 84E3B242EB: client=unknown[104.206.67.13]
Nov  1 04:37:37 conch postfix/cleanup[20281]: 84E3B242EB: message-id=<5dcfd80285d21a72abf3c46e396c0002.3454558.12745146kdent@seaglass.com>
Nov  1 04:37:37 conch postfix/qmgr[25409]: 84E3B242EB: from=<Enjoy.Your.Retirement@hdyea.space>, size=5481, nrcpt=1 (queue active)
Nov  1 04:37:37 conch postfix/smtpd[20277]: disconnect from unknown[104.206.67.13]
Nov  1 04:37:40 conch postfix/smtp[20282]: 84E3B242EB: to=<kdent@seaglass.com>, relay=mail.seaglass.com[74.220.219.61]:25, delay=2.6, delays=0.1/0/2.2/0.3, dsn=2.0.0, status=sent (250 OK id=1ZsrtD-0006Pu-Vo)
Nov  1 04:37:40 conch postfix/qmgr[25409]: 84E3B242EB: removed
Nov  1 04:39:01 conch postfix/smtpd[20277]: warning: 94.102.51.96: address not listed for hostname zed.yandex.ru
Nov  1 04:39:01 conch postfix/smtpd[20277]: connect from unknown[94.102.51.96]
Nov  1 04:39:02 conch postfix/smtpd[20277]: disconnect from unknown[94.102.51.96]
Nov  1 04:39:09 conch postfix/smtpd[20277]: connect from learn.excitant.org[216.189.148.67]
Nov  1 04:39:09 conch postfix/smtpd[20277]: 3DD69242EB: client=learn.excitant.org[216.189.148.67]
Nov  1 04:39:09 conch postfix/cleanup[20281]: 3DD69242EB: message-id=<0.0.0.64.1D114D9FAEA1346.CC1BC@learn.excitant.org>
Nov  1 04:39:09 conch postfix/qmgr[25409]: 3DD69242EB: from=<charlie-riley=seaglass.com@excitant.org>, size=1510, nrcpt=1 (queue active)
Nov  1 04:39:09 conch postfix/smtpd[20277]: 80168242EE: client=learn.excitant.org[216.189.148.67]
Nov  1 04:39:09 conch postfix/cleanup[20281]: 80168242EE: message-id=<0.0.0.86.1D114DA28580324.11DFE79@learn.excitant.org>
Nov  1 04:39:09 conch postfix/qmgr[25409]: 80168242EE: from=<charlie-jdent=seaglass.com@excitant.org>, size=1512, nrcpt=1 (queue active)
Nov  1 04:39:09 conch postfix/smtpd[20277]: disconnect from learn.excitant.org[216.189.148.67]
Nov  1 04:39:11 conch postfix/smtp[20282]: 3DD69242EB: to=<riley@seaglass.com>, relay=mail.seaglass.com[74.220.219.61]:25, delay=2.6, delays=0.14/0/2.2/0.24, dsn=2.0.0, status=sent (250 OK id=1Zsruh-00075k-O2)
Nov  1 04:39:11 conch postfix/qmgr[25409]: 3DD69242EB: removed
Nov  1 04:39:12 conch postfix/smtp[20285]: 80168242EE: to=<jdent@seaglass.com>, relay=mail.seaglass.com[74.220.219.61]:25, delay=2.6, delays=0.14/0.01/2.2/0.24, dsn=2.0.0, status=sent (250 OK id=1Zsrui-00075r-0a)
Nov  1 04:39:12 conch postfix/qmgr[25409]: 80168242EE: removed
Nov  1 04:40:24 conch postfix/smtpd[20277]: warning: 104.206.67.13: address not listed for hostname 13-67-206-104.staticrdns.eonix.net
Nov  1 04:40:24 conch postfix/smtpd[20277]: connect from unknown[104.206.67.13]
Nov  1 04:40:24 conch postfix/smtpd[20277]: 9C897242EB: client=unknown[104.206.67.13]
Nov  1 04:40:24 conch postfix/cleanup[20281]: 9C897242EB: message-id=<f8509babbeddea6fc34dc518b32b0476.2734302.3445226jdent@seaglass.com>
Nov  1 04:40:24 conch postfix/qmgr[25409]: 9C897242EB: from=<Enjoy.Your.Retirement@hdyea.space>, size=5457, nrcpt=1 (queue active)
Nov  1 04:40:24 conch postfix/smtpd[20277]: disconnect from unknown[104.206.67.13]
Nov  1 04:40:27 conch postfix/smtp[20282]: 9C897242EB: to=<jdent@seaglass.com>, relay=mail.seaglass.com[74.220.219.61]:25, delay=2.6, delays=0.1/0/2.2/0.3, dsn=2.0.0, status=sent (250 OK id=1Zsrvv-0007XA-36)
Nov  1 04:40:27 conch postfix/qmgr[25409]: 9C897242EB: removed
Nov  1 04:41:04 conch postfix/smtpd[20277]: connect from unknown[121.8.124.131]
Nov  1 04:41:04 conch postfix/smtpd[20277]: NOQUEUE: reject: RCPT from unknown[121.8.124.131]: 450 4.7.1 <mailserver.jeter.com.cn>: Helo command rejected: Host not found; from=<clients@notification.com> to=<kdent@seaglass.com> proto=SMTP helo=<mailserver.jeter.com.cn>
Nov  1 04:41:05 conch postfix/smtpd[20277]: disconnect from unknown[121.8.124.131]
Nov  1 04:42:06 conch postfix/smtpd[20277]: warning: 41.33.233.10: address not listed for hostname host-41.33.233.10.tedata.net
Nov  1 04:42:06 conch postfix/smtpd[20277]: connect from unknown[41.33.233.10]
Nov  1 04:42:07 conch postfix/smtpd[20277]: NOQUEUE: reject: RCPT from unknown[41.33.233.10]: 450 4.7.1 <eeis.email>: Helo command rejected: Host not found; from=<captmartinz@yahoo.com> to=<riley@seaglass.com> proto=ESMTP helo=<eeis.email>
Nov  1 04:42:07 conch postfix/smtpd[20277]: disconnect from unknown[41.33.233.10]
Nov  1 04:42:26 conch postfix/qmgr[25409]: B3405242E7: from=<>, size=16645, nrcpt=1 (queue active)
Nov  1 04:42:26 conch postfix/smtp[20303]: B3405242E7: to=<ShoppingGuide:KitchenCabinets@findivisitnighteen.download>, relay=lbzod.findivisitnighteen.download[128.177.48.75]:25, delay=239882, delays=239882/0.03/0.18/0, dsn=4.4.2, status=deferred (lost connection with lbzod.findivisitnighteen.download[128.177.48.75] while receiving the initial server greeting)
Nov  1 04:42:53 conch postfix/smtpd[20277]: warning: 104.206.67.14: address not listed for hostname 14-67-206-104.staticrdns.eonix.net
Nov  1 04:42:53 conch postfix/smtpd[20277]: connect from unknown[104.206.67.14]
Nov  1 04:42:54 conch postfix/smtpd[20277]: 53CF7242EB: client=unknown[104.206.67.14]
Nov  1 04:42:54 conch postfix/cleanup[20306]: 53CF7242EB: message-id=<0.0.3d7a0d781b11209669ef740f6068165e.17559430.7315649.0becky@seaglass.com>
Nov  1 04:42:54 conch postfix/qmgr[25409]: 53CF7242EB: from=<EmergencySurvivalGear@iebbz.space>, size=6837, nrcpt=1 (queue active)
Nov  1 04:42:55 conch postfix/smtpd[20277]: disconnect from unknown[104.206.67.14]
Nov  1 04:42:57 conch postfix/smtp[20303]: 53CF7242EB: to=<becky@seaglass.com>, relay=mail.seaglass.com[74.220.219.61]:25, delay=3, delays=0.49/0/2.2/0.3, dsn=2.0.0, status=sent (250 OK id=1ZsryL-0008L0-5Q)
Nov  1 04:42:57 conch postfix/qmgr[25409]: 53CF7242EB: removed
Nov  1 04:44:33 conch postfix/smtpd[20277]: warning: 104.206.67.14: address not listed for hostname 14-67-206-104.staticrdns.eonix.net
Nov  1 04:44:33 conch postfix/smtpd[20277]: connect from unknown[104.206.67.14]
Nov  1 04:44:33 conch postfix/smtpd[20277]: D49D2242EB: client=unknown[104.206.67.14]
Nov  1 04:44:33 conch postfix/cleanup[20306]: D49D2242EB: message-id=<0.0.f8509babbeddea6fc34dc518b32b0476.14670978.12509449.0jdent@seaglass.com>
Nov  1 04:44:34 conch postfix/qmgr[25409]: D49D2242EB: from=<EmergencySurvivalGear@iebbz.space>, size=6856, nrcpt=1 (queue active)
Nov  1 04:44:34 conch postfix/smtpd[20277]: disconnect from unknown[104.206.67.14]
Nov  1 04:44:36 conch postfix/smtp[20303]: D49D2242EB: to=<jdent@seaglass.com>, relay=mail.seaglass.com[74.220.219.61]:25, delay=2.7, delays=0.18/0/2.2/0.3, dsn=2.0.0, status=sent (250 OK id=1Zsrzw-0000Sk-Cz)
Nov  1 04:44:36 conch postfix/qmgr[25409]: D49D2242EB: removed
Nov  1 04:45:14 conch postfix/smtpd[20277]: warning: 104.206.67.14: address not listed for hostname 14-67-206-104.staticrdns.eonix.net
Nov  1 04:45:14 conch postfix/smtpd[20277]: connect from unknown[104.206.67.14]
Nov  1 04:45:14 conch postfix/smtpd[20277]: BA3C8242EB: client=unknown[104.206.67.14]
Nov  1 04:45:14 conch postfix/cleanup[20306]: BA3C8242EB: message-id=<0.0.5dcfd80285d21a72abf3c46e396c0002.17197635.5065364.0kdent@seaglass.com>
Nov  1 04:45:14 conch postfix/qmgr[25409]: BA3C8242EB: from=<EmergencySurvivalGear@iebbz.space>, size=6837, nrcpt=1 (queue active)
Nov  1 04:45:15 conch postfix/smtpd[20277]: disconnect from unknown[104.206.67.14]
Nov  1 04:45:17 conch postfix/smtp[20303]: BA3C8242EB: to=<kdent@seaglass.com>, relay=mail.seaglass.com[74.220.219.61]:25, delay=2.7, delays=0.15/0/2.2/0.3, dsn=2.0.0, status=sent (250 OK id=1Zss0b-0000pE-8h)
Nov  1 04:45:17 conch postfix/qmgr[25409]: BA3C8242EB: removed
Nov  1 04:47:09 conch postfix/anvil[20279]: statistics: max connection rate 2/60s for (smtp:104.206.67.13) at Nov  1 04:37:36
Nov  1 04:47:09 conch postfix/anvil[20279]: statistics: max connection count 1 for (smtp:104.206.67.13) at Nov  1 04:37:09
Nov  1 04:47:09 conch postfix/anvil[20279]: statistics: max cache size 2 at Nov  1 04:39:09
Nov  1 04:49:40 conch postfix/smtpd[20314]: connect from phoenix.filters-now.com[64.196.212.108]
Nov  1 04:49:40 conch postfix/smtpd[20314]: BBEBF242EB: client=phoenix.filters-now.com[64.196.212.108]
Nov  1 04:49:40 conch postfix/cleanup[20318]: BBEBF242EB: message-id=<201511011249.tA1CnKeW018802@phoenix.filters-now.com>
Nov  1 04:49:41 conch postfix/qmgr[25409]: BBEBF242EB: from=<apache@phoenix.filters-now.com>, size=44852, nrcpt=1 (queue active)
Nov  1 04:49:41 conch postfix/smtpd[20314]: disconnect from phoenix.filters-now.com[64.196.212.108]
Nov  1 04:49:46 conch postfix/smtp[20319]: BBEBF242EB: to=<becky@seaglass.com>, relay=mail.seaglass.com[74.220.219.61]:25, delay=5.8, delays=0.48/0.01/2.2/3.1, dsn=2.0.0, status=sent (250 OK id=1Zss4v-0002BR-Ll)
Nov  1 04:49:46 conch postfix/qmgr[25409]: BBEBF242EB: removed
Nov  1 04:50:22 conch postfix/smtpd[20314]: warning: 104.206.67.15: address not listed for hostname 15-67-206-104.staticrdns.eonix.net
Nov  1 04:50:22 conch postfix/smtpd[20314]: connect from unknown[104.206.67.15]
Nov  1 04:50:22 conch postfix/smtpd[20314]: EBF7F242EB: client=unknown[104.206.67.15]
Nov  1 04:50:23 conch postfix/cleanup[20318]: EBF7F242EB: message-id=<3d7a0d781b11209669ef740f6068165e.23005611.20267275becky@seaglass.com>
Nov  1 04:50:23 conch postfix/qmgr[25409]: EBF7F242EB: from=<MichaelKors.Black.Friday.Overstock@iltac.space>, size=5812, nrcpt=1 (queue active)
Nov  1 04:50:23 conch postfix/smtpd[20314]: disconnect from unknown[104.206.67.15]
Nov  1 04:50:25 conch postfix/smtp[20319]: EBF7F242EB: to=<becky@seaglass.com>, relay=mail.seaglass.com[74.220.219.61]:25, delay=2.9, delays=0.42/0/2.2/0.3, dsn=2.0.0, status=sent (250 OK id=1Zss5Z-0002U7-Ec)
Nov  1 04:50:25 conch postfix/qmgr[25409]: EBF7F242EB: removed
Nov  1 04:51:56 conch postfix/smtpd[20314]: warning: 104.206.67.15: address not listed for hostname 15-67-206-104.staticrdns.eonix.net
Nov  1 04:51:56 conch postfix/smtpd[20314]: connect from unknown[104.206.67.15]
Nov  1 04:51:56 conch postfix/smtpd[20314]: DCCCA242EB: client=unknown[104.206.67.15]
Nov  1 04:51:56 conch postfix/cleanup[20318]: DCCCA242EB: message-id=<5dcfd80285d21a72abf3c46e396c0002.20322377.11494188kdent@seaglass.com>
Nov  1 04:51:57 conch postfix/qmgr[25409]: DCCCA242EB: from=<MichaelKors.Black.Friday.Overstock@iltac.space>, size=5812, nrcpt=1 (queue active)
Nov  1 04:51:57 conch postfix/smtpd[20314]: disconnect from unknown[104.206.67.15]
Nov  1 04:51:59 conch postfix/smtp[20319]: DCCCA242EB: to=<kdent@seaglass.com>, relay=mail.seaglass.com[74.220.219.61]:25, delay=2.8, delays=0.25/0/2.2/0.3, dsn=2.0.0, status=sent (250 OK id=1Zss75-00038m-G2)
Nov  1 04:51:59 conch postfix/qmgr[25409]: DCCCA242EB: removed
Nov  1 04:52:31 conch postfix/smtpd[20314]: warning: 204.44.122.217: address not listed for hostname 204.44.122.217.static.quadranet.com
Nov  1 04:52:31 conch postfix/smtpd[20314]: connect from unknown[204.44.122.217]
Nov  1 04:52:31 conch postfix/smtpd[20314]: NOQUEUE: reject: RCPT from unknown[204.44.122.217]: 554 5.7.1 Service unavailable; Client host [204.44.122.217] blocked using zen.spamhaus.org; http://www.spamhaus.org/sbl/query/SBLCSS; from=<culinaryartdegree@skooltim.co> to=<kdent@seaglass.com> proto=ESMTP helo=<marital.skooltim.co>
Nov  1 04:52:31 conch postfix/smtpd[20314]: lost connection after DATA (approximately 0 bytes) from unknown[204.44.122.217]
Nov  1 04:52:31 conch postfix/smtpd[20314]: disconnect from unknown[204.44.122.217]
Nov  1 04:53:14 conch postfix/smtpd[20314]: warning: 104.206.67.15: address not listed for hostname 15-67-206-104.staticrdns.eonix.net
Nov  1 04:53:14 conch postfix/smtpd[20314]: connect from unknown[104.206.67.15]
Nov  1 04:53:14 conch postfix/smtpd[20314]: CA22D242EB: client=unknown[104.206.67.15]
Nov  1 04:53:14 conch postfix/cleanup[20318]: CA22D242EB: message-id=<f8509babbeddea6fc34dc518b32b0476.3436333.5792495jdent@seaglass.com>
Nov  1 04:53:14 conch postfix/qmgr[25409]: CA22D242EB: from=<MichaelKors.Black.Friday.Overstock@iltac.space>, size=5781, nrcpt=1 (queue active)
Nov  1 04:53:15 conch postfix/smtpd[20314]: disconnect from unknown[104.206.67.15]
Nov  1 04:53:17 conch postfix/smtp[20319]: CA22D242EB: to=<jdent@seaglass.com>, relay=mail.seaglass.com[74.220.219.61]:25, delay=2.6, delays=0.1/0/2.2/0.3, dsn=2.0.0, status=sent (250 OK id=1Zss8L-00043D-8u)
Nov  1 04:53:17 conch postfix/qmgr[25409]: CA22D242EB: removed
Nov  1 04:54:33 conch postfix/smtpd[20314]: warning: 204.44.122.217: address not listed for hostname 204.44.122.217.static.quadranet.com
Nov  1 04:54:33 conch postfix/smtpd[20314]: connect from unknown[204.44.122.217]
Nov  1 04:54:33 conch postfix/smtpd[20314]: NOQUEUE: reject: RCPT from unknown[204.44.122.217]: 554 5.7.1 Service unavailable; Client host [204.44.122.217] blocked using zen.spamhaus.org; http://www.spamhaus.org/sbl/query/SBLCSS; from=<culinaryinstitute@skooltim.co> to=<jdent@seaglass.com> proto=ESMTP helo=<marital.skooltim.co>
Nov  1 04:54:33 conch postfix/smtpd[20314]: lost connection after DATA (approximately 0 bytes) from unknown[204.44.122.217]
Nov  1 04:54:33 conch postfix/smtpd[20314]: disconnect from unknown[204.44.122.217]
Nov  1 04:54:55 conch postfix/smtpd[20314]: connect from 155.94.211.52.0uk6jj.regulige.top[155.94.211.52]
Nov  1 04:54:56 conch postfix/smtpd[20314]: NOQUEUE: reject: RCPT from 155.94.211.52.0uk6jj.regulige.top[155.94.211.52]: 554 5.7.1 Service unavailable; Client host [155.94.211.52] blocked using zen.spamhaus.org; http://www.spamhaus.org/sbl/query/SBLCSS; from=<Franny@regulige.top> to=<riley@seaglass.com> proto=ESMTP helo=<0uk6jj.regulige.top>
Nov  1 04:54:56 conch postfix/smtpd[20314]: disconnect from 155.94.211.52.0uk6jj.regulige.top[155.94.211.52]
Nov  1 04:55:14 conch postfix/smtpd[20314]: warning: 104.206.67.16: address not listed for hostname 16-67-206-104.staticrdns.eonix.net
Nov  1 04:55:14 conch postfix/smtpd[20314]: connect from unknown[104.206.67.16]
Nov  1 04:55:15 conch postfix/smtpd[20314]: 896D3242EB: client=unknown[104.206.67.16]
Nov  1 04:55:15 conch postfix/cleanup[20347]: 896D3242EB: message-id=<0.0.5dcfd80285d21a72abf3c46e396c0002.4166627.18968360.0kdent@seaglass.com>
Nov  1 04:55:15 conch postfix/qmgr[25409]: 896D3242EB: from=<Tesla_Green_Energy@isouy.space>, size=5070, nrcpt=1 (queue active)
Nov  1 04:55:16 conch postfix/smtpd[20314]: disconnect from unknown[104.206.67.16]
Nov  1 04:55:18 conch postfix/smtp[20348]: 896D3242EB: to=<kdent@seaglass.com>, relay=mail.seaglass.com[74.220.219.61]:25, delay=3.1, delays=0.63/0.01/2.2/0.3, dsn=2.0.0, status=sent (250 OK id=1ZssAI-0004jK-8N)
Nov  1 04:55:18 conch postfix/qmgr[25409]: 896D3242EB: removed
Nov  1 04:55:42 conch postfix/smtpd[20314]: connect from unknown[42.113.155.120]
Nov  1 04:55:43 conch postfix/smtpd[20314]: NOQUEUE: reject: RCPT from unknown[42.113.155.120]: 554 5.7.1 Service unavailable; Client host [42.113.155.120] blocked using zen.spamhaus.org; http://www.spamhaus.org/query/bl?ip=42.113.155.120; from=<eexpcph@fairplay-shipping.dk> to=<jdent@seaglass.com> proto=ESMTP helo=<[42.113.155.120]>
Nov  1 04:55:43 conch postfix/smtpd[20314]: lost connection after DATA (approximately 0 bytes) from unknown[42.113.155.120]
Nov  1 04:55:43 conch postfix/smtpd[20314]: disconnect from unknown[42.113.155.120]
Nov  1 04:55:55 conch postfix/smtpd[20314]: connect from dact4fdnb.biniero7.win[185.107.25.18]
Nov  1 04:55:56 conch postfix/smtpd[20314]: NOQUEUE: reject: RCPT from dact4fdnb.biniero7.win[185.107.25.18]: 554 5.7.1 Service unavailable; Client host [185.107.25.18] blocked using zen.spamhaus.org; http://www.spamhaus.org/sbl/query/SBLCSS; from=<RhondaLoanOfficer@vremeas.top> to=<riley@seaglass.com> proto=ESMTP helo=<cqynbhz.vremeas.top>
Nov  1 04:55:56 conch postfix/smtpd[20314]: disconnect from dact4fdnb.biniero7.win[185.107.25.18]
Nov  1 04:56:08 conch postfix/smtpd[20314]: connect from unknown[121.8.124.131]
Nov  1 04:56:08 conch postfix/smtpd[20314]: NOQUEUE: reject: RCPT from unknown[121.8.124.131]: 450 4.7.1 <mailserver.jeter.com.cn>: Helo command rejected: Host not found; from=<clients@notification.com> to=<kdent@seaglass.com> proto=SMTP helo=<mailserver.jeter.com.cn>
Nov  1 04:56:09 conch postfix/smtpd[20314]: disconnect from unknown[121.8.124.131]
Nov  1 04:56:41 conch postfix/smtpd[20314]: connect from dx4skjf1t.unisorez.top[185.121.165.213]
Nov  1 04:56:41 conch postfix/smtpd[20314]: NOQUEUE: reject: RCPT from dx4skjf1t.unisorez.top[185.121.165.213]: 554 5.7.1 Service unavailable; Client host [185.121.165.213] blocked using zen.spamhaus.org; http://www.spamhaus.org/sbl/query/SBLCSS; from=<LCResearch@unisorez.top> to=<riley@seaglass.com> proto=ESMTP helo=<dx4skjf1t.unisorez.top>
Nov  1 04:56:42 conch postfix/smtpd[20314]: disconnect from dx4skjf1t.unisorez.top[185.121.165.213]
Nov  1 04:57:26 conch postfix/qmgr[25409]: E70F1242A6: from=<>, size=2671, nrcpt=1 (queue active)
Nov  1 04:57:26 conch postfix/qmgr[25409]: 5C087242AB: from=<>, size=2671, nrcpt=1 (queue active)
Nov  1 04:57:26 conch postfix/qmgr[25409]: 99379242BC: from=<>, size=2674, nrcpt=1 (queue active)
Nov  1 04:57:33 conch postfix/smtpd[20314]: warning: 104.206.67.16: address not listed for hostname 16-67-206-104.staticrdns.eonix.net
Nov  1 04:57:33 conch postfix/smtpd[20314]: connect from unknown[104.206.67.16]
Nov  1 04:57:33 conch postfix/smtpd[20314]: A98D224097: client=unknown[104.206.67.16]
Nov  1 04:57:33 conch postfix/cleanup[20357]: A98D224097: message-id=<0.0.3d7a0d781b11209669ef740f6068165e.23612779.8324532.0becky@seaglass.com>
Nov  1 04:57:33 conch postfix/qmgr[25409]: A98D224097: from=<Tesla_Green_Energy@isouy.space>, size=5061, nrcpt=1 (queue active)
Nov  1 04:57:33 conch postfix/smtpd[20314]: disconnect from unknown[104.206.67.16]
Nov  1 04:57:36 conch postfix/smtp[20359]: A98D224097: to=<becky@seaglass.com>, relay=mail.seaglass.com[74.220.219.61]:25, delay=2.7, delays=0.15/0.01/2.2/0.3, dsn=2.0.0, status=sent (250 OK id=1ZssCW-0005x0-65)
Nov  1 04:57:36 conch postfix/qmgr[25409]: A98D224097: removed
Nov  1 04:58:01 conch postfix/smtp[20355]: connect to com-gacty.webcam[138.99.219.53]:25: Connection timed out
Nov  1 04:58:01 conch postfix/smtp[20355]: 5C087242AB: to=<Avoid-Heart-@com-gacty.webcam>, relay=none, delay=344974, delays=344939/0.02/35/0, dsn=4.4.1, status=deferred (connect to com-gacty.webcam[138.99.219.53]:25: Connection timed out)
Nov  1 04:58:02 conch postfix/smtp[20354]: connect to com-gacty.webcam[138.99.219.53]:25: Connection timed out
Nov  1 04:58:02 conch postfix/smtp[20356]: connect to com-gacty.webcam[138.99.219.53]:25: Connection timed out
Nov  1 04:58:02 conch postfix/smtp[20354]: E70F1242A6: to=<Avoid-Heart-@com-gacty.webcam>, relay=none, delay=345016, delays=344979/0.05/36/0, dsn=4.4.1, status=deferred (connect to com-gacty.webcam[138.99.219.53]:25: Connection timed out)
Nov  1 04:58:02 conch postfix/smtp[20356]: 99379242BC: to=<Avoid-Heart-@com-gacty.webcam>, relay=none, delay=344969, delays=344933/0.01/36/0, dsn=4.4.1, status=deferred (connect to com-gacty.webcam[138.99.219.53]:25: Connection timed out)
Nov  1 04:58:11 conch postfix/smtpd[20314]: warning: 104.206.67.16: address not listed for hostname 16-67-206-104.staticrdns.eonix.net
Nov  1 04:58:11 conch postfix/smtpd[20314]: connect from unknown[104.206.67.16]
Nov  1 04:58:11 conch postfix/smtpd[20314]: BB1D3242EB: client=unknown[104.206.67.16]
Nov  1 04:58:11 conch postfix/cleanup[20357]: BB1D3242EB: message-id=<0.0.f8509babbeddea6fc34dc518b32b0476.4559410.14072796.0jdent@seaglass.com>
Nov  1 04:58:11 conch postfix/qmgr[25409]: BB1D3242EB: from=<Tesla_Green_Energy@isouy.space>, size=5070, nrcpt=1 (queue active)
Nov  1 04:58:11 conch postfix/smtpd[20314]: disconnect from unknown[104.206.67.16]
Nov  1 04:58:14 conch postfix/smtp[20359]: BB1D3242EB: to=<jdent@seaglass.com>, relay=mail.seaglass.com[74.220.219.61]:25, delay=2.6, delays=0.13/0/2.2/0.3, dsn=2.0.0, status=sent (250 OK id=1ZssD8-00069v-7z)
Nov  1 04:58:14 conch postfix/qmgr[25409]: BB1D3242EB: removed
Nov  1 04:59:41 conch postfix/anvil[20316]: statistics: max connection rate 2/60s for (smtp:104.206.67.16) at Nov  1 04:58:11
Nov  1 04:59:41 conch postfix/anvil[20316]: statistics: max connection count 1 for (smtp:64.196.212.108) at Nov  1 04:49:40
Nov  1 04:59:41 conch postfix/anvil[20316]: statistics: max cache size 4 at Nov  1 04:55:55
Nov  1 05:00:37 conch postfix/smtpd[20380]: warning: 104.206.67.17: address not listed for hostname 17-67-206-104.staticrdns.eonix.net
Nov  1 05:00:37 conch postfix/smtpd[20380]: connect from unknown[104.206.67.17]
Nov  1 05:00:37 conch postfix/smtpd[20380]: 2B643242EB: client=unknown[104.206.67.17]
Nov  1 05:00:37 conch postfix/cleanup[20383]: 2B643242EB: message-id=<0.0.f8509babbeddea6fc34dc518b32b0476.7846481.22237760.0jdent@seaglass.com>
Nov  1 05:00:37 conch postfix/qmgr[25409]: 2B643242EB: from=<Macintosh-October-Clearance@jhyxq.top>, size=3056, nrcpt=1 (queue active)
Nov  1 05:00:37 conch postfix/smtpd[20380]: disconnect from unknown[104.206.67.17]
Nov  1 05:00:39 conch postfix/smtp[20384]: 2B643242EB: to=<jdent@seaglass.com>, relay=mail.seaglass.com[74.220.219.61]:25, delay=2.7, delays=0.17/0.01/2.2/0.3, dsn=2.0.0, status=sent (250 OK id=1ZssFT-00075t-MH)
Nov  1 05:00:39 conch postfix/qmgr[25409]: 2B643242EB: removed
Nov  1 05:00:42 conch postfix/smtpd[20380]: warning: 104.206.67.17: address not listed for hostname 17-67-206-104.staticrdns.eonix.net
Nov  1 05:00:42 conch postfix/smtpd[20380]: connect from unknown[104.206.67.17]
Nov  1 05:00:42 conch postfix/smtpd[20380]: E8488242EB: client=unknown[104.206.67.17]
Nov  1 05:00:43 conch postfix/cleanup[20383]: E8488242EB: message-id=<0.0.5dcfd80285d21a72abf3c46e396c0002.11710094.13359073.0kdent@seaglass.com>
Nov  1 05:00:43 conch postfix/qmgr[25409]: E8488242EB: from=<Macintosh-October-Clearance@jhyxq.top>, size=3061, nrcpt=1 (queue active)
Nov  1 05:00:43 conch postfix/smtpd[20380]: disconnect from unknown[104.206.67.17]
Nov  1 05:00:45 conch postfix/smtp[20384]: E8488242EB: to=<kdent@seaglass.com>, relay=mail.seaglass.com[74.220.219.61]:25, delay=2.6, delays=0.09/0/2.2/0.3, dsn=2.0.0, status=sent (250 OK id=1ZssFZ-00078b-Cu)
Nov  1 05:00:45 conch postfix/qmgr[25409]: E8488242EB: removed
Nov  1 05:01:08 conch postfix/smtpd[20380]: connect from learn.excitant.org[216.189.148.67]
Nov  1 05:01:08 conch postfix/smtpd[20380]: 75619242EB: client=learn.excitant.org[216.189.148.67]
Nov  1 05:01:08 conch postfix/cleanup[20383]: 75619242EB: message-id=<0.0.0.19.1D1149F311C5B30.133B52A@learn.excitant.org>
Nov  1 05:01:08 conch postfix/qmgr[25409]: 75619242EB: from=<charlie-kdent=seaglass.com@excitant.org>, size=1512, nrcpt=1 (queue active)
Nov  1 05:01:08 conch postfix/smtpd[20380]: disconnect from learn.excitant.org[216.189.148.67]
Nov  1 05:01:11 conch postfix/smtp[20384]: 75619242EB: to=<kdent@seaglass.com>, relay=mail.seaglass.com[74.220.219.61]:25, delay=2.6, delays=0.19/0/2.2/0.24, dsn=2.0.0, status=sent (250 OK id=1ZssFy-0007KT-U2)
Nov  1 05:01:11 conch postfix/qmgr[25409]: 75619242EB: removed
Nov  1 05:01:16 conch postfix/smtpd[20380]: warning: 104.206.67.17: address not listed for hostname 17-67-206-104.staticrdns.eonix.net
Nov  1 05:01:16 conch postfix/smtpd[20380]: connect from unknown[104.206.67.17]
Nov  1 05:01:16 conch postfix/smtpd[20380]: 8C13C242EB: client=unknown[104.206.67.17]
Nov  1 05:01:16 conch postfix/cleanup[20383]: 8C13C242EB: message-id=<0.0.3d7a0d781b11209669ef740f6068165e.21788823.11080278.0becky@seaglass.com>
Nov  1 05:01:16 conch postfix/qmgr[25409]: 8C13C242EB: from=<Macintosh-October-Clearance@jhyxq.top>, size=3061, nrcpt=1 (queue active)
Nov  1 05:01:16 conch postfix/smtpd[20380]: disconnect from unknown[104.206.67.17]
Nov  1 05:01:19 conch postfix/smtp[20384]: 8C13C242EB: to=<becky@seaglass.com>, relay=mail.seaglass.com[74.220.219.61]:25, delay=2.6, delays=0.08/0/2.2/0.3, dsn=2.0.0, status=sent (250 OK id=1ZssG6-0007NC-WC)
Nov  1 05:01:19 conch postfix/qmgr[25409]: 8C13C242EB: removed
Nov  1 05:02:03 conch postfix/smtpd[20380]: connect from 2qnjjf448.preferredpremiumnotice.science[185.121.164.35]
Nov  1 05:02:03 conch postfix/smtpd[20387]: connect from 2qnjjf448.preferredpremiumnotice.science[185.121.164.35]
Nov  1 05:02:04 conch postfix/smtpd[20380]: 1E8BF242EB: client=2qnjjf448.preferredpremiumnotice.science[185.121.164.35]
Nov  1 05:02:04 conch postfix/smtpd[20387]: 21634242EE: client=2qnjjf448.preferredpremiumnotice.science[185.121.164.35]
Nov  1 05:02:04 conch postfix/cleanup[20383]: 1E8BF242EB: message-id=<5ca7e5fc91cc3f8b68b3d27a5e15c361-3042SHRYOCLSNRO69636157-riley=seaglass.com@2qnjjf448.preferredpremiumnotice.science>
Nov  1 05:02:04 conch postfix/cleanup[20391]: 21634242EE: message-id=<f8509babbeddea6fc34dc518b32b0476-3042MSDJUCHLIST68959200-jdent=seaglass.com@2qnjjf448.preferredpremiumnotice.science>
Nov  1 05:02:04 conch postfix/qmgr[25409]: 21634242EE: from=<TOTALPROTECTION@preferredpremiumnotice.science>, size=6770, nrcpt=1 (queue active)
Nov  1 05:02:04 conch postfix/qmgr[25409]: 1E8BF242EB: from=<CHOICEHOMEWARRANTY@preferredpremiumnotice.science>, size=6798, nrcpt=1 (queue active)
Nov  1 05:02:04 conch postfix/smtpd[20380]: disconnect from 2qnjjf448.preferredpremiumnotice.science[185.121.164.35]
Nov  1 05:02:05 conch postfix/smtpd[20387]: disconnect from 2qnjjf448.preferredpremiumnotice.science[185.121.164.35]
Nov  1 05:02:07 conch postfix/smtp[20384]: 21634242EE: to=<jdent@seaglass.com>, relay=mail.seaglass.com[74.220.219.61]:25, delay=3.4, delays=0.92/0/2.2/0.31, dsn=2.0.0, status=sent (250 OK id=1ZssGs-0007jR-UV)
Nov  1 05:02:07 conch postfix/qmgr[25409]: 21634242EE: removed
Nov  1 05:02:07 conch postfix/smtp[20392]: 1E8BF242EB: to=<riley@seaglass.com>, relay=mail.seaglass.com[74.220.219.61]:25, delay=3.4, delays=0.92/0.01/2.2/0.3, dsn=2.0.0, status=sent (250 OK id=1ZssGs-0007jT-UZ)
Nov  1 05:02:07 conch postfix/qmgr[25409]: 1E8BF242EB: removed
Nov  1 05:05:24 conch postfix/smtpd[20393]: connect from mta835.e.drugstore.com[63.236.77.182]
Nov  1 05:05:24 conch postfix/smtpd[20393]: 8CBD0242EB: client=mta835.e.drugstore.com[63.236.77.182]
Nov  1 05:05:24 conch postfix/cleanup[20396]: 8CBD0242EB: message-id=<b8gmgwqa08rqp8aup6jdpb1x2x248m.131715525.2983@mta835.e.drugstore.com>
Nov  1 05:05:24 conch postfix/qmgr[25409]: 8CBD0242EB: from=<bo-b8gmgwqa08rqp8aup6jdpb1x2x248m@b.e.drugstore.com>, size=39482, nrcpt=1 (queue active)
Nov  1 05:05:24 conch postfix/smtpd[20393]: disconnect from mta835.e.drugstore.com[63.236.77.182]
Nov  1 05:05:27 conch postfix/smtp[20397]: 8CBD0242EB: to=<jdent@seaglass.com>, relay=mail.seaglass.com[74.220.219.61]:25, delay=3, delays=0.18/0.01/2.2/0.61, dsn=2.0.0, status=sent (250 OK id=1ZssK7-0000cf-1O)
Nov  1 05:05:27 conch postfix/qmgr[25409]: 8CBD0242EB: removed
Nov  1 05:06:27 conch postfix/smtpd[20393]: connect from m48mfnz.lenseschangespace.space[69.50.214.39]
Nov  1 05:06:27 conch postfix/smtpd[20400]: connect from m48mfnz.lenseschangespace.space[69.50.214.39]
Nov  1 05:06:28 conch postfix/smtpd[20400]: NOQUEUE: reject: RCPT from m48mfnz.lenseschangespace.space[69.50.214.39]: 554 5.7.1 Service unavailable; Client host [69.50.214.39] blocked using zen.spamhaus.org; http://www.spamhaus.org/sbl/query/SBLCSS; from=<ContactLensSale@lenseschangespace.space> to=<jdent@seaglass.com> proto=ESMTP helo=<0017a3e4.lenseschangespace.space>
Nov  1 05:06:28 conch postfix/smtpd[20393]: NOQUEUE: reject: RCPT from m48mfnz.lenseschangespace.space[69.50.214.39]: 554 5.7.1 Service unavailable; Client host [69.50.214.39] blocked using zen.spamhaus.org; http://www.spamhaus.org/sbl/query/SBLCSS; from=<ContactLensCoupons@lenseschangespace.space> to=<kdent@seaglass.com> proto=ESMTP helo=<004c71d5.lenseschangespace.space>
Nov  1 05:06:31 conch postfix/smtpd[20400]: disconnect from m48mfnz.lenseschangespace.space[69.50.214.39]
Nov  1 05:06:31 conch postfix/smtpd[20393]: disconnect from m48mfnz.lenseschangespace.space[69.50.214.39]
Nov  1 05:07:26 conch postfix/smtpd[20400]: warning: 104.206.67.18: address not listed for hostname 18-67-206-104.staticrdns.eonix.net
Nov  1 05:07:26 conch postfix/smtpd[20400]: connect from unknown[104.206.67.18]
Nov  1 05:07:27 conch postfix/smtpd[20400]: 04F9B242EB: client=unknown[104.206.67.18]
Nov  1 05:07:27 conch postfix/cleanup[20405]: 04F9B242EB: message-id=<0.0.5dcfd80285d21a72abf3c46e396c0002.1475657.8924741.0kdent@seaglass.com>
Nov  1 05:07:27 conch postfix/qmgr[25409]: 04F9B242EB: from=<Sams-Customer-Relations@oxadj.top>, size=5622, nrcpt=1 (queue active)
Nov  1 05:07:27 conch postfix/smtpd[20400]: disconnect from unknown[104.206.67.18]
Nov  1 05:07:29 conch postfix/smtp[20406]: 04F9B242EB: to=<kdent@seaglass.com>, relay=mail.seaglass.com[74.220.219.61]:25, delay=2.7, delays=0.2/0.01/2.2/0.3, dsn=2.0.0, status=sent (250 OK id=1ZssM5-0002Hs-Fc)
Nov  1 05:07:29 conch postfix/qmgr[25409]: 04F9B242EB: removed
Nov  1 05:08:11 conch postfix/smtpd[20400]: warning: 104.206.67.18: address not listed for hostname 18-67-206-104.staticrdns.eonix.net
Nov  1 05:08:11 conch postfix/smtpd[20400]: connect from unknown[104.206.67.18]
Nov  1 05:08:11 conch postfix/smtpd[20400]: 8FCBA242EB: client=unknown[104.206.67.18]
Nov  1 05:08:11 conch postfix/cleanup[20405]: 8FCBA242EB: message-id=<0.0.3d7a0d781b11209669ef740f6068165e.23250602.14395046.0becky@seaglass.com>
Nov  1 05:08:11 conch postfix/qmgr[25409]: 8FCBA242EB: from=<Sams-Customer-Relations@oxadj.top>, size=5656, nrcpt=1 (queue active)
Nov  1 05:08:11 conch postfix/smtpd[20400]: disconnect from unknown[104.206.67.18]
Nov  1 05:08:14 conch postfix/smtp[20406]: 8FCBA242EB: to=<becky@seaglass.com>, relay=mail.seaglass.com[74.220.219.61]:25, delay=2.6, delays=0.08/0/2.2/0.3, dsn=2.0.0, status=sent (250 OK id=1ZssMo-0002fA-0c)
Nov  1 05:08:14 conch postfix/qmgr[25409]: 8FCBA242EB: removed
Nov  1 05:09:28 conch postfix/smtpd[20400]: warning: 104.206.67.18: address not listed for hostname 18-67-206-104.staticrdns.eonix.net
Nov  1 05:09:28 conch postfix/smtpd[20400]: connect from unknown[104.206.67.18]
Nov  1 05:09:28 conch postfix/smtpd[20400]: 23E5E242EB: client=unknown[104.206.67.18]
Nov  1 05:09:28 conch postfix/cleanup[20405]: 23E5E242EB: message-id=<0.0.f8509babbeddea6fc34dc518b32b0476.2791157.17556825.0jdent@seaglass.com>
Nov  1 05:09:28 conch postfix/qmgr[25409]: 23E5E242EB: from=<Sams-Customer-Relations@oxadj.top>, size=5647, nrcpt=1 (queue active)
Nov  1 05:09:28 conch postfix/smtpd[20400]: disconnect from unknown[104.206.67.18]
Nov  1 05:09:30 conch postfix/smtp[20406]: 23E5E242EB: to=<jdent@seaglass.com>, relay=mail.seaglass.com[74.220.219.61]:25, delay=2.6, delays=0.09/0/2.2/0.3, dsn=2.0.0, status=sent (250 OK id=1ZssO2-0003CC-Ix)
Nov  1 05:09:30 conch postfix/qmgr[25409]: 23E5E242EB: removed
Nov  1 05:09:41 conch postfix/anvil[20316]: statistics: max connection rate 3/60s for (smtp:104.206.67.17) at Nov  1 05:01:16
Nov  1 05:09:41 conch postfix/anvil[20316]: statistics: max connection count 2 for (smtp:185.121.164.35) at Nov  1 05:02:03
Nov  1 05:09:41 conch postfix/anvil[20316]: statistics: max cache size 3 at Nov  1 05:02:03
Nov  1 05:11:11 conch postfix/smtpd[20421]: connect from unknown[121.8.124.131]
Nov  1 05:11:12 conch postfix/smtpd[20421]: NOQUEUE: reject: RCPT from unknown[121.8.124.131]: 450 4.7.1 <mailserver.jeter.com.cn>: Helo command rejected: Host not found; from=<clients@notification.com> to=<kdent@seaglass.com> proto=SMTP helo=<mailserver.jeter.com.cn>
Nov  1 05:11:16 conch postfix/smtpd[20421]: disconnect from unknown[121.8.124.131]
Nov  1 05:14:37 conch postfix/anvil[20316]: statistics: max connection rate 1/60s for (smtp:121.8.124.131) at Nov  1 05:11:11
Nov  1 05:14:37 conch postfix/anvil[20316]: statistics: max connection count 1 for (smtp:121.8.124.131) at Nov  1 05:11:11
Nov  1 05:14:37 conch postfix/anvil[20316]: statistics: max cache size 1 at Nov  1 05:11:11
Nov  1 05:15:29 conch postfix/smtpd[20429]: warning: 104.206.67.19: address not listed for hostname 19-67-206-104.staticrdns.eonix.net
Nov  1 05:15:29 conch postfix/smtpd[20429]: connect from unknown[104.206.67.19]
Nov  1 05:15:29 conch postfix/smtpd[20429]: D67F1242EB: client=unknown[104.206.67.19]
Nov  1 05:15:29 conch postfix/cleanup[20433]: D67F1242EB: message-id=<0.0.f8509babbeddea6fc34dc518b32b0476.10509712.8733575.0jdent@seaglass.com>
Nov  1 05:15:30 conch postfix/qmgr[25409]: D67F1242EB: from=<Walmart-Holiday-Bonus@pupsq.top>, size=7139, nrcpt=1 (queue active)
Nov  1 05:15:30 conch postfix/smtpd[20429]: disconnect from unknown[104.206.67.19]
Nov  1 05:15:32 conch postfix/smtp[20434]: D67F1242EB: to=<jdent@seaglass.com>, relay=mail.seaglass.com[74.220.219.61]:25, delay=2.8, delays=0.31/0.01/2.2/0.3, dsn=2.0.0, status=sent (250 OK id=1ZssTs-0006JQ-D8)
Nov  1 05:15:32 conch postfix/qmgr[25409]: D67F1242EB: removed
Nov  1 05:16:06 conch postfix/smtpd[20429]: connect from itza4csku.whajaveh.top[185.107.25.17]
